0.73 
0 
0 
0 
0 
0 
0 
0 
0 
0 
0.624 
0 
0 
0 
0 
0.00199997 
0 
0 
0 
0.127 
0.752 
0 
0.775 
0.904 
0 
0 
0 
0.889 
0 
0 
0.00300002 
0 
0 
0 
0 
0 
0 
0 
0 
0 
0 
0 
0 
0 
0 
0 
0 
0 
0 
0 
0 
0.891 
0.734 
0 
0 
0 
0 
0 
0 
0 
0 
0 
0 
0 
0 
0 
0 
0 
0 
0 
0 
0 
0 
0 
0.000999987 
0 
0 
0 
0 
0 
0 
0 
0 
0 
0 
0 
0.902 
0 
0 
0.955 
0 
0 
0 
0 
0.000999987 
0 
0 
0.765 
0 
0 
0 
0 
0 
0 
0.00800002 
0.715 
0 
0 
0 
0 
0 
0 
0 
0 
0 
0 
0 
0 
0.000999987 
0 
0.743 
0 
0 
0 
0 
0 
0.591 
0 
0 
0.00300002 
0 
0 
0 
0 
0 
0 
0 
0 
0 
0 
0 
0 
0 
0 
0 
0 
0 
0 
0 
0 
0 
0.847 
0 
0 
0 
0 
0 
0 
0 
0 
0 
0 
0 
0 
0 
0 
0 
0 
0 
0 
0 
0 
0 
0 
0 
0 
0 
0.752 
0 
0 
0 
0.732 
0 
0 
0.828 
0.77 
0 
0 
0.863 
0 
0.823 
0 
0 
0 
0 
0 
0 
0 
0 
0 
0 
0 
0 
0 
0 
0 
0 
0 
0 
0.545 
0 
0 
0 
0 
0 
0 
0 
0 
0 
0 
0 
0.255 
0.837 
0 
0 
0 
0.000999987 
0 
0 
0 
0 
0.84 
0 
0 
0 
0 
0 
0 
0 
0.762 
0 
0 
0 
0 
0 
0 
0.508 
0 
0 
0 
0 
0 
0 
0 
0 
0 
0 
0 
0 
0 
0 
0 
0 
0 
0 
0 
0 
0 
0 
0.871 
0 
0 
0 
0 
0 
0 
0 
0 
0 
0 
0 
0 
0 
0 
0 
0.289 
0 
0.111 
0.00999999 
0.754 
0 
0 
0 
0 
0 
0 
0 
0 
0 
0.395 
0 
0.000999987 
0 
0 
0 
0 
0 
0 
0 
0 
0 
0.824 
0 
0 
0 
0 
0 
0 
0 
0 
0 
0 
0 
0 
0 
0 
0 
0 
0 
0 
0 
0 
0 
0 
0 
0 
0 
0 
0 
0.829 
0 
0.388 
0 
0 
0 
0 
0 
0.741 
0 
0 
0 
0 
0 
0 
0 
0 
0.372 
0 
0.416 
0 
0.591 
0.000999987 
0 
0 
0 
0 
0 
0 
0 
0 
0 
0 
0.00800002 
0 
0 
0 
0 
0 
0 
0 
0 
0 
0 
0 
0 
0 
0.374 
0.284 
0 
0 
0 
0.076 
0 
0 
0.00300002 
0 
0 
0.005 
0 
0 
0 
0 
0 
0 
0 
0 
0.00199997 
0 
0 
0.626 
0 
0 
0 
0 
0 
0 
0.679 
0 
0 
0 
0 
0 
0 
0 
0 
0 
0 
0 
0 
0 
0 
0 
0 
0 
0.000999987 
0 
0 
0 
0 
0 
0 
0 
0.497 
0 
0 
0 
0 
0 
0 
0 
0 
0 
0 
0 
0 
0 
0 
0 
0 
0.00300002 
0 
0 
0 
0 
0 
0 
0 
0 
0 
0.688 
0 
0 
0 
0 
0 
0 
0 
0 
0 
0 
0 
0 
0.392 
0 
0 
0 
0 
0 
0 
0 
0 
0 
0.005 
0.759 
0 
0 
0 
0 
0 
0 
0 
0 
0 
0 
0 
0 
0.063 
0 
0 
0 
0 
0 
0.853 
0.602 
0.566 
0.877 
0 
0 
0 
0 
0 
0 
0 
0 
0 
0 
0 
0 
0 
0.798 
0 
0.489 
0 
0 
0.62 
0.38 
0 
0.000999987 
0 
0 
0 
0 
0 
0 
0 
0 
0 
0.000999987 
0 
0 
0.716 
0.669 
0 
0 
0 
0.000999987 
0 
0 
0 
0 
0 
0 
0 
0.00400001 
0 
0 
0.843 
0 
0.072 
0 
0 
0 
0 
0.000999987 
0 
0.669 
0 
0 
0 
0 
0 
0 
0 
0 
0 
0.711 
0 
0 
0 
0.000999987 
0.00199997 
0 
0 
0 
0 
0 
0 
0 
0 
0 
0 
0.581 
0 
0 
0 
0 
0 
0.627 
0 
0 
0 
0 
0 
0.394 
0 
0 
0 
0.953 
0 
0 
0.123 
0 
0 
0 
0 
0.362 
0 
0 
0 
0.048 
0 
0 
0 
0 
0 
0.837 
0 
0 
0 
0 
0 
0 
0 
0 
0 
0 
0 
0 
0 
0 
0 
0 
0 
0 
0 
0.63 
0 
0 
0 
0 
0.728 
0 
0 
0 
0 
0 
0 
0 
0 
0 
0 
0 
0.553 
0 
0 
0 
0.749 
0 
0 
0 
0 
0 
0 
0 
0 
0 
0 
0 
0.885 
0 
0 
0 
0 
0 
0 
0 
0.394 
0 
0.886 
0 
0 
0 
0 
0 
0 
0 
0 
0 
0 
0 
0 
0 
0 
0 
0 
0 
0 
0 
0 
0 
0 
0 
0 
0 
0 
0.00300002 
0 
0 
0 
0 
0 
0 
0 
0 
0 
0 
0 
0 
0 
0 
0.000999987 
0 
0 
0 
0 
0 
0 
0 
0 
0 
0 
0.061 
0 
0 
0.861 
0 
0 
0 
0 
0 
0 
0 
0 
0.142 
0.548 
0 
0 
0.762 
0 
0 
0 
0 
0 
0 
0 
0 
0 
0 
0 
0 
0 
0 
0 
0 
0 
0 
0 
0 
0 
0 
0 
0.829 
0 
0 
0 
0 
0 
0 
0 
0 
0 
0 
0 
0 
0 
0 
0 
0 
0 
0 
0 
0 
0 
0 
0.00599998 
0 
0 
0 
0 
0.181 
0.146 
0 
0 
0 
0 
0 
0 
0 
0 
0 
0 
0.552 
0 
0 
0 
0 
0 
0 
0 
0 
0.876 
0 
0.329 
0 
0 
0 
0 
0 
0 
0 
0 
0 
0 
0 
0 
0 
0 
0 
0 
0 
0 
0 
0.059 
0 
0 
0.651 
0 
0.609 
0 
0 
0 
0 
0 
0 
0 
0 
0.883 
0.661 
0 
0 
0 
0 
0 
0 
0 
0 
0 
0 
0.000999987 
0 
0.525 
0 
0 
0 
0.427 
0 
0 
0.000999987 
0 
0.868 
0 
0 
0 
0.667 
0 
0 
0 
0 
0.732 
0 
0 
0 
0 
0 
0 
0 
0 
0 
0.15 
0.881 
0 
0 
0 
0 
0 
0 
0 
0 
0 
0 
0 
0 
0 
0 
0 
0 
0 
0 
0.605 
0 
0 
0 
0.713 
0 
0 
0 
0 
0 
0 
0 
0.333 
0 
0 
0 
0.602 
0 
0 
0 
0 
0 
0 
0 
0 
0 
0 
0 
0 
0 
0 
0 
0 
0 
0 
0 
0 
0 
0 
0 
0 
0 
0 
0 
0 
0 
0 
0 
0 
0 
0 
0 
0.00199997 
0 
0 
0 
0 
0 
0 
0 
0 
0 
0 
0 
0 
0 
0 
0 
0 
0 
0 
0 
0 
0 
0.009 
0 
0 
0 
0 
0 
0 
0 
0 
0 
0 
0 
0 
0 
0 
0 
0 
0 
0 
0 
0 
0 
0 
0 
0 
0 
0 
0 
0 
0 
0 
0 
0 
0 
0 
0 
0 
0 
0 
0 
0 
0 
0 
0.000999987 
0.000999987 
0 
0 
0 
0 
0 
0 
0 
0 
0 
0 
0 
0 
0 
0 
0 
0 
0 
0 
0.227 
0 
0 
0 
0 
0 
0 
0 
0 
0 
0 
0 
0 
0 
0.000999987 
0.515 
0.708 
0.817 
0 
0 
0 
0 
0 
0 
0 
0 
0 
0 
0 
0 
0.000999987 
0 
0 
0.363 
0 
0 
0 
0 
0 
0 
0.091 
0 
0 
0 
0 
0 
0 
0 
0 
0 
0 
0.00599998 
0.931 
0 
0 
0 
0.399 
0 
0 
0 
0 
0 
0 
0 
0 
0.146 
0.907 
0 
0 
0 
0 
0 
0 
0 
0 
0.652 
0 
0 
0 
0 
0 
0 
0.877 
0.955 
0 
0 
0 
0 
0 
0 
0 
0 
0.514 
0 
0 
0 
0 
0 
0 
0 
0 
0 
0 
0 
0 
0 
0 
0 
0 
0 
0 
0 
0 
0 
0 
0 
0 
0 
0 
0 
0.778 
0 
0 
0 
0 
0 
0 
0 
0.55 
0 
0 
0 
0 
0 
0 
0 
0.927 
0 
0 
0 
0 
0 
0 
0 
0 
0 
0.000999987 
0 
0 
0 
0 
0 
0 
0 
0 
0 
0 
0 
0 
0 
0 
0 
0 
0 
0 
0 
0 
0 
0 
0 
0 
0 
0 
0 
0.00400001 
0 
0.638 
0 
0 
0 
0 
0 
0 
0 
0 
0 
0 
0 
0 
0 
0.592 
0 
0 
0 
0 
0.099 
0 
0 
0 
0 
0.244 
0 
0 
0.614 
0 
0 
0 
0 
0 
0 
0 
0.000999987 
0 
0 
0 
0 
0 
0 
0 
0 
0 
0 
0 
0 
0 
0 
0 
0 
0 
0 
0 
0 
0 
0 
0.403 
0 
0 
0.898 
0 
0.488 
0 
0 
0 
0 
0 
0 
0 
0 
0 
0 
0 
0.000999987 
0 
0 
0 
0.914 
0 
0 
0 
0 
0 
0 
0 
0 
0 
0 
0 
0.376 
0 
0 
0 
0 
0 
0 
0 
0 
0 
0 
0 
0 
0 
0.566 
0 
0.529 
0 
0 
0 
0.000999987 
0 
0 
0.765 
0 
0.275 
0 
0 
0.000999987 
0 
0 
0 
0 
0 
0 
0 
0 
0 
0 
0 
0 
0 
0 
0 
0 
0 
0 
0 
0 
0 
0 
0 
0 
0 
0 
0 
0.545 
0.685 
0 
0.342 
0.768 
0 
0 
0.452 
0 
0 
0 
0.851 
0 
0 
0 
0 
0 
0 
0 
0 
0 
0.075 
0 
0 
0 
0.627 
0.144 
0 
0 
0 
0.467 
0 
0 
0 
0 
0 
0 
0 
0 
0 
0 
0.000999987 
0 
0 
0 
0 
0 
0 
0 
0 
0 
0 
0 
0 
0 
0 
0.06 
0 
0 
0 
0 
0 
0 
0.305 
0 
0 
0 
0 
0.74 
0 
0 
0 
0 
0.772 
0 
0 
0 
0.000999987 
0 
0 
0 
0 
0 
0 
0 
0.818 
0 
0 
0 
0 
0 
0 
0 
0 
0 
0 
0 
0 
0 
0.593 
0 
0 
0 
0 
0 
0 
0 
0 
0 
0 
0 
0 
0 
0 
0 
0 
0 
0 
0 
0 
0 
0 
0 
0 
0 
0 
0 
0 
0 
0 
0 
0 
0 
0 
0.84 
0 
0 
0 
0 
0 
0 
0 
0 
0 
0 
0 
0 
0 
0 
0 
0.655 
0 
0.736 
0 
0 
0 
