11.7249
10.874
12.213
12.1019
6.12402
12.1529
11.101
11.9729
11.857
11.0681
11.2381
11.318
12.2159
12.14
12.2421
3.42107
12.3658
12.2249
12.2032
11.709
11.755
12.219
11.668
11.6391
12.042
10.7248
12.1961
11.6479
12.2478
2.06304
3.47114
12.2929
12.0189
12.166
12.006
12.1779
12.0981
11.8759
12.037
12.058
10.7009
4.19712
12.0029
11.966
2.06208
11.8699
11.081
12.053
2.08211
12.167
10.0431
11.7171
11.5669
12.244
12.3389
12.1291
11.9319
12.0289
11.9491
12.207
12.0051
12.1191
2.05684
12.2411
12.248
11.6529
12.1222
7.406
12.238
12.1589
12.238
12.2759
11.9162
12.3069
7.38811
12.167
12.157
12.1071
12.1439
12.068
12.3022
10.5729
12.15
2.51698
12.0671
12.027
11.642
12.116
12.079
11.615
2.01106
12.305
12.2681
12.1689
9.95898
12.2192
12.0859
11.6429
12.0599
12.0249
12.181
12.2271
11.3039
11.939
11.4422
11.656
12.1908
11.2481
11.971
11.9901
12.228
12.3179
12.2991
12.2709
12.0709
12.0871
12.4919
12.6369
12.4118
12.6302
12.2058
12.5041
12.2881
12.2449
12.404
8.61406
11.7149
12.3181
12.1238
10.8299
12.4171
12.1388
12.4998
12.367
4.90499
12.2709
12.177
12.3641
12.5589
12.3241
12.259
12.1539
2.08116
12.3649
12.166
12.3229
2.09689
12.2519
12.388
12.4161
12.228
11.8508
12.424
12.301
12.085
12.1691
11.863
12.3351
12.1269
12.4042
12.3079
12.3281
11.9948
12.0318
12.331
12.253
12.2008
12.1791
11.96
12.1
12.104
11.9481
12.218
12.506
12.1059
12.5902
11.8229
11.7891
12.346
12.2731
12.573
11.9121
12.418
12.3248
11.6999
11.8029
12.2831
10.0801
11.8721
12.269
11.8179
12.3861
12.409
12.3019
11.2698
12.394
12.3479
12.2039
12.3532
12.2819
12.2461
12.4869
12.2042
12.2678
12.4512
12.3498
12.3861
12.166
12.6989
11.7931
12.5449
12.254
12.1648
12.3129
9.72104
12.2559
12.1338
12.1372
12.2259
12.2762
12.3699
11.899
11.8151
2.08306
12.15
12.4848
11.2128
12.0158
12.301
12.2731
10.7601
11.8132
12.239
12.2471
12.1589
12.2409
12.008
11.987
12.017
11.704
12.2471
12.131
12.121
11.9791
2.0659
12.0411
11.8051
12.1989
10.7501
12.1651
12.4369
2.1081
12.3391
12.0029
12.161
12.1491
12.229
12.1689
12.1801
12.1388
11.333
10.4408
11.9991
12.183
11.9221
12.0828
12.0342
11.811
12.1751
11.642
12.172
12.3041
11.5001
12.1019
12.0258
12.1369
12.0709
12.0311
12.0111
12.0349
12.0852
11.9588
2.04301
12.3062
12.0928
11.58
12.1121
11.687
2.17295
11.7481
12.223
11.22
9.10997
12.151
12.054
11.9669
12.2781
12.0862
12.14
11.6088
12.1591
2.05898
12.1582
12.13
12.255
12.264
12.3529
12.4121
12.2919
12.2609
12.3491
11.652
12.104
12.012
12.1479
12.2221
12.0909
12.265
12.31
12.121
12.1169
12.2299
12.0161
12.1222
12.1429
12.0299
12.342
9.88793
12.3382
12.0628
12.1162
12.3708
12.11
12.0819
12.12
12.048
12.1281
11.9579
12.1219
11.5411
11.862
11.606
12.239
12.0871
12.038
12.2368
10.874
11.256
12.0978
12.1071
11.081
12.1071
10.778
12.4002
12.038
12.0959
7.04408
10.6771
11.626
11.9271
11.8148
11.5242
12.1958
12.2221
12.1481
11.6398
6.87504
12.1071
12.337
12.542
12.568
12.394
10.3381
8.61692
11.991
12.1739
12.4061
12.3079
12.2781
12.1651
12.3701
12.3289
12.4471
12.3601
12.3529
10.5181
11.642
10.8349
12.3241
12.0449
12.284
11.7791
12.2459
12.3589
2.16508
12.3708
12.3482
11.6839
12.2681
12.2461
12.358
7.00808
12.2468
12.3389
12.2471
12.26
11.1089
12.048
11.7931
11.586
12.114
12.3131
12.09
12.1539
12.2192
12.3079
11.6031
6.74701
10.8218
8.54397
12.197
12.085
12.413
11.9951
12.1591
9.42898
12.049
11.966
12.2268
11.8878
12.1028
12.4581
12.1651
12.1009
11.7161
2.08592
12.1791
12.234
12.325
12.26
12.198
11.9369
11.714
12.1689
11.9929
12.1608
12.167
12.3839
12.2302
11.0021
12.0459
12.0292
12.2299
12.0711
10.6099
11.9991
11.631
12.1
12.1729
10.6111
12.028
12.006
12.058
12.5818
12.14
12.3188
12.4769
12.114
12.2981
12.0962
12.3529
11.3881
12.393
12.274
12.5449
12.2941
12.361
12.352
12.512
2.11096
12.516
12.6271
11.853
12.394
12.3811
12.1181
12.3839
12.146
12.4509
12.398
11.209
12.568
2.16198
11.8642
12.295
12.3229
12.4731
11.054
11.3361
2.12288
12.2859
12.3539
12.311
12.578
10.9918
12.2628
11.7581
2.07305
12.3329
12.315
12.3022
9.08399
11.8389
11.9269
11.811
11.9481
12.393
12.3591
12.5039
12.3901
10.8421
11.9598
12.3041
12.2941
12.1939
12.15
12.3041
12.454
2.09594
11.8341
12.301
11.06
12.2771
12.0928
11.6
11.5962
12.042
10.9739
12.0821
12.162
12.183
12.306
12.275
12.177
2.09999
12.197
12.13
12.2049
12.2471
12.2049
11.822
11.7748
12.336
12.32
11.658
10.7019
12.2149
12.2471
12.3329
11.3971
12.2659
5.651
12.27
2.17795
12.3911
11.894
11.682
12.5039
7.2
12.2921
12.2828
12.423
12.501
10.715
12.27
11.838
12.2092
12.1889
12.3899
12.078
12.4581
11.467
6.83999
11.194
12.2428
11.6892
12.1288
2.04921
12.233
11.1349
2.599
12.243
12.141
12.2402
12.1601
10.078
12.3529
12.4481
12.3529
12.2461
12.233
11.374
12.368
12.392
12.2712
12.2509
10.823
11.0462
11.7409
12.1629
12.121
12.2781
12.2578
11.6768
9.26518
12.2139
12.0931
11.73
11.692
12.099
11.652
12.177
12.1689
12.3761
12.114
11.6141
12.5279
12.259
12.151
6.91104
12.0399
12.2831
12.2869
12.4741
2.11191
11.8098
11.9481
12.253
11.1411
12.1689
12.301
11.4598
12.3901
12.6441
12.3909
2.18916
2.0678
12.5442
12.2521
9.31406
12.45
12.207
12.3298
12.1129
12.279
11.3609
11.3139
12.4412
12.331
12.4068
11.7831
12.3169
12.3408
12.1262
12.491
12.5849
12.4121
12.4969
12.423
12.301
12.2619
12.2402
11.7381
11.7419
12.2559
12.4011
11.797
12.3241
12.0521
12.3079
12.0702
12.598
12.208
12.1651
11.5619
10.7841
12.2991
12.5198
11.6808
12.116
12.0919
12.243
12.3019
10.1421
12.2559
12.089
11.6768
12.1989
11.6529
12.2552
12.2449
12.0749
12.2721
12.3601
12.361
12.3439
12.1672
12.27
12.2888
12.2981
12.259
6.706
12.1779
2.10404
12.2461
12.4528
11.9801
12.0981
12.054
12.1539
11.924
11.914
12.4779
10.0951
2.09498
2.15292
12.382
12.3181
12.758
10.0811
12.2209
12.341
12.6431
12.105
12.183
12.145
2.05207
12.0621
12.2011
12.068
10.462
12.1088
2.033
10.633
12.1839
12.377
12.4199
12.4002
12.2809
12.347
12.2142
7.1888
11.5769
12.285
11.8401
12.3088
12.3301
12.2471
12.3429
8.48794
12.1748
11.4608
12.197
10.9718
11.25
12.332
12.301
11.821
12.2151
12.4409
12.3141
12.1899
12.3501
8.51297
12.768
12.2561
10.6308
12.192
8.13103
12.3801
12.3141
12.198
12.356
12.249
12.0499
12.0311
12.2089
12.037
11.9109
12.1651
11.9421
11.8608
12.3661
12.2759
12.4009
12.4941
12.4741
12.146
11.919
11.96
12.4018
12.1181
12.255
12.4269
12.496
12.594
12.3041
12.4781
12.4769
12.5141
10.7481
6.80494
11.059
12.574
2.18391
12.445
12.3591
12.3239
12.3961
11.8861
7.63702
12.3448
12.2659
12.238
12.0621
12.2449
12.2809
12.316
12.049
12.1849
12.279
11.704
12.0931
12.1839
12.2781
12.1691
12.1601
11.9889
12.259
12.11
11.5681
12.089
11.8361
12.2778
12.3081
12.289
12.156
12.0909
12.3501
12.332
12.2771
12.2409
12.1541
12.3479
12.3131
12.3699
11.4191
12.2371
11.271
2.08497
12.125
12.2018
11.7362
12.161
12.3529
11.678
12.114
11.8752
12.2249
12.3761
2.05708
12.2969
12.342
12.1841
12.311
12.2471
11.6668
11.6911
12.2371
12.2519
12.3639
12.3169
12.172
12.3949
12.177
12.104
12.378
11.318
9.94802
12.1322
11.7059
12.234
12.1038
12.0032
11.462
12.0599
2.09713
10.5319
12.2221
11.4989
12.361
12.3692
12.187
11.7989
12.32
12.428
12.2831
2.05302
11.4968
12.181
10.6821
11.1189
12.0311
11.7559
12.146
12.3711
11.3831
12.2871
11.6408
11.7271
12.1779
12.13
11.9741
12.193
12.243
10.5901
12.095
12.219
12.3169
12.0389
12.2302
12.187
10.607
12.228
12.099
12.074
11.997
11.801
6.39606
10.5901
12.0769
12.001
11.8661
11.405
12.1391
12.408
12.2168
12.0251
12.3179
12.4931
9.67598
12.7079
12.481
2.0721
10.8709
12.3432
12.219
12.2089
12.3119
12.0962
12.1369
12.212
12.069
10.709
12.1279
2.11501
9.01103
12.187
12.2771
12.372
12.1
12.358
12.2011
12.3491
12.3289
12.1841
11.2009
12.1891
11.2491
12.2309
12.166
12.1629
9.413
12.0111
11.1411
12.058
11.9541
11.323
11.7929
12.6319
2.25091
12.0871
12.368
12.341
12.4159
12.2521
12.2371
12.285
12.2859
9.37104
12.243
12.4118
12.2521
12.4249
10.834
12.3851
8.50892
12.1109
12.1601
12.2471
12.2859
12.1951
11.1229
12.254
12.2991
12.553
11.966
7.41315
12.2259
2.1112
1.98293
12.224
12.342
12.2449
12.2721
12.1589
11.955
11.9889
12.1861
12.1679
12.1882
12.0831
12.0108
11.8859
12.2781
12.243
11.9579
11.9951
11.9901
12.2311
12.161
11.9679
10.7589
12.14
12.058
11.8771
11.843
11.848
11.833
12.0518
11.6959
12.3391
11.9898
11.94
8.34823
11.9019
10.505
10.7682
12.1369
12.2011
12.198
12.0211
9.80687
12.1648
12.0988
12.161
12.0609
12.2612
12.131
12.2139
12.1601
12.423
12.44
11.8721
12.146
11.6131
12.104
11.9519
12.09
12.197
11.9791
10.7441
11.9939
12.006
10.7629
12.0192
12.0981
11.986
12.0769
10.3931
11.4579
11.673
11.7142
12.2199
12.053
12.0749
12.2409
12.306
12.2631
12.012
12.176
12.2681
4.31108
12.3549
12.2941
10.828
12.104
12.0292
7.53093
12.4002
12.125
12.1808
12.121
12.006
12.053
11.5368
12.1062
11.8649
12.095
12.213
12.284
11.9681
12.105
12.2719
12.1281
10.6699
2.14696
11.6611
12.2759
12.1801
11.9679
11.4901
10.9479
11.7619
5.58805
12.1391
11.915
11.8871
11.482
2.07686
11.61
11.7381
12.157
12.1622
12.285
12.187
2.04802
11.8601
12.001
11.7049
11.616
12.2061
10.5381
11.1639
12.1391
12.2111
12.0518
11.493
11.5199
11.9522
11.9369
12.3782
2.05994
12.3739
12.2001
12.4781
12.1908
11.6272
12.161
12.1179
12.2151
2.04897
7.07507
12.0668
12.2361
2.08402
12.1331
10.901
12.259
12.0821
2.05994
11.924
12.089
11.4059
12.167
12.2039
8.38709
11.842
12.1131
12.3179
12.0142
12.197
12.028
12.161
12.0559
11.4808
2.04301
12.0108
12.166
12.6529
2.05207
12.3651
12.2528
11.534
12.13
12.203
11.1129
9.13
9.68385
11.9081
12.1131
11.564
7.57718
11.986
12.1601
11.5099
12.0251
12.1169
12.4362
12.295
12.0621
12.1751
12.3129
12.233
11.843
12.188
12.151
12.213
12.3279
12.1632
12.0709
12.1231
12.11
11.451
12.4111
12.1439
12.3582
12.1019
12.289
2.10214
12.336
12.394
9.14598
12.3911
11.313
12.325
12.2941
2.09808
12.3079
10.6931
12.2309
11.78
12.2809
12.357
12.265
12.1551
12.172
12.2352
12.244
12.44
12.4381
12.3971
12.1951
11.1709
12.3031
11.7819
12.166
12.0611
12.284
12.192
11.6451
12.1439
11.8051
12.2249
12.115
11.6811
12.301
12.1682
11.771
12.1369
12.3141
12.31
11.471
12.3019
11.61
12.202
11.0569
12.1849
12.0001
10.5281
12.032
10.839
10.5572
12.023
12.0299
12.1808
12.1112
12.0089
11.0662
12.1579
12.0029
12.0709
12.3711
12.1369
11.9162
12.135
12.2139
12.3029
12.3022
11.6251
12.0618
12.006
11.6971
12.1591
11.611
12.2149
12.2302
12.0759
12.291
12.219
12.1379
12.078
12.054
12.0521
12.0871
12.109
2.52891
12.166
12.207
12.2001
11.61
11.9619
12.1188
12.3448
12.2771
12.0969
12.1422
8.23188
12.3
12.002
12.1799
12.3782
11.7688
12.362
2.06685
12.1891
12.1939
12.367
12.131
12.3119
11.857
12.394
12.4629
12.326
12.4371
9.4409
11.966
12.569
11.8821
12.351
12.542
2.09093
2.18916
12.3198
12.346
11.8802
12.4419
11.8651
12.27
10.891
10.7689
12.2478
12.28
12.4209
12.4252
12.4178
12.459
12.3219
11.5011
12.0552
12.2421
12.218
2.12908
12.228
12.135
12.0208
12.0721
12.1479
12.1481
12.089
11.7841
12.1329
10.9761
12.3661
12.399
12.3711
12.3019
12.4128
11.729
10.854
12.1529
11.3301
11.9209
12.2461
12.135
11.6861
12.0339
12.2199
12.2678
11.7249
12.325
12.361
12.2612
12.1729
12.5802
9.5799
9.44304
12.2361
12.5611
11.817
12.249
12.475
12.553
11.2951
11.9741
12.4729
12.4741
12.3591
11.9209
8.77309
12.2139
11.4281
12.5699
2.08402
12.4111
12.532
2.07114
12.3858
9.15194
11.3051
12.1589
12.1629
12.3079
12.5461
12.5639
2.11
12.3448
12.4352
12.599
12.466
12.408
12.135
12.361
12.0339
11.8511
11.677
12.6171
12.284
12.2991
12.2311
12.255
11.683
12.285
12.176
12.177
12.0189
11.678
12.074
11.976
12.3069
12.084
11.636
12.085
12.084
12.131
10.8671
11.7798
12.136
12.2929
12.29
12.2368
12.2309
12.2151
11.698
12.224
12.4612
12.465
12.7349
12.3818
2.12622
12.244
12.7139
12.3248
12.552
11.8971
12.526
12.2571
11.8229
12.203
12.2061
12.43
12.4772
12.6419
11.873
12.536
12.408
12.579
12.321
12.1741
12.2068
12.342
12.6081
12.3298
12.238
12.043
11.869
12.1019
12.327
12.1
11.6861
12.2578
12.2621
11.184
12.0769
12.3942
12.2809
7.86901
12.495
12.3072
12.203
7.86614
12.358
11.7691
12.3489
12.0921
12.1019
12.2159
11.1701
4.84586
12.2321
10.638
12.4521
12.567
12.414
12.188
12.2781
12.434
12.3382
11.6699
12.485
11.6699
12.3291
12.2159
10.9019
