11.734
10.864
12.1241
12.0089
6.15811
12.1369
11.1101
12.193
12.0351
11.178
11.205
11.1148
12.388
12.3551
12.301
3.41296
12.4321
12.2101
12.167
11.5829
11.6692
12.0111
11.5659
11.62
12.068
10.772
12.105
11.7662
12.316
2.18582
3.39007
12.203
12.6681
12.5821
12.181
12.2361
12.2378
12.0502
12.2159
12.2612
9.238
2.455
12.1958
12.0142
2.1019
12.08
11.152
12.1338
2.15411
12.171
10.0548
11.7519
11.6642
12.4168
12.2941
12.1081
12.12
12.099
12.0819
12.099
11.951
12.167
2.08497
12.361
12.4941
11.8139
12.2552
7.5388
12.6712
12.501
12.1169
12.2371
11.766
12.392
7.52878
12.2011
12.2681
12.126
12.228
11.9491
12.3122
10.7019
12.6231
2.75183
11.322
12.2478
11.7991
6.50311
11.3878
11.6482
2.01893
12.2449
12.1732
12.259
10.03
12.1779
12.069
11.5621
12.0308
12.0201
12.1591
12.193
11.163
12.0549
11.493
11.549
12.193
11.2271
12.2061
12.1439
12.203
12.2991
12.2199
12.253
12.0678
12.0819
12.285
12.1601
12.1679
12.1622
9.43398
12.151
12.187
12.1551
12.1629
6.21009
11.668
12.1591
12.219
10.663
12.1882
12.2209
12.419
12.2399
4.8399
12.1639
12.1641
12.1949
12.2318
12.291
12.3019
12.224
2.05708
12.3169
12.234
12.3742
2.05588
12.0301
12.1729
12.2499
12.2089
11.831
12.3889
13.0081
12.4459
12.3458
11.0471
12.3861
12.491
12.3439
12.2771
12.367
12.193
12.1169
12.187
12.1369
12.193
12.11
12.0339
11.2901
12.212
11.507
12.332
12.1851
12.109
12.259
11.3051
11.6248
12.2168
12.151
12.146
11.5478
12.1069
11.9891
11.575
11.5519
12.09
9.98998
11.6069
12.0449
11.821
12.311
12.3169
12.0811
10.9189
12.2831
12.1651
11.662
12.2869
11.9951
12.188
12.239
12.1028
12.1541
12.1651
12.1431
12.1708
12.0208
12.233
11.5449
12.2809
12.059
11.992
12.1439
9.67979
9.23491
12.1441
12.1479
8.86893
12.2209
12.26
11.6751
11.632
2.08187
11.987
12.068
11.0979
12.084
12.285
12.0931
10.6099
11.6608
12.1629
12.1889
12.202
12.1779
12.1179
12.2011
12.599
11.951
12.6152
12.5821
12.5
12.4128
2.09999
12.362
11.791
12.306
10.87
12.259
12.512
2.14696
12.593
12.1479
12.378
12.3591
12.301
12.2468
12.3191
12.2828
11.332
10.7229
12.399
12.6112
12.464
12.6929
12.253
12.017
12.3661
11.8918
12.2519
12.2581
11.5421
12.2259
12.3031
12.073
12.248
11.9488
12.0921
12.1009
12.3031
12.2941
2.09594
12.552
12.3761
11.6749
12.032
11.4892
2.12002
11.5991
12.377
11.343
8.43096
12.238
12.4841
12.1851
12.3861
12.213
12.2719
11.6582
12.2719
2.09093
12.1579
12.239
12.351
12.3742
12.3
12.3529
12.4512
12.1839
12.4099
11.663
12.0609
9.31311
12.2111
12.1939
12.2759
12.3758
12.3441
12.3339
11.9419
12.2449
12.2209
12.4331
12.768
12.0289
12.0182
9.86099
12.2688
12.0132
12.1679
12.2941
12.2161
12.1958
12.291
12.0668
11.996
11.8542
12.2969
11.718
12.424
12.0912
12.5239
12.4781
12.3351
12.3889
11.035
11.4439
12.1462
12.09
7.43008
12.1839
6.87099
12.356
11.9469
12.0649
7.092
10.5839
11.6041
11.915
11.668
11.5042
12.2569
11.991
12.0931
11.662
6.8531
12.146
12.2969
12.1932
12.265
12.0149
10.2799
8.56113
12.038
12.1679
12.4261
12.2249
12.1791
12.0339
12.166
12.2051
12.3699
12.265
12.3489
10.613
11.775
9.39083
12.229
12.2771
12.4059
11.7328
11.9989
12.1019
2.14195
12.1551
12.336
11.6439
12.2361
12.342
12.357
6.80709
12.321
12.7611
12.429
12.48
11.692
11.939
11.687
11.8039
12.2731
12.2499
12.1942
12.3529
12.337
12.4011
11.8048
7.03597
10.9689
8.64005
12.1629
12.0962
12.3549
12.1012
12.3069
9.35102
12.1741
12.1059
12.32
11.9352
12.171
12.2778
12.2061
11.9641
11.673
2.05612
12.1419
12.2139
12.45
12.1641
12.29
12.0621
11.791
12.2471
11.972
12.183
12.2349
12.2459
12.217
11.0681
12.1031
12.2998
12.2511
12.1131
10.504
11.5249
11.58
12.063
12.0189
10.55
11.075
11.709
12.1908
12.171
12.042
12.0502
12.1369
12.0621
12.0142
11.4918
12.0232
10.844
12.2359
11.642
12.193
12.1
12.2759
12.2161
12.255
2.0721
12.2371
12.295
11.626
12.2271
12.2781
12.0189
12.0511
12.161
12.244
12.1551
10.983
12.172
2.08592
10.2801
11.9851
12.2509
12.392
11.26
11.168
2.08807
12.316
12.3169
12.1291
12.4271
10.9069
12.1548
11.6551
2.10905
12.249
12.1751
12.126
8.79312
11.5559
11.7669
11.698
11.704
12.207
12.2569
12.2731
12.3651
9.4409
12.131
12.4111
12.2969
12.0668
12.223
12.439
12.3479
2.09808
11.8639
12.4562
11.2638
12.3069
12.2499
11.728
11.838
12.2051
11.2338
12.2602
12.192
12.2418
12.135
12.1841
12.224
2.08592
12.3529
12.3992
12.1429
12.2859
12.44
11.7891
11.8241
10.1969
12.419
11.878
10.6418
12.4142
12.3379
12.121
7.17306
12.1229
5.656
12.3498
2.16818
12.3019
11.812
11.6138
12.1861
7.03812
12.0561
11.5139
12.2499
12.2871
10.5448
11.9731
11.543
12.145
12.064
12.2499
11.343
12.2218
11.3668
6.66213
10.9501
12.0709
11.616
12.0199
2.05398
12.4211
11.0469
2.56801
12.203
12.1031
12.239
12.105
9.66001
12.3439
12.4202
12.373
12.2869
12.219
11.1969
12.3911
12.5511
12.2309
12.2509
10.916
11.1141
9.31883
12.295
12.1949
12.3081
12.1839
11.548
9.1691
12.3131
12.265
11.786
7.88403
10.8221
11.6761
12.116
12.002
12.279
12.0649
11.883
12.4891
11.071
12.1381
6.76608
12.0559
12.29
12.14
12.2559
2.09618
11.6999
11.96
12.4011
8.46291
12.1
12.002
11.0881
12.1839
12.188
12.0749
2.12884
2.04301
12.4142
12.1229
9.14598
12.13
11.997
12.0361
11.9159
12.1222
11.111
11.0109
12.3281
12.0468
12.429
11.972
12.2321
12.289
11.966
12.182
12.172
12.228
12.09
12.439
12.5229
12.32
12.588
11.9159
11.8048
12.4271
12.2781
11.8721
12.43
12.3861
12.476
12.3591
12.413
12.2159
10.7431
10.4589
10.622
12.2511
12.4209
11.759
12.249
12.2099
12.2459
12.2149
10.0391
12.1319
12.0261
11.632
12.1069
11.7881
12.3279
12.2871
12.2769
12.176
12.1551
12.3501
12.347
12.2271
12.2941
11.982
12.2759
12.2039
6.80399
12.2399
2.07806
12.2981
12.198
12.1031
12.2089
12.187
12.1481
12.073
12.162
12.1989
9.98497
2.07114
2.12193
12.0931
12.126
12.2869
9.68814
12.1069
12.249
12.3098
12.2051
12.3649
12.387
2.10118
12.2559
12.3069
12.2452
10.6649
12.1689
2.05708
9.75204
12.2991
12.352
12.1939
12.2831
12.115
12.203
11.0531
7.06005
11.1871
12.1949
11.6172
11.9638
12.0621
12.068
12.115
8.29911
12.058
11.364
12.0051
10.9768
11.3051
12.352
12.234
11.641
11.96
12.593
12.336
12.1698
12.218
8.46291
12.4891
12.3909
10.5832
12.5389
8.26812
12.3549
12.4972
12.3029
12.7239
12.372
12.3091
12.2781
12.2058
11.7519
12.007
12.897
12.2991
11.7359
12.2941
12.532
12.2809
12.2972
12.4788
12.0988
11.97
12.254
12.125
12.1121
12.0721
12.1019
12.0339
12.1849
12.0411
12.033
12.2521
12.1861
10.6659
6.65593
8.28719
12.2318
2.11096
11.667
12.1012
12.3129
12.1791
11.642
7.50709
10.9258
12.2011
12.0699
11.997
12.3298
12.1911
12.284
12.1679
12.13
12.1372
11.5888
12.094
12.172
12.3
12.1989
12.243
12.15
12.2249
12.1481
11.673
11.981
11.5719
12.3351
12.145
11.987
11.8258
9.25517
11.8949
12.1219
12.1312
12.3999
12.1601
11.977
12.207
12.4228
11.3008
12.2991
10.9811
2.08402
12.2421
12.1698
11.8201
12.1791
12.2008
11.6692
12.135
11.677
12.2709
12.3701
2.10285
12.2871
12.3739
12.327
12.2502
12.2728
11.692
11.781
12.228
12.3
12.3489
12.2151
12.202
12.3219
12.192
10.8991
12.1069
10.745
9.95588
12.1081
11.6799
12.2449
12.32
12.0759
11.745
11.6012
2.1379
10.6051
12.1908
11.632
12.1491
12.3191
12.1369
11.7819
12.2468
12.2881
12.233
2.10285
11.7021
12.361
10.7031
8.29387
11.5368
11.9641
12.244
12.1641
10.7889
12.2812
7.69091
11.73
12.176
12.1062
11.9109
12.1441
12.1379
10.684
12.1059
12.3019
12.3219
9.53412
11.7991
12.5399
9.34792
12.167
12.1269
12.018
12.074
11.975
6.53911
6.92487
12.0301
11.6141
11.7619
11.308
12.459
12.4898
12.321
11.6651
12.409
12.378
9.32908
12.3441
12.501
2.09594
9.02891
12.3041
12.3291
12.1419
12.177
12.125
12.0871
12.126
11.9469
10.4351
11.467
2.06995
8.86798
12.0592
12.1918
12.2931
12.0649
12.0678
12.0811
12.393
12.3389
12.325
11.044
12.0988
10.8402
12.0819
12.1112
12.1429
9.38916
11.884
10.906
12.0821
11.9689
10.9098
11.0612
12.1439
2.14911
11.6849
12.27
12.1269
12.1901
12.223
12.131
12.3169
12.1992
9.37891
12.1801
12.1269
11.8201
12.048
9.49287
12.4331
6.24609
12.1748
12.2201
12.1629
12.1989
12.1491
11.189
12.177
12.2571
12.2819
11.765
7.43604
12.3761
2.10094
2.0771
12.3389
12.3041
12.2271
12.295
12.0289
12.048
12.1071
12.3379
12.2919
12.296
12.2969
12.1131
9.20105
12.2859
12.2461
11.9951
11.9908
11.8999
12.217
12.496
12.1322
10.8638
12.2352
12.1229
12.2008
11.5099
12.116
8.55613
12.212
11.7309
12.2221
12.1701
10.679
6.9201
12.0828
10.7002
10.8969
12.2771
12.197
12.259
12.028
9.73296
11.935
12.126
12.4688
12.342
12.3029
12.3291
12.361
12.362
12.48
12.3751
11.621
12.2299
11.6
11.7159
12.059
12.331
12.2719
12.2471
9.39298
12.0888
12.0451
10.756
12.182
12.2731
12.136
12.352
9.97901
11.8599
11.7302
11.6498
12.2139
12.08
11.96
12.1009
12.095
12.2051
12.0409
12.048
12.0659
2.38109
12.1698
12.1758
9.197
10.932
12.136
3.66902
12.0561
12.0409
12.2669
12.15
12.1901
12.1369
11.584
12.2771
12.167
12.151
12.373
12.2662
12.1439
12.3379
12.3069
12.094
10.8519
2.17414
11.6699
12.2821
12.1241
11.8499
11.831
10.977
12.3401
5.83386
12.4202
12.2149
12.048
11.5571
2.04396
11.786
11.6818
12.1942
12.6469
12.536
12.48
2.07591
11.5099
12.4102
11.9159
11.8971
12.325
10.6719
11.0462
12.1439
12.2929
12.1851
11.761
11.796
12.198
12.2731
12.32
2.04492
12.0971
12.1119
12.269
12.284
11.6129
12.1009
12.219
12.0602
2.02894
7.03001
11.9379
12.1732
2.05493
12.0971
10.8631
11.173
12.1868
2.09117
11.9989
11.9021
10.855
12.3
12.26
5.64003
12.0931
11.9371
12.188
12.187
12.2471
12.248
12.115
11.9219
11.5829
2.04515
12.0349
12.0699
12.2581
2.0659
12.0871
12.2151
11.5449
12.176
12.4831
11.543
9.29689
10.0451
11.065
12.1479
11.7171
7.5891
12.09
12.172
11.5819
12.161
12.3909
12.2759
12.3
11.1489
12.224
12.3699
12.253
12.1481
12.3751
12.3589
12.3239
12.3041
12.2311
12.1439
12.095
12.2111
11.3859
12.3172
12.0208
12.3451
12.197
12.0142
2.069
12.0621
12.2099
8.40712
12.2888
10.808
12.1059
12.125
2.03705
12.1129
10.7181
12.213
11.7011
12.331
12.073
12.1279
12.121
12.1212
12.1319
12.114
12.136
12.3072
12.1779
11.7259
9.14812
12.2571
11.62
12.079
12.0399
12.279
12.26
11.61
12.1422
11.6918
12.08
12.1388
11.6801
12.233
12.2499
11.7121
11.9529
11.8599
12.1911
10.947
12.234
11.76
12.13
11.1582
12.126
12.0149
10.6411
12.274
10.982
7.11513
12.1739
11.9252
12.43
12.315
12.1839
8.87799
12.239
12.1329
12.0418
12.2478
12.0718
11.4422
12.11
12.0029
12.0251
12.141
11.4651
12.012
12.1131
11.6608
12.3012
11.6198
12.1679
12.14
12.012
12.125
12.0599
12.136
12.094
12.1479
10.7851
11.9488
12.0518
2.57301
12.0938
12.105
12.064
11.7071
12.224
12.1231
12.1601
12.2468
12.079
12.131
8.15105
12.172
12.0809
12.2752
12.0449
11.5969
11.9572
2.05684
11.982
12.105
12.008
11.9679
12.0072
11.5499
12.131
11.9359
12.105
12.289
9.2361
11.6248
12.2199
11.6382
12.079
12.208
2.04396
2.14911
12.2831
12.2099
11.6451
12.1319
11.482
12.037
9.233
10.4978
12.043
11.9429
12.007
12.0251
11.945
11.833
11.9982
9.32503
11.693
11.1361
12.0139
2.08902
12.2271
12.269
12.3658
11.184
12.3909
12.5721
12.248
11.8868
12.1911
10.823
12.1891
12.346
12.4059
11.7211
12.2628
11.6692
9.552
12.2759
11.2579
11.5521
12.0549
12.115
11.6141
12.2559
12.2468
12.2278
11.7769
12.2931
12.455
12.219
11.3411
12.28
9.33695
7.45916
12.167
12.2499
11.6341
11.404
12.265
12.1191
11.1499
11.9932
12.5048
12.4421
12.3701
11.894
7.09391
12.2349
8.33297
12.47
2.074
12.2008
12.449
2.141
12.47
9.14288
11.281
11.6801
12.198
12.3031
12.193
12.4161
2.09093
12.2631
12.347
12.4722
12.2399
12.2321
12.404
12.5389
12.2411
11.821
11.3089
12.3942
12.3239
12.4352
12.516
12.3599
11.74
12.507
12.439
12.3279
12.2011
11.708
12.2521
12.033
12.2972
12.218
11.692
12.305
12.1861
12.2459
8.65912
12.1701
12.0239
12.069
12.2812
12.0471
12.2869
12.104
11.564
11.8849
12.291
12.3372
12.3348
12.069
2.24495
11.857
12.512
12.0521
12.3539
11.3871
12.0981
11.8549
11.5621
11.8871
12.238
12.233
12.069
12.1911
11.5769
11.9112
12.1109
12.027
12.1222
11.7729
11.9722
12.0549
12.2099
11.924
11.924
12.027
11.6532
12.038
12.3188
12.2218
11.7691
12.0611
12.2149
10.782
12.0008
11.9739
12.0151
3.24202
12.5051
12.001
11.869
7.61008
12.15
11.513
12.2001
12.0659
12.002
12.0981
10.942
4.69303
11.9379
10.6351
11.9681
12.0108
11.997
12.0029
12.2399
12.248
12.2461
11.7779
12.151
11.471
12.2139
14.518
9.62591
