11.616
10.8011
12.8739
12.1281
6.20508
12.152
10.9589
12.1031
12.063
11.363
11.348
11.343
12.3451
12.2681
12.152
3.38292
12.115
12.5251
12.253
11.7359
11.898
12.1441
11.657
11.6889
12.084
10.709
12.0211
11.786
12.3711
2.074
3.44396
12.285
12.1322
12.264
12.2159
12.0909
12.0549
12.028
12.0161
12.1171
10.735
4.25601
12.0039
12.006
2.05898
11.9879
11.035
12.1169
2.05708
12.1698
9.98902
11.7149
11.704
12.3479
12.105
12.0952
12.008
12.0411
12.0659
12.181
12.109
12.0909
2.03013
12.254
12.342
11.6901
12.2659
7.49302
12.135
12.187
12.0649
12.1999
11.9221
12.2149
7.31111
12.0819
12.0192
12.0058
12.2099
11.9991
12.244
10.618
12.229
2.563
11.9328
12.0871
11.6849
6.43802
11.3509
11.749
2.05612
12.4319
12.2001
12.152
10.0701
12.387
12.284
11.761
12.4669
12.162
12.444
12.4369
11.375
12.28
11.6169
11.6739
12.264
11.317
12.1849
12.1
12.2359
12.31
12.2399
12.32
12.104
12.135
12.3131
12.3119
12.1961
12.063
12.0339
12.006
12.1391
12.044
12.064
6.17504
11.502
12.0511
12.0008
10.603
12.0981
12.054
12.2511
12.078
4.78101
11.9801
12.0201
12.0089
12.141
12.152
12.1598
12.078
2.03395
12.115
12.085
12.1911
2.069
12.13
12.2278
12.0442
12.1229
11.7161
12.28
12.156
12.14
12.1031
11.7381
12.2769
12.095
12.2561
12.11
12.2449
12.042
12.044
12.2681
12.1441
12.0771
12.1889
11.9531
11.6699
12.15
11.373
12.2061
12.12
12.0759
12.253
11.4861
11.6351
12.145
12.156
12.336
11.8248
12.3231
12.2159
11.7242
11.925
12.1989
9.99594
11.755
12.1539
11.7412
12.4099
12.3751
12.3279
11.1141
12.5041
12.352
12.192
12.404
12.316
12.3029
12.3649
12.1741
12.2631
12.244
12.2271
12.444
12.219
12.464
11.6069
12.2671
12.1031
12.265
12.598
10.144
12.0552
12.1069
12.1469
11.3361
12.1911
12.248
11.723
11.7118
2.09713
12.114
12.2678
11.1742
11.941
12.2521
12.1529
10.627
11.627
12.114
12.012
12.207
12.043
12.0871
12.1791
12.141
11.477
12.1219
12.2108
12.188
12.0659
2.06208
12.157
11.7621
12.172
10.7639
12.1498
12.2089
2.11
12.254
12.0339
12.1551
12.0711
12.1689
12.0828
12.1009
12.0389
11.2631
10.498
12.1379
12.265
12.0151
12.0449
11.9612
11.8589
12.192
11.718
12.145
12.233
11.569
12.2869
12.1329
12.0912
12.218
12.146
12.197
12.228
12.1181
12.2209
2.08092
12.255
12.2702
11.5879
12.1391
11.761
2.16699
11.6112
12.3439
11.2259
8.45909
12.2681
12.1491
12.1999
12.424
12.3501
12.166
11.5731
12.0001
2.141
12.233
12.2609
12.4481
12.392
12.399
12.4171
12.1791
12.1119
12.1171
11.8139
12.084
11.6401
11.975
12.1951
12.1708
12.383
12.2941
12.285
12.1789
12.3341
12.3069
12.362
12.5082
12.1739
12.1651
9.90105
12.2352
12.0349
12.1551
12.455
12.1
12.3792
12.8069
12.217
12.466
12.1918
12.2252
11.7011
12.085
11.775
12.4741
12.3999
12.254
12.306
11.09
11.487
12.408
12.151
7.41196
12.4261
6.89101
12.485
12.0871
12.2409
7.22504
10.658
11.7581
12.0721
11.7588
11.6022
12.511
12.1789
12.1961
11.73
6.95801
12.4118
12.6598
12.3749
12.2662
12.177
10.2549
8.564
11.9491
12.1181
12.2709
12.197
12.043
11.9629
11.9512
12.1498
12.2221
11.975
12.2831
10.555
11.586
10.639
12.151
12.0251
12.152
11.4191
11.8399
12.012
2.09904
12.001
12.0239
11.5521
12.243
12.1
12.198
6.74796
12.0261
12.208
12.105
12.1782
11.2319
11.9381
11.7159
11.5659
12.0101
12.074
11.9059
11.955
12.089
12.1832
11.673
6.86884
10.8001
8.40497
12.14
12.1081
12.2609
12.0249
12.248
9.3832
12.1338
12.0602
12.1758
11.8852
12.193
12.2421
12.14
11.9679
11.62
2.04396
12.1012
12.0721
12.2418
12.1891
12.3899
12.5291
11.924
12.557
12.2559
12.4481
12.4941
12.398
12.346
11.1909
12.2101
12.224
12.2921
12.1138
10.74
11.8382
11.6558
12.1961
12.1131
10.572
12.0761
11.96
12.2349
12.388
12.1429
12.1648
12.4712
12.377
12.187
11.5359
12.0831
11.1282
12.274
11.7099
12.3451
12.1131
12.0878
12.1081
12.228
2.11
12.3658
12.2421
11.6131
12.1911
12.358
12.1222
12.1329
12.1231
12.1109
11.9421
10.875
12.0821
2.08998
10.6361
11.9541
12.0618
12.2802
10.8638
11.261
2.03991
12.0652
12.326
12.296
12.3379
10.9231
12.1851
11.6129
2.05112
12.2418
12.0189
12.217
8.89492
11.708
11.6029
11.7822
11.482
12.167
12.2139
12.362
12.2001
10.787
11.833
12.3301
11.9939
11.9419
12.2621
12.3029
12.3191
2.07496
11.7331
12.486
11.559
12.1942
12.449
11.807
11.708
12.2268
11.378
12.305
12.26
12.2371
12.3451
12.6128
12.351
2.11787
12.5902
12.4109
12.367
12.419
12.5721
11.925
11.8201
12.265
12.409
11.766
10.7
12.4021
12.4471
12.363
7.18307
12.224
5.67484
12.1832
2.14601
12.259
11.723
11.683
12.033
6.99186
11.8921
12.022
12.356
12.1491
10.5319
11.832
11.6031
12.1281
12.053
12.0399
11.4701
12.2211
11.2009
6.68597
11.06
12.0332
11.565
11.853
2.01797
12.125
10.8922
2.53296
12.007
12.068
12.069
12.1849
9.95111
12.0919
12.0232
12.4269
12.1951
11.975
10.9138
12.0602
12.2578
12.0518
12.0442
10.7608
11.2939
11.41
12.2211
12.321
12.0721
12.0749
11.466
9.50098
12.126
12.0301
11.6799
11.5702
12.1279
11.6482
12.2919
12.068
12.5031
12.1088
11.6668
12.114
12.038
12.1772
6.72603
11.9638
12.0831
12.1331
12.2521
2.07901
11.6339
12.0289
12.1269
8.37398
12.2309
12.2321
11.265
12.217
12.15
12.105
2.033
2.02513
12.3589
12.296
9.37605
12.3081
12.1641
12.146
11.888
12.2309
11.1639
10.942
12.2621
12.0001
12.1219
11.8079
12.1641
12.0881
11.8799
11.97
12.126
12.0931
11.8861
11.9579
12.058
11.972
12.1632
11.5271
11.394
11.9669
11.898
11.446
12.125
11.7311
12.0928
11.8771
12.1312
11.9278
11.75
10.35
10.5529
11.9879
12.2201
11.462
12.006
11.9638
11.8558
11.8418
9.78112
11.8229
11.729
11.3668
11.7631
11.4491
12.0089
11.9278
11.9252
12.1899
12.116
12.2809
12.306
12.224
12.161
12.0528
12.326
12.2731
6.66904
12.265
2.0771
12.141
12.2371
11.874
12.1489
12.3041
12.2941
12.3148
12.1999
12.392
10.3469
2.19703
2.13099
12.3219
11.9569
12.0161
9.938
12.1441
12.295
12.202
12.183
12.3169
12.5329
2.09498
12.2721
12.141
12.002
10.5631
12.1469
2.069
9.89103
12.3649
12.5542
12.156
12.3148
12.1691
12.383
11.225
7.11012
11.308
12.126
11.673
12.2511
12.0471
12.0699
12.1291
8.55494
12.2919
11.6012
12.7189
11.1639
11.075
12.2089
12.1841
11.6999
12.109
12.3219
12.152
11.9941
12.058
8.32891
12.1422
12.316
10.5219
12.223
8.18396
12.279
12.1801
12.064
12.239
12.1241
11.8449
11.9889
12.233
12.001
12.032
11.935
11.997
11.8461
12.197
12.3122
12.3239
12.2771
12.3959
12.3818
12.0099
12.095
12.0978
12.0091
11.8539
11.9982
12.013
12.115
12.1319
12.2561
12.2528
12.3169
10.5989
6.72102
10.747
12.2452
2.0988
11.8172
11.9529
12.022
11.9882
11.364
7.30395
10.8259
12.3711
12.332
11.966
12.2159
12.321
12.311
12.0759
12.027
11.9171
11.4739
11.9641
11.9319
12.11
11.9622
12.141
11.7929
12.11
12.4381
11.4601
11.8999
11.451
11.9631
12.074
12.058
12.0299
9.31096
12.1379
12.279
12.2399
12.1741
12.1059
12.053
12.2371
12.193
11.2751
12.255
11.1611
2.0771
12.0358
12.141
11.549
12.0571
12.2039
11.6611
12.0351
11.647
11.972
12.2321
2.04706
12.0058
12.202
12.182
12.14
12.1779
11.6
11.6448
12.1181
12.0449
12.069
12.2252
12.1489
12.2602
12.105
10.833
12.1629
10.8891
9.91392
11.909
11.5552
12.1298
12.0661
11.996
11.5709
12.074
2.08211
10.5979
12.2359
11.616
12.1219
12.2671
12.12
11.6069
12.094
12.2521
12.037
2.06208
11.6148
12.2581
10.6342
8.255
11.9979
11.6799
12.0652
12.018
11.0509
12.0711
10.3788
11.5621
12.012
11.9991
11.703
11.9979
12.109
10.5481
11.9798
12.2731
12.336
9.47618
11.4911
12.0709
10.603
12.166
12.131
12.069
11.9791
11.971
6.42204
9.21702
12.002
11.7691
11.5139
11.2121
12.1219
12.1672
11.956
11.4989
12.116
12.249
9.197
12.0392
12.1188
2.074
8.88777
12.084
12.1312
12.0769
12.1269
12.0039
12.0182
12.1529
12.202
10.4761
11.6689
2.038
8.84104
11.9519
12.1632
12.315
12.363
12.3801
12.234
12.3198
12.2061
12.5251
11.1141
12.1469
11.1458
12.2252
12.3031
12.3739
9.42206
12.0559
11.1561
12.1989
12.2099
11.2631
11.3969
12.3081
2.16889
11.934
12.434
12.2581
12.4719
12.2862
12.2309
12.4209
12.2211
9.52101
12.2371
12.1369
12.099
12.181
10.9329
12.3031
6.24681
12.0511
12.269
12.337
12.1469
12.1198
11.1861
12.3119
12.193
12.0912
11.764
7.41601
12.3188
2.05112
2.00891
12.181
12.2371
12.3229
12.3608
12.1162
11.9689
12.0149
12.197
12.2609
12.2859
12.2969
12.1758
12.1849
12.3751
12.378
12.0521
12.1469
12.0468
12.361
12.2962
12.2359
11.0681
12.392
12.4679
12.1479
11.42
12.109
11.7769
12.0211
11.724
12.3491
12.1579
12.0442
6.93798
12.1911
10.627
10.8471
12.1739
12.1
12.2871
12.306
9.88102
12.2461
12.1379
12.028
12.2011
11.9989
11.9891
12.32
12.1911
12.2409
12.0828
11.6792
12.136
11.852
12.5039
12.5849
12.3761
12.583
12.502
10.962
12.1381
12.1059
10.9582
12.3689
12.346
12.3019
12.423
10.7968
11.874
11.723
11.7691
12.3999
12.1629
12.336
12.48
12.419
12.609
12.284
12.3699
12.378
4.31204
12.358
12.327
9.40514
11.025
12.3601
7.55596
12.3229
12.09
12.2669
12.1691
12.0809
12.0111
11.497
12.12
11.8358
11.965
12.068
12.157
11.9021
12.0769
12.3351
12.1992
10.468
2.15888
11.7021
12.1629
12.0811
11.976
11.451
11.0121
12.28
5.70202
12.1589
12.2819
12.14
11.6451
2.05708
11.4379
11.4889
12.059
12.059
12.2271
12.578
2.20108
12.078
12.346
11.9181
11.843
12.5411
10.6511
11.2429
12.2869
12.321
12.192
11.622
11.6048
12.063
11.9989
12.1331
2.03109
12.2018
12.1481
12.377
12.4509
11.6751
12.1741
12.296
12.1779
2.05517
7.06601
11.977
12.1531
2.06089
12.115
10.854
12.141
12.125
2.09785
12.049
11.7218
11.1721
11.9801
12.207
5.61404
12.0881
12.0389
12.244
11.9591
12.1
12.1109
11.939
11.8611
11.5519
2.05088
12.033
11.9781
12.1748
2.05207
12.228
12.2859
11.765
12.2969
12.255
11.2221
9.26685
9.8002
12.1651
12.1419
11.7478
7.48301
12.1739
12.099
11.5461
11.8749
12.2042
12.172
12.2199
12.0301
12.0909
12.3219
12.2778
12.126
12.3661
12.3081
12.4979
12.485
12.2821
12.29
12.4271
12.1748
11.409
12.3341
12.0771
12.388
12.218
12.13
2.07901
12.1441
12.3219
8.54492
12.2468
10.978
12.332
12.2139
2.14005
12.291
11.0011
12.2561
11.749
12.274
12.3999
12.295
12.223
12.3999
12.4071
12.0819
12.1119
12.3539
12.414
12.2459
11.2081
12.454
11.761
12.327
12.1601
12.413
12.3298
11.6541
12.3229
11.9002
12.1789
12.2149
11.6479
12.3951
12.3589
11.5671
11.8799
12.0912
12.28
11.2488
12.1732
11.554
12.1469
11.076
12.212
12.1112
10.546
12.2008
10.8602
7.03883
11.965
11.8971
12.219
12.2869
12.063
8.93092
12.3992
12.0399
12.1171
12.208
11.955
11.6019
11.9369
12.068
12.089
12.1109
11.507
11.9781
11.9569
11.5201
12.1849
11.6751
12.4331
12.2931
12.2399
12.413
12.3219
12.3
12.2302
12.1861
11.7319
12.0251
12.4061
2.53606
12.1908
12.0451
11.9939
11.579
12.094
12.0571
12.192
12.2521
12.0199
12.1369
8.178
12.203
12.1381
12.3799
12.1012
11.678
12.321
2.11811
12.2359
12.2759
12.1162
12.1489
12.579
11.7531
12.2089
12.0389
12.1732
12.295
9.11999
11.574
12.1911
11.5509
12.0821
12.2309
2.03705
2.15602
12.255
12.0902
11.5378
12.0332
11.575
12.136
10.5832
10.489
11.986
12.063
12.0609
12.2468
12.275
12.0711
12.183
9.48501
11.853
12.068
12.1181
2.0771
12.0308
12.115
12.0392
12.0099
12.136
12.109
12.0809
11.8551
12.017
10.7789
12.1431
12.2421
12.084
11.425
12.0289
11.508
10.011
12.2359
11.3041
11.5731
12.0931
11.9858
11.569
11.9932
12.2099
12.2092
11.584
12.4938
12.3649
12.044
11.23
12.229
9.41801
7.70092
12.1269
12.2099
11.6992
11.6458
12.0909
12.2139
11.148
11.718
12.3692
12.208
12.301
11.611
6.91414
12.043
10.6661
12.1088
2.06995
11.9689
12.2621
2.105
12.2991
9.03296
11.229
11.925
12.378
12.0492
12.0289
12.3332
2.09904
12.3019
12.3661
12.373
12.192
12.0912
12.1229
12.3992
12.0769
11.6081
11.4419
12.2411
12.1629
12.2561
12.2919
12.3692
11.714
12.351
12.2809
12.2151
12.208
11.7359
12.0811
12.32
12.619
12.0718
11.7581
12.2089
12.058
12.0652
8.57496
11.812
12.1062
12.2299
12.233
12.1222
12.1579
12.1021
11.8699
11.9581
12.296
12.325
12.4481
12.146
2.09284
11.399
12.3851
12.1891
12.393
11.7168
12.2812
12.0709
11.6851
12.063
12.29
12.4528
12.1958
12.347
11.626
12.0499
12.264
12.172
12.284
12.078
12.238
12.1992
12.296
12.1531
12.13
12.1489
11.8811
12.2299
12.414
12.3029
11.8439
12.398
12.2819
11.2262
12.1188
12.2061
12.2001
4.96006
12.2619
12.238
12.193
7.74097
12.223
11.7612
12.413
12.1939
12.177
12.1942
11.188
4.77695
12.14
10.6401
12.145
12.2368
12.033
12.013
12.09
12.223
12.14
11.6119
12.1849
11.58
12.2092
12.3138
9.65381
