17.8292
2.68006
18.733
20.7241
19.1419
9.05704
32.938
4.13513
56.9539
38.4068
10.6471
16.0642
62.351
59.705
20.1631
3.75199
10.8728
23.495
59.835
8.91399
13.4971
39.547
66.6449
36.7832
12.121
54.822
60.751
57.641
6.00004
2.3551
2.04206
19.062
15.0239
18.3921
69.674
35.6541
7.78389
71.3129
122.796
118.959
6.57296
33.9839
11.343
8.30889
10.0861
17.1201
39.4368
17.822
15.6829
21.3189
3.0911
112.476
19.2459
11.7438
23.0582
58.4888
55.7852
19.7399
27.7829
4.143
14.4598
15.61
29.8421
52.4158
56.3159
6.09016
59.6058
53.6981
64.7089
55.3479
53.1201
35.32
5.44381
14.179
16.2818
14.174
10.1142
41.2979
20.5681
57.2469
65.2161
12.1851
66.6859
31.4519
28.327
7.88403
12.346
14.2689
5.10907
16.1469
21.9071
21.636
55.517
37.133
63.2129
2.7082
16.5248
23.3841
15.286
31.7168
23.427
11.3039
4.06694
14.142
54.0471
17.19
58.0261
70.6909
10.0861
8.71992
69.7751
13.3989
11.096
19.65
33.035
29.7511
35.785
35.7471
15.481
12.5251
5.47886
2.51913
103.664
15.769
10.3021
16.66
15.718
13.1311
10.7968
15.573
20.201
12.4531
65.67
23.546
12.7969
22.929
19.7179
3.92199
4.40001
29.5088
32.485
68.032
3.54981
34.5991
12.0521
17.767
15.851
18.9271
63.379
2.33197
14.9372
30.5879
11.5709
14.394
15.9509
34.6591
38.4371
5.46598
64.1119
58.82
57.0462
16.119
55.7709
29.547
7.93099
33.926
40.6408
36.2029
55.685
20.473
20.699
17.7431
63.3299
57.102
51.8401
6.48308
68.9809
20.0391
9.29308
4.78697
60.102
18.6782
24.1358
33.0241
65.5651
9.32503
41.976
20.0982
22.9509
57.6391
11.5058
55.572
53.7801
13.1021
54.208
18.589
10.7801
7.28989
36.4552
12.0568
35.7251
10.432
63.03
36.8409
19.233
65.002
40.9269
19.7542
18.4169
39.4881
28.5451
78.5689
28.398
20.0131
10.674
56.2799
9.45306
36.556
61.1219
21.0731
112.433
5.73301
31.146
27.885
20.0009
3.42703
12.8989
12.924
9.20296
35.218
63.0929
13.6089
40.818
10.4401
51.8661
22.0289
37.7362
57.5199
12.1782
65.2149
20.8299
31.8789
15.7061
18.2889
2.56205
17.8361
7.05791
66.453
8.09717
55.264
6.08206
20.381
18.645
31.707
34.6398
29.2101
5.32007
20.169
36.9072
17.267
15.9459
2.74682
6.46806
36.689
17.2999
2.19202
19.0301
19.0411
22.279
11.8499
12.0852
66.6809
20.2689
10.432
6.58393
15.8789
20.6602
87.676
18.6849
15.1088
66.4222
11.4858
8.89015
20.798
59.998
26.509
61.321
62.474
61.0271
12.48
13.5319
64.424
17.9849
62.516
64.7569
7.10011
28.9829
11.7612
16.161
35.203
49.778
32.351
57.332
1.80602
18.97
5.61094
13.4101
11.9171
12.8899
34.9312
37.6098
65.4171
120.455
60.5991
60.1389
5.81503
35.691
6.36387
30.8201
6.037
10.6139
10.473
14.4141
9.99904
3.41892
19.6891
11.668
10.2911
60.143
6.11401
34.941
11.7121
12.1839
13.4771
69.8409
52.6552
22.403
11.126
10.5939
59.5181
5.62787
8.29601
18.358
15.8
26.3531
12.0821
20.8409
14.4351
32.618
66.2701
62.5451
12.0769
19.3012
36.0789
10.848
65.0039
10.062
57.831
12.4512
5.00798
12.6529
50.3812
9.18388
3.42393
66.9711
22.778
2.69604
61.425
61.708
29.3219
11.456
2.80309
63.6921
96.586
7.48396
18.3041
15.435
61.9431
13.7508
15.625
7.16805
15.9001
14.9109
46.71
25.1091
9.76491
16.2311
3.47996
28.3451
11.734
9.70197
34.04
4.0741
5.60212
9.62996
28.6369
9.99904
60.9751
50.2019
71.3172
62.6678
18.409
13.0751
123.466
6.17504
3.20888
64.5821
24.6699
7.61199
64.4901
33.133
11.4529
21.755
29.1212
11.2109
20.906
50.73
17.602
30.6609
28.5602
62.8181
37.6499
17.5972
16.403
74.8968
53.055
63.4792
2.25282
18.172
135.226
2.75087
10.1421
38.507
71.5551
7.48801
13.3569
38.1091
2.04706
19.799
33.1349
4.71497
5.06711
14.6019
54.9619
58.8522
39.603
11.282
30.303
21.07
58.223
44.5821
9.29308
60.0629
19.4991
5.47695
17.602
3.11399
24.4279
5.37705
33.18
15.368
39.916
68.6431
8.255
24.6611
16.8889
68.517
20.062
23.8891
5.35798
2.25282
32.2661
1.97506
19.644
15.7509
8.93807
65.145
5.44596
12.145
19.964
7.20096
15.9202
74.6689
6.52504
41.1592
66.488
61.6009
12.696
8.07714
15.996
5.42688
10.843
6.109
13.624
13.7169
6.1512
11.3699
11.4911
14.595
8.24785
14.5202
14.8411
22.1009
16.151
66.386
63.88
33.1991
29.7999
59.989
14.4839
38.974
61.028
7.27892
35.466
23.3209
38.79
37.405
31.2469
14.816
20.292
55.1641
3.25394
11.9071
9.42588
17.2651
2.54703
2.43807
16.149
9.3379
2.89488
26.52
29.7801
53.5409
9.74107
10.854
49.273
98.1131
2.3911
62.4919
31.142
36.8171
6.11687
17.307
16.1791
67.1201
39.922
16.453
5.36895
27.514
15.4121
4.457
16
14.406
12.2261
4.68493
5.96905
6.57105
11.07
4.69279
68.3749
29.0771
8.50201
5.55515
60.5199
12.4791
29.8841
107.777
13.314
48.4741
12.6071
36.9461
28.2969
19.1789
29.762
3.40104
41.5931
37.2851
61.4259
68.9042
23.6669
38.8901
13.85
24.7409
6.85906
41.682
68.949
15.564
12.2831
9.39703
13.3181
9.80496
14.565
22.337
9.83
8.49199
17.4489
23.4649
59.16
19.9082
16.6728
11.7519
7.61509
26.3419
18.7061
5.80001
30.0398
17.0152
17.3409
40.1061
38.897
38.3141
18.574
40.3938
32.4872
30.791
36.684
18.2619
16.1641
32.5079
62.604
40.8099
19.6009
30.581
65.362
14.1542
11.5969
37.3862
34.539
34.179
16.5429
3.62015
71.9759
28.487
13.391
18.523
35.198
8.22115
17.189
4.66394
57.209
2.08497
36.7742
70.3368
17.8061
4.36807
35.7909
7.99417
60.627
9.583
19.222
59.2349
17.539
12.6429
15.0871
10.2859
36.5448
9.9678
7.14922
20.0899
5.198
8.12507
63.3092
13.1869
36.798
38.9781
24.415
8.93307
12.964
69.4129
59.2089
12.743
10.2301
13.4802
36.1519
30.606
62.9449
30.2069
11.622
31.5771
29.1989
32.933
7.24912
33.025
21.0409
11.0998
70.3871
3.31092
39.9122
4.56095
34.0319
33.922
59.0808
12.4052
2.38705
20.412
8.13508
7.78604
60.7021
6.18386
18.481
2.91419
29.731
63.1659
15.322
12.1591
4.59886
64.1382
68.3739
69.787
12.1889
13.541
53.1788
35.7678
56.7212
56.2739
33.318
23.4749
20.4451
7.6108
29.5711
22.6221
16.278
56.3431
29.1669
19.4521
64.775
57.2841
6.67691
3.86906
4.80485
7.71713
62.4831
16.9668
76.5271
72.5989
29.5341
12.275
11.1761
54.8968
21.611
30.231
29.9768
20.1561
3.04604
18.573
37.225
32.9051
17.935
62.0849
6.85501
9.75418
16.1829
47.9181
54.8182
61.8279
5.53203
6.02007
37.034
12.5818
18.4112
7.07793
15.3639
7.13682
15.569
61.929
33.5729
30.22
17.978
57.6019
5.02205
49.9589
5.54395
8.9891
4.18806
9.87697
7.8671
10.3219
12.0602
9.88102
10.7939
9.77707
24.0169
52.9518
11.318
16.8662
21.0218
32.289
35.1801
78.681
13.979
19.4302
7.7529
8.78811
17.164
34.4639
2.26808
29.65
50.7071
15.1889
19.305
11.338
68.224
10.375
35.3971
15.6469
60.977
8.06594
17.055
2.81906
25.023
68.8159
59.7711
42.8619
20.371
5.6181
19.341
20.5982
27.7369
8.45408
31.8511
29.376
12.09
2.81882
10.7732
15.166
6.47998
57.8449
15.991
22.0079
68.645
58.815
67.3282
63.1199
54.1601
37.987
68.7189
120.162
28.0221
23.0331
9.20796
30.859
34.375
32.793
36.6771
13.557
6.00982
21.5881
21.41
9.34005
7.04098
53.1251
19.2089
56.6599
54.6088
59.175
13.6559
57.121
35.0711
33.3178
33.828
11.3401
16.505
36.1059
37.0631
6.90389
35.851
2.99215
30.632
38.7039
33.9041
73.2322
35.0668
9.36508
54.3289
22.135
15.615
69.6809
35.322
23.011
21.0559
16.85
67.332
19.0501
15.0669
10.6452
51.1029
6.78802
9.54199
9.516
6.22988
12.749
3.33714
63.2989
35.5921
73.22
9.21988
20.957
60.0991
14.384
12.2199
11.5161
11.163
62.427
16.2721
15.069
55.9499
12.63
15.0211
14.7519
17.051
54.9221
23.0889
64.6331
15.491
66.9119
62.29
19.192
52.794
80.2538
73.411
40.1042
21.5809
20.0059
56.3612
1.74689
2.01988
20.3662
62.8459
31.023
27.133
22.593
12.4302
24.1408
58.748
35.9702
18.173
9.44901
9.70793
57.719
10.5841
14.2748
9.00602
63.324
5.83482
18.4121
54.8069
5.29313
3.19886
37.925
55.1498
32.388
16.037
7.83801
8.27408
119.402
53.4079
58.2552
10.3388
52.2392
23.8669
5.50413
57.5399
68.949
17.6439
36.0892
27.1699
22.5539
16.134
15.5361
15.219
62.33
64.1
5.81002
16.6309
16.9592
24.076
2.16603
8.55899
49.875
35.919
39.367
8.147
9.78804
59.2752
23.9999
76.087
9.36508
10.993
23.4809
4.59981
23.567
8.89206
62.3288
34.842
59.1002
25.3539
50.0941
13.4621
9.76586
12.917
60.2891
13.2089
19.4142
26.814
28.1529
35.6681
61.7509
19.918
7.792
31.343
19.9029
53.9989
68.027
61.2621
9.29904
5.83386
39.3882
6.33192
9.96399
29.8719
31.9412
16.479
60.395
34.9979
60.8411
60.0781
42.495
12.1191
39.1901
31.0659
4.28486
7.95913
16.619
34.668
35.675
12.1431
9.62687
5.63312
16.2158
64.46
63.6511
32.9881
32.707
33.0429
39.753
72.3729
9.11212
62.7971
5.00083
12.1832
8.99601
39.3069
2.82812
69.777
37.6761
2.94399
13.341
18.266
15.851
52.1131
34.189
6.35004
18.0221
35.172
4.85015
56.515
19.8219
34.6971
40.647
31.9171
5.48911
29.048
74.6009
35.917
18.9009
36.6032
22.917
37.5791
178.548
9.19199
7.2968
64.914
5.47194
14.586
14.6091
5.76401
12.6569
23.8001
53.807
57.3609
61.002
24.5039
11.121
116.974
20.0839
68.2201
15.8958
61.5208
31.5411
56.138
34.8401
38.9171
36.2039
10.354
58.609
14.7669
15.0838
12.4741
40.024
28.1961
59.3331
63.745
57.456
3.40104
38.923
8.19993
9.78708
39.155
10.8521
9.73105
7.34496
6.89793
23.02
38.985
46.428
35.948
66.781
63.1771
3.21507
21.8668
20.293
16.4351
7.93099
15.168
60.3809
6.03223
1.29294
18.0399
16.602
30.2579
32.7072
5.97286
1.59097
3.35717
16.659
60.055
2.32911
5.94497
70.0219
68.1131
62.69
8.39615
9.65881
10.2072
35.1658
2.599
55.2499
29.803
4.01592
18.477
35.531
32.5341
15.8231
4.59695
37.369
2.02608
38.0299
4.53901
17.252
8.65602
56.355
62.0842
34.8859
13.1991
66.138
2.20895
23.948
11.344
17.426
14.72
21.1191
30.838
3.30591
58.049
37.7641
20.952
17.4859
69.0711
55.7292
1.58787
59.4509
9.74417
52.1159
37.971
30.303
72.3791
12.068
24.0841
36.618
55.547
59.7641
52.6259
39.165
11.369
12.012
18.3802
70.276
64.07
12.301
15.955
11.4329
17.0841
35.404
9.51195
7.87401
8.45003
8.54111
9.46593
1.44792
67.4331
7.78508
17.6198
57.936
18.698
35.686
11.791
20.7422
16.341
10.375
11.317
37.2679
72.8741
65.3732
8.48794
12.588
39.217
58.6629
65.9091
3.33691
73.4031
11.7471
5.20992
61.5711
4.0729
21.4419
10.0751
12.9809
19.0132
6.11401
14.4069
16.031
62.3209
8.68106
66.1881
19.839
33.3319
63.3931
6.41608
17.5269
39.6221
7.50613
23.0401
7.34496
33.3641
47.487
36.2079
12.81
41.064
33.4251
30.555
27.986
5.02586
25.0111
52.572
19.6671
16.5598
16.9861
16.8121
14.9038
28.873
19.6271
51.0049
5.44214
39.362
73.698
8.883
60.885
10.2482
24.7838
2.06304
14.4451
3.42011
13.0339
10.587
12.9969
58.0699
8.69107
16.397
9.14407
47.267
9.79805
55.887
23.3259
27.0262
55.208
13.9
34.472
31.157
32.244
33.92
28.302
72.655
20.0391
12.2409
62.2859
39.0189
12.8021
59.3359
29.6929
19.6028
18.8649
21.435
9.72414
22.368
24.04
17.7462
20.6718
10.5469
5.13005
57.611
28.1191
10.1559
62.819
64.63
9.60803
20.9429
4.62484
7.22098
19.959
6.21605
60.2469
60.9529
19.8381
41.0471
5.92899
59.499
12.733
26.1459
44.7271
65.7721
22.2859
8.72517
51.1329
37.308
12.9161
35.933
23.3359
38.6691
2.21896
27.843
56.9999
57.8671
11.9951
35.0881
24.5259
12.2628
57.6532
27.6048
30.9279
15.7421
68.1589
67.6718
8.29911
14.6
6.31905
22.45
50.2911
4.34685
19.547
39.927
33.685
38.311
1.8599
13.3162
5.03802
39.4139
32.541
36.5341
11.2488
64.8348
20.303
71.9829
11.5261
20.7839
31.688
13.2642
64.0259
12.9921
13.9019
18.2559
21.178
10.8109
29.9911
20.4909
64.4011
12.5918
5.57518
18.4009
15.6691
15.8489
60.8552
58.7449
21.066
39.83
21.4782
19.958
68.079
49.253
8.76498
32.2139
34.544
62.7451
64.203
35.449
16.958
36.4139
30.4511
16.4211
6.02198
24.05
15.902
14.7769
8.58212
12.6069
64.1692
62.614
20.19
14.3621
20.123
7.47299
59.329
8.14509
14.008
112.326
9.05609
15.008
10.1881
8.34703
59.6139
12.7661
106.508
34.9071
59.6919
41.862
47.7159
42.3009
68.0311
65.4218
20.2131
55.4039
21.8351
15.1269
16.541
15.085
18.6751
35.3501
7.44987
7.19118
10.7079
60.7741
1.69683
52.0661
16.8741
10.781
7.70688
19.1331
26.242
10.745
28.7089
40.415
36.6199
20.4861
5.89991
11.081
5.36704
6.72197
53.1032
12.3398
17.2431
13.4411
22.8479
14.771
9.63807
18.9881
24.5328
10.0021
17.1959
30.7472
39.1989
41.1291
18.9021
3.35193
17.514
15.3921
48.1482
62.8028
16.4371
1.39093
7.33709
18.2559
8.33607
1.96004
7.03311
40.6759
40.35
16.7971
108.585
50.591
124.242
20.1988
22.3041
2.59209
31.3649
8.46314
67.914
21.2328
12.356
20.257
6.32906
11.554
60.431
10.412
13.8569
57.656
22.2869
33.535
8.6019
28.6729
12.274
4.98104
9.93705
9.06301
66.798
22.157
6.54197
19.0842
18.4569
63.663
8.15392
6.24895
98.2308
5.86414
10.808
19.294
6.47593
65.0361
15.0471
71.6529
4.88997
22.615
10.7641
36.814
12.362
11.0509
39.8271
35.82
19.6331
28.2819
23.4041
66.2329
8.89611
57.065
114.704
16.3882
11.5778
7.447
30.37
34.066
14.9591
92.459
20.869
14.8721
8.92591
22.507
58.1892
56.7079
64.8348
61.897
56.9751
30.6818
55.8531
37.401
77.3621
8.50606
56.349
23.524
7.72595
64.63
30.165
14.082
24.91
69.3681
8.15797
13.6361
15.012
35.898
51.99
22.5031
19.6979
79.031
33.85
38.178
12.217
2.78497
65.3391
16.16
71.3139
36.8211
68.3761
17.2579
25.203
67.342
60.9002
32.0029
36.4971
56.2489
80.272
12.1062
27.9839
21.5449
54.858
19.5999
9.39107
2.33698
34.682
21.7938
37.9229
15.8801
6.0041
59.51
4.11797
10.128
9.34792
10.7241
13.232
13.1471
12.7659
5.75495
30.0138
31.8191
12.4271
11.9019
35.991
3.99804
6.23107
32.5551
54.61
56.54
59.9358
43.9532
60.214
4.99606
66.6909
27.5829
54.858
21.384
20.092
7.89905
13.4208
19.0759
34.8141
31.3399
6.08802
41.2071
15.178
22.629
53.448
2.43402
8.08597
20.1352
6.0699
61.286
19.7198
13.638
3.37291
45.716
14.3881
54.5759
31.7712
65.6018
24.92
18.1801
15.595
29.7382
65.7468
34.2391
53.6501
12.3239
17.801
3.59011
14.004
61.214
12.6822
9.90582
5.68819
56.2148
6.53887
2.52914
29.6049
57.8821
29.4311
35.403
11.2219
117.713
59.5188
25.8901
65.454
5.43213
60.0569
30.9319
42.5541
17.458
12.054
110.907
2.47788
66.3822
61.831
19.7229
10.824
15.8198
18.995
66.1051
22.783
22.274
65.201
33.041
14.6279
12.6531
13.355
35.1861
36.4649
16.1309
50.283
36.449
14.415
5.21898
67.0791
34.142
13.2248
39.861
31.251
29.618
29.809
54.9901
5.0509
16.118
16.216
29.834
22.902
29.8941
20.03
14.6811
33.236
27.4959
9.89914
19.311
13.8721
11.127
30.2188
31.7481
52.8131
40.8771
3.0899
4.11606
37.9031
64.827
1.50108
24.76
60.94
61.41
2.27308
54.085
23.586
15.5361
14.9181
20.1728
38.703
38.9738
3.08609
10.5491
56.504
3.12901
31.3001
11.7099
61.2061
64.0299
24.6081
17.1008
6.423
6.15597
21.189
26.278
8.17299
31.4291
8.58498
24.3092
69.4211
68.3858
5.94091
10.7138
6.73008
20.144
40.6709
11.61
16.722
15.789
21.2431
10.8531
42.5889
10.1671
21.723
2.49386
18.0662
1.96886
54.1751
59.4628
63.869
3.11589
11.1461
2.75898
59.063
15.666
58.6371
68.8539
55.372
19.2881
7.02906
58.4829
11.2872
1.94478
76.1762
7.98488
18.362
67.7171
11.0459
18.9431
6.67787
8.13818
18.8718
34.337
14.0219
39.12
32.8641
55.11
57.476
73.8599
15.403
18.7302
61.2531
22.9249
23.289
37.358
12.208
11.0371
35.938
10.3259
21.0891
21.44
22.7599
31.6861
19.6359
20.9892
16.5219
11.8802
10.5078
62.1328
72.463
33.3509
40.8642
8.21185
67.8461
8.15201
39.2249
38.877
16.4812
2.16484
11.7118
13.0131
37.704
66.2639
38.7821
19.2728
5.98097
8.31199
9.50289
11.0302
36.3469
3.6881
9.22203
15.8179
35.861
60.972
10.0169
19.716
15.1711
5.70393
27.6451
14.298
52.145
7.96199
37.6251
58.383
2.02894
30.8759
17.4611
67.102
36.864
30.9091
19.1929
2.23398
33.0181
38.83
14.678
28.533
6.22797
33.4439
10.8702
7.13086
39.618
10.9558
26.8562
39.8269
34.869
5.61905
53.1101
5.47099
61.3019
11.2851
59.9861
24.302
32.058
37.636
63.3709
12.501
36.1991
54.1739
16.206
13.4411
36.8638
15.409
18.6911
18.4531
6.28686
28.471
36.6092
11.987
11.4028
56.0122
36.314
38.729
13.6371
16.9649
55.8679
22.1741
7.40099
17.5211
22.8839
9.68504
61.1131
5.70703
12.4249
17.6671
10.643
54.759
31.09
53.4949
34.8961
41.4009
17.5741
11.601
36.9539
15.558
18.569
6.43611
22.7029
60.8101
30.7109
21.93
60.6382
18.8348
2.9881
6.28591
16.33
23.072
37.2701
76.8249
27.6971
1.95909
21.862
31.2769
70.8661
32.8591
16.1109
57.3652
68.8961
16.0799
33
4.12297
31.8301
40.4739
7.13015
36.3679
58.923
35.4431
13.8059
10.524
71.4819
4.55809
62.295
101.395
57.8959
12.2092
15.749
54.641
15.594
54.58
18.393
21.842
8.96502
34.4431
53.3068
30.195
9.82714
14.7791
28.5878
26.1989
57.4551
52.397
30.422
38.8441
30.38
31.363
22.016
10.5519
23.7489
25.3761
19.9969
35.3
55.865
14.3681
9.44495
57.821
66.9611
78.3851
27.673
3.50499
40.7801
9.29093
34.306
13.4161
59.036
59.8869
20.0012
43.8731
36.428
16.768
22.759
32.0849
15.5439
15.8072
57.791
5.69296
50.961
13.1941
13.402
55.3761
9.10306
61.8
2.71988
39.2201
5.6901
15.6939
56.293
24.7202
62.6979
60.8501
35.7618
34.425
4.65322
67.364
66.35
16.1099
35.1782
60.766
58.888
6.62494
23.252
20.2641
58.4071
35.105
31.009
39.427
14.292
32.8002
32.7499
29.721
21.0299
38.6071
6.11711
5.198
41.9049
19.3582
11.143
13.14
20.2661
19.4731
2.49887
13.8671
35.037
5.99694
2.54202
4.08506
16.459
10.5331
41.1749
17.029
7.66706
7.69806
4.36902
16.031
12.2869
23.3679
3.72696
59.545
13.073
19.459
40.0178
13.335
48.9831
15.6279
11.5602
20.0429
2.33102
58.2311
6.56295
5.99217
66.0598
19.995
15.1241
2.28
13.1211
14.8029
66.0832
12.6159
98.3701
35.548
68.013
14.9701
16.1901
12.6879
6.87504
25.465
23.9661
5.50795
31.2049
36.7579
16.371
37.1881
35.8601
15.6012
12.5899
15.4669
2.36297
93.7381
60.394
14.22
16.7401
38.0321
15.249
22.0249
35.5518
13.7808
69.5062
24.38
76.7028
8.34298
12.0919
60.95
38.322
6.02007
3.79395
31.646
19.881
14.3991
41.142
20.772
65.1071
55.763
21.09
7.93791
56.7701
4.46606
7.5891
28.6369
2.46501
22.264
3.38602
9.48
36.9689
7.03907
5.54895
15.5611
19.1369
22.7749
19.3412
8.05283
28.049
114.708
21.7931
2.92587
11.6231
11.8339
54.1999
20.0031
8.7471
10.046
11.6529
5.99098
71.3601
23.8318
17.7531
10.221
23.91
29.84
20.55
5.14293
22.2631
34.3461
9.48
17.4329
11.3649
10.9322
19.1958
18.7979
10.1972
20.3898
8.42381
41.1592
7.49588
36.4652
69.674
56.746
13.118
2.74611
9.65095
7.81798
18.816
65.001
16.068
36.505
39.2501
22.1739
1.93214
15.4669
15.517
3.80707
58.9399
59.3011
4.99487
55.4891
10.205
32.933
27.0951
9.53388
31.0981
56.983
21.7071
61.4469
60.4229
15.425
36.1512
16.2179
61.9869
20.9401
54.5201
30.287
72.341
15.0161
22.5708
7.35998
33.4899
71.552
9.31883
10.3352
5.19085
18.995
7.95317
19.484
28.5609
29.3901
13.1218
11.327
7.77197
23.6628
21.734
23.118
20.87
40.504
20.9019
31.4782
67.9049
15.101
72.8781
17.7031
65.2258
17.4019
3.46899
6.22702
22.6321
42.7239
34.7281
22.2859
13.582
39.8531
14.0481
4.81486
19.4912
18.6238
36.5472
9.17792
15.4569
28.8072
8.32081
38.3811
35.147
11.167
19.2811
55.6779
30.8981
53.441
55.6209
35.8751
71.3639
55.3281
28.949
4.24385
18.738
9.91797
9.74393
13.7579
37.817
11.8279
6.76203
22.3951
23.4699
3.92604
12.1531
12.054
10.731
53.298
20.5622
34.996
37.9379
40.869
72.2342
21.436
57.6081
59.505
11.6079
37.7531
9.27591
18.5809
9.43708
61.6379
5.89108
34.894
37.6999
57.575
67.3258
8.37803
20.884
6.04796
5.96023
10.253
32.913
33.2451
8.34298
7.09915
114.091
37.569
22.3229
20.927
24.75
16.6919
12.4142
34.5378
63.1728
68.1422
37.405
14.03
13.505
22.789
13.0551
6.1729
8.55803
11.8001
37.4548
17.4549
33.0071
38.2121
6.24394
10.4451
100.463
18.487
13.4442
47.611
11.9889
15.9681
14.9441
8.96788
64.0578
65.5792
13.262
15.733
22.1639
26.7551
37.42
7.69711
35.4209
31.2572
19.2308
12.3651
10.4489
13.0579
5.9669
60.5581
31.801
27.688
24.127
4.79507
53.4561
65.814
29.6681
7.96103
63.694
14.1299
6.87003
61.0931
11.745
57.1079
11.0459
2.38609
37.78
10.9279
15.6481
34.8339
2.35486
14.2231
36.499
22.193
8.38614
38.759
71.717
13.4208
12.603
35.7242
38.0769
32.0709
15.604
51.2888
4.26197
79.1192
36.176
57.62
1.65701
11.8041
8.64482
3.28898
34.3869
4.72498
24.255
16.2609
53.3361
20.4639
29.866
45.548
11.416
37.7531
31.9009
64.281
21.724
10.191
20.6981
42.104
59.3119
62.6421
63.169
10.5472
6.20794
9.52196
36.8621
40.9739
18.4541
3.31497
37.0719
39.217
19.7802
64.5921
12.9609
20.4082
40.086
6.94084
20.8049
15.157
58.1622
33.6449
10.3271
28.856
38.1279
10.8161
35.5699
33.4361
5.00989
10.2239
19.5
2.97403
61.408
10.9661
10.2839
11.7202
20.879
4.34995
4.65894
19.2971
60.683
20.7279
18.9791
62.346
29.9761
9.70793
23.524
17.457
3.78704
28.6431
20.2429
16.8769
56.566
6.58703
42.815
37.7591
40.0071
7.72405
12.1129
9.22012
14.8511
35.5008
57.7228
3.53789
19.465
1.88017
39.465
45.2721
36.274
38.0881
39.6399
2.06089
69.3591
56.03
36.7711
39.0298
32.007
19.8271
3.32713
22.2528
32.743
33.669
5.445
10.4499
63.987
19.429
3.12996
22.0659
60.658
23.3819
27.9229
70.0321
68.8009
58.9888
32.1238
8.03614
6.58202
65.0051
35.8279
9.67097
33.6628
34.1449
6.63805
18.5709
66.215
9.69195
23.1879
55.2192
16.042
38.7101
16.6969
20.1011
10.1008
62.1638
67.863
5.57399
68.2161
11.935
17.9081
36.9349
5.56803
33.318
5.85294
12.4421
6.50001
23.2129
48.8951
14.7278
11.25
63.9529
15.3589
65.088
9.07612
21.0559
10.1161
9.68003
22.9919
31.1968
17.2801
34.4231
2.40397
31.513
2.92397
62.5501
2.45595
75.5711
10.566
16.845
13.5961
37.4959
7.37095
67.764
57.312
5.89991
45.9971
17.967
8.65793
27.55
9.5849
17.2729
10.941
18.842
17.766
11.8659
11.4882
11.173
67.4899
18.4081
59.0761
17.0751
7.23004
21.1818
17.2338
58.9831
56.9661
18.9509
28.9531
9.03082
44.744
60.7622
60.4658
44.8542
38.748
2.82001
34.003
10.797
9.07493
12.0952
38.0068
35.959
19.13
13.624
14.91
52.218
67.77
47.0209
11.5771
58.465
36.9229
17.5931
13.16
51.7139
58.8641
39.2818
23.103
27.8502
7.94387
9.94802
15.656
65.115
6.79517
64.4028
55.5542
5.80597
6.92201
75.0871
30.4639
8.44193
11.8871
10.7658
15.4471
6.85501
16.5479
89.8678
24.1261
14.1001
14.859
15.2109
18.254
39.7432
12.6319
40.4801
34.698
27.3249
11.0009
20.5922
34.173
27.7181
2.92206
14.802
49.644
57.0781
25.1889
23.5631
13.7579
34.5891
2.62403
4.77791
15.3899
34.6501
9.7301
68.2831
10.2608
2.918
23.8109
20.1731
35.2271
31.055
18.831
10.658
9.02104
10.7939
28.584
6.9499
15.352
18.173
5.9948
113.642
39
20.117
10.9532
4.13084
54.759
94.8491
2.66194
5.95713
8.59499
2.96998
6.00815
13.8309
2.30503
2.91204
10.0458
11.0419
12.172
32.614
52.9571
5.13911
51.564
15.3511
9.41586
5.4872
15.6019
17.236
30.3349
5.17702
7.85804
12.414
20.499
69.083
65.34
21.3661
39.1631
11.5509
15.5711
14.7491
29.346
25.0711
18.7869
75.7639
58.31
14.9941
18.6739
76.0162
22.929
69.5901
7.52687
13.1071
10.488
28.563
21.2831
33.1738
10.7322
33.9129
3.31903
8.52299
53.654
34.8969
62.7222
28.8
16.3419
27.842
4.92406
28.1489
50.0891
11.4858
69.32
31.822
9.0971
35.1219
13.4561
12.676
13.8388
29.0408
9.35817
24.0209
58.207
4.17495
15.7931
8.43501
17.7271
37.1349
21.647
14.7531
17.5271
11.5099
32.0241
35.336
12.9189
90.698
21.9882
55.063
24.9569
5.46908
29.1519
9.63998
61.5711
35.8999
15.862
19.496
16.953
57.1918
16.3519
3.8631
5.70393
30.2901
10.5791
36.2089
16.16
58.4872
32.321
6.32191
38.7461
12.2781
67.9269
15.135
36.89
9.60994
20.848
33.1049
13.288
14.1392
32.614
17.148
31.5549
21.863
57.09
33.515
21.3051
57.0071
36.962
69.5159
36.484
8.36301
27.4029
18.254
22.2681
60.1139
17.508
53.8089
8.5299
19.1479
23.113
11.7552
60.457
18.8029
68.9492
7.89285
67.7438
6.16884
11.92
14.6899
31.903
39.0179
24.4391
65.0051
8.30698
60.5929
25.7192
23.412
30.561
12.8801
7.60794
39.901
12.157
6.16312
54.111
6.05702
60.4839
35.8369
10.777
5.84722
13.1128
18.6491
4.0009
38.4469
10.736
20.4911
57.1899
29.8669
7.75909
6.96611
31.198
1.92094
56.5319
31.543
11.5461
12.7559
71.5761
40.87
50.1821
34.6251
66.2608
2.98214
59.051
3.26991
9.02796
59.473
8.4672
23.1509
67.94
13.6371
59.4471
13.9771
46.2499
11.0111
14.503
61.0521
28.6129
16.0799
61.779
56.031
5.49197
21.5502
15.6629
15.763
4.91881
8.66413
32.846
14.616
40.009
8.3921
22.9819
57.3261
22.2881
15.5721
17.1888
10.8049
55.9421
62.5169
12.4881
38.1069
8.43096
13.258
16.8278
39.5062
41.132
8.39281
13.4351
27.554
32.1181
5.8229
43.983
10.2432
10.057
60.122
15.6751
12.5899
41.78
5.98001
8.90017
40.7929
13.571
30.8809
34.723
32.0311
37.42
17.9069
34.884
29.2931
34.4651
20.7601
2.43092
58.249
20.813
21.5201
10.855
9.67407
11.009
14.5009
7.864
19.6381
41.0292
24.5659
40.1449
9.66811
29.974
3.08514
32.984
9.96184
22.2981
59.71
62.7
30.5109
55.027
9.97114
24.6689
6.37007
45.485
5.15819
5.34391
38.882
33.993
56.6821
52.7399
22.871
29.582
25.3961
72.5141
59.2201
67.3819
60.7231
8.61311
9.48596
7.41792
17.0381
33.4091
60.776
26.154
12.712
35.63
63.8671
81.4459
63.0159
11.498
19.088
9.1908
38.3081
64.357
34.1759
29.213
59.598
24.4429
37.0951
61.47
59.3052
44.441
21.1241
11.6749
58.847
19.5801
34.658
16.3851
17.6289
63.6668
13.181
23.4191
32.367
2.95997
20.0779
16.9291
88.9869
12.6908
18.4538
9.24206
16.2711
20.108
56.092
11.3289
42.2871
35.2941
23.561
61.9991
19.7639
15.3391
15.764
28.5151
64.7218
26.2661
40.431
15.094
14.9531
8.15701
9.727
8.33392
22.7561
20.345
23.4699
21.4241
19.5341
16.268
9.88507
3.088
21.23
10.1099
16.001
24.7788
31.4541
32.6681
40.4458
5.67293
40.904
10.1449
49.17
20.817
22.3789
2.74491
50.71
2.25711
5.58591
12.146
12.8469
42.2649
55.876
37.858
12.712
6.3951
28.2459
65.6209
7.37405
13.9751
55.4619
18.4798
30.2022
36.612
11.7049
21.481
77.5139
33.6201
1.83201
4.65512
55.6459
53.3309
13.819
32.021
51.3771
14.54
35.6591
11.3292
9.99689
17.7889
36.077
8.69989
28.919
38.9562
13.948
10.9661
74.93
17.8909
61.9481
12.4841
17.638
34.9162
37.6699
34.456
4.41718
43.9489
9.29999
15.8031
4.32086
35.732
5.54204
10.0422
32.0048
5.44691
5.46718
15.502
46.031
29.0761
5.73611
15.12
39.0029
20.787
32.1572
56.6289
11.5769
16.4449
55.7849
60.858
18.4741
37.6768
6.02102
14.061
57.837
13.4881
65.2471
16.0189
7.93219
3.83282
27.6091
22.933
2.85006
1.62506
41.575
59.325
57.694
11.652
20.3531
3.00002
11.1361
31.924
20.6668
12.444
18.45
36.2101
35.3341
68.692
67.8699
28.3599
20.2391
12.4559
22.1059
9.84406
15.331
34.435
13.7241
40.6189
4.80103
54.6679
5.45907
8.19898
21.462
2.37799
31.6582
67.5268
54.8439
8.48508
73.683
17.7929
74.573
7.23195
60.143
57.1661
52.1719
14.683
29.2819
30.858
68.6181
58.1651
61.4221
19.4678
22.3992
13.2289
16.273
34.8079
2.40898
19.594
18.4541
20.9451
16.8459
57.4641
28.506
16.2249
15.7251
25.48
5.03993
7.11918
19.706
14.689
37.4029
5.31101
63.946
29.1781
15.0921
34.4548
3.6571
20.478
11.709
32.006
8.06594
6.24681
7.73001
32.8331
64.9309
4.87304
54.4031
21.904
11.559
69.4461
6.68097
26.103
60.7851
30.4701
15.6181
33.5648
48.2829
33.2282
3.21698
18.5869
39.3422
55.728
19.763
26.6361
11.9331
34.8969
59.8981
19.8901
9.67908
9.94587
13.8812
12.7008
17.0252
2.94995
32.578
3.98707
38.0559
21.069
35.995
22.4972
21.6908
6.4311
22.3551
19.0358
15.815
41.625
35.126
33.2801
35.43
5.41997
15.106
35.1791
1.54996
19.424
6.37913
16.032
78.8209
15.187
24.241
18.1031
13.6619
58.131
82.5529
56.6192
2.81692
35.4681
60.4069
3.28493
53.333
3.05796
77.6579
17.0481
37.818
34.786
62.1052
20.3688
51.0111
57.6971
39.335
8.70204
39.0251
6.55699
81.6381
3.23391
21.456
6.47902
41.5339
68.0571
67.8401
21.0021
18.9009
38.5792
61.106
15.918
9.22298
29.2859
18.091
21.183
22.6841
13.756
32.263
63.488
59.165
12.7039
64.7349
35.2049
11.6718
24.5352
18.4839
1.92404
15.6991
72.6659
9.38416
11.6549
59.0169
44.1701
10.252
3.35193
36.3181
58.8369
24.0362
2.68698
30.911
51.769
10.3879
5.77688
25.4951
9.22894
21.0762
6.17599
29.536
6.74105
68.4469
63.3659
5.39422
64.4429
7.7951
39.237
37.5419
30.925
23.849
63.1521
6.34003
59.9399
36.9132
34.3099
4.64296
2.32911
11.652
77.776
8.54897
30.519
5.512
69.921
20.5219
57.3242
12.9259
34.2541
27.1771
67.662
55.0661
10.9501
7.52187
8.28004
57.0712
30.7229
68.568
23.1152
4.93002
24.3509
2.31218
2.9459
29.9702
29.1479
74.4309
6.97207
4.1461
12.5959
54.333
79.752
11.199
38.7912
92.6919
53.7398
16.1281
38.136
11.585
48.2309
20.1001
61.0199
58.1291
9.09495
62.2771
12.6359
22.733
12.104
69.2539
9.42707
35.095
19.223
54.059
22.28
19.0082
12.1579
19.4509
65.6281
16.3281
31.4419
31.3749
32.124
20.8061
5.97596
28.4221
31.678
16.8569
14.2701
30.55
40.0441
3.36885
33.252
15.327
6.15001
11.667
36.875
9.82904
36.7081
15.2328
18.923
54.1501
13.628
10.783
12.6021
73.288
34.3921
15.1999
38.3751
2.86198
5.41401
3.46208
18.75
55.7091
6.39486
31.244
13.968
10.565
15.445
15.1181
59.6981
62.027
58.295
5.99599
32.6409
33.0751
15.559
5.21994
19.1731
71.9368
5.45216
63.5068
18.2118
53.581
53.1242
5.67985
9.72915
39.4089
4.51803
8.95596
16.119
53.7422
71.9979
2.36416
57.7998
18.4932
20.937
23.603
59.9079
14.8261
15.4631
30.726
6.65903
31.3771
35.9769
14.179
72.6788
16.1672
10.828
37.4649
57.6031
31.3389
9.01294
22.2671
35.2509
19.8538
15.1858
41.2631
16.269
35.826
103.404
6.97303
16.87
28.888
33.663
35.9399
54.605
16.5679
57.2479
64.3091
39.511
68.095
34.9281
12.6231
38.846
14.2448
62.4049
36.669
7.91001
11.9431
30.247
61.517
19.726
11.9529
62.35
36.2029
4.18401
6.69098
38.7602
124.905
12.98
7.66802
7.04384
26.7711
61.4882
40.0488
18.749
22.563
7.73096
15.245
6.10399
67.8811
40.3819
14.1871
62.8929
1.81103
63.2331
15.8958
63.5951
15.7599
38.8558
9.79114
29.1181
66.6471
11.3728
39.4058
60.272
55.5558
8.89301
18.806
17.7879
21.8871
22.016
117.02
12.634
15.6908
16.3121
66.4079
117.195
4.92382
19.875
14.888
16.0229
20.0932
32.0809
5.45096
9.75299
4.03523
36.0918
17.0398
107.694
35.2631
53.843
24.2479
17.5951
6.61707
22.614
32.3091
35.604
19.7461
67.4679
27.0951
16.53
49.655
16.3531
17.18
8.54707
21.8868
16.2091
18.2199
14.472
19.4972
2.43592
12.7301
3.78799
27.746
31.0919
56.252
16.2239
36.0701
10.2899
89.39
38.2431
12.4249
57.6661
54.94
5.31816
30.6859
42.0671
69.473
19.8009
34.575
41.4879
34.657
23.2329
35.3558
17.807
9.9721
59.2871
28.219
37.6351
6.06894
17.868
18.131
18.3871
53.9339
12.8982
16.814
32.1469
58.7239
36.5961
15.4901
7.65514
67.3709
64.424
11.4391
63.3471
22.892
10.572
5.98216
3.87287
23.7472
35.1439
50.4041
72.2592
55.8779
16.3531
9.84502
10.206
15.8639
31.858
68.5201
55.6262
52.1979
16.9241
44.0838
23.6542
27.0619
57.246
15.425
20.0598
18.2221
14.2531
15.115
10.69
13.5019
11.481
34.797
17.7109
10.0081
30.8731
65.932
2.15101
20.0858
15.4428
59.3781
35.836
2.37203
12.754
6.19888
50.2989
63.1032
8.49795
16.0279
31.3401
62.5498
4.41289
55.541
22.6469
8.61287
41.048
10.9031
38.2359
8.06117
6.93989
22.7909
9.98187
35.2759
65.3479
7.01809
20.648
115.358
2.15316
16.4831
22.7919
64.8339
1.98507
23.3741
18.002
52.825
9.59492
22.7611
12.4509
30.5851
19.5651
58.713
64.544
10.309
34.667
26.8719
62.1011
24.2329
17.483
16.608
38.7709
9.33909
19.3598
8.09717
3.54099
12.6238
38.2872
16.1729
21.8642
33.885
30.185
23.421
58.753
5.00107
56.771
27.88
15.1782
18.5928
6.809
8.47101
19.2661
63.576
24.0891
74.173
10.766
19.0279
24.739
17.144
8.01611
22.3548
58.5961
8.51893
17.983
104.308
18.6269
54.8341
4.85802
43.3199
15.7821
67.575
12.563
13.0601
8.92496
60.271
59.9
30.1921
35.2719
15.8989
17.699
31.1871
61.7721
6.69003
16.026
6.82712
83.1089
67.7302
21.5781
13.896
6.97684
15.902
64.702
7.82394
22.2888
23.252
31.5268
40.2801
28.2331
60.2961
45.963
4.07887
10.1881
2.46191
41.3129
59.7682
20.483
3.98803
3.0508
11.59
30.477
31.147
7.81894
22.48
53.8261
57.384
34.2591
30.237
9.71293
53.0441
27.6151
15.5771
66.607
9.29093
27.3521
55.702
10.9141
63.7319
37.3862
19.3539
7.11513
57.4539
10.1838
15.3668
8.56805
21.0772
8.23307
60.828
13.9089
8.87895
14.5679
41.301
21.373
76.443
14.1449
32.65
16.058
47.6611
125.458
28.275
7.55
9.2082
37.77
24.2679
4.93503
67.6
34.3499
19.556
38.7602
4.90999
7.64394
34.2531
19.526
16.397
30.642
29.0411
40.0379
21.3721
19.9351
64.229
74.966
34.627
38.4381
15.2121
64.9469
9.13596
11.8179
18.4121
10.68
20.695
35.001
7.51209
17.2009
16.9451
19.681
72.716
31.213
3.0148
2.38705
14.163
8.65602
32.8081
21.8589
60.1089
5.37109
57.0979
42.7551
16.0458
19.969
72.897
4.251
36.7601
20.165
61.2421
8.0049
19.8581
7.08485
47.2741
19.5429
27.487
40.472
35.6841
16.4778
64.8122
57.353
25.3649
20.957
3.57318
66.2348
60.9732
13.4249
2.26903
16.7451
34.441
10.9651
20.169
8.811
3.60608
10.5519
117.336
4.73309
15.919
21.4751
15.0888
5.12195
24.6909
4.8542
10.1838
37.7052
13.4909
69.72
17.653
58.625
3.08418
35.2859
2.05898
8.00681
9.55701
25.9709
9.54199
29.7859
57.292
29.4499
14.06
18.579
4.61006
37.653
19.1841
2.83098
65.2781
4.40311
61.5859
15.888
65.8422
67.3909
32.5491
61.4228
24.0521
11.137
21.0209
36.0389
41.415
23.262
36.0441
27.3941
70.08
14.688
69.524
11.8859
34.4791
2.67196
14.941
9.91511
19.85
19.398
37.6711
36.9861
12.254
5.34987
39.283
12.4061
19.897
21.4901
9.58896
12.9621
53.896
53.916
4.90499
19.769
55.5968
10.5009
69.1271
2.15507
18.9049
14.0462
84.522
35.0289
31.8911
67.4469
22.9061
15.24
12.8779
11.9319
30.3562
62.1219
67.2581
3.36409
62.5639
23.6731
13.098
13.0041
36.9279
75.9001
14.595
9.81116
56.1659
29.0279
10.5202
30.9918
12.4228
34.5962
12.4619
61.6481
11.477
9.92894
30.3259
11.5349
6.92987
16.8891
69.5231
5.97286
6.6731
13.998
73.9989
13.67
9.12881
5.54085
13.3328
72.382
11.0922
17.8828
8.58116
19.408
4.5681
19.031
57.1671
18.4989
2.41899
28.1851
53.9739
5.71179
20.6201
15.435
14.015
58.7392
13.8609
36.907
10.746
16.3341
14.7672
69.346
9.4049
28.5649
21.579
5.46503
2.43497
37.5199
29.582
11.1601
3.89791
15.8691
35.5258
5.43499
5.862
3.93891
13.4439
8.7018
8.65889
21.354
22.661
34.6
20.647
53.1049
10.3931
22.4609
20.9169
15.276
5.27096
52.5451
27
70.3599
29.7582
12.8489
8.183
22.1212
40.719
36.3748
34.107
8.32796
13.885
23.545
51.7869
9.0239
11.2841
23.978
10.1299
4.36711
32.4399
35.9802
59.3488
24.4989
18.1661
58.2569
6.7389
62.5131
31.6539
64.1248
22.279
38.8811
31.7822
36.334
47.0169
35.6362
37.1408
31.0681
22.9821
57.596
86.9231
15.039
60.8928
8.57282
14.076
74.9879
13.3832
20.1218
71.8682
34.94
62.413
13.2229
27.014
14.3359
9.51791
21.137
43.575
8.26001
55.0549
37.699
68.3131
30.668
20.9141
31.7988
20.52
60.143
4.62103
51.3191
51.8348
17.381
10.159
32.908
64.343
60.128
55.629
76.4251
17.7898
10.556
12.2879
61.872
1.88804
19.5899
15.8331
22.6979
33.937
31.636
30.6668
22.7761
112.508
35.2662
29.4399
9.04894
15.7168
72.562
12.713
7.7281
60.0109
39.422
5.8229
28.5909
32.196
4.71306
20.5889
23.6399
15.6391
6.33192
64.328
37.8149
37.4451
56.484
16.0961
16.587
3.27516
23.1068
34.9059
29.9449
45.7458
68.259
10.031
34.5719
18.1282
14.5519
42.3691
17.894
17.293
18.7092
18.7638
8.68797
9.52792
36.0742
5.80883
7.406
6.77896
20.997
12.3539
10.1349
22.522
13.0291
37.8349
37.7481
55.0141
14.9
33.0119
29.5742
15.4059
8.69012
7.07603
11.0991
22.095
13.7599
59.556
37.2679
12.995
20.782
69.1822
56.695
33.2289
8.10599
5.57685
5.90897
22.3179
64.132
18.7051
34.399
3.50094
8.11601
15.2271
8.219
61.3811
34.7409
11.9691
44.07
18.991
31.0411
19.505
12.6898
14.4131
8.52489
33.1669
66.4761
9.57108
79.344
3.83592
12.3391
64.6808
3.36599
15.9988
16.499
9.99999
64.4011
5.41592
20.0651
69.9482
13.4161
19.6679
53.344
31.4541
43.262
17.2291
20.895
70.0259
37.4019
58.4099
12.5902
40.2238
21.4498
16.2861
24.3919
18.084
20.4091
15.2199
51.59
19.846
16.7809
40.8509
55.2051
23.0181
15.4259
17.0131
31.518
62.876
8.86893
13.1681
60.2241
38.095
2.32887
16.299
34.1861
61.8849
27.9431
13.3841
5.56302
36.4881
37.308
19.5971
2.67792
9.71293
72.2001
36.4091
11.291
64.3799
8.24308
8.98314
98.696
6.76703
66.3209
5.88179
5.60379
65.8782
3.23009
4.51994
20.164
66.5932
22.8491
3.87883
55.9042
7.96604
27.343
43.139
70.622
38.8629
8.27789
10.2539
19.238
56.839
62.3422
18.9118
23.5982
110.196
15.45
12.712
37.1771
56.896
2.77305
34.277
14.92
121.607
32.016
11.241
63.117
35.8679
17.309
5.76901
35.3391
14.708
16.3231
70.9639
57.483
34.1952
18.1539
12.579
9.85098
18.086
36.3009
30.3202
34.6138
74.878
68.856
14.7219
5.96619
12.8849
30.6489
17.8368
11.971
63.354
15.3708
19.515
27.0681
59.3569
26.5601
22.867
2.72107
11.081
57.476
15.4171
19.6891
9.94086
57.421
6.83808
2.37298
5.73993
18.213
48.9922
11.061
19.2149
6.99902
69.073
56.6761
15.393
11.2779
9.80115
32.7461
16.8159
58.3451
60.0111
15.1949
14.401
63.9179
19.1779
68.614
60.2849
16.9489
19.1159
7.82609
65.5911
13.71
31.8499
30.1661
8.33201
64.6849
3.45898
19.9828
36.7239
59.365
19.299
54.5971
21.7619
40.6401
12.1009
38.4359
40.3311
70.8699
66.4721
4.98605
57.0631
67.503
18.209
18.1699
9.68409
37.8201
3.34191
15.872
4.90499
8.4269
16.0022
59.69
68.4659
56.6661
57.1749
61.455
89.5512
18.5769
62.87
15.4662
9.5439
36.293
53.8161
38.4991
2.89702
73.5469
7.8578
19.048
27.7438
19.3779
15.2221
66.509
12.3999
57.658
40.2122
19.5799
7.97391
24.6539
12.265
26.5989
20.786
36.288
2.22015
36.715
18.4779
31.2231
31.8301
28.7399
5.1229
16.3219
23.4861
64.9629
39.891
23.2232
58.161
60.3459
58.444
64.2712
53.0479
33.392
36.6712
65.815
27.096
35.6469
72.8779
34.853
58.4681
20.7729
22.4822
21.488
23.998
16.1781
51.7869
9.50217
8.60691
59.962
3.35193
11.3289
62.7489
16.9568
19.5489
17.6961
34.1208
17.0391
29.3181
17.6971
11.6088
3.08704
10.982
29.233
18.805
18.0519
67.6639
15.9268
128.448
13.0689
61.857
14.353
9.58991
15.5652
32.2659
30.417
57.8241
9.53388
12.711
17.267
21.9972
80.6899
5.81002
11.5101
15.5649
21.59
2.36011
38.2259
16.084
11.4639
29.4819
9.29213
53.4329
56.843
26.036
60.416
34.569
9.35817
81.7549
31.2669
26.401
2.29597
72.5119
27.957
34.2059
35.615
19.408
11.2062
31.6968
57.488
11.2429
66.669
6.40392
30.232
30.6098
24.5562
61.4259
15.677
8.93402
2.90108
19.2869
9.86981
21.101
13.4208
24.024
6.05392
36.8521
64.795
35.7621
28.5821
5.29194
57.5871
25.9519
10.592
16.9499
27.5512
63.4451
21.5669
5.93615
8.28886
21.033
15.8041
62.5701
2.80285
32.3212
12.2869
20.3171
17.4649
21.961
61.6598
22.8798
3.232
34.0788
13.797
22.5902
6.23202
18.3239
48.872
65.927
19.8069
63.3931
18.364
6.26898
16.1741
16.125
5.94115
57.6539
56.4721
8.97503
31.9431
16.4001
71.039
10.736
23.4179
53.134
36.932
32.944
10.905
12.9828
21.091
12.9712
36.6108
39.8889
21.1132
32.2878
22.8951
65.3629
16.392
12.677
11.3349
2.78211
39.7799
4.55904
5.33915
31.0678
6.35481
66.231
2.88796
12.7189
43.3841
6.25801
20.201
54.1489
27.225
27.8749
22.052
56.674
35.006
22.028
49.72
56.3481
59.0079
20.956
16.5222
15.753
33.663
27.7328
70.003
20.679
13.7968
67.7068
54.1751
17.7951
12.466
10.6611
61.4009
36.9401
7.66683
23.4301
10.0942
35.1548
38.8188
40.2832
15.135
19.5959
11.831
62.3121
28.7991
13.639
57.539
28.3041
59.921
26.48
70.5321
15.6939
37.3969
12.4879
3.2239
8.99315
34.534
13.4048
17.519
16.6359
38.8131
61.342
17.1199
60.5011
9.25398
10.4852
5.29504
12.655
7.47991
65.028
49.144
53.3528
19.3188
15.4648
19.8278
51.8482
15.6128
9.76801
55.5398
10.468
37.0281
40.0419
29.4418
31.1382
33.088
10.2899
30.8061
63.251
21.194
43.4911
14.014
11.5809
23.0291
13.227
48.4631
7.87187
23.68
19.572
67.1709
15.9271
29.9871
22.7358
12.2962
65.5119
54.9741
61.6891
55.248
19.9029
6.20294
55.9058
21.8501
22.444
3.87406
16.006
24.6449
2.00582
17.921
10.53
67.3339
15.691
13.14
63.2999
16.6931
9.37605
8.30603
32.392
10.8769
19.5632
72.345
134.577
38.4209
37.704
19.2101
11.4491
11.59
73.6611
8.86178
15.548
58.702
4.79293
20.8828
32.089
61.707
20.0472
32.1898
20.247
73.59
32.629
21.559
8.05211
19.556
64.7399
51.8041
26.299
38.4572
63.0419
68.419
20.8859
28.2938
9.00197
36.479
34.307
14.2789
12.6338
13.1469
12.2931
11.198
25.306
56.9668
39.0089
32.9261
6.57606
82.864
21.4031
15.749
16.156
21.075
3.23796
37.4961
34.394
3.65901
28.172
4.09603
42.9361
16.6981
75.2609
17.6342
22.5298
52.5761
11.3549
12.7048
35.042
5.45311
33.0029
39.8712
2.12479
12.4459
58.3701
30.077
9.96494
36.474
56.4568
20.267
29.418
14.729
27.2338
66.5941
9.00006
