0 
0 
0 
0 
0 
0 
0 
0 
0 
0 
0 
0 
0 
0 
0 
0 
0 
0 
0 
0 
0 
0 
0 
0 
0 
0 
0 
0 
0 
0 
0.749 
0 
0 
0 
0 
0 
0 
0 
0 
0 
0 
0 
0 
0 
0.688 
0 
0 
0 
0.181 
0 
0 
0 
0 
0 
0 
0 
0.000999987 
0 
0 
0.00400001 
0 
0 
0 
0.865 
0 
0 
0 
0 
0 
0.536 
0 
0 
0 
0 
0 
0 
0.928 
0 
0 
0 
0 
0 
0 
0 
0 
0 
0.777 
0 
0 
0 
0.00800002 
0 
0 
0 
0 
0 
0 
0 
0 
0 
0 
0 
0 
0 
0 
0 
0 
0 
0 
0.525 
0 
0 
0 
0 
0 
0 
0 
0 
0 
0 
0 
0 
0 
0.68 
0 
0 
0 
0 
0 
0.403 
0 
0 
0 
0 
0 
0 
0 
0 
0 
0 
0 
0 
0 
0 
0 
0 
0 
0 
0 
0 
0 
0 
0 
0 
0 
0 
0 
0 
0 
0 
0 
0 
0 
0.000999987 
0 
0 
0.22 
0 
0 
0 
0 
0 
0 
0 
0 
0 
0 
0 
0.736 
0 
0 
0 
0 
0 
0.859 
0 
0 
0.865 
0 
0 
0.753 
0 
0 
0 
0.774 
0 
0 
0 
0 
0 
0 
0 
0.189 
0 
0 
0 
0 
0 
0 
0.818 
0 
0.851 
0 
0 
0 
0 
0.913 
0 
0 
0 
0 
0 
0 
0.444 
0 
0 
0 
0 
0 
0 
0 
0 
0 
0 
0 
0 
0.327 
0 
0 
0 
0 
0 
0 
0.794 
0.632 
0 
0 
0 
0 
0 
0 
0 
0 
0 
0 
0 
0 
0 
0 
0 
0 
0 
0 
0.501 
0 
0 
0 
0 
0 
0.772 
0.00700003 
0 
0 
0 
0 
0.22 
0 
0 
0 
0 
0 
0.673 
0.862 
0 
0 
0 
0.925 
0 
0 
0 
0.435 
0 
0 
0 
0.259 
0 
0 
0 
0 
0 
0 
0.74 
0 
0 
0.117 
0 
0 
0 
0 
0 
0 
0 
0 
0 
0 
0 
0.875 
0 
0 
0 
0.568 
0 
0 
0 
0 
0 
0.7 
0 
0 
0 
0 
0 
0 
0 
0 
0 
0 
0.551 
0 
0 
0 
0 
0 
0 
0 
0 
0 
0 
0 
0 
0 
0 
0 
0 
0.752 
0 
0 
0.082 
0 
0 
0 
0 
0 
0.575 
0 
0 
0 
0 
0 
0 
0 
0.00400001 
0 
0 
0 
0 
0 
0 
0 
0 
0.000999987 
0 
0 
0 
0 
0 
0 
0 
0 
0 
0 
0 
0 
0 
0 
0 
0 
0 
0 
0 
0 
0 
0 
0 
0 
0 
0.000999987 
0 
0 
0 
0 
0 
0 
0.028 
0 
0 
0 
0 
0.139 
0 
0 
0 
0 
0 
0.742 
0 
0 
0 
0 
0 
0 
0.516 
0 
0.489 
0.00599998 
0 
0 
0 
0 
0 
0 
0 
0 
0 
0 
0 
0.408 
0 
0 
0 
0 
0 
0 
0 
0 
0 
0 
0 
0 
0 
0 
0 
0.779 
0.000999987 
0.726 
0 
0 
0 
0 
0 
0 
0.000999987 
0 
0 
0 
0 
0 
0 
0.185 
0 
0 
0 
0 
0.457 
0 
0 
0 
0.206 
0 
0 
0.709 
0 
0 
0 
0 
0.926 
0 
0 
0.489 
0 
