23.9921
87.8222
60.21
142.017
66.637
72.6311
149.542
86.1988
5.87916
88.5041
87.0879
131.279
12.2621
93.4579
124.695
76.8321
24.5001
34.863
32.922
63.472
73.395
36.7191
116.955
154.945
57.2369
137.608
228.56
78.7032
121.423
245.518
56.1969
161.733
21.122
80.94
148.175
72.4971
90.0149
144.513
148.679
74.5411
67.044
102.59
74.775
126.851
167.659
141.484
109.584
147.325
156.421
147.014
88.217
172.022
95.366
82.675
91.5921
167.2
16.721
135.1
134.564
165.693
144.725
149.957
145.114
55.9371
143.141
112.491
125.907
151.637
134.379
103.258
211.43
42.3889
104.455
73.0009
111.558
99.2088
231.505
184.325
194.419
173.864
32.9139
175.94
153.96
70.334
155.089
110.024
115.623
151.523
134.195
64.198
170.211
54.6629
101.073
52.85
54.8701
95.9959
48.1901
13.787
61.053
79.623
143.992
99.8421
78.9311
62.6709
74.749
97.2469
77.4701
127.097
90.6529
206.324
144.571
51.8849
152.542
76.6211
64.4128
63.2949
80.924
137.639
144.034
151.469
158.91
87.0211
159.895
80.549
59.603
69.736
120.728
158.028
145.653
63.6511
104.296
133.844
73.8711
177.492
125.529
258.975
47.8079
68.3899
133.965
96.833
122.208
65.2111
112.646
255.464
68.2859
94.9571
54.3909
32.8422
23.5651
48.9619
88.819
111.251
57.6479
65.984
54.7259
71.9738
73.077
63.704
35.48
145.113
67.832
16.6781
118.667
58.7978
89.3211
137.142
146.928
101.34
97.8799
153.028
119.021
55.882
57.7149
127.735
23.1981
37.5819
78.7661
83.6411
152.987
84.9891
62.681
116.294
106.336
89.417
158.525
147.943
164.482
104.095
147.892
159.471
64.5049
88.434
179.996
67.3318
174.837
163.02
127.007
166.405
92.391
189.33
123.956
160.68
125.77
81.2302
174.338
158.634
156.363
132.339
165.109
81.872
145.48
71.7609
79.6809
66.9861
140.951
85.8841
120.499
157.836
171.941
169.849
150.698
164.103
58.892
25.547
172.145
62.999
231.363
101.293
40.1819
53.8709
71.6109
100.392
79.1872
80.4389
45.9471
140.671
175.415
176.082
154.867
59.1321
93.4291
163.362
239.469
152.067
174.204
95.9308
87.553
130.688
176.74
109.461
140.548
155.499
77.1308
175.994
73.5099
84.795
233.466
112.505
136.243
100.638
180.224
144.462
99.6151
86.911
168.198
153.166
98.1319
136.898
175.724
280.575
123.314
148.877
59.5241
185.39
73.0569
170.327
84.5931
79.011
72.5729
100.544
173.706
94.0349
165.654
89.174
171.945
25.512
155.314
149.056
92.679
51.857
170.666
151.82
85.3341
120.458
225.819
89.2851
121.631
86.061
155.091
80.09
159.7
69.8638
117.588
147.743
138.748
65.81
119.411
106.846
70.6539
33.5062
19.8109
168.83
120.672
128.949
137.019
76.4551
143.648
83.4682
60.5779
96.1862
13.6731
51.4109
16.1161
49.8199
163.745
73.1781
79.6258
82.5861
63.668
88.618
158.986
91.5589
155.116
105.519
75.49
73.3042
66.1728
129.613
134.447
165.721
56.313
120.044
123.348
36.535
71.2678
177.902
95.0799
152.674
95.5012
67.961
86.664
90.1892
168.151
43.4971
113.934
151.675
16.1099
87.4321
166.093
80.0569
7.12705
126.532
129.536
116.531
79.2921
81.265
19.253
72.3412
65.4519
28.2552
157.786
123.262
80.723
137.677
102.879
138.175
132.723
152.913
176.596
136.127
90.3881
157.673
274.615
67.5921
160.604
73.7901
86.556
64.894
142.631
144.791
131.664
81.604
269.937
130.998
128.52
68.718
123.571
81.6119
134.47
67.0581
153.542
135.105
39.3081
43.6289
93.6611
174.811
121.26
161.948
154.339
86.1199
157
96.4851
95.5441
60.945
155.914
163.582
118.308
135.968
86.6361
83.4858
171.527
169.907
90.0662
172.201
77.883
83.0591
15.043
12.1031
110.24
57.271
90.8129
100.007
170.524
164.092
178.114
174.478
91.8109
131.128
123.559
145.033
147.187
103.67
182.885
123.158
137.432
86.411
126.055
153.746
170.936
84.826
140.94
162.965
166.626
129.772
70.035
152.093
160.326
175.362
25.1329
72.691
87.5361
4.21405
10.3681
131.058
113.967
89.6361
18.6369
129.008
97.8961
160.665
67.9829
142.717
64.1739
163.198
5.27
294.936
135.21
6.33097
50.7302
40.6098
41.4321
51.6269
10.149
45.5079
111.908
93.415
59.9029
10.083
96.081
53.0071
74.295
228.734
84.3639
134.241
22.7549
119.696
81.418
158.567
45.0001
60.5578
