3 
12 
71 
8 
71 
71 
71 
71 
8 
53 
3 
3 
66 
12 
71 
12 
71 
71 
3 
71 
3 
3 
3 
53 
39 
62 
8 
39 
71 
39 
62 
8 
8 
71 
8 
3 
12 
8 
3 
3 
8 
71 
3 
71 
71 
71 
8 
71 
8 
44 
8 
71 
39 
48 
39 
71 
3 
3 
3 
3 
71 
53 
12 
71 
39 
12 
3 
71 
71 
3 
39 
71 
3 
3 
3 
62 
71 
8 
3 
12 
12 
71 
12 
3 
71 
71 
57 
66 
71 
62 
3 
66 
71 
12 
3 
62 
12 
71 
39 
71 
8 
71 
8 
62 
71 
3 
71 
12 
71 
3 
71 
71 
71 
3 
62 
71 
71 
66 
71 
53 
48 
71 
71 
8 
71 
8 
3 
62 
39 
3 
71 
39 
71 
21 
3 
39 
71 
8 
71 
3 
3 
71 
3 
71 
8 
3 
39 
3 
3 
39 
71 
71 
3 
17 
71 
21 
71 
71 
3 
71 
21 
39 
71 
3 
44 
44 
3 
3 
71 
21 
71 
71 
3 
71 
71 
71 
71 
39 
71 
62 
48 
71 
71 
71 
71 
66 
3 
71 
3 
12 
71 
3 
71 
12 
71 
8 
8 
71 
71 
3 
8 
71 
71 
39 
39 
3 
39 
26 
3 
71 
71 
12 
8 
3 
3 
39 
71 
30 
71 
3 
71 
71 
3 
3 
71 
39 
71 
21 
8 
71 
71 
71 
39 
39 
71 
12 
71 
3 
3 
66 
21 
8 
3 
3 
3 
71 
71 
30 
62 
35 
39 
39 
3 
71 
71 
21 
71 
3 
71 
71 
71 
30 
66 
71 
71 
71 
71 
3 
71 
71 
71 
71 
21 
3 
30 
71 
39 
3 
66 
48 
8 
62 
21 
71 
3 
71 
71 
62 
71 
8 
12 
71 
8 
71 
3 
71 
71 
62 
66 
71 
71 
3 
12 
71 
30 
66 
3 
66 
39 
8 
21 
71 
3 
12 
71 
71 
71 
21 
3 
66 
71 
71 
71 
3 
71 
17 
71 
71 
71 
71 
17 
53 
53 
71 
39 
66 
71 
12 
39 
12 
71 
71 
39 
8 
3 
8 
35 
66 
53 
8 
3 
71 
71 
71 
12 
71 
53 
3 
71 
39 
71 
66 
3 
66 
12 
66 
71 
53 
8 
12 
3 
3 
71 
39 
8 
71 
71 
71 
71 
71 
8 
71 
71 
71 
8 
53 
57 
8 
3 
71 
21 
12 
3 
39 
8 
71 
3 
71 
12 
3 
71 
71 
71 
3 
3 
3 
71 
71 
71 
71 
71 
71 
71 
3 
8 
17 
3 
8 
3 
71 
3 
71 
71 
39 
71 
8 
21 
71 
3 
71 
71 
3 
53 
71 
71 
71 
71 
3 
3 
71 
71 
71 
57 
71 
8 
12 
3 
3 
12 
8 
71 
71 
39 
71 
12 
71 
3 
71 
66 
71 
8 
62 
71 
71 
71 
71 
71 
71 
71 
21 
12 
3 
71 
71 
21 
39 
3 
66 
71 
71 
71 
71 
71 
71 
71 
71 
8 
3 
71 
3 
71 
3 
66 
71 
71 
71 
71 
3 
71 
71 
