25.8861
176.952
62.222
290.383
138.75
135.87
153.407
169.492
5.72205
112.173
163.48
255.949
23.802
175.831
131.893
154.282
25.816
36.4811
97.028
223.698
145.064
65.052
251.575
302.362
120.595
273.335
239.26
142.949
212.276
250.297
90.79
172.321
37.9469
238.512
158.82
151.266
135.784
283.448
176.798
144.785
135.252
113.102
77.4882
135.054
176.017
222.813
142.496
217.228
164.451
257.153
145.989
170.238
123.62
230.985
166.024
170.337
28.4619
137.285
258.38
252.172
265.648
161.315
298.458
122.245
157.121
207.503
199.74
132.117
150.206
158.079
303.33
95.0131
81.491
100.751
177.6
157.004
311.039
274.786
157.847
136.749
25.727
156.241
269.115
144.43
250.689
215.031
203.487
238.099
139.166
116.674
169.099
113.992
192.979
108.161
57.2569
292.882
98.8939
44.574
131.294
154.282
289.715
96.293
145.143
60.041
78.6521
170.271
166.637
143.218
314.742
262.381
161.059
111.597
163.895
79.55
134.029
141.041
161.08
141.624
269.463
294.797
306.519
89.9849
172.491
88.4452
129.929
136.106
182.541
156.719
152.872
65.3951
198.716
254.393
268.811
173.25
212.143
279.08
103.232
132.234
144.877
221.247
255.823
136.362
132.412
450.307
186.533
210.165
119.654
36.6161
51.713
104.699
271.937
111.696
115.876
73.8008
53.3519
257.943
73.71
124.733
133.221
285.531
166.368
31.1289
245.254
59.104
185.854
148.573
286.998
186.128
138.099
158.955
186.496
108.288
114.317
195.989
44.6482
73.478
153.178
158.117
292.47
173.114
142.177
252.61
116.973
183.404
289.388
279.297
270.732
113.249
137.702
209.308
123.278
151.248
300.135
124.99
313.825
302.917
122.705
297.395
161.518
178.899
238.951
293.496
184.248
154.733
261.49
260.755
258.883
113.659
277.536
147.036
127.883
66.5891
259.99
116.265
130.887
248.641
107.148
143.911
238.336
200.387
226.087
271.105
140.164
44.4911
169.106
111.54
209.371
159.022
53.88
84.08
122.982
154.549
130.334
130.922
73.8592
125.157
151.446
156.037
272.121
89.972
151.312
137.994
216.485
226.992
268.097
150.37
144.249
126.027
154.244
285.141
131.912
268.349
132.642
158.743
133.148
139.64
205.628
233.358
266.384
306.478
184.03
242.818
105.106
211.917
143.902
100.473
116.834
172.255
115.948
235.501
166.544
101.897
77.2572
121.126
47.2701
200.792
105.013
66.4401
75.248
116.863
110.349
110.335
111.207
109.269
118.669
30.0128
107.123
185.73
94.8501
66.957
154.733
187.251
117.793
95.542
193.743
106.656
91.0859
116.192
148.902
157.249
117.275
94.7251
86.7009
109.853
162.916
175.635
90.4441
115.717
103.688
49.804
27.2229
206.99
149.224
89.0241
174.208
96.8802
92.2139
104.554
80.828
110.214
9.59206
62.9859
10.6051
75.8471
167.547
92.1869
58.0962
109.519
84.6639
111.373
110.468
114.36
116.383
114.014
48.8119
95.5691
85.5629
89.3981
93.899
176.848
37.734
97.7461
126.506
41.0969
88.2201
194.64
61.682
99.6299
129.347
88.973
106.489
111.322
110.689
28.192
143.949
192.968
10.5448
107.165
124.044
55.1369
5.0571
86.7989
88.7291
155.486
100.414
103.266
24.7779
93.8129
47.0231
61.9781
160.487
167.274
100.259
173.587
69.5179
171.983
86.746
188.485
207.659
175.577
110.091
189.066
261.671
86.36
150.115
143.256
110.858
86.57
101.357
98.2358
166.602
100.777
264.227
165.879
86
89.0341
151.521
101.788
174.458
90.24
99.086
95
58.8641
61.7878
114.92
115.036
102.435
108.395
102.394
81.151
103.574
108.942
207.76
66.376
101.072
133.611
154.131
90.3091
109.181
102.519
113.754
112.529
63.102
113.882
144.27
54.6801
9.65095
8.02398
75.953
78.5639
119.071
141.258
119.266
113.265
118.597
203.308
187.186
170.004
149.236
141.057
96.3891
119.474
118.597
153.343
180.688
111.28
84.661
190.851
111.143
168.476
89.978
108.415
113.595
152.228
97.924
105.255
111.343
209.614
17.679
101.157
60.8721
3.11995
13.243
89.7241
82.3472
113.534
25.4109
105.205
67.8251
171.975
94.81
98.9161
84.9731
107.627
4.88687
194.716
169.292
3.72481
33.3002
40.2238
57.569
60.369
6.22106
44.0981
100.742
112.112
81.3422
6.30689
63.7791
65.0289
74.506
153.866
102.356
87.9281
61.3661
79.401
100.96
104.727
108.866
39.8209
