14.9801
18.7049
17.8509
15.9121
17.6179
18.6481
19.335
19.0969
18.959
18.4071
19.207
18.3802
18.609
18.6858
17.5948
13.4902
17.755
18.8811
18.8999
18.0919
17.396
17.3209
16.505
16.8719
17.276
18.095
16.9961
17.319
17.5731
17.1521
16.5648
17.1971
17.096
17.3168
13.5951
11.3921
16.65
13.1831
17.422
10.0789
16.757
16.8881
15.722
17.194
16.8319
18.2922
14.9992
17.081
16.1431
17.0689
17.4901
18.585
16.9549
16.2089
17.8101
18.2359
17.0691
16.758
15.59
2.6691
18.2869
15.8651
18.0469
16.3589
17.174
17.6349
15.419
17.5772
18.2638
14.2541
17.3609
17.5629
17.2842
3.2258
10.0701
17.4489
16.8121
12.435
13.597
17.5829
14.77
17.6871
17.0009
10.2952
16.2501
17.3759
16.947
17.643
17.314
17.2451
3.60394
17.6411
17.6539
16.1459
16.88
17.7369
16.5391
17.6401
17.0729
17.8671
16.1738
17.5312
17.8721
17.6129
17.246
15.944
17.2369
17.3171
17.154
13.2
17.3509
18.9049
17.1268
17.534
17.0088
17.9589
17.036
17.4541
17.3209
17.0052
17.426
17.3481
17.812
16.7499
16.494
17.0021
17.797
17.375
17.266
16.7742
17.5838
18.7678
17.4711
17.5231
6.56605
18.3029
17.822
17.534
18.1229
15.3852
9.39298
17.741
16.679
17.606
19.1422
8.86798
19.2239
3.62897
17.0891
18.7249
18.754
17.725
3.38602
18.976
18.4531
18.08
17.349
18.127
16.788
18.2788
17.9942
17.6179
17.8401
17.0209
17.6191
17.8421
12.393
3.59702
17.416
17.549
17.7
18.2462
17.8549
18.97
18.2691
18.4751
18.914
18.6901
17.153
18.9898
17.9338
18.7321
19.026
18.8751
17.8959
18.383
14.801
17.211
10.781
19.0132
17.1728
14.884
18.7571
16.3469
17.72
18.4069
18.7101
19.0971
18.0709
18.6789
16.8641
18.683
18.724
19.218
18.899
11.065
18.3029
17.0062
16.202
18.219
17.827
16.9921
17.4699
14.0851
18.357
18.0271
17.066
17.786
17.56
16.8781
17.91
18.292
18.033
11.2069
18.3258
17.7112
17.9131
18.6918
17.1831
18.033
18.852
17.6868
19.016
19.135
18.8351
18.326
18.0628
11.1501
10.1171
18.7769
19.115
12.6741
7.13897
16.2032
14.622
17.848
19.0701
18.7719
17.549
18.724
18.944
18.2319
17.9911
18.9741
17.936
18.3949
18.79
10.0858
18.0521
18.9619
18.888
18.8248
18.6391
18.517
19.2821
18.822
18.769
17.338
18.189
16.8469
16.1541
17.2331
17.2191
3.12281
16.6409
15.702
17.4439
17.0181
18.755
17.508
15.099
16.7618
16.7651
17.463
13.685
17.3659
17.6799
17.556
17.498
19.0449
18.1041
18.651
18.7409
19.264
14.3161
17.633
17.8671
19.1541
19.311
19.3911
18.8999
16.7098
17.6759
19.1021
16.8631
17.5149
17.1609
17.343
17.1182
17.3829
18.1642
17.2338
9.81021
17.3399
17.4
18.199
16.3429
17.8449
14.7009
18.013
16.228
18.306
17.1521
18.048
18.6069
18.693
16.7701
18.636
18.043
18.4329
17.3981
17.1571
16.9649
18.6841
17.375
17.4479
18.779
17.029
17.4961
18.5621
17.7369
18.4131
18.383
12.7778
17.2882
18.7359
18.7721
18.9469
18.975
18.1711
18.78
18.9052
19.7051
18.6551
18.2219
18.3721
19.17
10.9131
17.7629
19.3992
19.3009
19.6249
2.4991
18.6069
18.9199
18.846
19.294
19.376
18.6131
17.9591
2.96497
3.41201
18.888
18.245
17.2911
19.527
18.728
19.0611
18.796
17.693
17.7422
18.652
18.26
19.4931
17.292
18.26
16.242
13.943
10.726
17.9451
19.3801
18.0619
3.50404
18.4832
18.5468
19.2361
16.3679
17.6692
19.058
18.893
18.1839
18.204
18.7149
18.3351
18.6229
19.1979
16.165
18.8348
18.6841
18.609
17.8699
18.8241
19.079
10.8991
14.3919
18.81
3.63588
17.9591
14.2329
18.9621
11.9619
17.9589
18.8351
18.9872
17.9188
18.1191
18.858
18.0831
13.5329
18.0142
18.687
18.8839
18.6181
16.9821
17.3709
18.666
18.961
16.1259
19.3329
18.446
19.1069
18.2712
18.739
18.6279
17.3039
17.662
9.81593
18.7392
18.0359
18.4879
17.5781
18.9819
17.4229
17.57
16.175
17.076
3.11708
17.4081
17.592
17.6599
17.2648
19.119
17.3361
16.515
17.3471
19.387
18.8551
18.4529
19.098
19.0229
17.6761
7.16591
18.9488
19.048
17.885
18.6989
12.4981
18.61
17.128
18.785
17.596
18.564
17.9191
18.6319
18.1942
18.5809
17.5841
9.81212
17.7538
13.3061
16.9261
17.472
17.6671
17.89
17.379
16.8791
17.2608
17.4868
16.0751
17.6439
