12 
75 
75 
147 
75 
147 
147 
75 
12 
75 
75 
147 
21 
75 
147 
75 
12 
21 
39 
75 
75 
21 
147 
147 
75 
147 
278 
75 
147 
291 
75 
147 
12 
75 
147 
75 
75 
147 
147 
75 
75 
147 
75 
147 
147 
147 
116 
147 
147 
147 
75 
147 
120 
75 
75 
147 
12 
147 
147 
147 
147 
147 
147 
75 
147 
75 
75 
120 
75 
75 
147 
21 
75 
39 
75 
75 
147 
147 
147 
147 
12 
138 
147 
75 
147 
147 
147 
147 
147 
75 
147 
75 
147 
75 
75 
75 
75 
12 
75 
75 
147 
147 
75 
75 
75 
75 
75 
143 
75 
219 
147 
75 
147 
75 
75 
75 
75 
147 
147 
147 
147 
147 
147 
75 
75 
75 
147 
147 
147 
75 
147 
147 
75 
147 
147 
291 
75 
75 
147 
75 
147 
75 
147 
291 
75 
75 
75 
39 
39 
75 
89 
147 
75 
75 
75 
75 
75 
75 
39 
147 
75 
21 
147 
75 
75 
147 
147 
75 
75 
147 
147 
75 
75 
147 
21 
39 
75 
75 
147 
75 
75 
147 
147 
75 
147 
147 
147 
147 
147 
147 
75 
75 
147 
75 
147 
147 
147 
147 
75 
147 
147 
147 
147 
75 
147 
147 
147 
147 
147 
75 
147 
75 
75 
75 
147 
75 
147 
147 
147 
147 
147 
147 
75 
21 
147 
75 
291 
75 
21 
75 
75 
75 
75 
75 
39 
147 
147 
147 
147 
39 
75 
147 
278 
147 
147 
75 
75 
129 
147 
89 
147 
147 
75 
147 
75 
75 
291 
147 
147 
89 
147 
147 
75 
75 
147 
147 
75 
147 
147 
291 
147 
147 
75 
147 
75 
147 
75 
75 
75 
75 
147 
75 
147 
75 
147 
21 
147 
147 
75 
84 
147 
147 
75 
147 
291 
93 
147 
75 
147 
75 
147 
75 
147 
147 
147 
75 
147 
147 
75 
39 
21 
147 
147 
147 
147 
75 
147 
75 
75 
75 
12 
39 
12 
75 
147 
75 
93 
75 
75 
75 
138 
75 
147 
147 
75 
75 
75 
147 
147 
147 
39 
120 
147 
21 
75 
147 
147 
147 
75 
75 
75 
75 
147 
39 
147 
147 
39 
75 
147 
75 
21 
147 
147 
147 
75 
75 
21 
75 
75 
21 
147 
147 
75 
147 
147 
147 
147 
147 
147 
147 
75 
147 
291 
75 
147 
75 
75 
75 
138 
147 
147 
75 
291 
147 
147 
75 
147 
75 
147 
75 
147 
107 
75 
75 
75 
147 
111 
147 
147 
75 
147 
75 
75 
39 
147 
147 
147 
147 
75 
75 
147 
147 
84 
147 
75 
75 
12 
12 
147 
75 
75 
147 
147 
147 
147 
147 
75 
147 
147 
143 
147 
75 
147 
147 
147 
75 
147 
147 
147 
75 
147 
147 
147 
147 
75 
147 
147 
147 
12 
75 
75 
12 
21 
147 
174 
75 
39 
120 
147 
147 
75 
147 
75 
147 
12 
291 
147 
12 
75 
21 
75 
39 
12 
75 
147 
75 
75 
12 
75 
39 
75 
210 
75 
147 
21 
147 
75 
147 
39 
39 
