15.3201
16.664
17.081
15.2121
17.2
17.417
17.1571
17.8771
17.699
17.0491
17.236
17.6768
17.1862
17.4899
17.0791
12.203
17.478
17.2291
17.225
18.276
17.06
17.5421
16.4018
16.9692
17.869
16.959
17.1511
17.6399
18.3182
17.3609
16.773
17.437
17.1142
17.319
14.034
11.7161
16.8939
13.0579
17.1762
9.86791
17.3271
17.797
15.0311
18.667
17.4139
18.5442
16.0649
18.77
16.3312
18.6429
17.7722
18.775
18.8389
16.181
18.6701
17.494
17.0331
16.4399
15.5771
3.09992
16.4762
16.197
17.086
16.0592
17.242
17.36
15.424
17.8142
17.7498
15.162
18.0709
18.105
18.5509
3.44396
9.44901
18.6639
18.3718
12.1882
14.4019
18.23
16.572
17.6048
17.38
9.49001
16.1371
17.3249
16.6662
17.447
17.1268
17.3979
4.1821
17.9031
18.0058
15.6779
18.0662
17.571
17.2789
17.2799
17.2701
18.0619
17.0109
18.131
17.0751
17.5049
18.1031
14.967
18.4641
17.405
17.4849
13.334
17.2739
17.401
17.957
17.6721
17.4611
17.4711
17.159
18.2388
18.2979
17.4811
17.8299
17.7059
17.756
16.748
15.4049
18.379
17.1659
17.499
17.4139
17.1399
18.1439
17.5972
17.848
17.3888
6.73914
17.586
17.5829
18.0352
17.993
14.8959
9.372
17.5018
16.355
17.56
17.9901
8.69298
18.1549
3.31712
18.3461
18.6939
18.5599
18.6911
3.59607
18.6751
18.842
18.343
18.708
18.245
17.611
18.852
18.2979
17.8931
18.832
17.0259
18.8241
18.9891
12.4729
3.42822
18.827
17.5879
18.9979
18.919
17.7901
18.8351
18.5561
18.4939
18.935
18.713
16.3991
17.637
17.3471
17.6299
17.3471
17.231
16.6781
17.6289
13.118
17.005
9.3348
17.5271
18.3511
14.8759
18.8322
16.248
17.0319
18.6021
18.651
18.1029
18.4052
18.5609
15.9771
18.7869
18.265
18.9931
18.698
9.81808
18.8808
16.4552
17.144
17.6339
18.8599
17.838
19.0802
15.4319
17.8511
18.9331
17.4041
18.6429
18.8458
16.5792
19.1281
18.8429
18.5421
11.431
18.6379
18.703
18.419
18.573
18.1692
18.9259
19.3741
18.456
18.975
17.9269
18.5299
17.303
16.686
10.988
9.79996
18.579
17.8151
11.92
6.82306
15.177
13.4289
18.5151
19.1641
18.6279
18.7881
18.667
17.8509
18.6708
18.7881
18.6779
17.6251
18.8861
19.181
10.7181
19.4581
19.2761
19.259
19.2399
18.8341
18.744
18.4541
18.1391
17.5159
15.0521
18.5668
16.5229
16.618
17.746
18.1291
2.55799
16.957
16.767
18.291
17.411
17.5982
18.64
15.0039
17.328
16.7191
18.2738
13.6151
17.4079
16.8231
17.03
17.4749
17.483
16.819
17.211
18.05
17.7519
13.696
17.5359
17.359
17.4851
17.596
17.5989
18.3539
15.5261
18.2691
19.048
17.3998
18.7862
18.0049
18.219
18.3542
19.309
18.2769
18.9979
10.891
17.6189
19.0349
19.197
17.1368
18.8439
16.396
18.8649
18.3289
18.4541
17.3168
17.988
18.5618
19.0279
17.092
19.0201
18.4979
18.4669
18.9409
17.1831
18.6851
18.8189
19.0692
18.3139
18.831
17.565
18.8022
19.1219
17.4658
19.264
18.4581
12.8059
18.2641
18.2412
18.647
18.4741
17.7569
18.6601
18.878
17.9889
18.0361
17.6489
16.86
17.7081
17.8521
10.206
17.936
18.198
18.4228
18.4569
3.20506
17.1959
18.5211
18.6908
17.6649
18.7042
18.1608
16.463
3.36719
3.52383
17.771
19.0551
17.9279
19.0852
19.212
18.784
19.0229
17.7929
17.1511
19.161
18.0881
17.9729
15.1141
18.188
14.7851
13.4702
9.7661
17.5638
17.0732
17.1001
3.02792
17.426
18.4252
17.4119
16.0329
17.3621
17.6461
17.2489
17.5841
17.6361
17.6499
17.8981
17.1959
17.451
15.6832
17.247
17.266
17.457
18.2941
16.886
17.35
10.144
13.2289
16.849
3.18313
17.0829
13.031
17.381
10.5731
17.4031
18.4469
17.2291
16.8481
17.3931
17.0219
18.121
11.6301
17.4868
18.343
16.7129
17.241
16.1588
16.278
17.1092
18.739
16.3059
18.9819
19.1438
17.8211
18.9221
18.9071
17.5948
17.801
17.477
11.2081
18.384
19.4209
18.3761
19.11
19.217
19.016
18.044
18.1839
18.6241
3.43204
18.1839
18.899
19.1729
19.2771
19.4869
18.1301
16.8099
18.3389
19.4311
17.5838
17.5462
18.523
17.5431
17.5459
6.85
17.4081
17.5219
18.0252
17.391
12.0649
18.399
16.1979
18.7979
17.1812
17.802
18.4219
16.742
17.5071
17.921
15.8269
9.87601
17.3252
13.325
16.7232
16.4979
17.2
17.3421
18.41
16.9451
17.786
18.1799
15.8041
17.838
