17.3321
2.60305
18.235
69.9351
18.7211
17.6549
62.5129
4.19402
112.985
66.4079
20.817
31.22
62.0232
59.4809
37.5671
12.7239
11.143
27.6208
121.61
14.5879
22.424
41.2819
67.2781
45.8429
22.913
57.8759
113.689
57.1721
5.92899
2.36392
2.13194
37.6019
28.4212
34.9579
97.147
45.8322
12.218
69.663
222.016
120.022
6.34193
34.1072
20.6618
28.9352
41.1289
33.2201
67.7559
31.6572
23.983
35.2449
3.11494
110.448
46.8111
23.9871
34.1101
68.8848
99.3891
19.079
37.8931
4.01902
22.8982
23.304
54.6079
66.2611
113.606
15.841
92.896
52.4979
64.8341
111.028
88.1381
91.6679
5.31697
13.694
19.608
13.803
10.04
41.0271
32.0971
114.525
63.6771
19.8882
114.834
60.6441
29.0608
12.4421
24.7841
14.688
5.23496
16.073
22.017
75.1729
57.0199
36.6962
64.8308
2.68984
16.7949
41.1801
50.7979
58.013
38.0461
14.0069
3.98302
14.0541
109.81
31.8239
99.7062
77.1258
33.3989
15.178
76.3478
24.06
18.9881
68.604
36.5281
30.7238
65.0408
69.1881
15.522
15.82
9.36794
2.64597
116.398
15.9359
10.4401
16.706
15.9171
22.7671
18.6348
30.2999
20.7219
12.8009
92.047
29.371
20.5801
23.0229
36.2842
3.90887
4.27914
37.009
31.4848
93.416
9.69887
62.1898
20.2971
32.0671
15.45
17.5722
59.978
2.24304
23.18
30.457
20.437
24.821
32.182
38.476
72.7439
5.18894
66.4361
58.7101
59.0401
24.0049
56.1349
56.6509
13.4091
62.7129
76.0741
65.788
54.0159
36.906
36.253
32.1259
124.888
177.326
53.7388
9.87101
73.6132
37.7939
16.0501
4.776
113.091
18.564
23.7231
59.8619
101.038
15.8958
77.3149
36.2489
43.6621
57.3671
19.9211
112.912
57.513
21.579
55.8228
18.537
10.8871
12.758
96.519
39.5999
48.214
15.985
65.3348
65.985
30.333
66.7291
41.1608
28.1742
18.574
42.0361
57.466
78.809
28.2359
19.907
17.905
55.526
17.236
37.6952
103.565
21.1411
116.059
6.01077
61.0232
55.3429
20.2579
15.5911
21.596
21.5821
15.641
36.773
127.938
13.607
74.538
10.181
106.91
37.266
37.8761
60.569
19.8889
65.4671
22.409
31.734
28.9941
34.5149
2.51794
35.7702
11.9519
129.547
13.7579
99.4141
5.97095
38.7399
69.7949
31.7891
63.765
51.486
5.33319
20.036
37.859
21.6031
29.5181
2.79593
6.46091
37.2679
25.347
2.22993
37.184
79.6001
38.6541
17.297
20.1859
67.183
38.1601
19.1009
6.68597
22.867
21.2669
107.477
18.6901
18.6081
65.1829
32.373
14.529
38.3399
73.9641
26.026
60.7009
65.8782
84.0719
20.7622
19.8638
66.2181
33.2601
61.4948
79.9341
7.10797
55.8181
20.643
16.232
68.043
67.287
63.9441
57.318
1.76787
35.2402
8.33082
22.3601
19.0639
22.9399
61.672
70.3869
71.3971
130.048
116.576
70.5669
5.83315
68.0308
17.5788
54.6701
17.195
10.704
18.28
26.1271
16.1471
4.94099
35.0449
20.4179
15.779
59.8719
9.68194
35.501
11.9131
24.035
45.7251
69.6599
104.273
27.133
34.5209
19.1581
82.514
5.7621
8.25596
33.318
16.248
26.8271
18.7929
66.7789
14.158
34.199
66.6921
119.252
20.4811
69.1309
69.8142
10.6609
98.114
17.3001
102.563
20.838
4.79698
12.5852
95.1979
15.218
3.31998
123.028
38.09
2.60305
117.471
65.228
31.6331
11.4658
2.83003
65.8281
100.47
21.384
35.8739
15.3568
121.471
13.936
33.989
7.267
29.494
23.0339
48.2519
43.0629
9.76396
29.834
3.44491
54.143
11.3802
9.52601
64.9488
4.07481
5.62501
17.978
58.2759
13.0889
79.3741
103.251
72.4361
63.7789
21.199
17.288
126.834
23.2739
2.86508
131.776
50.8881
9.64999
82.1061
33.5619
18.7161
21.8329
53.8039
20.3569
37.02
50.024
29.3422
29.8729
27.796
63.3099
73.1411
17.617
30.0241
98.3651
66.6749
84.0771
2.249
18.99
134.652
2.67482
9.99904
71.1021
72.1519
13.206
21.8399
37.991
2.01988
19.6841
32.939
4.76408
8.86011
27.467
113.324
103.267
39.9349
24.9679
89.988
24.8868
112.399
46.077
15.538
119.306
35.6319
5.53513
17.5529
3.11279
38.2271
9.19914
49.823
46.8929
39.5441
73.354
15.938
44.0171
32.6369
114.68
35.723
40.561
5.18489
2.25401
32.0289
1.92189
37.452
30.457
16.5851
115.873
5.0869
21.4989
67.7838
13.308
15.743
73.7212
10.2148
41.26
130.165
61.717
14.117
23.2661
24.641
5.22184
10.5472
10.154
21.9741
13.2029
9.88102
19.3031
11.4949
27.859
7.94697
23.4652
20.5948
39.376
16.088
65.5539
63.4739
45.583
30.2401
62.0961
14.3399
46.561
61.2152
7.31993
58.291
23.8001
56.9689
36.694
35.4421
28.2788
36.7
111.475
3.34001
20.2899
16.767
33.814
2.55108
2.44093
16.1841
9.45282
2.949
53.7622
57.446
54.1039
16.6512
10.9661
51.441
98.875
2.38585
116.138
31.316
36.8681
6.15907
32.81
31.626
132.442
41.2781
32.8519
15.1799
57.06
16.3338
4.60601
31.132
27.283
12.0809
8.47101
6.10495
12.3749
35.9361
4.72403
124.297
41.445
8.37302
16.5842
61.316
12.769
68.9821
109.528
16.9408
49.1369
32.9239
36.4981
28.9521
34.6529
55.3691
3.44181
68.3532
55.47
100.966
93.514
75.315
37.1699
22.3341
23.84
10.1051
39.968
65.716
28.5699
36.5381
9.1269
22.2521
17.204
36.7661
21.8401
16.706
8.23188
17.3919
23.1988
65.8991
19.5379
29.6359
11.3542
12.0358
27.5381
65.0761
9.43494
29.3601
31.6958
42.645
40.0209
67.4899
76.668
18.1708
54.3051
50.827
48.238
68.8729
65.5041
34.544
52.669
63.6351
41.225
36.005
42.434
102.757
22.898
18.5552
68.7129
33.4051
35.742
18.446
3.51095
107.853
54.2071
21.982
33.289
69.1199
8.28004
32.032
4.69398
113.353
2.19107
37.962
79.9491
18.414
4.50706
68.666
12.8109
83.976
16.8529
23.2642
70.0641
20.632
22.8798
15.738
10.2232
36.7718
16.5532
19.9471
37.2729
5.10907
7.90691
120.369
23.1102
37.113
73.9431
41.3389
16.284
22.5441
70.5369
62.5911
21.086
10.3412
14.0469
91.821
61.157
118.317
29.9642
36.165
33.8619
29.0971
49.5491
11.4179
59.2432
20.6521
15.856
133.756
3.26896
59.4981
8.43596
34.6491
64.3349
60.437
20.1101
2.40898
38.2411
10.694
12.7599
83.0541
10.2611
18.6419
2.95997
34.0462
72.6779
24.1852
12.0499
8.18706
63.9551
70.4939
82.9551
35.8238
20.6242
82.1409
38.4202
93.102
83.3189
61.3821
23.1929
36.706
11.7431
29.1579
41.7731
31.6379
93.436
31.6582
35.7568
124.848
109.415
17.4432
3.89004
4.93789
7.71499
63.705
37.4341
78.7139
72.217
49.4471
21.0268
15.842
55.2711
57.6899
57.0669
29.8491
39.3691
3.0179
36.3882
39.124
62.4719
55.8038
117.979
6.94203
9.96518
42.1278
57.3151
80.8949
62.2771
9.25803
6.09207
70.091
12.573
18.549
7.04002
15.3379
21.173
24.4222
107.591
62.9401
39.515
17.9179
109.929
15.7771
50.6029
5.61309
16.0091
16.5679
9.74607
11.76
17.0081
20.4039
9.92608
10.7739
16.268
39.5708
52.088
18.8441
26.0839
20.5879
62.2289
63.0341
110.605
24.4989
34.8229
10.622
8.82196
16.933
47.4732
2.34199
45.3069
50.9021
29.5079
19.171
11.5151
68.0139
12.584
35.5589
25.26
74.425
13.062
31.7471
2.70009
24.5368
130.169
93.5609
79.6041
39.207
5.76401
36.4659
21.667
53.2942
15.136
31.8439
32.0921
20.9889
2.82788
10.6671
32.1739
18.3141
59.376
31.1019
21.6751
68.774
59.494
66.498
89.1919
84.1572
68.8009
133.485
123.747
55.3808
23.6299
9.15694
31.58
66.2789
60.1161
37.8389
21.4791
5.90801
22.1391
25.115
17.1828
12.8021
109.503
18.636
72.0479
55.315
113.836
21.666
55.9781
50.8521
65.0449
33.3152
19.501
16.2458
35.6481
68.9919
6.89101
69.7598
4.52113
33.9711
73.848
63.041
72.794
44.174
16.9199
96.559
22.043
28.969
133.603
61.2659
29.0599
38.116
31.0292
82.268
20.591
14.7619
10.3991
53.364
11.92
16.7968
16.1262
10.0739
19.875
3.33405
63.885
35.2781
104.455
21.1232
21.008
94.5079
22.855
20.798
11.893
11.3921
62.9358
23.6659
56.982
55.9471
19.274
22.8701
14.9169
17.2691
95.083
63.7338
64.1501
15.8601
71.1141
109.12
35.2972
84.2309
82.551
99.659
73.446
21.2958
20.1652
120.301
1.70183
2.05207
59.525
63.2861
58.666
50.142
37.148
19.7001
41.635
60.4939
37.112
25.5771
15.949
15.265
88.531
11.0559
27.698
20.2901
65.196
10.7689
34.662
55.4051
5.27787
3.10397
61.518
56.936
33.227
20.2281
13.5779
14.6132
119.01
55.6169
57.2972
18.6598
82.057
40.9331
5.74303
59.1569
70.4501
17.6711
40.4329
35.938
51.1489
38.4352
29.757
23.952
121.338
64.924
10.0591
20.9141
30.5641
23.9568
2.14505
15.64
51.564
63.8492
64.3609
14.277
17.0772
59.6569
39.68
74.0831
15.7909
15.6529
41.3969
4.66013
24.754
16.067
69.3331
34.97
119.647
27.956
52.489
21.394
15.625
21.5409
69.3121
22.0311
65.7299
50.2279
54.7731
36.793
110.296
68.073
8.22186
33.4561
39.381
115.686
70.8811
121.754
16.9261
6.03199
39.0689
9.48811
30.194
59.1888
65.7611
24.9751
121.614
35.79
120.52
65.1128
42.871
17.5271
39.139
61.116
4.31395
13.7241
20.143
64.9669
37.441
21.0462
16.006
16.3388
60.4289
64.8429
75.5088
38.7392
46.9329
67.7249
40.0851
104.504
16.8951
102.709
5.2619
19.485
15.178
40.134
3.0539
89.5901
37.7581
2.87485
26.978
35.063
24.549
55.3892
34.1461
6.23584
33.5062
58.2161
6.47187
98.429
37.7791
34.4789
40.5891
60.4842
5.40185
28.621
73.786
35.4571
34.6498
36.3901
39.8309
37.8771
180.416
15.9121
12.656
115.913
5.42402
23.03
28.1181
9.6128
36.495
41.105
54.852
58.121
120.665
34.461
18.966
116.73
19.87
93.1962
30.0128
67.26
61.2571
112.999
65.4459
40.0081
72
18.5909
58.2521
14.7851
23.18
22.006
74.6109
47.2779
87.1549
97.7352
80.4319
3.28612
68.574
12.1379
9.53817
69.3619
23.4079
15.6951
7.1609
6.80113
32.522
38.578
47.6341
43.932
65.6002
62.1858
3.18623
28.554
74.5349
30.89
13.998
15.1591
74.9841
9.91702
1.28293
17.576
16.8731
35.764
52.1121
9.7959
1.60599
3.34811
31.3871
60.1709
2.31695
18.07
71.7769
69.205
63.251
8.183
16.7651
16.4931
41.6889
2.65098
114.27
40.4348
4.16899
47.9681
47.0979
62.289
15.81
4.62699
69.9751
2.10595
40.8449
4.66299
32.2771
15.9678
57.5001
81.558
35.5821
13.8071
110.617
2.19607
24.1499
20.586
34.529
46.443
32.3858
58.5451
3.20101
116.543
70.7901
39.2129
17.5519
75.9702
55.2468
1.544
121.275
16.6891
84.079
104.838
30.688
73.5021
24.2012
24.291
51.9369
57.6251
92.8609
87.0328
44.5762
19.1751
11.9429
36.3421
74.362
63.7081
16.145
29.8688
11.1942
20.0548
63.8621
9.14001
7.57313
8.47507
8.28409
16.2179
1.43695
65.7229
13.5522
17.467
114.154
18.939
35.7552
12.207
45.4059
18.7051
18.2779
11.6041
38.8551
74.352
130.37
15.3949
21.9021
66.781
104.197
85.063
5.20992
75.068
12.104
5.28502
61.1508
6.03819
21.4269
9.82094
18.4529
18.8491
6.23488
22.481
28.857
91.609
15.8548
66.355
20.107
63.7741
66.2758
6.51097
28.7929
71.6121
7.39193
41.517
12.9809
68.135
49.8841
67.961
20.6802
76.0529
34.035
57.1721
38.6801
6.88815
41.2879
51.9071
28.2011
35.3448
31.23
32.7158
23.7839
28.8019
38.094
67.1611
5.39994
38.4171
104.306
8.87609
122.587
16.9799
40.7989
2.02107
27.818
3.49712
15.2349
18.5831
23.2301
57.358
8.40497
16.3081
9.14502
60.6451
16.1848
56.2282
41.5049
56.8571
93.364
21.666
58.701
54.2359
42.1941
62.398
28.4939
71.2712
19.9749
12.2812
120.672
71.841
12.2859
116.758
31.2328
33.4032
20.6859
31.1801
16.0711
22.058
23.622
29.2001
20.3218
18.0039
11.0981
111.375
28.451
18.2979
62.4812
99.643
17.1499
38.851
8.10695
21.9431
37.581
8.14414
59.8879
60.7691
38.9421
43.891
10.587
88.9041
12.9158
54.3661
95.536
73.096
22.747
9.00912
53.4449
70.05
22.7342
36.3989
61.331
39.1512
2.26784
28.5242
58.3858
77.8439
20.7009
55.9092
39.228
18.985
58.7759
29.85
49.8278
38.182
98.6578
69.4401
8.3878
16.4311
16.6049
28.0962
51.6388
4.27818
34.4739
68.7671
61.192
71.4819
1.86801
13.1609
4.91309
74.3949
62.0251
117.214
11.1432
87.019
35.8229
88.9821
16.819
29.582
33.2878
22.1822
124.817
21.3339
22.939
32.145
21.1248
29.6209
29.428
65.7341
122.654
12.3019
5.33795
31.5051
34.081
24.9259
117.283
57.6351
37.6909
54.348
44.2021
64.2009
68.8932
50.719
19.3248
31.6629
33.8559
75.742
65.3999
36.4649
17.354
39.655
57.3189
16.4878
6.10113
43.288
29.844
19.0909
11.9002
21.348
119.907
122.467
20.7441
14.8859
38.774
21.1952
60.8239
8.42619
23.1459
111.385
15.9149
27.7979
16.8488
8.11982
92.8252
20.1089
106.956
33.8719
69.6311
120.23
65.5529
52.5541
126.19
119.571
20.231
56.2639
40.767
53.436
16.638
19.922
49.9659
68.0981
7.60508
12.7199
19.14
92.7041
1.72305
79.0451
16.875
15.681
13.196
38.8341
65.0959
10.8311
43.7479
40.6971
73.5919
37.178
6.05607
11.399
9.65095
10.582
68.382
21.9672
16.942
23.217
26.232
29.0298
15.234
18.3189
41.239
17.4611
24.1981
59.1378
70.286
62.042
32.423
3.28684
31.755
19.9642
49.2599
61.337
15.5649
1.31011
11.611
32.908
8.16703
1.91212
7.00498
58.3789
76.268
17.1089
108.459
54.6808
121.783
20.0689
22.182
2.57015
60.0729
8.46696
67.5771
38.626
20.807
36.6189
6.09517
19.124
117.231
20.956
22.402
57.622
38.7971
67.194
14.3251
58.517
20.3381
5.0118
18.0361
15.728
98.0811
31.6958
11.2181
19.5589
36.8729
64.903
15.5599
10.5672
99.4189
5.56207
16.861
33.4768
9.53507
64.4939
28.2202
70.452
4.83704
40.946
16.326
39.048
12.4042
31.6858
42.9592
35.1319
21.7531
30.4689
36.5131
94.2531
15.4049
71.6569
117.217
31.2061
15.729
12.3389
63.272
64.0969
22.5561
94.208
38.5299
23.803
8.98123
40.9698
113.7
86.4339
91.5282
64.451
69.459
59.4521
56.2382
71.9459
77.3652
22.511
82.628
28.2838
22.933
123.44
60.272
16.1161
39.849
86.3919
10.2079
22.949
28.451
65.8801
69.885
40.9
35.6891
76.915
35.2421
36.5899
15.7061
2.8019
64.0512
23.5319
74.9431
66.6299
68.9399
31.5831
25.2419
66.9141
60.1399
59.8712
64.3289
109.66
83.101
20.452
31.3818
21.281
59.3462
36.669
15.7089
4.00591
63.4761
21.6119
58.645
22.6061
10.092
97.542
4.13203
18.1348
15.1451
20.638
22.5022
22.7308
22.126
5.80597
59.603
62.057
12.733
19.531
36.7279
4.08697
6.27494
37.123
58.1861
61.7959
119.098
41.7118
69.2611
6.84595
65.2621
54.0929
72.315
21.1029
36.0949
7.68113
21.9729
33.524
63.278
49.314
5.99718
61.1069
50.89
22.625
109.2
2.43306
8.10003
38.4431
10.159
62.1159
20.334
37.0982
3.46088
47.0212
23.5689
103.169
55.649
75.515
43.9351
35.928
30.5462
56.7029
102.623
57.9011
53.8039
19.6671
17.463
3.53098
22.1
91.7311
20.3972
9.91297
9.655
101.16
6.67596
2.56896
57.2569
115.004
57.5612
35.008
18.472
117.019
59.2818
71.6169
65.87
5.24211
106.422
30.375
44.435
32.0401
20.8449
113.869
2.65789
67.493
120.046
28.6541
20.1449
18.3489
66.69
67.0841
40.581
37.533
64.738
34.0109
28.2991
20.4191
21.9381
35.074
35.753
23.397
136.475
65.866
27.1919
5.234
108.813
62.85
22.64
40.1549
45.825
46.768
40.2691
55.299
4.88782
30.1001
17.4289
30.215
23.2918
42.835
52.3009
14.7099
34.0781
35.464
12.099
36.5338
22.6529
19.52
62.0301
59.8509
75.0489
41.935
3.16501
4.20308
71.259
77.4889
1.45197
29.3522
60.617
62.4609
2.26521
68.1798
40.94
24.6229
22.8388
35.2352
73.4248
38.332
3.04794
18.0719
55.8519
3.07202
40.1831
25.5589
60.1618
64.2068
24.1299
31.7271
9.67693
16.6891
38.8651
33.4129
7.97105
60.657
8.32605
23.742
69.8919
101.534
5.82695
16.885
11.0421
23.33
38.918
36.366
15.837
15.1632
20.7679
19.376
64.127
17.0381
30.834
2.47693
17.6828
1.89781
54.1952
109.897
98.0022
2.89178
16.212
2.62904
87.0841
17.2689
88.2561
128.606
62.4142
37.7221
11.1368
114.657
19.7461
1.93596
75.9819
7.99608
18.1921
107.521
18.9481
18.7759
9.80902
14.2021
59.5899
34.62
28.1901
39.119
32.954
110.265
116.7
74.4271
24.1289
35.866
61.183
23.031
23.4339
37.1792
25.121
18.4739
35.8882
10.2119
31.9159
27.8621
22.8891
36.4809
35.1968
57.0512
16.289
19.388
17.405
110.502
73.0672
33.3869
40.5638
8.2891
67.1551
11.2541
38.8219
65.8581
16.295
2.08807
19.562
21.5919
37.5621
65.2981
70.5588
34.3671
6.12497
13.474
16.422
15.4781
36.2821
3.6478
15.5358
30.38
76.7281
60.2379
16.556
33.2811
17.555
5.49412
56.0629
27.5199
69.4408
7.79104
54.6141
57.483
2.00009
48.737
24.9019
130.402
69.488
59.9861
19.0179
2.19297
54.7071
69.303
22.66
52.7749
10.0141
64.132
10.767
9.97615
39.989
19.326
33.3259
55.5549
35.574
10.1631
56.6349
5.53012
100.593
11.1489
60.1399
34.5931
61.7061
69.0169
97.405
19.2032
67.8339
109.011
16.5749
42.33
70.442
17.01
18.6882
18.775
10.613
40.765
50.4849
19.7592
16.026
100.227
70.0431
42.52
13.741
33.567
56.263
22.4931
12.8379
17.647
23.134
11.5621
62.2518
5.74589
12.3651
33.143
17.555
111.009
61.6062
107.456
35.027
76.251
31.9989
19.3222
35.7149
24.3561
34.157
6.27208
37.5199
94.7721
30.246
38.9118
101.624
18.7421
3.08108
10.4721
16.474
23.2859
84.5101
76.05
37.2529
1.85609
46.453
51.321
127.52
54.5218
16.1941
57.1442
70.5419
29.254
55.769
7.26891
39.1171
39.484
11.7478
63.3061
74.6191
34.7669
27.585
17.5002
71.697
12.738
120.945
127.869
118.77
17.0889
28.7981
56.231
54.467
112.247
18.626
30.6549
24.235
34.2171
88.424
58.249
22.1691
27.612
55.2089
26.216
103.876
52.2931
30.1859
38.5969
98.7849
31.338
22.3231
19.0308
38.3241
44.054
36.623
35.8329
112.292
24.1311
14.8289
95.1581
128.743
77.0881
35.481
3.41487
77.512
16.3052
36.571
13.2051
83.6461
60.2529
35.3701
71.6729
36.4711
22.0549
22.5739
71.805
15.208
31.559
116.993
9.70411
52.1359
13.0131
13.5138
57.6441
9.0909
80.2159
2.80595
64.198
10.5331
33.6609
57.0669
24.4348
123.876
119.007
35.1589
104.688
4.49395
77.5981
117.781
29.659
67.7938
103.677
116.497
6.49405
41.6131
38.0058
70.0111
63.942
57.322
39.6211
21.9939
33.0791
32.1939
56.901
29.732
70.4319
7.93695
5.25022
76.3528
28.3959
18.465
21.6238
19.906
18.9972
2.4879
23.9091
46.1061
5.81288
2.43115
3.94297
16.3069
16.6411
64.522
30.9598
9.5191
13.0179
4.10199
34.3399
19.371
38.857
3.46589
58.2979
20.6101
38.8031
74.9879
13.3059
77.3768
15.8291
18.4829
36.9761
2.16913
56.3929
6.3529
12.4521
101.907
33.426
15.1711
2.20895
21.8201
22.7909
65.6941
14.4179
110.29
68.0101
81.332
23.3958
15.918
18.9259
6.96802
26.0761
24.3909
5.53417
36.962
70.421
16.6941
37.4629
35.6939
24.1852
40.472
28.847
2.36201
95.943
60.5321
16.7019
29.8071
37.3869
23.9341
40.431
35.481
22.1939
75.5661
40.7121
76.0219
8.14509
18.41
123.132
38.12
10.818
3.81017
57.992
37.6799
15.0521
67.6861
21.5809
68.0521
59.3829
21.7941
9.81998
61.753
6.42896
13.1731
55.2649
2.43092
31.7202
3.35002
9.27997
36.819
12.2101
5.43594
15.7061
19.2709
43.5271
23.3591
7.93886
59.6731
115.072
40.7259
2.87199
20.472
19.4139
54.1911
19.846
8.70609
18.4669
22.28
17.761
97.3699
67.42
34.3602
16.6938
23.5279
37.7331
38.9149
5.14197
37.765
65.6321
10.911
17.391
29.7179
17.7979
35.5899
37.0591
17.211
26.4599
13.581
68.2721
12.2259
65.634
95.829
108.656
22.0721
2.707
16.6819
10.0541
18.6779
65.0361
15.8679
66.2851
74.3339
39.3541
1.8959
15.368
29.4991
3.824
91.7919
103.779
5.06306
56.19
17.5951
32.759
27.1621
9.28903
58.1129
56.2561
40.817
70.6711
59.4621
25.6319
68.4168
28.7051
119.788
33.258
107.428
57.6279
72.243
38.0771
36.592
12.152
32.9671
71.2678
15.3661
9.96804
15.347
34.4009
12.0521
35.5818
33.648
72.88
21.023
21.2829
7.93695
43.946
22.217
23.828
39.9659
49.011
72.0439
31.6701
111.495
24.3239
93.194
61.4321
64.6029
23.2761
3.31903
9.86409
22.31
43.4449
33.71
22.2309
13.1872
73.9648
19.279
4.7369
19.7291
25.2838
43.3068
15.0051
42.1851
28.1799
8.111
37.4391
62.3372
29.4838
34.6611
54.492
59.4621
116.746
54.065
35.1241
77.898
97.4731
56.447
4.0729
34.1122
10.0338
16.202
22.8102
95.4239
12.202
20.175
38.9061
23.948
3.98302
20.8731
12.6979
18.9822
109.642
28.78
66.1409
64.9481
48.599
73.559
39.397
55.5811
104.222
20.0119
67.5321
9.08184
37.6101
16.5169
60.5989
5.8651
65.9471
66.1418
112.734
67.9581
8.57091
21.0662
8.22306
5.90491
14.9441
33.0298
82.7112
22.4779
7.08413
115.5
38.0061
41.0159
52.0971
70.5421
16.5839
12.4209
37.2901
63.8011
90.3909
52.8021
17.39
21.462
22.547
16.463
6.12903
15.0809
11.8861
71.501
17.556
62.7501
72.4411
6.16193
16.5029
101.18
35.773
13.268
48.3
19.877
15.8861
14.899
17.9319
62.562
75.789
21.616
23.6471
21.7459
40.309
88.2292
27.5099
36.603
51.3151
33.7949
21.9302
17.432
19.196
17.2229
120.855
59.443
54.42
41.1
4.73309
54.002
90.0099
29.0961
7.91407
125.238
20.8659
11.0722
118.208
20.5772
78.609
19.315
2.37513
37.9839
34.9441
24.8489
61.8532
2.36797
23.721
50.9911
28.3489
13.8128
38.0762
135.546
22.2659
21.5211
69.6101
37.5509
60.2381
16.13
53.2551
4.44007
83.452
38.306
116.466
1.72091
20.8018
8.65984
3.39413
34.5521
4.78292
39.3541
61.022
56.0031
50.7989
56.4451
48.1579
20.577
68.8391
62.0461
115.052
21.5349
9.88483
64.5611
41.9319
70.6611
86.3171
81.8551
15.568
18.326
14.9238
64.574
74.1122
18.255
3.18289
36.4079
38.6109
20.189
128.34
12.9611
56.2129
75.4089
6.95395
19.877
28.3561
98.2561
34.2629
18.3511
33.8409
69.8922
10.8869
70.4181
61.1801
9.28998
15.805
35.2149
2.98285
62.578
16.49
17.837
21.5449
31.7559
4.56715
8.75878
19.783
122.701
37.9241
33.6671
62.2439
33.036
9.84502
23.638
17.895
3.93605
31.193
20.1509
22.9912
57.0989
6.72603
43.0498
49.5269
41.59
13.202
19.8281
8.93593
22.6319
65.69
74.3711
3.54099
23.4199
1.83821
40.818
78.3
57.2691
70.3709
69.139
2.13504
105.543
104.199
69.567
39.484
124.024
38.9252
3.36909
23.4609
36.2329
65.4428
9.72915
10.534
122.275
19.398
3.11518
40.9811
61.3999
23.725
48.1582
112.696
68.1851
117.059
34.795
15.4889
6.87814
92.9508
38.2612
9.85503
33.6869
65.8069
9.43208
34.7641
101.982
17.837
24.0321
108.861
16.758
61.3401
16.7511
20.164
17.7228
64.0051
125.096
9.68409
102.872
16.0439
18.482
36.9768
5.58805
34.0559
5.84817
12.5821
10.4358
40.2
71.8989
27.6971
19.623
125.538
24.739
65.6152
9.37796
42.3191
17.2029
30.1502
39.814
47.781
31.92
33.628
2.36297
74.9559
2.89106
109.045
2.37989
76.38
20.3199
34.6179
13.4671
39.1791
7.58505
70.94
115.924
6.01196
48.2819
18.1429
16.5241
27.9589
9.79996
17.4868
15.564
35.244
31.6951
11.708
11.457
11.188
96.6859
18.5242
58.141
25.2359
13.514
21.076
29.68
60.9031
65.1262
19.3639
29.5582
16.0599
62.922
119.479
85.3879
47.159
72.3619
2.81596
33.561
10.874
14.5681
19.949
60.272
35.4202
34.8361
13.3629
26.1259
71.619
75.4919
47.214
19.3419
113.852
74.1119
32.985
38.069
71.7871
59.114
39.9141
23.49
55.0311
13.761
15.754
15.5871
127.147
12.125
91.9111
112.621
9.70316
6.67381
73.1461
59.2601
8.25191
20.813
10.778
29.0568
13.0699
33.1521
93.5888
42.9542
14.4908
28.9021
42.057
18.863
39.6261
12.8231
40.869
66.133
27.4019
19.1522
38.049
36.746
55.114
2.95496
28.8858
82.653
82.989
34.7381
55.7411
19.5038
34.6229
2.72393
4.85396
19.0408
66.1318
16.9928
69.0691
16.649
2.92397
37.4382
30.0708
34.3771
85
48.537
15.6729
16.2289
15.8479
37.076
15.2521
15.46
42.5739
6.356
115.519
40.5571
37.8339
11.3132
5.93901
65.7358
98.8171
2.94209
6.1059
26.54
2.95305
6.11305
24.2209
2.36797
2.93016
16.345
11.2948
21.4751
61.64
90.616
7.9751
109.313
28.0929
15.3849
9.08303
15.9929
32.371
30.0691
5.27883
12.1999
21.2891
21.2419
96.338
64.786
21.064
61.7239
28.9299
15.6062
24.303
29.283
49.005
18.719
75.7
112.937
22.9142
33.221
75.0279
36.845
127.192
21.8089
21.3239
17.447
56.2201
37.8311
52.614
10.788
34.1511
3.43704
8.59499
72.1951
64.615
64.817
29.2709
32.099
29.295
5.03612
56.823
52.316
19.0132
70.5509
59.6561
8.83698
53.6511
21.78
13.85
22.979
55.388
18.1661
68.3601
64.4879
4.00305
15.332
13.725
17.2901
65.1798
39.088
22.016
28.595
18.9781
61.1899
70.585
21.1461
124.604
39.9251
103.253
41.7318
5.48387
33.2041
33.1819
62.7921
36.2701
30.4828
19.985
32.7909
57.0009
28.9211
3.90601
5.74994
39.2671
17.7431
53.7119
25.0871
77.656
60.5948
10.6392
39.3341
15.2819
89.4201
23.1059
68.933
15.811
37.2672
66.7379
18.616
21.769
32.3131
31.3461
31.461
38.923
110.039
61.7719
37.2999
73.009
36.7701
82.3231
42.1281
14.6809
40.493
34.96
67.3749
66.993
17.019
53.8471
8.533
18.7838
24.2841
18.6329
59.1099
18.548
67.755
7.72309
82.1619
16.7542
11.754
20.591
32.649
59.9439
40.324
122.946
8.40211
79.371
52.073
24.5659
40.0479
13.104
20.905
53.1211
38.743
11.5769
62.813
9.95517
98.007
36.109
11.0528
5.88703
20.3581
20.56
5.867
69.5131
34.8179
20.4711
59.5999
31.0829
21.7772
6.96087
58.4171
1.94001
55.1159
71.9972
20.504
20.1809
136.289
40.8709
58.4011
33.613
119.519
3.03817
59.3359
3.31593
16.1951
61.255
14.972
39.664
103.493
22.9189
88.7389
23.1881
49.0389
11.0512
29.7339
117.839
28.177
16.31
126.366
113.319
5.32794
40.4871
29.2561
15.8429
5.13101
8.86917
33.5069
15.044
72.12
13.5219
41.3301
114.23
38.5978
22.5182
16.9239
10.4468
72.6421
82.1819
12.264
69.191
13.355
22.4869
16.1281
57.5459
40.076
14.709
15.3332
28.8479
46.102
10.6881
43.371
17.282
9.583
116.545
24.2691
12.1341
74.805
6.02603
15.7149
59.2141
13.0839
51.631
34.452
31.9221
69.9301
36.2759
52.6531
29.319
65.4809
21.2481
2.50506
69.7191
32.392
23.6409
17.8802
15.949
11.049
23.2561
9.52983
19.7451
75.0649
38.9941
40.53
9.69315
30.0429
5.16009
72.072
10.303
34.5302
59.6509
73.6389
103.447
56.217
15.0459
32.3911
10.726
48.3921
5.25498
9.72509
72.798
64.1019
112.252
80.442
26.0081
36.437
51.877
74.2321
61.1289
65.5401
118.805
8.51297
15.208
12.543
31.0731
32.8801
99.0329
26.0181
21.564
65.7511
64.4751
84.3139
107.885
11.5609
35.9652
9.38702
64.4341
67.6498
34.5581
41.7969
73.9441
37.699
53.654
60.7481
106.546
45.7761
23.6881
20.242
77.193
35.691
64.3919
15.8851
31.286
62.916
30.4971
40.0548
31.6219
2.92206
36.9599
33.2379
90.2028
21.503
22.9969
15.6121
22.342
37.7281
57.725
33.093
42.604
36.3841
23.4249
89.4258
37.4942
28.502
27.849
52.424
66.5472
40.0541
77.2488
15.2211
20.798
13.911
15.4591
8.35609
41.6651
55.5329
55.4671
39.4418
34.189
24.4029
33.6511
3.10397
21.121
10.0591
22.8779
40.6241
31.533
33.227
42.393
5.91207
41.769
16.8641
50.6849
39.0842
38.137
2.68602
53.7629
2.22015
5.64384
18.856
12.939
75.835
94.2461
38.167
21.534
6.48308
28.4529
84.8751
7.66897
19.486
174.715
34.2119
56.72
38.2562
20.021
21.3089
77.7421
57.487
5.06115
4.54688
57.1351
55.5921
14.2889
61.213
54.2221
14.776
55.829
20.5538
17.8661
35.228
36.66
8.9581
34.513
56.3929
34.0261
19.1638
78.3041
34.5371
62.717
12.6309
33.7641
61.1761
70.5609
34.271
6.2139
42.4461
15.8799
15.4002
4.18901
64.009
5.45478
15.5551
56.8271
5.58686
5.60212
25.8069
47.42
57.9469
8.82602
14.9229
54.4021
20.189
34.5678
96.911
19.3779
34.2681
114.939
114.323
32.6648
69.422
6.07491
23.927
113.346
22.1269
112.249
41.1348
13.643
4.16803
34.2569
33.1318
2.82288
1.51515
74.7039
104.582
84.5799
19.068
72.4399
2.9192
10.8709
60.621
20.4239
35.408
17.601
66.9651
54.358
129.931
69.6921
80.5118
20.412
14.534
31.127
17.6539
57.477
34.996
22.783
43.1919
15.8792
90.8239
5.3122
14.5268
21.452
2.38323
60.0219
79.3061
96.4899
8.53014
75.5548
32.7902
138.424
7.36713
121.038
74.9528
109.328
24.791
34.9872
45.821
69.6301
113.295
118.349
19.501
40.679
21.754
29.464
34.8799
2.352
27.5609
19.1061
39.7949
27.8392
101.366
54.1191
15.9581
30.303
38.9369
5.13315
11.3959
36.206
14.7572
70.7259
8.6019
66.283
36.835
27.936
33.401
3.56102
22.239
11.502
31.4112
13.9399
9.85312
12.4629
32.1612
63.895
7.01594
53.9761
21.559
16.458
77.5001
19.2239
43.6671
60.7579
60.1881
15.5921
61.2681
49.3999
63.226
3.18098
30.7159
62.012
55.9289
19.6688
36.5448
20.824
34.632
58.7699
19.397
15.867
18.1241
15.7771
19.594
30.503
2.949
60.544
3.97992
61.1839
39.4919
69.185
22.5799
21.858
6.37412
22.352
29.4681
29.773
43.1371
34.4701
61.9209
40.5431
5.41496
23.0858
69.3901
1.60313
19.7599
10.7522
31.9889
81.3611
15.465
40.2331
33.684
13.901
58.4738
84.2881
115.704
2.8739
35.78
99.9238
3.43394
108.383
3.11303
143.998
16.741
68.773
65.089
63.2179
35.6948
91.8741
88.969
70.8611
8.83794
38.538
6.60205
81.8779
3.22509
23.8271
10.4589
72.9702
67.3699
67.934
37.262
35.4471
71.7189
123.138
16.0658
16.0801
35.08
29.0411
23.7231
26.0699
13.504
64.24
115.961
58.1379
12.2151
124.195
67.513
19.0609
30.0291
35.8601
1.90401
29.3841
71.7609
11.0831
20.0579
59.3181
68.269
23.349
3.4399
98.1221
60.2558
24.7309
2.68316
61.6889
107.185
16.1469
5.90897
52.6071
31.9421
39.382
10.4589
30.076
6.82592
70.3371
77.0111
10.71
123.56
7.94291
39.5811
71.1191
39.741
30.7989
63.6098
8.93617
64.8069
70.4939
66.1511
4.65298
2.25496
19.809
79.247
8.65698
56.3431
9.10497
73.287
20.0679
99.884
49.649
43.6528
35.193
102.499
112.719
18.085
20.963
13.2329
86.4651
58.737
129.942
23.3381
5.0199
24.1489
2.29716
2.89083
30.246
57.6191
112.782
6.94108
4.04906
19.0649
59.895
145.508
17.256
37.0851
130.526
53.261
29.5851
72.341
18.6181
49.988
30.551
116.598
88.2211
15.5029
118.542
18.693
39.247
21.4119
95.3422
16.712
56.762
25.578
68.9449
37.487
31.214
20.653
36.4809
125.92
16.0501
61.6851
48.2891
60.9519
20.493
9.72891
69.026
30.817
16.82
16.1369
60.055
39.885
3.479
35.2421
28.0631
6.05893
11.374
35.5439
9.50694
66.3168
23.2539
18.9509
55.2011
39.1181
11.0099
12.774
99.1461
61.923
23.6449
105.403
2.99096
8.90088
3.55077
18.7891
91.7962
6.47783
58.202
22.9089
17.693
15.8379
30.1611
107.72
63.0901
79.33
6.08516
32.7671
45.9969
16.155
8.68988
58.481
71.7969
5.35798
122.457
37.457
74.764
53.257
33.9921
16.9098
53.5491
4.5011
8.99291
45.1901
54.1179
125.5
4.88186
57.507
34.7891
36.5641
37.926
120.872
19.8441
15.353
32.7981
11.1151
60.4959
35.0978
54.2181
86.401
15.687
10.7129
70.1361
113.985
30.8599
22.6381
21.7438
53.2522
36.557
24.39
73.426
30.9789
65.1269
107.171
7.10607
31.7008
44.271
93.1549
54.9481
91.403
16.3569
55.5041
87.7728
39.541
68.063
34.91
20.8061
73.2419
22.9681
72.454
69.237
12.521
20.6051
56.8671
114.669
19.9299
11.9131
125.431
70.096
4.30799
10.823
74.5418
124.221
25.002
21.1301
13.6571
53.0109
63.8618
41.6958
18.831
62.156
7.81393
23.524
6.01292
67.5151
76.2289
21.6241
75.171
1.85609
96.4661
17.7
122.001
24.473
40.415
16.2559
28.7192
65.752
18.791
39.201
114.314
55.7699
15.0831
36.3791
19.6431
38.1839
37.56
131.328
12.7459
28.6541
16.2029
65.4581
116.086
7.25007
38.4569
23.6161
16.0122
20.01
37.488
15.8398
29.068
5.85198
83.9429
25.393
108.424
37.8368
53.196
39.824
30.962
17.349
30.648
59.9351
72.7301
35.759
66.011
53.411
24.2791
52.134
31.9688
17.0901
8.73613
28.5568
16.0232
56.5269
14.3821
33.612
2.285
21.6711
3.757
54.127
58.7111
69.9179
30.807
46.1631
17.102
90.095
37.3812
21.1148
56.921
112.341
12.136
36.603
42.1119
127.217
28.661
33.6709
50.9031
33.524
38.352
34.6889
32.63
15.6441
100.217
53.9749
67.5101
5.826
17.637
30.4911
18.9209
68.758
21.3981
16.8262
32.3889
116.544
71.1322
15.3449
12.8131
111.229
65.4881
19.7461
125.619
22.563
10.607
16.7561
3.97611
41.913
66.51
68.4071
72.8109
56.113
16.247
9.90605
10.416
27.132
61.234
128.505
111.631
53.9598
18.904
77.8439
23.5882
52.691
104.988
20.5932
37.9519
33.0431
14.7078
24.1561
18.959
13.9289
37.6949
101.993
35.4259
17.925
31.8429
125.812
2.00009
37.6399
15.7778
60.3309
37.601
2.45094
24.4539
10.318
51.82
122.402
14.8821
17.597
59.7191
64.986
4.59504
57.8699
25.0499
13.5629
40.7691
11.306
72.103
16.9899
19.7489
22.7258
9.92298
36.2582
69.109
12.629
49.2449
133.548
2.32196
44.595
39.6779
77.4028
2.09594
23.2322
56.1039
68.1009
9.64308
22.439
19.6199
31.3179
53.715
66.7622
99.02
17.256
34.6279
54.549
62.0642
34.4169
17.5369
23.1888
67.7719
23.7081
21.2388
8.27122
3.55601
21.1749
69.195
29.8669
21.9319
33.7782
61.0719
37.8501
115.912
5.0261
115.182
53.8731
23.432
30.7779
10.9921
8.59809
19.3369
64.486
24.334
74.9562
18.93
37.765
47.0359
32.2042
8.183
36.546
102.602
15.8391
33.0088
124.372
20.3891
68.846
7.35092
44.1401
15.5821
66.7908
12.6371
20.5779
8.61597
113.199
102.049
30.3931
66.01
15.8789
35.4712
61.929
61.569
20.473
29.0229
6.83999
87.2338
70.5109
37.1771
23.2999
11.5142
18.451
79.4489
14.3681
37.184
23.968
31.776
40.3688
41.0092
69.7019
60.3371
4.08602
17.246
2.45285
73.838
95.3581
19.798
4.0071
2.96593
18.4021
54.5709
38.9121
12.866
40.1189
61.8079
119.787
34.9219
40.0002
17.8449
83.5831
29.541
23.731
66.349
22.8488
54.7452
57.2488
11.3161
64.899
50.837
19.274
11.7121
58.527
16.6972
24.6389
8.3971
21.2898
15.3248
63.6919
22.6572
14.668
14.343
40.978
20.7431
72.541
22.7799
62.644
25.3839
88.4552
125.243
56.33
7.75313
14.7889
63.3242
43.7639
12.6309
89.7861
54.554
19.8431
38.6589
5.00202
22.182
70.4141
19.3741
16.6459
30.293
55.0921
70.0099
21.0569
37.1709
66.7982
76.823
35.1541
38.0909
20.3929
127.969
9.56511
20.8781
21.318
18.3241
20.622
63.4079
12.3229
32.4261
18.6989
19.4972
72.536
31.41
2.93994
2.4159
24.0679
12.3551
63.7519
39.7859
97.2991
5.65505
65.043
54.667
29.16
32.0699
73.7281
4.35996
36.71
20.22
61.2729
7.92718
19.8851
18.9679
48.6841
38.029
28.1281
72.1481
43.9188
19.6781
94.4328
58.217
38.558
19.9621
3.42703
74.435
112.696
19.5808
2.19798
16.6461
34.6611
11.0049
37.555
8.83698
3.56197
18.661
117.21
4.68802
15.7502
42.522
24.097
5.20015
39.7689
4.79293
14.1881
39.3312
22.6469
110.149
17.503
114.869
3.25799
38.569
2.06494
22.0649
15.3868
71.43
23.1941
29.7389
97.348
29.5022
23.6709
37.5941
13.5751
66.1428
37.014
2.82216
104.002
4.36187
61.146
15.723
72.1211
67.013
32.4609
118.85
42.17
16.1941
38.631
66.4291
42.3629
41.671
72.433
55.7239
70.7371
28.2381
131.648
12.002
35.2569
2.60806
22.655
16.5291
19.9258
18.873
59.8021
60.111
35.3661
5.25713
38.4259
18.868
68.9478
40.251
15.6269
14.4131
52.413
86.2751
4.85587
19.664
93.1931
17.9231
69.1309
2.21896
54.8592
23.5341
86.5469
65.1309
60.6918
122.013
22.104
49.0091
21.1298
18.7562
58.3861
97.7309
65.892
3.04389
63.1039
35.8379
20.673
20.689
66.7281
84.5189
26.691
16.2549
107.073
28.4729
10.1819
48.6429
12.279
52.1259
22.445
60.8451
19.8638
16.186
33.0429
19.0971
6.78301
16.6719
133.564
6.00386
10.5941
23.0019
102.721
27.2291
16.87
5.80287
40.3068
120.518
19.244
18.1501
14.441
31.0919
4.53711
37.0491
105.847
18.616
2.43592
32.4869
60.8389
9.85885
39.4218
31.893
14.6389
59.6621
26.747
70.8771
18.4128
31.4441
29.093
69.03
17.2091
50.658
21.91
9.96113
2.54798
70.668
68.125
27.349
3.98707
60.106
73.7622
5.52297
9.50193
3.97205
40.724
14.796
15.5571
36.0711
40.7228
67.1089
35.2552
55.1848
18.1081
23.052
21.2431
15.203
7.52091
97.0941
38.6541
70.766
30.2351
12.8472
16.18
40.7069
42.4161
36.9689
63.7152
8.44884
22.8331
23.443
115.959
30.9119
16.33
38.244
10.3281
9.92894
38.8062
67.2798
59.8781
43.263
34.4601
75.8381
15.9199
62.989
33.8058
63.93
25.0661
69.494
60.5228
105.463
48.192
34.94
36.9051
30.6268
22.5098
111.331
88.2289
14.8969
100.666
14.307
22.9909
92.695
21.2979
58.552
73.3922
46.3231
64.7359
22.9321
27.4179
23.3269
17.1621
31.0159
73.9591
15.012
108.11
38.605
128.303
59.32
28.3248
31.8241
20.1781
61.0468
24.4439
116.684
53.895
32.8088
15.6929
48.9321
126.455
59.5441
76.9451
76.8249
25.31
17.6501
20.596
63.8759
1.80793
27.6091
29.0248
23.1092
63.19
31.0779
53.4708
40.59
114.71
66.4601
57.797
15.5141
16.361
73.626
12.8391
7.70402
114.425
64.4519
5.96309
47.2081
91.9969
4.81701
40.0479
39.041
15.9531
7.5829
67.5371
39.305
38.2559
88.563
22.866
22.85
3.28302
23.8168
35.7211
38.147
49.557
71.569
19.047
37.4739
24.4021
39.8829
58.5182
17.9129
33.215
36.5491
19.3031
28.9979
12.711
36.9189
5.89299
7.49397
11.6539
31.003
21.2021
10.083
25.8138
13.3522
37.8759
52.3882
109.521
14.919
61.2681
57.513
23.5739
8.69393
12.2321
19.1381
36.5219
23.376
116.314
38.116
21.944
30.5841
71.805
55.65
54.245
8.12006
9.2411
16.803
22.0919
62.767
35.8169
62.8588
3.438
7.94101
28.383
8.32796
60.7021
34.867
19.0611
75.125
18.7349
40.952
19.7039
12.8319
14.5509
8.75998
33.6349
93.6711
17.051
77.461
5.59902
19.505
63.843
3.39603
16.1059
16.8102
30.087
64.2021
8.93593
37.1311
68.6522
22.7749
38.0561
84.6469
80.2581
69.4818
55.4371
26.3531
68.9769
37.8771
59.5901
12.727
73.8499
38.6739
23.926
55.9831
34.5671
38.837
23.2191
52.6071
20.4389
58.2151
79.6721
67.0569
24.8001
27.0422
17.6129
36.1991
124.617
14.8799
22.6378
59.4871
37.544
2.41208
31.2641
33.1659
59.962
27.766
12.918
5.42903
70.3321
38.3129
36.618
2.66886
16.3591
101.318
63.827
20.283
101.818
13.0649
14.0479
113.314
8.61001
63.7898
5.67889
5.38111
63.3631
3.05581
4.18496
32.8391
66.005
42.954
5.55801
113.341
13.6151
54.0769
61.578
80.641
100.846
14.5061
18.3179
35.867
58.7039
95.4971
66.3939
35.2991
109.123
23.0238
19.3231
69.7029
105.125
2.75397
34.4319
27.4498
123.307
62.5339
18.1971
84.537
65.7451
32.794
10.2122
64.2259
24.7421
42.0599
83.9002
118.345
65.474
20.6678
12.5299
16.9001
17.9
66.309
59.5198
34.2338
74.3349
109.745
20.7751
9.33695
12.6972
58.691
33.2968
20.7589
82.063
23.3011
34.379
28.513
117.432
39.5398
41.3609
2.66504
15.5671
116.339
18.702
34.9689
9.69696
93.188
12.7702
2.36797
10.0911
33.3951
51.8858
19.6972
36.6409
12.918
133.225
58.008
24.379
32.6321
12.531
32.702
31.8251
98.6311
116.161
15.5001
27.0171
104.133
65.063
69.5949
121.766
30.175
35.9602
7.82394
103.463
26.4339
61.681
57.3051
13.7599
94.619
3.27301
24.1752
36.438
84.3511
37.9961
56.8249
30.3741
54.7969
17.1139
72.732
64.678
72.1002
113.502
8.09693
114.056
70.9889
32.3322
18.7068
9.95517
65.67
3.40199
24.1871
12.5039
13.8431
24.6172
61.8351
128.658
62.391
117.313
62.2401
113.359
35.4202
83.3118
23.6521
12.243
36.633
62.6459
72.8691
2.93398
121.491
7.87091
33.6611
28.048
36.4101
24.5368
67.9131
21.2281
112.37
40.513
19.1531
23.191
25.0959
20.4282
51.374
20.468
40.1931
2.11906
68.3439
18.441
31.0819
100.274
56.664
5.18012
20.843
23.5729
121.002
74.342
22.8229
60.4591
60.2369
59.4912
88.6071
54.337
34.023
36.3069
102.958
55.2218
35.7358
139.819
76.571
61.94
23.9232
30.4699
37.73
38.476
25.2781
65.6099
15.389
15.099
94.934
3.36218
19.345
65.5348
33.0789
20.9131
34.2388
35.8272
20.33
30.9291
18.2788
11.8709
7.653
11.3652
30.2339
36.0699
35.496
68.4569
23.958
126.84
12.737
64.1551
14.533
19.8009
47.364
64.693
57.523
67.378
16.3009
22.383
37.972
21.9879
128.899
9.95302
18.9409
15.5799
40.0901
2.36392
41.08
16.012
11.7681
39.079
15.9349
79.1678
100.866
65.4111
121.044
36.1061
9.82904
86.17
90.6351
25.959
2.23899
72.3901
56.5372
50.2779
34.8299
19.567
15.2979
30.8549
58.743
17.05
66.206
8.18706
58.342
47.3852
42.3219
105.307
24.07
11.8179
2.8131
35.955
16.2492
38.43
19.6509
40.7071
6.40893
71.1019
123.973
67.5499
54.498
5.17392
105.814
28.1868
10.7939
33.2589
38.1651
64.4929
21.349
5.75304
22.043
20.3509
32.953
61.806
6.88601
62.4099
12.2411
21.008
33.19
22.352
111.627
43.9758
3.17001
34.2491
13.9079
42.2721
6.27899
69.7031
50.499
65.4991
68.9089
63.772
24.5662
10.2239
29.4318
22.9509
9.57012
117.282
108.606
13.4089
31.733
31.847
77.9979
15.4729
41.1301
56.8659
55.8181
62.3
16.2709
13.3791
21.6379
13.0529
36.6471
66.973
39.0482
55.9828
23.7198
96.5831
20.0591
21.2569
30.2269
2.86579
75.886
4.704
5.5058
59.0169
18.857
67.836
2.91395
12.975
43.3872
10.016
37.0491
53.4649
55.5339
28.204
39.0508
112.49
65.8109
40.6232
90.6219
104.298
58.7239
37.044
30.513
24.6229
68.4009
32.5541
69.901
38.651
22.326
65.5999
109.471
39.525
14.0738
10.556
96.046
44.838
12.8672
24.308
16.932
35.363
39.829
41.2412
29.4809
33.4361
20.1681
64.5421
41.805
20.8459
58.3601
60.0421
61.795
40.736
97.388
18.635
36.5322
21.6269
3.10516
15.2419
35.0509
17.3512
32.943
31.028
74.7371
70.3919
23.6611
113.497
14.833
10.3831
16.664
22.5029
12.9511
66.2429
50.133
63.3001
37.2488
22.8832
37.3569
53.112
24.6382
11.5829
56.371
16.515
73.781
74.3859
29.835
54.0679
57.0731
10.294
58.634
62.7189
39.217
71.249
21.925
16.1579
22.1632
12.5229
49.037
11.9181
22.8951
36.386
67.9629
15.6841
57.5109
23.2689
20.9031
78.6679
55.9092
61.7049
89.6232
38.1529
6.21009
57.9331
36.2959
22.8589
3.90911
24.21
42.793
1.96695
30.9181
34.5829
100.819
35.5639
21.9111
62.8331
16.8428
17.5819
8.12793
62.8381
15.6341
37.1799
72.443
135.827
57.4181
73.025
66.3149
19.3341
21.3461
77.7271
9.15003
31.667
62.4499
7.66015
31.3799
33.169
66.287
57.42
35.2809
23.2191
112.108
31.7039
37.452
12.6781
43.8709
63.3061
49.84
54.744
36.9561
102.287
130.469
20.5181
43.191
11.5821
64.3129
34.1461
30.499
20.2851
21.7988
18.255
10.6232
24.76
55.6419
71.3711
95.432
17.808
84.8939
21.0142
24.241
16.5069
70.755
3.03483
65.3851
84.6829
3.55911
54.6169
3.74913
140.28
29.851
72.329
31.724
22.2831
53.51
36.0901
22.4528
95.464
8.93903
49.4421
39.1009
2.08116
19.8641
58.3069
30.6621
10.241
67.3201
59.2809
20.1049
57.241
23.6528
44.379
107.493
16.346
