157.207
175.899
208.649
151.468
157.671
203.909
208.884
78.9831
181.227
216.467
57.446
207.094
215.786
179.719
175.314
215.889
166.955
196.798
171.029
199.261
158.389
219.303
151.493
200.554
220.776
214.948
132.031
177.421
100.201
213.563
172.304
206.859
196.175
197.964
185.403
206.403
194.268
168.286
48.512
153.209
159.63
155.106
152.954
215.266
159.65
214.048
184.6
196.659
216.049
152.603
57.441
167.635
219.358
204.957
166.502
204.161
210.155
216.231
204.869
143.062
161.489
163.812
200.119
107.235
165.394
220.7
26.9589
90.3399
202.194
187.049
160.6
203.482
199.314
203.655
162.081
185.247
208.487
216.444
195.823
196.233
195.809
167.978
189.398
201.89
162.328
195.601
204.912
144.766
131.049
207.97
219.245
198.081
212.323
160.114
216.801
141.126
145.759
119.101
218.288
201.532
206.643
216.411
218.04
200.824
195.85
217.403
215.302
221.574
189.531
124.612
212.438
217.236
162.537
220.857
154.884
217.344
265.199
177.116
164.038
201.827
167.177
150.848
211.152
201.504
161.262
213.991
201.692
177.81
204.928
58.306
136.149
170.829
209.745
212.152
209.943
179.201
186.748
122.539
166.773
202.785
214.367
169.07
65.6831
165.423
212.238
167.438
217.796
156.461
202.981
203.159
219.368
204.723
80.487
149.587
213.254
167.301
187.015
199.425
200.764
109.693
137.246
108.963
201.689
194.54
215.065
205.008
159.592
212.548
157.085
199.751
199.769
187.448
61.2609
204.039
185.681
154.715
208.496
177.214
187.353
220.787
201.481
164.133
197.384
192.541
187.475
212.144
166.481
191.306
176.733
161.475
204.435
198.343
201.343
218.936
159.762
204.254
208.539
166.299
18.8379
194.951
210.511
208.282
153.322
169.102
158.646
216.586
194.607
255.536
217.905
219.08
147.025
61.693
185.493
153.816
216.061
118.049
196.587
207.944
159.325
116.059
205.013
159.615
220.349
185.536
176.475
220.084
218.249
79.412
202.112
197.181
202.243
164.548
76.5049
160.682
205.532
170.034
192.555
220.676
202.565
163.123
149.857
220.069
213.411
214.574
56.654
210.767
212.822
96.0491
184.745
194.901
33.5422
181.936
204.143
218.988
189.868
203.6
160.463
219.441
162.677
208.866
202.236
34.1771
215.175
163.025
94.336
150.722
194.367
192.861
185.677
211.776
172.558
58.0919
222.372
162.565
162.094
203.1
156.016
217.726
218.809
164.636
199.739
203.472
105.955
218.874
216.721
162.343
152.172
159.355
179
71.0499
201.388
216.139
132.501
209.3
216.752
215.203
158.425
192.339
193.751
217.766
211.612
209.801
199.044
169.679
214.958
184.83
158.484
205.576
202.375
185.395
162.964
173.662
191.954
198.106
205.889
165.042
198.948
153.489
215.815
174.965
53.252
178.163
169.115
146.212
208.887
143.466
205.18
175.557
219.37
201.294
191.181
171.402
216.007
206.148
90.8699
196.747
199.888
202.223
135.458
195.333
215.384
191.377
114.76
179.635
206.029
222.453
167.204
217.43
154.847
190.634
181.823
64.8949
214.512
198.022
159.612
156.458
160.382
198.46
200.951
220.854
184.597
220.372
201.372
218.123
206.773
174.482
197.633
200.71
146.211
181.79
200.639
207.377
94.5899
215.856
166.458
213.6
182.968
214.219
188.15
136.668
167.521
179.241
200.843
129.987
146.957
146.361
194.558
189.021
59.346
206.481
156.394
190.766
141.694
44.5991
209.573
168.703
206.38
163.097
194.82
11.0528
215.855
174.254
171.92
188.486
156.281
204.058
219.516
212.544
225.97
192.512
195.726
219.718
204.515
209.504
167.25
189.304
217.07
162.302
215.781
164.547
217.993
210.255
206.021
219.822
215.695
216.176
196.339
161.952
217.971
170.719
190.088
191.2
208.751
216.432
185.723
148.034
216.141
161.239
199.567
217.024
209.032
216.881
162.127
146.598
180.529
144.587
218.736
209.513
155.092
168.771
197.379
217.744
150.636
17.2439
177.719
219.404
171.834
214.395
216.761
194.637
208.597
215.642
205.64
217.546
153.27
167.887
158.401
159.552
157.641
207.038
205.482
156.897
146.462
153.515
165.043
218.905
159.953
199.181
187.633
220.77
214.992
206.633
137.38
86.494
204.392
183.059
181.784
137.43
163.494
209.051
205.605
180.179
158.862
162.456
202.271
199.868
203.581
200.729
220.674
146.157
130.123
156.423
167.693
186.131
71.8131
180.6
209.08
202.958
202.53
146.096
211.741
172.236
193.722
165.295
159.442
146.783
196.009
201.444
150.711
196.488
221.429
186.098
180.607
151.195
163.384
199.33
222.083
212.749
141.984
170.921
162.344
166.387
205.811
201.931
219.249
199.926
196.272
62.391
12.1679
208.277
158.096
186.663
196.121
185.216
206.365
190.988
214.908
199.777
38.296
204.603
161.166
194.227
220.663
58.785
158.64
160.854
216.292
212.835
202.735
175.938
186.59
161.157
203.771
147.742
212.523
213.003
37.5371
24.9329
163.271
202.884
215.761
172.272
158.556
217.566
199.424
202.215
217.881
215.691
202.742
211.693
156.643
203.969
171.6
206.978
214.562
38.0058
149.007
198.831
179.198
203.848
148.697
221.266
166.788
208.362
108.811
159.579
219.051
200.151
168.938
43.8921
198.905
188.243
182.74
159.058
172.257
206.938
198.85
163.622
187.257
31.291
167.882
154.206
35.5389
216.131
183.146
171.149
137.047
199.624
206.283
96.632
195.518
162.367
206.019
205.2
173.914
217.45
203.58
32.9709
213.448
94.6481
199.643
216.576
167.596
189.552
198.74
165.804
202.502
195.867
162.401
216.426
172.899
114.848
161.556
187.934
161.686
161.189
51.3251
104.385
62.114
170.199
35.6841
208.069
191.315
211.017
218.014
199.1
209.258
182.549
161.589
187.893
214.809
51.4209
74.7571
175.927
194.362
33.0219
173.551
206.601
217.995
151.378
200.755
158.299
96.7951
156.911
152.171
193.356
215.78
182.277
72.0692
166.031
144.398
205.44
211.038
212.826
207.316
186.851
216.763
158.834
157.047
26.6118
205.328
151.834
159.357
196.324
112.981
175.484
151.638
156.433
161.993
218.002
204.453
187.046
216.03
102.764
205.428
167.694
195.412
125.483
164.021
195.077
156.487
190.154
198.733
174.165
182.374
172.366
214.021
160.71
161.288
201.386
211.527
209.983
214.201
146.06
216.715
174.005
156.63
173.657
201.193
207.381
183.031
172.134
183.877
149.969
217.592
101.893
182.042
210.115
202.066
37.4129
162.288
174.407
161.522
159.627
223.112
161.26
172.107
205.095
182.244
176.832
216.168
179.038
196.948
164.177
209.091
35.1911
159.496
192.682
204.855
159.222
127.392
149.192
153.809
157.494
246.515
215.44
214.489
183.425
84.7452
200.918
203.96
168.018
166.859
116.727
6.464
218.669
60.2481
78.685
209.652
162.125
219.437
214.509
217.084
194.208
219.188
178.871
166.495
197.521
184.087
116.886
207.61
158.447
46.294
182.823
151.991
204.258
155.891
131.642
215.13
190.222
131.296
165.559
152.721
221.005
129.63
202.948
214.18
196.52
130.177
216.475
214.359
218.195
216.093
217.556
218.046
196.824
220.038
57.086
36.938
169.177
136.819
160.751
166.459
167.239
155.282
166.625
154.108
165.725
136.719
209.423
165.609
213.118
219.242
164.966
168.769
173.407
206.186
207.645
155.254
218.164
120.679
160.414
207.291
217
159.183
154.511
218.578
201.881
210.389
211.497
220.11
219.184
139.937
152.902
219.566
220.932
154.145
42.6409
220.781
216.476
157.276
183.166
125.104
215.474
163.482
162.19
197.032
218.124
178.224
198.884
184.182
209.55
206.013
217.293
218.457
217.332
201.978
216.369
218.575
194.437
204.639
108.22
170.204
177.588
158.68
166.954
176.657
211.256
148.931
182.138
201.495
167.606
194.968
212.971
215.472
120.596
164.229
161.741
178.064
178.474
170.02
204.534
189.577
157.432
32.0339
219.744
209.495
189.272
111.763
168.203
176.186
186.918
169.068
214.544
216.923
65.361
158.273
218.764
150.25
195.955
48.286
221.492
197.607
181.561
142.146
132.635
161.04
164.116
209.764
95.6321
217.323
156.529
197.984
185.692
142.431
3.70002
194.913
150.507
184.141
169.027
152.018
160.116
148.692
190.565
182.721
153.329
140.392
197.224
164.292
133.555
178.376
14.7831
134.77
155.789
158.847
214.508
94.831
178.403
216.589
206.698
157.16
190.973
162.224
149.033
154.645
202.11
182.529
165.297
207.221
216.601
191.376
209.82
192.299
213.982
205.129
146.248
142.795
170.167
162.777
197.235
212.417
156.836
200.977
199.653
216.711
37.7791
212.278
93.03
208.927
207.705
143.059
209.264
189.552
153.839
168.147
153.963
197.49
151.078
167.544
138.951
158.549
216.572
202.206
179.783
200.229
192.596
17.7841
170.13
207.889
198.204
173.651
152.776
197.531
184.54
184.04
202.993
209.903
167.852
128.189
101.412
163.446
159.513
216.381
192.893
105.157
155.079
207.924
19.48
200.705
89.3719
158.199
195.629
175.497
170.979
189.908
138.187
144.571
204.196
168.07
193.331
172.009
217.237
211.79
197.455
222.374
198.654
150.858
153.495
205.711
167.005
167.666
215.889
204.146
122.064
151.551
141.288
180.701
198.408
196.703
217.193
85.7041
153.421
157.927
149.847
115.775
216.519
106.363
203.522
121.793
152.957
165.389
192.447
196.183
205.997
218.731
9.18007
207.163
179.401
159.098
217.972
216.915
198.012
149.146
158.291
157.025
165.644
196.511
173.894
161.707
167.598
208.522
68.177
212.919
217.711
220.406
206.953
36.3181
217.91
178.258
208.274
217.595
165.842
148.614
216.197
182.425
183.591
162.376
210.022
174.977
157.203
151.369
171.775
199.811
130.497
168.13
175.213
41.1758
159.615
218.872
96.838
220.556
199.666
216.132
217.219
167.884
202.926
204.701
212.996
218.891
122.334
213.543
202.352
173.602
5.23615
183.312
188.683
216.579
206.493
200.618
214.668
197.003
148.282
165.256
165.899
186.659
202.284
171.288
13.2089
217.508
210.969
144.422
82.999
151.91
207.125
207.767
216.42
173.094
201.804
196.272
218.829
209.933
149.483
180.65
205.052
215.894
162.61
163.054
27.4959
208.929
221.85
203.19
178.325
114.784
127.671
216.864
158.345
94.2008
163.44
153.391
23.741
168.327
50.0901
212.769
174.417
185.262
122.871
61.9502
208.783
217.206
197.948
206.098
187.837
189.714
205.052
159.224
188.13
201.936
210.891
155.803
160.064
219.586
210.081
176.016
110.805
200.754
172.582
212.459
221.528
77.383
152.068
151.409
215.648
205.612
195.979
218.062
219.382
180.789
113.313
203.824
219.375
152.435
160.845
157.298
193.044
123.719
204.405
153.373
207.651
181.675
220.091
133.793
199.619
219.044
138.43
161.095
210.945
196.341
156.355
211.441
158.331
59.3069
187.817
221.263
187.522
164.807
174.808
188.237
163.616
202.866
193.469
196.945
212.64
212.603
205.566
200.871
152.293
221.713
207.238
74.6641
159.889
47.313
210.845
218.007
198.651
163.843
216.909
214.642
88.6769
214.066
46.2391
215.607
214.426
146.365
213.807
135.098
198.335
192.599
215.118
192.412
185.45
216.722
192.606
145.533
204.974
208.581
159.954
198.955
218.218
199.137
206.828
139.832
196.341
20.6158
209.119
216.376
218.872
157.28
212.837
183.095
123.552
180.582
216.364
157.612
178.359
215.827
216.764
159.873
208.31
146.937
177.265
159.046
162.512
20.6311
182.247
160.303
185.388
206.782
158.617
187.675
201.163
163.847
219.035
164.752
204.995
207.438
201.427
187.615
213.477
212.043
190.206
26.3391
202.557
165.384
204.561
208.913
159.343
11.2579
192.073
157.086
89.6869
218.99
185.982
166.648
176.426
206.242
167.863
213.983
211.322
193.566
171.483
201.698
208.922
214.43
133.115
160.812
198.18
154.632
99.009
220.817
106.055
58.769
146.245
176.664
217.352
219.31
213.84
150.955
115.052
36.3431
198.306
173.943
213.49
208.442
193.002
213.177
200.1
5.17583
192.417
152.633
107.288
213.941
177.157
215.739
197.664
208.005
201.86
33.071
211.391
187.536
225.169
125.184
146.239
203.566
208.292
168.72
147.764
159.584
155.569
155.871
156.049
258.184
201.797
144.324
217.031
8.30293
181.184
149.029
198.908
164.743
201.129
210.611
185.387
160.545
200.201
205.17
219.23
217.002
171
151.484
195.822
173.329
158.433
218.068
160.411
202.721
28.4672
155.164
225.05
164.004
178.955
159.475
192.078
206.477
190.11
221.803
194.276
156.608
205.427
138.316
161.417
153.884
204.126
239.538
116.689
181.354
209.881
143.968
206.301
184.69
169.007
139.847
212.572
172.293
161.197
57.4391
206.876
221.812
75.8789
211.298
158.504
219.407
156.036
170.322
160.605
194.837
212.202
214.438
169.625
135.355
157.673
195.071
208.105
215.183
174.603
188.368
159.782
202.187
218.901
157.405
207.518
161.789
187.463
111.829
145.143
201.705
159.239
214.2
202.474
208.173
220.149
158.047
215.404
174.066
187.532
174.982
167.19
216.466
215.676
172.821
13.936
192.938
144.418
212.489
181.185
159.375
48.09
164.67
158.175
117.596
172.236
189.322
215.943
176.949
172.587
148.595
62.346
212.961
56.679
151.21
217.443
188.012
214.44
215.592
166.66
219.327
97.3001
152.146
181.374
220.887
215.935
10.2391
220.093
213.214
137.167
172.892
129.845
183.125
102.034
39.1409
179.12
218.597
207.428
219.544
161.97
116.835
213.962
147.965
174.914
215.697
220.748
161.737
160.401
20.5662
214.955
201.246
156.075
206.62
217.331
198.372
198.454
142.902
205.199
205.643
209.112
208.591
219.796
203.361
162.777
157.86
157.081
202.704
42.29
164.141
181.887
157.297
210.629
173.618
138.528
218.736
147.321
146.686
165.641
217.754
14.914
154.45
16.5141
191.887
156.37
182.194
197.803
210.982
212.628
156.563
186.304
147.416
169.794
51.9969
160.64
207.713
210.739
133.185
218.226
93.5471
153.608
54.1599
202.244
202.053
161.949
131.436
188.452
220.922
12.311
173.211
217.61
216.794
169.156
146.414
205.269
156.654
199.707
141.356
212.077
113.639
150.686
136.99
212.348
218.078
186.026
159.567
170.419
216.58
208.835
171.12
201.985
219.237
20.5922
201.198
206.914
214.759
206.762
17.6239
26.0241
209.555
216.874
181.297
162.037
186.193
123.471
219.623
205.064
42.037
187.626
207.46
218.187
203.503
152.503
217.397
121.499
213.033
213.704
165.915
145.862
177.836
186.131
217.357
205.727
6.13379
183.19
218.173
144.179
198.233
203.032
204.415
174.179
186.874
198.792
218.829
172.831
220.275
165.479
67.1031
143.725
199.591
220.984
202.985
198.806
187.273
201.98
212.228
174.506
170.816
205.137
217.867
217.555
217.778
163.27
159.508
202.855
188.272
218.973
190.686
156.061
200.446
198.639
203.658
213.635
210.411
155.121
158.825
218.77
215.232
174.14
163.069
219.693
161.738
165.019
159.25
131.53
159.599
185.623
164.307
221.655
158.672
116.121
201.62
216.428
216.823
205.087
205.116
183.498
164.783
219.32
223.47
187.668
221.204
185.426
187.998
218.183
124.687
188.286
215.537
113.185
159.665
155.372
184.912
197.474
217.212
185.274
150.196
166.002
220.342
135.475
85.1018
205.738
219.423
84.1379
171.311
164.266
102.758
213.817
162.121
208.883
217.43
214.864
33.993
147.194
197.622
208.436
214.909
212.365
64.3139
159.922
195.192
217.117
201.028
191.92
195.996
216.374
212.519
90.7831
216.55
205.089
41.759
161.816
190.769
224.08
79.1759
223.853
206.411
166.049
156.852
204.745
53.1361
210.491
151.366
183.875
216.519
172.574
207.164
216.273
197.881
160.999
156.898
213.051
150.231
150.839
223.015
157.72
4.00901
207.714
9.11808
198.019
194.038
161.313
143.508
214.057
188.326
215.403
195.93
213.287
207.514
199.209
172.994
200.893
178.622
161.854
197.113
130.033
210.012
203.573
191.249
184.568
162.665
73.6072
190.027
217.265
164.441
214.369
184.532
217.56
163.298
216.264
162.617
119.707
207.109
92.9801
206.162
43.6921
214.17
191.085
212.906
163.582
172.622
186.458
203.821
196.71
112.421
175.694
202.563
214.451
188.088
202.365
205.512
217.411
219.173
199.525
153.992
215.262
216.908
211.21
221.337
179.916
152.632
171.436
164.543
163.729
209.752
201.698
218.526
218.606
175.3
206.855
158.295
165.661
83.0729
149.63
147.712
192.957
214.55
167.156
154.724
210.761
170.627
203.012
12.419
222.465
162.677
155.868
158.185
223.373
26.1171
128.176
182.577
171.421
56.3271
217.044
193.383
78.4371
159.489
217.741
160.045
87.491
209.53
195.125
171.453
213.787
173.066
161.566
157.55
165.405
209.488
83.148
216.491
164.367
153.6
149.742
162.592
200.889
167.473
156.794
176.501
173.743
134.565
175.81
205.899
209.806
142.147
216.084
201.364
82.372
200.634
155.143
188.665
151.694
215.759
208.683
207.753
257.048
199.097
176.888
208.79
210.689
184.445
219.69
209.616
46.488
198.978
140.918
166.78
82.0038
50.287
165.339
92.1581
216.638
157.332
14.8449
215.457
208.649
200.538
206.379
217.951
184.052
184.769
198.216
185.872
106.468
206.433
209.115
189.158
206.592
196.317
71.9399
199.274
198.107
31.7471
114.272
228.914
204.471
154.166
138.786
218.913
209.584
132.802
159.174
191.008
203.061
214.866
189.17
186.385
209.149
201.836
192.09
169.415
212.409
158.374
244.246
170.141
130.04
208.254
214.015
208.827
166.217
194.318
132.087
190.769
201.073
146.927
195.908
121.369
201.237
164.868
205.773
216.753
192.36
149.118
148.91
195.345
208.279
163.541
217.982
205.214
164.054
177.614
169.886
88.5191
216.85
192.437
220.598
203.042
198.599
215.812
168.953
220.592
215.023
198.44
79.5259
161.859
173.669
216.173
199.031
195.713
177.324
158.918
158.132
159.107
214.528
194.105
171.724
214.338
159.651
219.369
163.336
184.228
192.652
201.732
203.396
204.436
158.382
207.94
152.065
147.289
208.161
180.175
151.662
166.579
190.998
102.49
85.1052
213.092
216.992
198.431
200.609
156.54
220.357
132.182
213.508
179.67
206.883
153.215
214.472
191.482
146.414
215.963
110.886
207.805
200.729
199.371
216.765
201.816
217.598
163.149
208.444
195.308
216.797
216.762
163.376
200.32
175.914
209.62
169.619
99.9269
214.577
206.627
165.167
202.225
147.139
183.053
138.77
165.671
153.383
173.879
155.565
160.066
119.08
204.653
183.074
216.248
195.43
217.308
195.598
151.499
193.11
194.556
169.656
158.289
162.493
176.381
218.412
50.555
167.416
127.515
204.425
125.024
141.447
195.787
205.884
181.625
171.187
200.067
216.538
198.231
215.082
186.335
162.868
187.205
196.207
87.7872
157.878
216.476
183.118
221.098
180.706
205.758
215.768
182.124
209.882
209.149
111.862
197.519
209.291
199.381
129.984
213.661
173.234
205.853
218.017
197.163
184.535
198.774
218.307
203.645
206.69
89.0629
217.891
135.927
208.905
150.259
210.227
173.84
185.842
113.041
137.739
201.808
149.394
186.753
212.874
163.657
210.267
190.361
194.571
218.03
175.097
205.414
156.246
169.772
124.225
207.013
157.684
217.817
7.65109
153.086
159.311
29.567
208.649
197.581
201.067
145.337
198.288
209.371
217.173
197.819
171.045
214.412
165.672
189.998
192.919
132.556
208.863
194.883
208.903
183.206
155.98
174.051
201.657
109.461
210.631
146.973
96.6649
203.551
194.3
139.346
148.17
125.248
199.297
161.953
155.475
205.602
133.127
49.001
128.469
152.275
219.146
214.654
166.014
179.254
14.4079
140.507
137.536
120.553
115.281
184.865
218.861
156.842
211.292
199.997
214.028
208.954
216.683
211.069
162.019
208.213
143.999
160.928
213.793
174.188
169.852
216.138
213.572
216.406
170.128
169.816
209.161
202.242
163.344
209.231
199.887
99.798
152.79
219.67
217.352
219.318
201.547
182.25
211.122
206.606
37.7269
120.696
193.746
173.264
213.88
216.045
195.344
171.341
151.415
203.923
215.029
124.745
214.663
96.5502
205.252
165.2
151.556
6.31809
216.359
156.452
190.745
211.314
22.187
166.368
198.254
77.24
112.134
116.759
214.328
194.542
166.725
107.591
38.99
162.611
152.88
203.093
215.524
139.174
218.216
219.525
209.657
155.832
157.295
170.593
163.604
221.298
174.597
159.184
156.054
104.87
200.311
44.3671
214.884
150.637
200.235
155.729
19.7999
163.706
161.948
66.6611
211.424
209.474
211.372
204.269
155.827
141.577
199.841
213.813
193.702
217.989
209.589
217.257
212.96
129.293
166.241
172.157
196.905
188.035
186.213
132.813
165.111
167.492
220.742
158.029
205.837
212.072
164.645
201.156
90.7838
208.683
199.621
210.024
161.89
182.402
211.221
203.251
215.826
145.137
206.148
159.946
158.843
45.7399
149.816
162.595
42.3319
199.331
141.92
160.204
208.715
152.973
204.597
23.2921
201.645
40.1499
215.266
178.713
74.5292
152.128
177.282
145.752
158.664
161.928
210.897
206.781
217.394
163.098
202.322
215.664
216.971
200.194
50.633
165.261
214.556
157.067
157.394
173.043
161.899
107.714
151.539
147.694
158.952
196.82
204.955
198.17
207.87
157.612
165.877
174.323
209.568
149.669
181.914
219.131
136.623
158.12
16.398
189.534
156.031
219.38
160.396
175.568
201.43
183.532
219.406
147.312
159.746
101.811
195.081
153.28
201.988
205.012
151.079
152.411
222.228
171.334
150.344
222.205
203.095
150.408
216.028
11.4059
200.144
216.358
195.32
143.675
193.782
163.659
179.096
198.073
117.456
171.982
151.341
214.477
156.138
176.138
219.183
210.651
217.955
179.361
164.165
162.101
165.82
201.596
160.725
187.676
200.139
218.049
202.763
220.864
119.792
145.724
217.833
85.4571
180.887
90.6641
210.865
186.878
219.318
162.249
222.066
159.777
209.697
223.079
161.153
71.6951
211.574
211.941
220.015
193.961
161.525
160.816
218.686
202.137
154.944
207.585
211.064
216.292
155.067
165.829
167.085
47.508
206.516
200.636
185.478
148.235
177.754
205.39
219.749
220.432
159.525
120.665
159.976
210.945
199.257
156.747
50.7929
178.637
219.647
209.591
191.308
183.598
164.429
202.871
78.186
149.312
205.357
196.85
206.114
62.892
187.262
169.69
131.95
156.267
171.733
216.744
213.222
167.6
164.591
155.58
27.3039
170.769
153.91
175.907
177.48
162.694
219.263
209.716
211.404
191.581
213.139
182.299
198.616
194.114
166.358
216.03
153.239
216.201
52.896
164.147
140.274
173.832
123.85
198.236
80.8251
171.367
204.06
148.08
217.122
93.575
139.028
214.08
204.391
213.331
217.431
211.369
160.162
166.518
207.695
200.572
158.108
158.707
195.176
212.783
133.798
156.283
218.371
218.876
211.416
45.1701
206.297
65.4159
165.864
146.572
176.963
160.698
154.394
140.333
169.725
216.042
158.374
178.245
178.879
137.701
184.528
202.98
213.46
201.161
217.824
196.267
213.99
160.804
167.643
167.007
167.096
201.605
214.419
161.702
192.798
162.029
219.103
180.538
143.925
160.549
179.995
213.625
114.536
187.782
31.0431
189.49
210.567
163.313
189.379
210.424
215.376
207.754
207.47
173.991
120.203
199.672
89.958
144.897
31.0771
198.7
154.054
178.169
149.807
209.682
202.992
201.535
197.132
129.402
146.988
201.429
204.322
207.91
185.817
164.494
182.354
208.035
161.685
127.092
165.374
207.727
194.935
212.517
215.255
163.324
162.149
176.411
49.999
206.023
213.685
200.542
198.482
165.468
162.985
159.177
211.413
193.833
192.21
208.301
9.00602
202.345
159.211
218.429
162.997
177.321
147.431
215.484
208.802
122.939
16.9351
170.112
150.384
158.965
180.876
199.605
191.332
219.068
201.924
132.489
162.386
218.428
212.004
187.751
168.243
168.473
198.467
183.724
220.431
154.071
161.389
219.265
163.029
191.292
165.564
215.637
21.2221
209.601
180.896
173.188
172.514
143.89
218.757
215.831
194.732
153.009
217.162
182.992
195.862
181.865
215.051
212.465
183.184
200.118
183.757
19.3939
207.458
218.402
151.479
212.609
143.105
203.936
151.231
167.849
30.9269
216.933
170.9
211.563
186.461
202.475
202.026
209.619
151.693
169.564
216.834
189.719
202.88
151.904
162.908
180.561
211.496
208.557
209.299
28.27
145.582
184.963
91.6281
162.335
215.057
149.029
176.392
154.416
165.834
197.826
190.222
208.487
161.768
211.621
172.607
165.161
203.534
221.847
226.487
221.481
177.118
221.86
220.702
219.304
155.498
222.433
120.833
214.336
217.266
212.865
212.132
170.765
199.238
181.675
192.845
203.851
170.192
182.561
144.026
137.521
190.666
202.506
151.859
219.562
218.564
210.338
215.977
160.58
36.2542
174.353
163.736
163.345
199.6
111.29
128.335
187.529
210.459
144.156
154.533
185.586
64.1131
195.351
172.261
195.6
199.44
145.195
52.1791
218.433
216.013
208.42
196.559
164.972
160.751
100.818
215.579
106.161
167.551
221.16
115.564
192.683
215.087
161.317
223.071
161.877
143.342
219.135
205.352
212.496
183.727
200.593
204.277
167.82
30.3419
143.649
199.047
162.708
198.707
113.284
206.344
198.303
103.332
207.341
109.417
56.3712
208.856
203.481
165.38
120.66
215.336
183.468
16.71
11.9739
158.895
206.543
174.337
216.392
203.918
24.869
170.518
194.061
203.966
161.505
10.8418
201.624
163.262
180.869
172.267
200.524
195.496
205.791
181.971
113.296
182.402
216.446
189.297
196.337
162.929
161.423
214.975
219.821
180.033
66.5529
178.126
186.888
151.108
218.609
109.536
216.405
100.994
132.873
171.733
168.453
157.329
215.524
160.053
218.099
198.049
189.766
202.961
169.699
217.216
207.731
74.7218
219.745
167.822
199.444
206.781
191.732
162.21
114.855
208.328
173.173
204.737
143.548
158.679
207.487
172.448
217.926
104.011
214.241
114.838
157.42
181.191
218.952
213.693
223.827
165.968
146.772
201.721
171.663
214.855
218.456
173.397
215.245
218.568
29.5348
199.336
126.796
158.957
13.9811
157.193
184.386
215.715
161.214
213.386
201.896
206.868
172.228
150.66
161.713
196.626
162.712
205.478
207.288
160.271
115.863
91.4328
203.961
207.89
157.92
195.58
199.873
221.973
219.012
219.075
222.412
100.442
103.201
215.403
160.296
211.426
213.791
186.216
9.63092
201.169
159.745
110.91
145.099
206.9
186.146
235.298
177.753
216.966
164.422
169.012
220.769
155.623
159.931
162.188
194.772
30.786
218.543
155.884
196.274
160.611
210.147
206.567
158.303
219.222
210.581
218.467
219.242
225.719
207.728
258.914
197.24
197.339
206.495
205.001
131.95
102.403
144.6
198.698
155.171
35.9831
218.644
124.46
160.002
218.646
159.17
205.262
145.683
217.233
199.026
160.65
171.074
217.001
202.803
189.071
203.608
215.541
196.596
165.18
220.361
193.335
217.293
199.685
191.367
143.166
205.458
214.749
202.014
211.92
153.84
96.982
214.817
165.704
172.774
175.193
150.19
198.467
206.995
170.667
159.082
205.794
196.559
151.336
197.021
185.194
81.949
214.161
203.156
218.547
209.547
200.051
204.116
218.849
131.382
201.846
148.184
170.434
162.298
191.082
218.508
212.198
215.028
257.291
197.72
217.623
158.48
214.582
161.739
208.934
159.459
190.203
199.312
198.793
193.836
190.909
222.448
204.43
201.851
101.189
172.217
158.394
149.959
161.436
183.829
194.124
219.156
215.974
162.595
171.437
204.774
220.034
182.236
184.631
177.185
245.518
72.9461
179.721
209.982
219.48
217.314
206.245
218.206
199.929
178.63
165.257
219.404
205.314
150.7
98.9802
166.67
219.584
175.411
15.8429
218.065
203.776
210.393
28.9519
62.32
211.059
245.275
188.63
15.4541
168.508
205.797
176.483
220.303
192.187
177.306
162.187
255.443
215.381
218.284
30.4689
214.268
200.099
207.612
171.454
204.786
198.367
213.338
147.965
209.593
201.499
174.914
161.192
132.49
199.633
214.965
170.697
203.841
204.397
212.783
218.368
151.29
215.846
181.588
199.07
220.203
171.256
164.289
76.7081
256.681
149.618
208.925
170.553
142.809
197.977
120.49
220.396
214.436
190.582
134.129
195.201
216.618
14.802
156.617
145.421
215.659
197.518
164.158
147.246
204.231
212.264
157.008
162.415
162.963
209.507
220.162
167.585
113.484
218.398
154.934
200.127
166.096
72.3169
218.596
216.017
202.457
206.853
208.501
204.957
212.183
155.061
198.982
161.797
155.232
204.506
186.088
161.092
202.355
208.615
106.607
163.697
211.047
160.168
157.005
133.729
215.497
138.231
165.526
180.792
54.8761
159.093
218.456
146.602
189.219
154.184
199.355
57.544
192.416
147.286
192.125
212.434
164.106
216.04
158.777
214.094
220.741
205.217
137.642
220.778
182.868
153.931
215.774
220.545
220.707
156.008
192.939
108.595
38.481
220.116
136.163
104.027
200.23
213.969
207.481
153.025
213.299
217.438
155.933
129.081
205.983
194.962
175.708
208.027
187.681
204.642
187.303
222.054
206.029
217.281
218.785
52.0499
166.288
209.267
195.775
220.298
165.502
154.25
214.662
188.423
161.077
164.066
203.411
171.69
158.222
140.049
213.058
201.384
174.353
167.962
207.787
189.292
202.432
170.48
162.742
180.649
214.548
189.208
220.016
42.4471
162.152
200.983
175.538
198.56
217.928
203.509
143.835
208.354
74.2421
111.038
213.294
148.027
221.676
162.621
153.082
194.372
163.151
135.056
161.408
160.943
165.584
217.969
122.951
169.241
356.083
356.52
172.792
224.254
47.3731
202.703
155.23
210.911
169.883
203.44
165.275
190.575
198.031
179.306
188.411
196.943
206.458
220.352
216.02
217.078
210.544
172.582
161.398
191.989
191.834
189.026
172.161
191.473
215.217
160.995
170.928
151.919
190.203
203.677
167.517
151.245
162.741
213.971
200.216
202.013
218.484
71.8031
158.152
200.192
195.912
217.324
174.705
166.176
156.602
220.47
218.923
214.039
157.156
65.361
141.546
168.019
247.485
133.181
217.026
211.449
185.836
163.148
211.468
219.534
194.613
147.448
214.422
215.271
205.107
200.116
32.7289
207.983
160.836
215.374
60.7371
162.528
210.577
204.804
172.212
196.648
152.286
216.591
38.2609
170.353
199.454
164.624
21.421
20.767
134.391
210.086
212.796
174.003
163.701
210.693
223.593
159.14
193.684
220.116
153.518
76.236
173.41
206.833
199.194
158.636
162.732
136.506
176.176
218.528
149.753
180.608
153.513
185.011
209.144
218.096
218.058
185.803
171.488
215.855
215.169
209.866
169.373
196.649
118.101
159.454
203.216
203.854
111.657
153.472
203.373
216.015
175.926
195.109
207.949
220.756
166.955
197.576
37.6399
219.376
111.925
208.032
215.093
213.928
176.156
180.161
206.399
204.715
198.86
214.097
212.825
160.244
138.401
214.291
220.402
220.95
218.273
175.411
219.85
210.639
198.286
165.848
215.813
180.812
209.973
214.824
208.25
221.814
206.286
204.685
196.614
32.1391
216.404
180.83
185.471
69.072
200.256
201.013
45.541
142.734
115.149
180.169
205.898
180.967
2.13909
174.489
156.158
194.587
151.206
212.077
197.936
217.373
204.347
216.505
180.661
199.492
209.861
189.07
159.294
217.097
160.174
192.258
108.221
164.355
175.035
212.388
203.048
219.029
223.974
216.273
137.324
169.121
215.472
159.594
182.827
217.302
210.199
219.231
198.204
96.1659
30.216
173.489
206.029
211.337
209.227
213.151
157.568
195.088
158.949
204.271
193.591
175.602
157.955
221.164
153.644
153.069
217.583
168.295
188.521
147.08
199.526
216.602
213.255
216.408
217.507
202.616
82.3641
159.254
199.23
160.388
143.685
209.592
215.819
157.973
141.005
28.9478
139.956
143.878
168.128
155.928
206.218
109.626
157.297
214.268
132.746
181.636
151.406
164.757
174.572
156.952
183.12
216.361
213.323
102.406
172.875
236.513
212.408
217.088
198.425
159.449
217.559
215.868
211.761
159.231
200.045
188.577
165.819
197.209
138.526
174.54
217.866
131.324
209.919
206.139
163.341
218.201
180.579
156.706
121.844
164.556
197.259
178.836
141.417
203.613
151.493
204.047
130.254
165.128
163.846
200.419
170.775
185.921
201.849
201.2
148.785
205.633
153.363
215.684
214.093
202.132
187.402
197.415
111.642
159.026
217.365
219.419
178.09
202.675
196.852
161.254
222.816
206.811
168.033
5.84722
64.5809
158.291
156.487
206.876
133.504
131.938
216.79
157.096
65.1441
176.616
203.74
218.367
6.35886
202.774
204.754
222.268
156.773
192.077
179.393
196.233
158.803
187.945
178.116
166.673
165.96
170.523
163.076
155.807
38.5342
213.449
207.762
184.124
154.614
194.969
142.063
155.497
123.607
184.091
206.509
217.167
199.654
184.93
209.15
200.209
30.8261
219.758
219.173
154.882
167.574
169.756
223.477
174.947
137.983
198.157
129.202
105.574
204.652
123.59
131.087
106.007
196.213
188.018
30.5338
215.639
202.982
156.611
170.542
203.587
208.733
205.566
203.347
166.194
208.034
172.342
159.384
172.074
213.14
197.495
155.856
128.325
187.82
6.96397
202.565
204.955
169.802
197.169
252.936
195.738
196.905
192.889
216.179
203.736
196.806
164.949
199.427
231.942
219.179
96.885
188.335
220.973
222.791
162.352
218.824
204.63
161.709
199.476
184.6
262.138
200.939
185.691
116.367
180.764
220.452
159.869
172.989
206.455
223.73
163.406
203.389
218.763
160.274
196.294
214.662
215.72
96.8261
212.729
200.79
154.782
173.101
214.724
121.397
138.657
203.553
101.954
144.154
198.983
122.546
201.552
218.596
205.03
218.636
210.874
209.506
193.121
149.862
152.987
204.86
218.711
212.548
82.5281
166.808
218.017
145.368
235.601
189.34
168.623
170.506
215.605
216.91
164.971
7.62296
175.149
194.215
220.703
196.598
153.956
146.417
10.3679
203.516
209.957
163.586
217.97
192.366
161.402
140.287
163.717
209.788
202.746
116.853
217.085
143.774
165.616
174.23
31.703
174.669
160.82
173.449
206.968
140.469
163.255
190.982
189.632
160.844
175.937
198.547
214.253
165.152
197.385
185.264
203.741
161.078
219.097
160.142
222.665
218.764
164.803
209.297
103.6
192.522
189.715
217.338
219.209
215.159
222.658
222.248
218.844
54.7919
208.927
222.139
173.271
205.314
165.698
206.595
217.972
42.3641
154.634
197.191
195.646
28.7619
176.046
219.333
202.445
154.433
158.253
211.886
201.382
188.897
160.599
219.724
157.689
162.319
41.5988
178.106
30.6001
37.6
154.749
172.007
62.134
63.612
218.446
197.399
160.015
218.045
209.192
30.7069
215.345
217.723
201.599
196.598
195.955
199.288
177.199
148.284
151.688
79.8099
205.744
191.793
212.216
210.077
209.47
174.318
196.247
121.061
72.185
110.973
151.622
215.723
216.032
214.7
195.318
213.146
159.771
208.308
158.9
217.825
203.822
185.578
140.403
206.542
161.797
217.385
212.808
211.848
75.3431
218.27
172.349
217.077
183.008
62.1312
215.763
211.987
75.3112
216.761
156.357
195.539
215.321
213.093
73.946
214.85
76.757
203.953
199.31
207.112
217.091
149.458
222.459
155.562
205.524
216.387
187.918
171.983
202.285
199.26
201.064
204.643
164.227
197.979
166.439
198.334
198.907
163.83
200.424
198.743
160.969
220.844
192.251
218.46
170.263
156.77
222.56
218.744
158.302
184.678
206.469
204.076
215.082
191.639
209.084
265.976
127.174
139.364
201.198
189.627
81.229
199.928
180.95
215.361
154.951
199.585
159.954
203.811
206.857
151.118
199.416
217.799
179.656
206.155
187.397
217.553
202.773
215.147
198.837
186.371
202.231
219.236
125.623
184.968
213.414
212.808
206.609
183.542
219.525
149.986
32.161
208.692
208.879
217.169
169.143
162.031
191.55
151.795
164.66
45.1081
204.975
146.755
214.996
212.73
208.189
220.025
215.275
219.229
153.787
213.532
150.554
190.102
214.549
7.51305
129.617
113.868
22.893
165.578
41.0459
154.692
215.259
214.782
206.468
168.745
215.193
211.791
98.871
219.256
179.55
77.8449
214.818
216.012
209.515
197.767
192.565
218.812
207.153
204.999
199.819
205.499
158.106
216.332
204.876
222.352
138.949
130.486
35.984
200.803
185.773
143.139
214.503
148.766
203.902
191.954
216.061
196.555
161.231
198.714
138.618
207.79
31.5819
155.09
221.353
107.702
175.755
167.49
158.104
198.173
155.224
143.303
161.071
91.089
214.538
154.499
168.525
213.529
165.154
171.796
187.342
172.769
174.462
194.664
198.767
159.69
95.6039
169.743
197.574
189.797
214.973
206.277
172.228
161.036
215.23
162.055
219.044
49.387
216.751
131.417
138.654
214.986
54.769
164.67
214.201
212.926
75.0952
216.547
195.8
158.695
209.345
160.285
145.899
47.7638
216.846
198.928
181.859
161.328
82.7131
220.185
189.521
19.8281
187.776
174.997
215.646
212.68
202.595
178.218
207.511
129.972
181.381
215.352
174.89
203.883
218.536
191.003
217.141
195.165
166.117
220.572
221.044
190.15
182.421
152.857
171.589
201.174
166.534
163.483
176.959
213.265
218.779
161.524
151.436
36.0539
196.087
171.673
171.781
203.837
174.718
184.476
202.515
213.699
221.144
215.852
71.8262
219.373
211.18
205.876
188.155
218.914
216.884
217.014
187.399
198.343
141.706
198.796
217.377
146.32
161.951
163.123
206.502
212.758
65.335
168.661
166.255
181.665
199.691
219.958
215.959
122.658
197.158
195.718
172.756
216.773
174.813
198.614
215.863
120.829
203.907
160.515
191.25
160.477
197.278
196.211
188.354
239.733
174.969
218.893
203.455
171.05
197.933
220.631
164.479
193.09
190.693
169.72
206.874
85.6199
152.775
216.594
91.1379
154.804
219.259
59.1969
189.523
151.844
196.796
172.336
220.401
202.749
136.016
190.312
209.385
146.981
210.171
220.083
217.394
165.466
215.53
110.496
215.532
205.605
161.742
213.825
207.74
198.92
219.906
191.963
220.246
217.537
201.721
153.697
215.934
220.591
159.588
218.954
168.461
222.904
217.508
203.943
205.363
205.999
202.766
41.4071
192.261
188.262
204.959
174.025
158.8
214.944
206.506
199.907
220.191
216.687
221.772
172.251
193.05
192.526
124.056
192.554
170.283
197.676
206.451
75.891
212.646
166.54
212.308
217.471
214.114
130.517
195.816
216.737
218.685
218.501
254.93
218.137
217.635
202.722
215.3
162.541
193.649
166.942
152.727
216.26
166.71
85.3322
215.913
166.432
214.149
205.124
175.054
193.025
219.604
164.996
204.759
208.646
198.619
156.064
158.383
110.457
199.579
213.604
175.689
216.666
211.016
191.057
207.487
220.712
191.717
213.271
212.527
196.528
92.5109
217.223
163.938
188.18
220.746
169.912
208.752
217.81
148.793
175.488
177.812
213.165
187.316
199.668
96.3352
173.592
206.855
216.382
162.039
215.439
214.76
151.03
193.556
199.388
165.817
163.914
135.229
218.198
118.165
166.362
154.625
160.719
156.378
168.723
133.68
216.954
222.708
92.7992
191.22
162.631
220.857
215.041
44.8208
199.67
172.136
72.355
183.354
73.281
162.959
111.326
183.309
202.622
218.155
168.792
200.981
153.741
157.324
196.446
175.364
162.701
193.729
218.709
209.172
197.577
119.1
214.801
216.355
202.051
166.89
80.3781
215.589
199.766
175.7
217.89
162.226
219.36
212.47
147.628
206.243
190.518
216.969
213.838
203.166
193.043
193.105
201.658
146.655
135.384
170.324
205.951
173.639
132.357
215.5
213.628
207.686
217.073
162.822
168.489
169.306
186.023
192.287
159.505
167.907
137.345
210.074
152.577
202.786
155.798
207.469
166.995
218.365
218.443
170.635
215.286
185.485
1.80292
217.339
160.477
195.094
201.459
202.006
171.383
211.286
175.313
198.162
145.653
157.219
124.208
220.446
187.192
195.755
196.792
95.0611
214.241
205.678
217.22
211.85
156.674
186.249
198.272
202.098
192.824
216.997
203.513
220.505
169.457
219.01
171.614
21.5559
210.86
218.687
207.387
108.339
214.86
195.026
169.474
64.0779
198.018
196.915
169.792
186.152
193.065
162.04
195.723
198.092
124.398
217.388
202.946
194.52
163.406
171.335
151.172
197.281
198.025
191.341
219.282
158.548
209.705
193.267
199.005
213.897
181.373
158.487
206.635
130.269
204.094
159.976
12.651
202.226
217.445
206.014
58.9991
202.367
166.964
123.265
204.007
143.321
219.454
220.068
6.33907
216.781
179.013
218.135
163.337
166.27
60.4219
141.98
213.493
138.443
204.091
202.146
126.233
123.47
181.903
164.397
128.204
161.021
205.019
217.721
202.946
200.938
214.99
169.363
15.1749
113.032
138.662
200.523
188.563
216.681
102.276
216.557
186.479
179.483
155.603
219.319
132.221
213.41
167.349
142.451
214.316
150.569
7.16519
179.388
146.689
216.588
206.064
215.459
150.045
163.864
98.7539
207.885
211.489
106.267
201.226
217.009
139.543
142.156
160.854
213.473
167.299
198.802
206.025
221.391
207.057
171.753
219.206
201.199
125.801
134.204
219.502
216.818
218.152
217.312
218.91
212.186
171.234
198.599
173.462
202.3
199.767
175.87
50.245
204.271
221.085
185.452
204.996
164.609
166.287
73.576
173.165
164.126
194.994
197.102
221.329
143.755
203.095
205.554
211.032
157.312
136.54
189.425
170.714
218.191
172.389
153.028
205.047
208.097
144.732
82.1168
158.738
186.691
191.661
211.257
217.683
208.036
218.601
217.206
206.533
160.533
14.7779
108.589
157.597
222.201
176.355
162.128
205.015
196.718
37.7488
200.631
210.182
200.731
197.435
214.856
96.498
190.801
215.089
202.702
177.717
158.152
215.092
192.519
217.123
117.164
68.579
125.756
218.311
151.586
157.099
44.0059
200.176
203.353
141.947
216.909
57.4391
162.122
139.24
166.787
203.945
166.945
190.065
161.937
206.952
162.93
200.785
201.68
220.621
165.045
166.108
110.801
202.6
212.058
165.578
141.827
30.38
214.689
62.1829
219.287
178.959
150.185
185.145
162.097
163.849
170.532
211.467
196.79
217.775
166.019
164.797
221.343
209.106
213.917
215.897
152.636
213.924
153.277
168.661
160.259
151.852
199.98
213.689
218.872
168.906
195.97
199.712
216.08
219.146
29.2349
190.899
159.116
218.02
186.485
203.585
195.433
219.581
200.792
165.607
219.635
161.854
201.549
120.489
154.024
203.947
68.285
217.639
216.91
180.827
214.262
184.541
188.332
218.083
159.948
88.2339
205.906
167.478
217.158
169.021
200.069
206.345
185.463
215.631
5.36704
171.657
196.807
198.931
206.852
218.948
190.056
208.928
194.328
14.339
204.515
179.939
181.895
161.833
153.564
195.626
203.086
176.645
174.107
209.157
218.027
207.087
155.072
203.989
173.356
200.709
214.784
160.662
113.364
179.704
171.369
219.115
140.529
205.575
188.673
215.402
164.707
168.118
190.846
76.4301
154.699
196.976
124.217
216.847
203.039
212.91
173.665
207.415
160.954
212.539
197.209
190.567
220.658
218.662
145.688
210.279
172.663
147.16
169.111
204.85
215.261
216.937
141.696
217.627
189.073
172.98
211.657
194.908
170.629
197.128
187.33
139.225
201.475
130.958
154.098
192.111
163.467
118.003
184.867
207.187
189.179
142.259
209.227
195.108
193.777
182.009
32.1159
200.187
138.824
213.927
173.921
217.594
152.943
216.883
217.59
217.92
49.535
217.183
184.95
159.328
215.972
153.378
200.302
175.124
218.643
212.903
201.004
