12 
147 
75 
291 
147 
147 
147 
147 
12 
89 
147 
291 
39 
147 
147 
147 
12 
21 
111 
255 
147 
39 
291 
291 
147 
291 
282 
147 
255 
291 
107 
147 
21 
219 
147 
147 
111 
291 
165 
147 
147 
147 
75 
147 
147 
242 
147 
219 
147 
269 
143 
147 
147 
237 
147 
147 
21 
147 
291 
219 
273 
147 
291 
147 
147 
197 
183 
147 
116 
147 
282 
75 
75 
75 
147 
147 
291 
291 
147 
174 
12 
143 
291 
165 
246 
291 
264 
246 
147 
147 
147 
147 
273 
147 
75 
264 
147 
39 
147 
147 
291 
147 
147 
75 
75 
143 
156 
147 
291 
269 
147 
147 
147 
75 
147 
147 
147 
147 
291 
291 
291 
147 
147 
75 
147 
147 
215 
147 
147 
75 
278 
291 
291 
147 
251 
314 
156 
147 
147 
179 
291 
147 
147 
413 
147 
147 
147 
39 
75 
147 
291 
147 
147 
84 
75 
291 
75 
147 
147 
291 
174 
39 
291 
75 
147 
147 
287 
147 
107 
147 
215 
147 
147 
219 
39 
75 
147 
147 
291 
147 
147 
291 
147 
147 
255 
260 
242 
156 
147 
215 
147 
147 
291 
147 
291 
291 
147 
291 
147 
147 
291 
291 
219 
147 
242 
260 
291 
147 
291 
147 
147 
75 
291 
147 
147 
269 
147 
156 
237 
206 
251 
287 
183 
39 
165 
147 
291 
147 
39 
147 
147 
147 
147 
147 
75 
147 
147 
147 
291 
75 
147 
147 
291 
269 
291 
147 
147 
147 
147 
291 
147 
291 
147 
147 
147 
147 
291 
291 
291 
291 
147 
260 
75 
201 
147 
147 
147 
291 
147 
377 
291 
147 
147 
147 
75 
291 
147 
98 
116 
147 
147 
147 
147 
147 
147 
39 
147 
291 
116 
147 
210 
291 
147 
147 
327 
147 
147 
147 
197 
224 
147 
147 
147 
147 
242 
287 
147 
215 
147 
75 
39 
291 
273 
147 
291 
147 
147 
143 
147 
134 
12 
75 
12 
147 
242 
147 
98 
147 
147 
147 
143 
147 
165 
233 
75 
147 
147 
147 
147 
242 
39 
147 
237 
39 
147 
264 
147 
147 
170 
147 
147 
147 
147 
39 
291 
291 
39 
147 
165 
75 
21 
147 
147 
291 
147 
147 
39 
147 
75 
75 
224 
291 
147 
278 
147 
291 
147 
291 
291 
291 
147 
291 
444 
147 
206 
210 
147 
147 
147 
147 
291 
147 
449 
291 
147 
147 
291 
147 
291 
147 
147 
111 
147 
147 
147 
147 
147 
147 
147 
107 
147 
134 
291 
75 
147 
188 
287 
147 
147 
147 
147 
147 
89 
147 
228 
75 
12 
12 
147 
147 
147 
273 
147 
147 
147 
291 
269 
291 
273 
219 
147 
147 
147 
273 
291 
147 
147 
291 
147 
255 
147 
147 
147 
264 
147 
147 
147 
291 
12 
147 
75 
12 
39 
147 
179 
147 
75 
147 
147 
242 
147 
147 
147 
147 
17 
291 
291 
12 
75 
39 
147 
75 
12 
107 
201 
147 
147 
12 
75 
75 
116 
215 
147 
147 
75 
147 
147 
147 
147 
39 
