71 
71 
71 
17 
71 
71 
71 
71 
71 
71 
71 
71 
66 
71 
71 
62 
71 
71 
71 
71 
71 
71 
71 
71 
71 
71 
71 
71 
71 
71 
71 
66 
71 
71 
12 
48 
71 
71 
71 
21 
71 
71 
71 
71 
71 
71 
53 
71 
71 
71 
71 
71 
71 
53 
71 
71 
71 
71 
71 
12 
71 
53 
71 
71 
71 
71 
71 
71 
71 
39 
71 
71 
71 
3 
12 
71 
71 
21 
48 
71 
71 
71 
71 
71 
71 
71 
71 
71 
71 
71 
12 
71 
71 
71 
71 
71 
71 
71 
71 
71 
71 
71 
71 
71 
71 
39 
71 
71 
71 
39 
71 
71 
71 
71 
71 
71 
71 
71 
71 
71 
71 
71 
71 
71 
71 
71 
71 
71 
71 
71 
71 
71 
71 
71 
8 
71 
71 
71 
71 
71 
17 
71 
39 
71 
71 
21 
71 
3 
71 
57 
71 
71 
3 
71 
71 
71 
71 
71 
71 
71 
71 
71 
71 
71 
71 
71 
21 
3 
71 
71 
71 
71 
71 
71 
71 
71 
71 
71 
71 
71 
71 
71 
71 
71 
71 
71 
21 
71 
12 
71 
71 
21 
71 
71 
71 
71 
71 
71 
71 
71 
39 
71 
71 
71 
71 
12 
71 
71 
71 
71 
71 
71 
71 
57 
71 
71 
71 
71 
71 
71 
71 
71 
71 
39 
71 
71 
71 
71 
71 
71 
71 
71 
71 
71 
71 
71 
71 
66 
12 
71 
71 
21 
8 
39 
21 
71 
71 
71 
71 
71 
71 
71 
71 
71 
71 
71 
71 
12 
71 
71 
71 
71 
71 
71 
71 
71 
71 
71 
71 
71 
71 
71 
71 
3 
71 
71 
71 
71 
71 
71 
21 
71 
71 
71 
66 
71 
71 
71 
71 
71 
71 
71 
71 
71 
35 
71 
71 
71 
71 
71 
71 
39 
71 
71 
71 
71 
71 
66 
71 
71 
71 
71 
12 
71 
71 
71 
71 
71 
39 
71 
71 
71 
71 
71 
71 
71 
71 
71 
71 
71 
71 
71 
71 
71 
71 
71 
71 
71 
71 
71 
71 
71 
71 
53 
71 
71 
71 
71 
71 
71 
71 
71 
71 
71 
71 
71 
71 
12 
71 
71 
71 
71 
3 
71 
71 
71 
71 
71 
53 
71 
3 
12 
71 
71 
48 
71 
71 
71 
71 
71 
71 
71 
71 
71 
71 
71 
71 
62 
12 
71 
71 
71 
3 
71 
71 
71 
71 
71 
71 
71 
71 
71 
71 
71 
71 
71 
71 
71 
71 
71 
71 
71 
71 
21 
39 
66 
3 
71 
35 
71 
12 
71 
71 
71 
71 
71 
66 
71 
39 
71 
71 
71 
71 
71 
71 
71 
71 
71 
71 
71 
71 
71 
71 
71 
71 
71 
21 
71 
71 
71 
71 
71 
71 
71 
71 
71 
3 
71 
71 
71 
71 
71 
71 
71 
71 
71 
71 
71 
71 
71 
71 
71 
71 
71 
71 
71 
21 
71 
71 
71 
71 
71 
71 
71 
71 
71 
71 
21 
71 
21 
71 
71 
71 
71 
71 
71 
71 
71 
71 
71 
