39 
71 
71 
39 
71 
71 
71 
71 
62 
66 
71 
71 
62 
44 
71 
21 
71 
71 
71 
71 
71 
71 
48 
48 
71 
57 
39 
71 
71 
71 
71 
66 
71 
71 
21 
21 
71 
21 
71 
3 
71 
71 
39 
71 
71 
71 
39 
71 
71 
71 
71 
71 
71 
44 
71 
71 
71 
71 
39 
3 
71 
48 
71 
71 
71 
71 
39 
71 
71 
3 
71 
71 
39 
3 
8 
71 
71 
21 
39 
71 
71 
71 
71 
12 
71 
71 
71 
71 
71 
71 
3 
71 
71 
39 
71 
71 
66 
71 
71 
71 
71 
71 
71 
71 
71 
39 
71 
71 
71 
8 
71 
71 
71 
71 
71 
71 
71 
71 
71 
53 
62 
71 
71 
71 
71 
71 
39 
71 
71 
71 
71 
71 
71 
71 
3 
71 
71 
71 
71 
35 
8 
71 
39 
71 
71 
3 
71 
3 
62 
53 
71 
71 
3 
71 
71 
71 
71 
71 
71 
71 
71 
71 
71 
71 
71 
71 
3 
3 
71 
71 
71 
71 
48 
71 
71 
71 
71 
71 
71 
57 
71 
71 
71 
71 
71 
71 
21 
71 
12 
71 
71 
21 
71 
71 
71 
71 
57 
71 
71 
71 
35 
71 
71 
71 
71 
8 
71 
39 
39 
71 
71 
71 
57 
21 
71 
71 
71 
71 
71 
35 
71 
71 
71 
8 
71 
71 
71 
71 
71 
71 
71 
71 
62 
71 
71 
71 
71 
3 
8 
71 
71 
21 
3 
39 
21 
71 
71 
71 
71 
71 
71 
71 
71 
71 
71 
71 
71 
8 
71 
71 
71 
71 
71 
71 
71 
71 
71 
39 
71 
71 
71 
71 
71 
3 
71 
71 
71 
71 
71 
71 
39 
71 
71 
71 
21 
71 
71 
71 
71 
71 
71 
71 
71 
71 
21 
71 
71 
71 
71 
71 
71 
8 
71 
71 
71 
62 
71 
62 
71 
71 
71 
71 
8 
71 
71 
71 
71 
71 
39 
71 
71 
71 
71 
71 
71 
71 
71 
71 
71 
71 
71 
48 
48 
71 
71 
71 
71 
71 
71 
71 
71 
71 
71 
21 
71 
71 
71 
71 
71 
57 
71 
71 
71 
71 
71 
71 
71 
3 
71 
71 
71 
71 
3 
71 
71 
71 
71 
71 
48 
44 
3 
3 
71 
71 
48 
71 
71 
71 
66 
71 
71 
71 
71 
71 
39 
62 
71 
21 
8 
71 
71 
66 
3 
71 
71 
71 
39 
71 
71 
71 
71 
71 
71 
71 
71 
71 
71 
71 
71 
71 
71 
71 
62 
3 
21 
62 
3 
71 
21 
71 
8 
71 
71 
71 
71 
39 
62 
71 
21 
71 
71 
71 
71 
71 
71 
71 
71 
71 
71 
71 
71 
71 
71 
71 
39 
71 
3 
71 
71 
39 
71 
71 
71 
71 
48 
71 
3 
71 
71 
71 
71 
71 
71 
71 
71 
71 
71 
71 
71 
71 
66 
3 
71 
71 
71 
71 
21 
71 
71 
71 
71 
71 
71 
71 
71 
71 
39 
3 
71 
21 
71 
48 
71 
71 
71 
71 
71 
71 
71 
71 
