0 
0 
0 
0.000999987 
0.005 
0.00999999 
0.000999987 
0 
0.159 
0 
0 
0.000999987 
0.016 
0 
0 
0 
0 
0 
0.000999987 
0.00700003 
0 
0 
0 
0.000999987 
0 
0 
0 
0.015 
0.000999987 
0.016 
0.000999987 
0 
0 
0 
0.021 
0.029 
0 
0.00199997 
0 
0.00300002 
0.017 
0 
0.035 
0 
0 
0 
0.00400001 
0 
0.000999987 
0.012 
0 
0 
0.02 
0 
0 
0.000999987 
0 
0.005 
0.00300002 
0 
0.000999987 
0.00199997 
0.00700003 
0.00199997 
0.00300002 
0 
0 
0 
0 
0 
0 
0 
0.00300002 
0 
0 
0.017 
0.00199997 
0.005 
0.00300002 
0 
0 
0 
0.014 
0.019 
0.005 
0.00599998 
0.00400001 
0.000999987 
0.000999987 
0.00800002 
0 
0 
0 
0.00700003 
0.129 
0 
0.037 
0.00700003 
0 
0.00199997 
0.089 
0.019 
0.031 
0 
0.018 
0 
0.00800002 
0 
0.00300002 
0 
0 
0 
0.000999987 
0.017 
0.08 
0.005 
0.00199997 
0.009 
0 
0.000999987 
0 
0 
0 
0.00199997 
0.012 
0 
0 
0.00300002 
0.00300002 
0 
0 
0.00199997 
0.005 
0.00199997 
0.015 
0.017 
0 
0.069 
0.009 
0 
0.00199997 
0.00400001 
0 
0.005 
0 
0 
0.012 
0.021 
0.00999999 
0.005 
0.046 
0.014 
0.012 
0.00300002 
0.02 
0.00400001 
0.000999987 
0.011 
0.024 
0 
0.00300002 
0.092 
0.005 
0 
0 
0.005 
0.00800002 
0 
0 
0.00199997 
0 
0 
0 
0 
0.00400001 
0.011 
0.014 
0.00400001 
0.011 
0.00199997 
0.013 
0.017 
0.00300002 
0 
0 
0 
0 
0 
0.00400001 
0 
0.00400001 
0.00199997 
0.00300002 
0 
0.00400001 
0.018 
0 
0.00300002 
0.012 
0 
0.000999987 
0.018 
0.005 
0.00300002 
0.00300002 
0.00199997 
0.000999987 
0.059 
0.00999999 
0 
0.041 
0.015 
0.00800002 
0 
0 
0.00199997 
0.005 
0 
0 
0 
0.000999987 
0 
0 
0 
0 
0.03 
0 
0 
0 
0.00400001 
0.015 
0 
0.00199997 
0.005 
0.016 
0.000999987 
0 
0 
0.000999987 
0 
0.000999987 
0.00199997 
0.012 
0.00199997 
0.00199997 
0.00800002 
0 
0.016 
0 
0 
0.00199997 
0 
0 
0 
0.000999987 
0 
0 
0.00199997 
0.00400001 
0 
0 
0 
0 
0 
0.00199997 
0.00199997 
0 
0.019 
0 
0 
0.00199997 
0.00400001 
0.035 
0.00199997 
0.00300002 
0.000999987 
0.00300002 
0.016 
0.000999987 
0 
0 
0 
0 
0.00199997 
0 
0 
0.000999987 
0 
0 
0.00300002 
0 
0.000999987 
0.00400001 
0.000999987 
0 
0 
0 
0 
0 
0 
0 
0.00400001 
0.00700003 
0 
0.000999987 
0.00999999 
0.000999987 
0 
0.013 
0.00400001 
0 
0 
0 
0 
0.00700003 
0.005 
0.03 
0 
0.00400001 
0 
0.000999987 
0 
0 
0.00300002 
0.000999987 
0 
0 
0 
0 
0.00999999 
0 
0 
0.005 
0.00400001 
0 
0 
0 
0.013 
0.00199997 
0.00800002 
0 
0.058 
0.000999987 
0 
0 
0 
0 
0 
0 
0.000999987 
0 
0 
0.00199997 
0.034 
0.000999987 
0.00300002 
0.00300002 
0.00300002 
0 
0 
0.013 
0 
0.000999987 
0.00300002 
0.000999987 
0.000999987 
0.062 
0.00400001 
0.104 
0.012 
0 
0 
0.00300002 
0.00999999 
0 
0.009 
0.00199997 
0.00199997 
0 
0.00999999 
0.000999987 
0 
0.00700003 
0 
0.00300002 
0.012 
0.000999987 
0.041 
0 
0.009 
0.00999999 
0.025 
0.005 
0.000999987 
0 
0.00999999 
0 
0.012 
0.00999999 
0.00400001 
0.00199997 
0 
0 
0.00300002 
0.000999987 
0.000999987 
0.012 
0.00199997 
0 
0 
0 
0 
0 
0 
0.000999987 
0.005 
0 
0 
0.000999987 
0 
0 
0 
0 
0 
0 
0 
0 
0.00800002 
0.00400001 
0.000999987 
0 
0 
0 
0 
0 
0 
0.009 
0.00700003 
0 
0.015 
0.00300002 
0.000999987 
0 
0.00800002 
0.00199997 
0.00800002 
0.005 
0.00300002 
0.00300002 
0.00300002 
0 
0.005 
0.00199997 
0.018 
0.00400001 
0.00400001 
0.00199997 
0 
0 
0 
0 
0.000999987 
0 
0.005 
0 
0.000999987 
0 
0.015 
0 
0.00199997 
0.00999999 
0.012 
0.025 
0.00400001 
0.000999987 
0.00199997 
0.011 
0.044 
0.027 
0 
0.00199997 
0.05 
0.098 
0 
0 
0.00199997 
0.012 
0.035 
0.005 
0 
0.000999987 
0.00199997 
0 
0.041 
0 
0.00199997 
0.013 
0.00300002 
0.00599998 
0 
