127.466
32.2618
154.948
152.179
76.407
121.887
111.885
19.156
100.139
66.0741
23.6571
160.254
161.191
155.593
85.603
159.628
93.775
149.331
36.8018
149.162
63.6091
170.752
151.154
155.255
123.479
117.779
130.438
105.452
40.7612
116.561
93.4601
166.394
114.031
112.847
91.0759
119.7
152.808
78.476
48.022
68.547
114.943
116.895
46.694
106.681
147.793
167.256
145.835
153.694
159.427
116.02
23.3059
87.78
129.79
153.439
77.7621
162.601
168.747
160.188
112.193
8.23879
103.623
122.653
111.98
49.973
9.07397
170.502
26.926
27.6241
160.891
78.289
140.554
156.534
107.266
158.345
134.258
119.295
143.201
127.444
155.784
145.759
125.233
118.898
125.286
153.67
29.166
93.909
153.007
143.991
77.698
102.82
166.895
97.5749
164.05
114.564
159.856
95.808
131.65
121.862
119.271
76.7379
159.025
157.542
125.866
129.326
50.1399
154.571
122.987
177.277
45.341
35.9511
166.443
95.8219
72.9661
163.32
70.8058
124.841
265.735
23.6011
69.8659
140.374
164.305
10.093
162.984
45.027
92.5078
126.371
122.679
89.736
160.55
31.589
12.789
127.971
126.039
156.284
161.772
114.885
157.602
67.7459
125.239
155.03
156.407
127.718
4.99582
100.18
88.248
37.5221
162.475
119.06
123.498
151.622
172.394
141.7
9.022
117.544
149.638
69.6781
102.462
129.721
107.22
110.594
138.386
47.3652
47.2269
128.623
161.821
166.016
106.02
124.313
128.763
91.7468
170.169
130.72
22.4378
71.1701
120.263
85.4349
98.0811
107.909
170.569
130.288
119.935
108.018
106.156
146.665
109.032
160.249
124.326
128.786
96.173
122.376
155.702
124.06
168.723
123.096
158.979
160.859
124.868
164.538
18.0809
152.013
113.998
152.056
128.165
130.144
113.081
161.223
155.915
213.16
131.831
159.751
104.344
12.9349
151.306
66.5431
158.714
117.704
126.746
163.309
96.034
76.69
148.362
123.951
166.578
71.2979
126.188
166.695
168.431
44.524
157.194
154.748
92.2849
149.814
75.6249
142.562
130.12
136.048
135.276
174.056
124.726
128.053
37.298
168.486
98.794
163.708
58.861
124.761
168.631
96.292
143.949
144.525
34.1001
58.5608
160.338
157.531
127.75
104.695
153.971
164.455
122.73
163.271
157.121
6.68311
86.4029
63.2291
54.096
103.9
138.911
145.103
70.986
157.399
172.614
37.2
163.835
17.5891
123.454
115.895
129.824
94.671
156.166
111.814
123.284
117.326
103.388
174.205
120.494
162.485
76.2439
122.554
122.852
39.773
118.824
156.607
98.2101
108.005
158.661
124.33
121.914
155.89
130.57
128.595
145.375
134.064
93.7002
78.0349
162.654
114.224
73.801
164.247
141.094
90.3311
131.443
93.147
41.059
151.645
113.249
164.581
121.555
67.934
166.236
97.9211
12.671
141.636
164.624
47.729
154.353
43.1721
157.953
92.613
164.885
153.437
115.935
170.218
165.531
103.201
47.843
117.742
86.9699
153.762
85.6509
111.921
158.33
64.651
23.0861
84.1379
118.117
130.102
167.105
125.666
115.725
119.192
68.6841
32.9509
118.684
156.571
77.7309
124.298
64.8
126.091
149.713
120.619
59.366
129.361
105.228
122.613
158.859
113.616
132.938
150.28
59.767
102.006
154.069
160.333
6.79803
116.514
112.716
143.786
53.0021
121.626
132.993
117.105
64.734
64.7199
114.814
55.588
146.55
144.897
100.111
94.2459
32.8491
116.569
82.3271
139.276
64.3928
31.7342
123.94
88.208
117.658
96.745
102.894
6.17003
151.456
112.258
117.621
161.997
130.979
151.989
157.99
163.279
164.374
170.499
149.768
159.333
130.209
151.3
87.0731
36.9148
162.525
144.244
162.133
88.7382
171.877
164.78
128.882
87.2481
174.295
160.498
108.26
163.303
69.0019
125.165
126.196
147.633
121.658
122.15
125.774
47.2469
123.429
149.193
73.1509
109.114
171.183
162.175
116.428
92.1421
118.268
143.343
93.8311
149.658
124.661
101.398
142.582
161.061
62.2039
17.2532
88.0969
123.876
89.8249
128.913
131.424
150.735
167.016
159.734
153.297
158.915
153.286
160.813
119.987
140.762
154.33
171.341
91.104
116.608
149.338
159.182
121.416
125.085
152.028
118.025
134.2
162.887
158.598
129.843
138.335
85.6199
90.2379
68.089
68.6631
138.457
74.1169
162.265
95.6862
95.8118
120.865
127.997
157.152
97.9371
108.979
161.51
131.799
89.0429
81.851
141.998
167.26
125.106
8.08287
121.632
118.271
175.01
153.807
144.884
155.306
98.4421
115.643
122.66
119.799
147.977
148.877
123.419
121.712
142.325
127.551
109.28
116.463
149.865
91.1071
153.15
168.487
152.798
22.723
100.431
115.985
161.516
94.4049
154.511
166.747
123.257
168.549
30.4639
8.04496
146.535
159.197
89.7388
34.3611
121.143
152.654
134.468
121.399
143.482
13.3481
127.247
126.911
79.4551
168.786
14.1699
156.043
160.284
165.166
152.317
156.678
76.674
111.47
116.149
158.369
60.2291
160.105
167.941
17.3821
24.883
161.105
80.3351
155.899
112.668
81.758
160.543
154.049
160.055
127.847
101.345
91.7649
156.457
159.333
122.998
171.394
121.279
121.975
22.9378
52.87
149.528
170.239
140.632
20.2971
140.31
164.03
158.517
53.3361
158.769
168.478
155.921
168.466
29.2828
142.749
56.9241
96.5221
127.128
81.7881
77.6341
107.88
117.909
160.236
30.4918
162.711
152.823
35.9311
122.593
77.7559
170.849
42.9251
123.384
53.556
95.1002
84.1939
143.71
119.941
157.269
70.8461
117.051
44.7738
32.4869
116.874
91.712
101.852
175.895
169.404
162.78
60.7178
119.447
156.211
147.185
124.579
163.758
66.066
11.723
159.139
118.173
132.45
77.58
17.674
40.9241
45.356
87.2159
5.78523
158.912
31.4651
161.908
170.09
147.328
161.959
119.793
106.581
126.359
116.561
6.84404
49.2651
67.802
104.769
21.0171
120.679
126.389
164.111
152.229
150.679
17.015
85.7289
90.0352
63.4999
80.0612
168.475
102.813
17.0939
166.675
107.272
123.33
91.8682
115.526
154.949
77.2672
172.668
138.967
161.004
26.7091
155.879
83.648
99.0889
95.983
24.447
88.3539
40.1571
150.288
107.987
167.742
160.341
79.0758
111.706
82.0479
120.394
123.707
159.062
68.1288
148.576
151.507
157.303
90.1499
110.032
41.043
116.798
174.354
164.866
116.884
118.759
121.43
105.809
111.432
165.347
111.886
112.494
88.8209
120.801
159.038
149.721
108.859
115.673
73.6361
107.287
113.093
79.818
34.0819
111.276
86.0779
159.304
14.6749
117.246
160.383
96.1709
144.829
158.009
157.681
166.291
72.2759
131.123
121.112
92.8211
65.1209
60.0312
153.416
153.963
35.3601
105.96
92.036
116.444
149.158
60.878
151.067
69.1161
108.963
111.273
63.5729
120.644
83.096
30.7081
149.069
115.501
92.5589
163.578
117.079
6.30999
160.116
22.846
11.6551
123.368
77.1229
125.867
169.314
163.325
115.743
164.783
36.7649
84.7671
174.027
35.218
66.977
155.217
126.452
47.6019
120.375
41.266
113.855
151.58
24.8048
158.574
83.2291
39.134
122.867
109.002
160.711
23.36
115.22
171.295
131.077
129.244
172.363
107.065
158.803
126.783
125.225
118.773
122.86
124.257
56.716
36.412
112.834
8.88586
90.328
87.4369
121.988
114.373
98.253
57.9321
159.539
70.3211
163.684
88.9339
85.4371
172.291
71.0981
122.404
113.531
102.523
80.9009
107.724
158.315
119.406
53.689
122.642
117.696
76.5419
153.289
78.428
147.121
117.698
121.88
152.541
166.555
81.666
59.6962
130.707
162.829
30.2601
42.129
157.848
111.917
26.6891
109.075
122.12
160.406
45.3811
162.953
101.887
126.026
175.517
90.184
73.4639
165.632
123.189
164.217
125.694
130.011
86.2219
159.595
155.489
145.622
160.041
24.0829
66.812
54.0981
92.021
78.079
125.794
158.505
118.434
121.304
122.088
34.5311
104.318
62.6531
113.763
60.3549
15.604
127.792
62.51
55.9759
153.023
113.723
92.1278
159.856
8.23689
123.33
137.039
67.7841
72.9399
154.003
49.762
134.023
87.3051
163.562
160.336
17.7221
141.784
127.317
127.315
144.759
21.0218
164.163
96.828
123.252
68.192
41.003
33.812
156.001
169.375
42.0911
126.291
45.0239
154.443
171.259
36.2399
1.791
87.0779
112.512
43.205
108.712
112.817
123.684
54.7321
129.733
73.4849
153.005
97.0929
146.242
166.44
21.039
152.739
15.2521
27.061
55.974
36.6969
160.781
51.9559
30.2241
173.208
94.7351
159.172
70.1349
129.271
52.2811
85.192
87.157
133.374
129.969
152.739
125.131
80.8601
156.083
165.505
124.384
163.613
35.255
83.8099
66.6931
109.837
167.016
158.299
63.025
145.255
148.649
154.504
37.183
102.814
76.7672
128.313
121.299
142.989
167.946
135.829
155.508
169.442
153.922
133.679
118.798
172.211
93.7982
161.353
165.964
154.069
67.0831
105.009
108.921
8.75497
90.965
163.577
116.609
171.369
153.634
125.414
126.063
71.9299
104.549
119.069
54.204
55.845
47.003
117.823
118.049
125.328
144.693
106.376
155.526
152.406
19.9461
73.9701
25.0289
104.211
119.361
67.317
124.845
150.87
68.193
146.73
114.033
88.685
142.709
132.731
166.046
163.16
195.635
167.885
83.9269
115.582
137.256
151.937
58.4638
115.842
173.326
159.864
97.4081
19.515
38.244
111.67
100.076
167.984
171.167
34.4071
90.4238
111.776
36.4289
28.713
120.889
24.4231
157.791
99.7791
43.6099
69.252
144.812
173.08
154.205
113.264
6.00219
158.265
84.0921
40.7159
173.149
162.648
73.6229
47.9531
17.1819
18.2481
123.213
120.407
148.9
126.999
25.2452
163.864
70.4021
108.898
176.846
124.057
67.662
15.43
163.964
121.932
122.968
117.352
145.46
116.028
121.937
93.503
92.8521
109.573
151.761
102.171
60.1609
152.222
121.822
151.855
42.0401
122.449
126.797
41.842
124.638
126.93
27.1361
162.894
134.08
165.398
162.06
145.826
167.164
119.963
164.099
128.227
123.15
166.487
160.486
132.664
5.31101
112.021
132.419
85.3209
126.021
105.436
162.376
83.0131
148.091
113.992
100.706
56.124
120.371
77.147
8.17108
172.411
159.25
52.2141
82.381
106.208
145.19
121.501
167.246
60.4479
171.481
128.919
162.954
154.947
64.2462
92.351
150.731
116.854
122.634
77.162
7.15089
121.761
119.913
121.145
112.817
29.1498
32.891
170.609
158.864
52.0029
163.434
66.4802
19.1219
96.2341
30.972
115.251
113.434
135.395
88.0649
3.2661
160.599
154.842
79.6139
163.246
23.452
63.5068
115.665
85.109
76.031
154.865
130.828
103.746
120.842
133.66
143.177
161.508
39.3531
105.207
83.4801
144.223
134.455
79.8781
152.871
152.446
118.009
127.377
152.75
133.906
165.457
68.1629
115.46
159.669
162.21
153.876
70.101
102.605
138.203
18.3802
83.3309
99.9579
173.804
109.56
131.75
136.453
149.44
122.342
92.684
119.477
163.957
129.565
59.4311
98.9909
121.985
37.5319
31.852
114.268
137.329
162.984
61.5389
127.942
63.8821
153.665
104.405
138.559
122.691
166.474
100.985
172.369
110.366
164.958
142.08
8.816
160.048
13.5088
152.913
165.146
172.481
117.319
120.724
159.743
91.923
94.378
6.43897
129.077
152.471
60.812
163.109
72.6869
152.243
168.982
155.554
118.183
99.113
122.65
169.144
35.054
160.917
124.962
61.0089
147.405
148.798
96.6899
112.334
37.0891
95.448
21.934
129.182
115.658
173.957
114.827
164.714
68.042
12.8071
134.446
128.44
158.828
114.609
158.587
120.015
121.424
109.932
41.693
91.856
103.752
65.5291
20.2808
156.954
116.857
65.891
156.716
116.429
139.332
117.943
122.439
174.365
122.913
127.667
156.416
110.91
72.7341
107.992
113.387
134.708
26.1879
123.444
53.0851
114.258
128.531
113.461
6.91605
143.509
158.858
50.0178
162.507
118.955
31.7819
44.7621
160.716
166.453
65.16
30.5688
136.55
157.153
150.082
114.857
112.308
52.4321
107.731
111.461
130.963
98.3679
158.247
70.3399
31.739
149.432
85.6991
161.73
162.969
142.727
91.9471
89.381
36.5071
109.485
71.4459
119.066
160.943
60.765
129.084
79.0019
5.1229
88.2871
125.381
45.0749
114.691
55.5379
163.207
152.851
164.045
156.717
10.8221
164.765
136.208
172.94
47.559
87.435
145.978
169.215
153.116
114.093
122.918
68.4421
61.177
43.5941
121.245
40.3721
134.033
164.48
8.46314
46.8161
143.303
122.816
128.669
86.7848
154.657
121.113
124.646
62.186
109.844
131.63
123.952
83.2522
152.342
81.0339
131.034
159.588
160.762
163.934
119.015
28.9509
31.92
122.816
166.438
88.3851
125.791
24.5459
160.632
113.537
124.546
88.1848
158.689
174.483
32.9192
161.698
155.343
151.333
140.266
68.4202
29.067
157.743
35.3529
15.81
115.992
168.136
57.9972
160.464
31.0478
148.371
49.9098
126.918
120.558
6.57105
88.932
147.449
160.255
96.3249
69.4432
159.112
147.913
152.803
163.258
134.91
87.3449
141.742
110.884
115.144
125.23
146.373
133.27
120.396
119.82
175.117
111.813
166.413
106.233
67.7321
40.7939
109.952
117.202
159.093
118.456
131.563
159.2
131.362
114.544
121.006
78.44
128.489
111.47
38.0712
167.954
122.911
172.303
3.36289
98.048
30.4451
73.2279
56.396
89.596
15.2061
126.581
118.808
57.673
176.629
142.127
130.34
36.1321
95.412
105.542
16.5989
120.594
56.232
148.38
156.176
47.164
160.69
164.796
164.999
122.237
20.5281
50.4038
62.474
113.97
111.923
10.4258
163.737
122.795
36.063
56.8311
70.8189
61.3692
56.5109
12.331
159.596
163.095
126.268
126.413
113.243
48.775
112.037
102.858
84.564
171
127.331
90.0049
146.932
20.685
50.4491
153.82
156.496
159.544
169.76
105.827
169.629
128.002
157.431
153.946
125.926
126.904
126.138
111.067
163.272
99.741
94.095
93.786
23.9689
159.917
80.8821
148.462
61.9888
114.804
53.6852
136.039
65.824
42.402
129.013
164.802
14.704
155.63
16.9868
151.303
77.93
116.329
110.013
86.0879
99.725
114.775
128.9
100.194
84.425
22.0101
124.584
160.725
67.8
88.356
164.935
68.939
112.711
11.307
160.413
119.498
120.461
71.866
127.005
165.388
12.0711
172.968
148.187
171.752
66.4811
61.1119
160.206
157.557
152.583
139.743
151.644
71.9759
148.452
86.9639
81.722
159.412
44.8289
123.866
100.808
162.871
49.1412
168.778
121.839
159.78
20.483
172.177
129.251
164.129
163.715
4.09412
15.6279
208.552
176.75
96.097
160.829
61.4951
81.1279
148.083
158.635
7.31397
89.267
128.272
125.889
147.559
106.548
111.758
120.847
115.083
160.365
165.307
84.595
52.223
136.182
158.314
159.174
6.04105
96.1781
156.139
87.966
86.3621
115.836
23.6421
40.8061
73.7391
90.7838
163.106
173.05
162.989
95.098
47.713
92.3579
78.001
124.297
148.783
111.209
162.802
150.873
164.72
159.299
89.0579
60.3621
164.418
170.444
117.555
115.877
125.69
137.818
144.225
113.452
138.965
84.2719
152.222
146.783
158.977
159.936
119.86
157.202
161.46
146.047
155.211
107.029
123.051
166.004
162.503
97.446
135.019
85.767
67.8351
99.529
156.428
127.275
76.3268
113.672
150.097
168.519
124.199
149.27
152.948
86.0159
116.762
119.614
166.315
129.743
111.093
162.867
53.277
120.037
51.527
67.3451
161.139
20.452
160.911
155.112
116.365
170.334
144.38
126.629
148.801
124.678
178.884
18.2669
85.8099
127.891
167.072
84.214
14.5302
147.422
23.041
168.919
122.626
119.661
131.629
126.706
34.4911
62.098
126.135
160.461
164.946
152.024
36.1171
109.325
63.38
162.624
141.748
89.3381
126.768
37.699
90.8279
9.30905
166.424
152.488
41.4281
159.743
123.501
117.911
40.565
125.769
117.329
118.749
123.866
162.09
15.317
129.162
50.344
93.6279
175.906
120.015
120.943
147.036
155.003
161.426
147.856
170.416
87.1232
43.33
173.664
41.476
3.96705
75.0079
9.15003
164.674
132.554
130.804
48.099
136.442
128.722
172.012
121.521
55.155
159.595
60.7629
84.2612
58.718
95.129
31.6219
96.1368
35.0001
120.492
96.7171
127.992
22.2752
162.967
74.3551
126.667
126.385
123.292
82.983
59.13
164.604
126.844
112.644
113.186
38.5921
102.21
41.518
160.898
21.7822
161.642
133.87
97.465
145.887
121.385
71.9781
119.605
98.768
112.705
123.062
122.665
163.938
109.313
150.325
112.048
118.806
158.448
127.023
61.6701
126.383
168.323
139.058
176.656
144.425
115.621
135.96
75.3281
164.453
56.735
114.577
173.883
121.989
97.9259
167.332
157.596
63.2579
83.6129
68.0399
95.752
146.556
102.253
158.007
112.267
168.63
129.955
109.803
4.72498
129.354
41.95
59.063
118.059
165.285
25.6419
27.6501
63.247
14.9081
29.9299
157.552
133.319
35.2299
85.5291
181.16
96.0491
55.629
171.2
157.018
174.096
141.609
125.366
98.9399
109.754
64.477
117.859
39.5219
121.375
164.706
152.491
108.548
165.462
148.026
92.2759
115.397
15.4009
170.783
132.26
178.423
118.713
167.872
142.696
101.553
120.822
45.351
161.655
158.438
136.21
153.225
128.398
116.975
68.3489
138.905
147.93
138.563
132.843
160.862
48.7669
172.245
161.057
23.0072
59.804
85.9101
34.431
22.691
14.421
95.1409
22.8331
171.553
115.354
3.77703
165.547
90.589
104.011
140.939
127.947
145.795
87.4522
137.468
165.248
105.337
159.527
159.465
135.058
160.864
108.542
31.9819
124.04
119.304
18.4138
97.5411
155.754
155.142
56.041
139.642
133.313
120.862
24.5838
159.967
165.789
116.452
111.15
80.9278
182.56
108.153
152.653
140.347
89.8659
121.449
68.3348
104.931
92.8998
128.834
159.461
157.158
160
135.772
132.532
17.5898
115.248
155.88
145.428
138.98
122.863
158.332
165.825
114.725
161.277
66.5438
149.767
43.2088
152.181
164.831
125.663
110.8
159.7
85.9721
125.864
168.709
32.3429
165.827
140.687
122.069
140.48
146.967
77.3511
63.4389
159.58
162.267
116.925
33.231
124.516
50.6599
163.854
73.4591
137.3
58.322
113.911
118.46
128.303
167.23
150.051
100.213
118.822
159.96
120.748
161.856
80.4138
115.918
162.612
168.561
112.394
161.248
156.913
106.272
80.3699
57.1349
114.194
72.1061
48.9759
155.041
24.884
84.172
150.319
160.464
154.687
158.626
145.968
163.95
74.4002
128.953
35.202
127.864
97.234
147.016
70.9031
146.841
91.985
110.943
162.904
132.409
114.363
125.363
158.911
166.118
145.608
155.234
178.362
167.287
132.381
116.997
122.271
173.443
95.783
32.31
98.419
157.771
158.373
124.764
168.094
138.821
88.4688
45.7029
122.911
68.042
116.742
114.958
88.912
24.822
117.439
59.756
93.899
140.676
118.077
57.395
86.9169
124.339
91.8519
56.1161
72.1569
108.679
82.67
120.179
26.907
116.294
34.0359
148.385
125.554
138.861
46.3028
158.246
48.3408
98.5332
94.661
175.482
132.754
120.422
130.652
112.356
80.6451
99.659
60.9519
35.897
161.544
129.529
155.204
119.074
110.01
120.786
169.09
154.543
111.042
59.5479
150.041
105.625
137.976
133.022
174.476
45.8801
166.079
122.546
123.561
76.838
125.285
157.522
148.606
157.129
32.3548
96.9632
8.23307
103.028
126.242
123.486
172.541
57.986
111.125
78.5182
112.298
93.9009
40.4351
118.911
128.658
136.961
105.277
121.342
125.046
146.84
113.418
72.9339
88.6741
122.776
156.544
149.287
126.327
7.864
102.06
160.697
29.526
113.838
158.199
135.753
147.337
121.281
142.485
157.5
99.1361
126.768
92.082
165.455
42.752
93.91
131.961
147.999
82.5491
111.481
123.071
153.99
93.7531
104.436
67.1549
102.671
100.437
100.483
154.442
74.8
69.663
142.705
52.1681
102.693
120.036
154.493
166.708
89.7501
30.93
16.3548
72.397
153.877
160.808
122.429
87.533
8.605
140.577
39.4011
70.9419
116.551
117.144
66.2901
120.841
155.133
97.9869
106.003
156.864
137.76
165.828
142.159
161.376
93.9159
120.892
153.614
127.827
141.785
126.747
121.67
162.837
112.668
64.5909
141.387
154.356
115.463
117.876
172.58
55.6829
27.55
121.519
162.601
130.094
178.067
89.5791
165.65
112.109
37.6568
119.213
157.251
112.297
142.79
162.76
129.577
119.861
98.026
160.154
159.842
88.7828
86.4441
62.0379
158.018
100.361
107.055
6.41489
173.504
53.7159
86.4241
119.673
4.69112
122.339
156.655
55.244
112.067
26.9818
137.916
27.5052
131.037
108.644
10.303
67.7719
54.3191
156.129
137.428
21.3711
116.494
162.166
52.588
122.26
122.389
87.2331
43.6971
119.671
94.1632
128.211
91.1069
17.6401
143.258
18.2378
159.85
69.793
108.375
57.7412
20.0779
100.621
111.898
28.569
152.384
155.753
86.3731
158.223
120.513
79.3071
133.463
161.482
82.325
87.8479
58.697
120.371
155.569
52.388
118.79
109.987
104.085
60.4119
138.657
21.965
130.755
122.124
128.429
58.815
157.528
119.676
164.007
107.714
23.2649
158.288
84.439
151.058
93.698
85.65
158.237
160.225
118.855
96.3268
118.584
161.515
52.336
20.1831
126.948
127.697
20.7069
78.0251
83.2319
160.542
162.463
126.179
169.031
23.4928
118.189
12.8472
160.583
16.674
73.0009
68.485
12.0821
148.757
134.113
162.653
112.714
156.341
157.146
161.483
110.882
163.826
84.121
147.761
50.7071
34.621
162.266
20.499
84.9299
123.219
162.268
46.8919
119.893
72.212
70.401
123.031
112.054
176.153
160.477
27.9589
96.0078
115.321
164.36
116.473
84.4381
172.455
102.83
78.455
17.1142
107.118
117.822
163.794
120.979
78.44
90.0068
153.1
158.985
110.349
126.549
100.014
86.7438
129.288
151.074
57.9081
31.6629
114.158
165.809
90.0471
149.723
131.428
133.578
151.523
162.405
6.68001
100.013
162.046
86.0269
75.422
160.688
145
103.018
59.3879
31.2419
162.215
79.869
132.421
120.321
159.99
118.548
116.287
165.929
89.237
162.458
112.44
123.119
159.605
115.197
95.4199
37.657
169.571
123.208
174.359
70.461
83.7581
177.926
50.9951
87.8921
35.249
76.0732
137.731
144.552
161.405
170.26
95.9811
125.612
158.807
116.8
15.094
160.186
161.891
156.92
89.3879
121.9
70.188
101.801
83.811
46.3309
163.576
156.468
116.031
117.441
62.4449
61.2609
17.9579
111.133
141.181
118.461
39.191
54.8699
145.535
106.3
128.657
139.464
74.316
116.278
93.6322
103.101
9.58991
32.8112
16.2549
66.025
160.462
104.481
50.483
168.424
77.822
7.55095
65.125
153.08
123.303
157.691
11.3311
59.072
122.064
133.358
102.93
131.337
168.267
163.806
107.433
131.48
54.987
27.6499
131.594
115.297
96.6752
116.815
44.4491
128.297
162.345
119.906
126.065
149.017
160.769
122.438
103.859
23.5071
163.271
154.697
40.4401
34.456
97.6491
103.519
125.55
123.253
125.35
64.2219
122.198
123.841
106.146
158.728
92.1361
64.111
106.996
160.535
159.438
157.489
118.826
124.725
161.656
123.074
117.144
160.825
114.104
105.142
161.474
133.202
12.3608
123.534
163.511
167.227
44.688
136.437
22.7289
105.908
147.905
66.031
160.634
48.2199
56.3819
76.453
119.789
31.101
162.788
163.246
29.3322
97.806
122.675
122.81
105.109
173.402
120.792
159.042
54.8961
112.738
95.336
76.009
135.397
116.433
147.988
162.086
126.999
125.1
161.608
96.164
163.646
136.987
111.182
26.865
144.875
30.6439
120.197
63.2961
161.2
73.9281
164.141
161.161
88.289
13.8621
118.179
15.228
147.011
45.934
103.122
30.503
58.6021
135.941
94.6651
114.308
127.918
78.86
156.383
122.479
23.3021
90.5681
144.367
153.229
155.752
90.6689
64.44
104.502
75.3241
140.407
25.564
75.65
98.7079
47.332
153.653
160.764
106.632
120.911
123.212
19.1331
45.593
124.176
133.345
153.799
97.307
163.407
113.658
165.291
140.398
109.656
109.03
8.97002
132.848
116.688
165.77
36.4211
70.2941
19.7608
123.421
159.72
35.6479
5.97215
121.706
17.067
77.0531
111.283
121.943
75.9189
74.8761
105.708
39.9239
119.312
170.978
156.636
147.903
166.315
158.96
102.227
149.731
164.386
121.572
123.573
164.784
163.583
155.138
92.6051
78.001
3.52788
165.022
126.37
125.569
101.093
37.7619
164.842
104.594
75.5591
121.229
129.699
88.825
159.738
114.993
88.2089
127.987
99.807
93.626
132.731
19.799
163.392
162.454
153.751
164.839
90.0841
135.433
149.832
163.029
6.24204
167.952
171.825
137.504
93.7879
161.194
75.67
116.116
116.82
167.527
171.533
175.005
144.045
141.451
83.921
87.374
157.572
47.255
126.215
27.873
55.8209
133.134
89.772
55.9921
161.273
150.299
68.408
74.738
164.779
144.517
114.28
107.173
159.883
70.7152
130.234
160.163
125.475
115.153
145.569
157.201
113.355
155.359
120.362
116.719
108.174
175.333
64.285
145.868
165.465
171.154
160.534
65.5129
140.862
157.88
66.9341
156.327
74.8851
129.382
32.753
91.1009
141.69
119.52
27.756
129.564
165.343
113.956
169.955
83.477
35.655
112.354
116.488
164.03
101.24
57.9169
34.3618
123.706
118.139
111.084
120.181
162.582
26.016
64.0571
133.432
134.707
71.1179
70.1029
4.38213
122.297
126.536
94.121
167.229
99.242
114.542
44.5781
164.039
30.683
167.335
177.972
37.147
146.465
154.893
158.147
172.44
123.309
83.1349
163.019
84.0712
148.794
130.196
129.423
109.63
159.059
31.1482
67.8239
150.688
94.2781
115.069
84.0759
164.776
121.761
37.3499
157.639
89.581
24.251
165.082
119.229
50.1759
53.1039
138.959
123.07
16.6419
11.8191
80.663
176.841
38.4841
126.358
127.124
25.008
80.2481
127.917
95.6578
110.315
10.4971
78.64
47.7979
56.0191
167.601
148.783
125.286
152.837
28.1949
62.3629
160.241
158.696
77.3249
145.705
99.9181
48.486
160.108
171.84
101.088
26.926
63.467
143.47
81.7628
161.982
26.967
124.164
39.048
90.05
49.6202
78.223
89.5889
157.008
123.06
71.064
96.638
45.7571
140.927
165.402
171.336
162.331
16.4909
122.328
163.655
84.228
122.26
94.878
162.93
23.1512
161.896
171.876
158.886
25.4149
158.768
36.576
174.519
168.883
43.067
116.037
40.6001
144.12
118.697
167.812
153.682
176.886
152.909
149.506
96.334
145.011
114.406
127.203
112.562
167.636
161.996
29.779
129.607
94.1679
159.727
14.4911
108.766
67.1389
108.619
161.812
147.871
47.4381
116.743
169.548
67.6281
162.46
93.9269
119.969
122.223
118.987
91.0439
25.7521
31.553
118.828
120.067
162.537
126.562
144.527
125.645
123.194
124.383
122.549
100.307
33.637
165.162
164.551
119.211
161.609
58.2559
9.66096
86.4501
163.253
60.1928
144.982
147.997
121.598
221.883
119.444
160.725
167.222
75.6371
119.548
127.168
89.2451
113.612
130.369
7.5469
150.478
50.1349
149.287
49.124
158.242
124.954
104.066
173.694
99.1631
161.335
159.797
169.677
157.688
126.144
128.039
159.901
111.418
155.238
45.6219
104.98
26.5121
146.649
113.288
35.7239
162.872
80.791
119.676
123.839
145.162
159.147
144.134
147.796
153.79
69.2649
50.4661
120.513
93.436
84.444
117.481
160.019
93.4551
162.314
117.127
122.6
128.433
89.2999
125.283
135.337
130.826
165.074
121.364
97.4622
155.58
14.2441
158.588
63.4689
73.302
128.934
97.9922
90.0118
95.037
66.6568
62.7911
160.893
145.036
54.5208
107.092
38.4181
28.1959
163.631
156.425
156.969
81.2991
152.741
100.517
111.689
85.835
162.67
55.6309
129.424
80.308
46.8731
160.786
156.472
170.955
52.9051
168.802
160.423
118.305
165.232
10.524
123.001
9.69005
137.443
141.452
114.79
148.72
138.289
166.903
119.669
157.325
44.534
103.396
126.904
110.031
34.5871
94.115
85.2089
164.905
120.31
89.7419
88.32
123.701
72.906
151.033
82.5739
66.817
122.337
24.5941
157.574
95.9971
176.786
155.364
119.785
127.289
154.979
88.696
86.6342
156.344
160.99
75.284
99.673
105.146
128.753
163.47
16.448
167.625
112.87
127.001
29.0511
6.52695
125.782
120.92
130.453
5.5871
80.3208
105.013
60.8239
164.517
74.9559
119.284
145.437
113.644
153.448
163.01
30.6461
163.468
149.009
124.506
127.499
90.9209
153.901
79.6039
44.8532
109.515
104.06
116.183
132.861
131.659
116.571
105.517
82.9818
156.616
90.2019
113.278
85.674
99.2551
126.649
126.206
143.624
141.034
107.833
52.449
35.96
116.768
104.848
163.432
24.5831
69.128
67.8821
40.7639
127.948
158.491
145.983
32.12
144.254
158.96
10.6881
160.278
79.1152
124.074
86.894
120.864
118.647
158.997
112.945
118.524
113.506
16.917
139.843
166.199
121.16
115.371
174.085
118.795
115.572
78.928
63.381
121.64
118.724
123.886
160.607
145.584
93.5941
162.509
109.153
132.397
83.0891
113.192
122.952
121.613
164.42
140.855
111.934
34.6649
163.45
132.327
75.217
158.149
74.7972
128.734
71.5129
100.023
118.208
30.627
163.401
126.748
105.151
140.691
71.4288
44.8821
22.213
83.4632
145.033
163.204
164.171
121.96
114.655
92.2701
175.002
127.579
144.559
50.0159
125.522
53.308
37.878
72.3679
128.476
164.201
112.677
145.229
51.5771
13.1068
127.411
113.689
29.1021
66.5951
128.785
157.921
119.776
161.345
111.107
116.229
90.991
140.428
113.322
157.414
66.3352
109.404
162.265
73.6411
132.595
102.743
161.147
161.089
32.733
105.225
148.663
46.7849
162.972
125.022
102.545
136.443
128.577
152.427
142.898
154.917
81.836
58.2869
38.0661
165.145
173.944
114.618
76.9789
155.687
167.318
108.631
63.5412
105.091
106.985
107.719
63.8292
153.038
42.8841
163.203
154.217
93.3969
152.377
157.489
155.645
51.7721
149.062
12.9759
56.077
68.1231
123.391
174.819
65.408
114.043
130.382
82.633
38.0409
111.006
27.7901
161.173
163.384
78.7919
90.8451
164.806
111.582
158.509
150.654
31.5161
111.066
76.1499
163.12
166.511
151.058
98.0821
146.815
119.335
81.243
92.7701
120.689
169.299
131.41
119.265
162.305
146.251
170.773
122.082
127.452
126.449
92.33
117.336
145.347
156.012
92.0501
169.781
59.689
85.5732
151.931
27.7448
64.0152
156.948
147.514
118.667
153.938
71.825
71.6379
65.0051
166.092
132.556
125.502
129.499
169.151
159.641
178.708
171.284
173.656
150.518
59.0582
138.399
117.027
119.94
133.531
162.166
60.004
101.399
90.903
128.003
165.576
116.225
147.61
162.928
172.07
158.611
153.226
32.2959
175.285
97.1529
164.828
60.7591
125.212
122.737
156.468
160.858
87.764
108.831
116.804
39.0949
120.242
173.338
119.567
21.446
20.4999
42.4752
121.683
124.659
86.19
40.1831
121.912
166.349
68.4471
118.144
64.712
35.7618
12.3079
167.802
117.06
150.475
56.8521
161.186
137.598
94.4991
132.606
82.6089
42.505
113.15
27.5221
153.098
120.373
157.73
152.361
115.403
118.567
167.611
119.918
85.027
68.1899
40.0698
103.58
157.769
135.584
23.375
22.4259
81.3031
160.458
125.631
148.813
85.6781
129.66
107.159
157.675
37.498
158.532
60.302
145.663
161.664
172.845
130.019
61.2831
152.371
151.948
162.784
171.535
160.775
118.124
61.43
122.14
128.581
165.38
163.216
88.51
177.279
153.374
106.826
164.402
127.504
68.8391
163.009
162.07
137.252
158.187
154.792
109.486
99.937
32.181
161.443
87.173
77.4498
24.6739
122.219
114.29
23.52
91.9819
113.6
167.706
64.039
98.345
2.13885
150.577
120.337
115.151
81.1419
64.7521
60.5459
163.786
68.517
170.276
73.5929
150.508
97.944
121.398
79.926
161.797
161.541
84.9681
109.29
166.26
130.041
129.117
158.776
118.45
132.261
162.449
47.0979
105.333
159.592
159.765
98.1441
161.839
145.649
119.855
118.44
18.7631
5.13411
42.3179
144.623
160.781
112.577
61.5802
63.4348
54.4279
161.891
163.544
73.0319
176.43
108.518
163.501
155.164
67.502
98.834
98.7
151.491
26.335
125.04
170.895
160.995
94.6419
167.208
119.916
12.3179
105.637
131.577
92.1769
55.738
124.845
123.523
111.284
87.008
29.6979
64.9679
102.62
173.491
160.055
122.068
111.956
118.493
166.937
83.704
139.491
116.759
167.918
105.391
139.632
75.624
123.81
151.346
105.833
133.042
113.699
131.546
160.703
157.386
119.528
173.901
136.69
114.459
36.1512
155.323
69.3591
152.428
131.935
144.315
179.619
124.646
75.3889
106.472
161.551
126.527
127.109
128.752
158.547
52.5031
147.583
150.404
104.351
139.232
141.822
7.52902
157.945
64.07
140.19
164.246
153.323
121.153
126.845
105.795
117.597
101.848
159.644
157.119
166.329
162.891
117.112
85.4371
123.089
21.0779
165.267
109.033
76.709
94.6579
153.234
48.208
150.473
163.888
100.967
169.181
6.0041
30.5281
121.591
154.646
144.806
48.6181
131.472
174.797
158.436
21.6818
176.487
157.552
125.65
6.43516
156.475
154.174
124.861
155.762
160.797
124.392
127.619
119.111
124.133
100.827
119.276
114.709
121.966
161.623
116.366
14.9939
125.108
118.377
53.293
141.226
141.241
56.839
14.0369
74.3141
76.756
158.77
131.988
159.895
96.4439
148.093
112.968
31.626
113.367
165.571
113.768
89.179
166.178
147.644
130.542
29.1681
151.047
99.6869
13.0911
157.924
47.302
6.95181
60.8351
114.356
156.408
5.17106
121.906
128.406
58.233
17.5099
161.596
161.399
115.477
114.63
132.917
164.009
130.75
88.2821
119.499
163.434
155.077
156.566
126.69
118.742
6.68406
99.1828
87.9302
134.067
123.114
110.919
138.581
156.119
149.795
165.518
164.467
90.2691
120.392
128.06
172.682
124.094
79.55
109.567
165.492
165.174
61.6219
146.928
122.883
133.08
161.861
169.218
151.658
127.555
122.33
64.2221
126.901
97.9071
126.461
162.615
149.797
127.765
89.3099
145.683
98.243
144.534
152.336
118.904
167.771
60.7669
166.67
155.282
63.4489
116.207
169.309
76.4019
17.9379
149.872
55.3281
19.3141
97.99
30.4689
76.874
84.327
134.177
159.477
42.8901
162.753
144.778
64.893
86.473
117.159
131.939
118.625
40.0369
127.713
125.229
54.9119
27.4742
130.417
114.162
171.078
151.786
80.7331
125.277
7.48897
125.234
144.494
174.084
95.5739
110.964
97.671
2.74706
151.942
121.458
125.391
125.681
102.208
165.787
91.9802
125.809
126.693
160.365
30.406
164.783
129.669
115.686
38.0988
7.09987
40.9572
162.795
169.59
154.458
79.411
76.534
82.0408
140.096
135.856
107.797
102.296
116.135
161.995
126.169
69.3491
161.726
163.16
162.516
158.203
130.693
111.133
160.697
157.29
46.715
63.782
84.713
163.727
130.147
168.79
130.446
173.535
110.994
55.6369
110.582
157.251
96.3609
118.789
131.854
153.786
122.155
8.55088
106.827
150.134
113.314
7.18594
69.519
128.036
68.3119
113.386
112.198
154.916
150.119
68.773
103.83
132.825
124.594
96.951
23.14
129.652
31.2309
38.3928
56.5741
177.679
43.36
63
84.408
147.275
93.1609
161.449
149.554
31.0352
168.908
119.773
125.922
110.74
57.4968
155.327
120.431
112.706
144.287
81.1529
153.649
99.6401
171.143
92.962
147.276
123.982
126.942
110.198
23.5932
11.0729
155.735
163.236
114.316
158.994
116.689
166.264
117.04
160.83
157.936
101.115
151.855
125.255
98.906
160.263
95.253
117.831
124.794
126.843
21.132
161.146
98.2039
162.813
50.2889
37.276
158.198
153.329
19.1739
169.198
154.623
168.162
113.986
100.873
28.9769
127.645
30.71
121.362
113.479
135.405
158.84
61.3689
169.044
155.009
156.555
158.621
57.4729
33.2351
177.684
65.3489
167.601
164.983
123.873
142
45.9611
140.474
152.554
166.68
106.861
121.923
99.2131
118.687
130.549
169.01
108.33
148.855
167.087
119.146
120.972
135.831
130.641
67.627
154.823
117.828
155.991
216.864
35.0289
115.838
81.1172
127.583
17.23
120.058
104.327
75.5079
117.075
109.074
115.654
153.625
145.785
153.396
75.4828
165.687
100.893
134.483
52.5079
162.651
106.814
163.33
72.747
141.227
155.268
127.359
73.848
66.3221
153.424
116.591
126.711
90.7738
165.993
115.958
4.91595
120.834
67.2638
165.742
119.72
167.471
35.249
104.636
38.3859
20.8151
163.136
149.643
82.365
121.364
161.262
59.068
116.556
166.476
108.488
173.545
151.104
164.825
162.674
7.88188
69.804
113.448
22.758
111.393
39.6621
37.189
62.0749
121.776
160.056
87.7409
113.44
129.422
64.0059
165.734
102.721
57.6801
63.354
130.612
151.898
119.265
158.037
129.771
124.204
158.32
95.994
40.772
129.001
164.976
170.437
129.226
87.316
69.2101
30.4492
121.142
59.783
21.9181
164.467
63.1769
156.972
153.676
166.161
47.0309
120.089
98.217
30.5362
125.364
10.4339
7.17306
174.677
19.9571
92.262
117.584
127.519
151.353
156.991
55.2201
119.91
25.5949
171.795
153.41
123.756
107.503
61.6729
171.01
157.954
134.97
159.724
26.027
109.999
161.911
38.687
162.39
147.502
58.0292
170.371
162.503
84.46
136.103
161.457
149.525
159.804
29.0592
124.988
48.9242
83.5679
131.185
31.1041
127.87
147.642
168.829
47.39
147.903
123.069
39.3569
112.904
73.046
62.7801
23.0908
167.346
82.6972
84.976
86.189
44.3649
129.795
102.572
20.0229
115.056
70.2941
167.353
100.01
131.502
38.9552
161.207
67.354
69.1409
118.562
126.042
129.59
128.967
164.574
150.262
104.226
82.583
164.562
128.136
94.373
118.337
45.583
121.284
146.549
72.7968
51.2838
69.602
129.532
81.2111
54.935
13.4089
35.5232
60.9469
120.521
172.782
160.765
58.4891
40.3991
79.9029
117.957
119.765
99.1189
19.0101
122.709
126.671
159.597
82.5419
166.252
90.2979
160.308
62.2809
146.673
84.053
103.092
119.434
11.6549
159.991
162.419
144.987
157.886
66.015
124.969
107.178
112.678
151.405
161.409
110.967
122.414
153.845
100.068
117.768
144.387
111.909
25.1641
163.216
70.8389
166.298
34.343
96.2059
162.605
147.588
123.457
170.898
162.545
47.605
127.385
95.9401
167.268
107.896
125.215
163.303
36.227
133.681
168.105
123.685
28.616
100.406
172.566
62.921
106.146
174.913
29.3851
150.347
119.21
28.1949
171.245
170.582
167.271
137.856
165.384
162.995
141.605
156.044
176.659
119.644
153.39
175.384
61.5959
123.888
55.8538
123.323
161.414
101.952
136.459
159.322
133.444
156.067
132.68
152.588
104.08
157.556
161.503
105.891
162.545
39.022
127.257
116.836
141.286
151.16
124.732
83.6611
40.642
116.116
74.898
126.174
132.411
116.521
115.004
118.258
56.7269
169.894
161.925
156.962
96.1468
100.676
145.913
29.557
126.508
35.2089
167.1
100.09
17.8158
100.866
164.406
156.582
121.075
122.329
39.2909
102.655
149.753
161.408
171.279
149.285
133.988
164.181
107.38
125.291
124.114
148.859
75.0692
110.533
155.351
169.367
41.5461
169.853
167.503
97.6501
174.148
122.529
52.6719
161.695
127.425
123.318
160.205
42.0358
41.3342
23.1349
45.023
156.287
124.921
131.142
125.583
175.715
174.833
121.668
164.998
160.16
168.535
66.3791
134.109
71.362
166.577
84.6601
63.8611
156.99
127.658
157.925
125.176
108.369
127.454
85.103
73.6589
149.238
102.851
58.6741
90.168
108.625
127.194
122.473
126.949
170.511
103.742
41.7831
124.801
152.34
127.213
99.3681
162.102
72.181
152.86
111.974
126.146
84.933
157.417
18.6179
127.405
168.789
20.9012
142.907
165.689
122.84
61.3658
29.659
112.56
63.1771
61.6119
151.014
45.9261
120.083
111.38
146.698
111.566
170.393
65.2211
107.275
156.229
67.235
103.466
175.166
73.5929
110.935
127.259
159.017
122.602
119.415
160.84
131.84
163.385
92.262
9.51195
127.888
169.803
126.712
127.545
147.123
127.238
144.312
148.198
116.881
94.9199
162.104
154.4
150.999
115.667
87.1069
115.181
95.5601
51.45
57.4691
140.878
108.928
45.9561
115.127
157.193
111.323
117.95
122.098
159.016
173.102
96.4749
168.952
70.4999
117.916
136.563
47.394
31.323
125.481
154.429
162.773
6.36792
126.614
164.15
54.672
162.804
123.81
1.72496
116.123
79.3509
130.843
131.946
111.198
122.637
57.1759
176.732
73.2551
140.933
157.946
122.363
98.413
129.522
121.981
102.833
69.0989
123.415
115.125
167.665
158.823
104.022
85.5641
154.334
149.738
90.7881
126.212
149.86
128.009
84.7471
91.609
124.726
21.189
102.069
122.77
161.351
37.1022
155.173
170.678
171.091
28.1799
84.8191
144.578
54.7092
136.64
146.584
117.271
64.487
153.627
70.0011
162.4
119.34
148.363
99.7679
174.728
78.018
124.626
145.016
117.173
162.96
122.619
145.759
138.693
115.599
174.865
101.928
77.5928
88.9649
52.382
129.035
163.982
5.03016
107.19
119.077
150.143
24.3449
156.011
159.414
53.4759
119.693
88.222
167.114
59.1052
1.89304
160.859
97.342
125.626
165.672
97.805
59.4749
57.4911
158.644
84.0929
113.12
108.395
8.94094
36.6809
90.1051
117.271
15.7809
159.904
116.121
171.357
48.7728
84.085
121.762
130.409
15.002
114.247
92.69
151.133
96.417
174.128
101.471
120.364
150.264
104.38
69.283
125.829
48.0049
172.358
97.574
100.101
48.388
44.0872
7.22694
126.053
66.8728
120.504
85.2211
124.17
58.2559
122.963
38.0251
157.252
155.157
107.835
151.459
137.384
25.193
121.935
68.311
112.941
163.012
85.7658
159.468
116.696
155.241
92.2742
175.895
124.146
71.877
117.576
121.668
119.919
164.469
161.118
123.22
105.552
64.5969
82.5229
83.3342
55.6469
171.477
80.1599
22.1002
124.068
98.3059
75.2361
153.583
95.0339
116.749
17.1909
48.996
163.959
133.405
139.531
128.152
109.306
136.219
114.548
104.96
81.4791
135.22
56.0369
54.9212
122.474
171.989
40.4658
153.089
138.528
44.029
42.454
155.686
85.6018
162.887
118.529
163.387
158.964
160.339
161.894
162.334
112.666
8.70299
55.9151
58.5721
129.38
175.554
43.0288
63.211
113.856
7.21097
132.097
69.665
143.473
113.612
171.489
56.699
62.8469
125.21
145.29
93.9391
159.871
130.097
76.895
161.933
50.7219
15.7089
66.072
147.633
110.216
70.0359
10.3991
113.547
153.194
69.6189
123.441
33.411
118.857
128.141
166.892
121.694
143.981
113.618
104.127
112.978
162.772
159.74
147.533
154.407
158.433
52.6969
45.269
113.437
157.691
121.412
38.9791
29.969
158.555
9.54103
110.225
60.5638
153.009
72.156
119.551
164.038
143.959
162.276
158.326
159.138
40.3831
165.306
162.937
159.766
87.7111
154.752
99.4129
126.247
149.366
112.449
93.452
71.6619
123.694
162.846
163.4
170.806
20.678
134.803
158.352
166.328
11.229
90.6971
108.34
126.41
66.354
120.244
107.553
164.92
70.251
89.643
38.949
112.429
105.49
32.4919
106.036
121.766
12.213
161.098
139.605
155.127
121.507
47.8039
54.5712
124.966
127.554
36.0749
122.904
66.6492
115.675
60.8969
129.138
161.309
98.6049
121.936
5.22494
89.1669
104.856
123.036
158.129
170.395
83.823
122.383
94.2838
14.2651
104.326
112.191
114.152
49.67
111.981
64.265
160.865
119.02
128.07
157.393
118.828
151.179
155.88
150.935
99.4689
174.069
174.877
162.62
59.411
82.7661
137.476
125.544
94.9528
150.919
131.15
163.633
142.792
131.424
136.057
58.408
99.6001
99.344
84.5759
137.572
123.864
169.448
150.699
120.7
136.663
163.1
76.159
135.027
165.002
122.711
38.115
159.828
137.347
69.2391
119.474
77.3211
159.86
122.095
78.51
125.36
103.243
92.011
120.586
113.952
18.8429
113.285
119.2
51.5189
162.904
57.9832
156.338
89.886
56.8061
117.749
77.0721
101.473
113.01
54.074
160.573
92.998
150.94
152.251
12.8741
101.662
139.464
120.273
157.927
169.491
85.979
131.214
124.112
108.967
28.975
125.165
64.1971
123.276
173.15
81.0032
115.624
108.441
124.656
143.335
157.723
