16.9241
116.678
41.3232
221.435
171.973
90.3759
186.855
207.443
3.94011
74.892
179.15
229.678
15.8889
175.424
155.7
187.671
17.375
40.7782
70.298
156.05
171.56
40.9451
158.934
203.96
159.233
180.567
169.003
117.719
146.743
294.401
60.7519
115.212
25.2409
158.281
180.279
173.904
95.0689
195.529
125.055
180.968
178.086
157.122
90.8599
168.945
166.456
149.152
177.617
152.304
202.508
190.269
103.262
187.711
157.347
153.176
186.542
208.772
36.6881
179.36
176.06
210.068
174.526
165.7
201.081
88.424
205.317
144.827
142.154
151.221
103.199
193.171
205.672
77.244
104.163
65.2158
114.658
101.017
253.61
259.371
191.03
90.6579
16.881
158.9
177.983
152.783
170.856
149.314
143.211
164.459
98.352
148.136
108.28
74.2381
128.771
149.297
74.3971
194.645
63.972
28.506
84.7762
178.466
187.721
67.5731
98.675
79.092
96.736
115.902
190.008
96.7081
207.358
174.431
189.259
76.6912
179.968
52.171
87.9111
92.627
197.397
182.497
185.186
289.424
208.402
87.4212
162.416
202.751
83.173
184.598
124.553
194.426
126.463
86.591
134.004
183.127
178.986
116.3
234.681
313.032
123.288
170.6
96.3511
145.309
166.416
89.154
153.581
243.162
154.445
141.776
71.229
39.927
47.492
110.249
182.042
151.507
80.148
86.7782
74.2638
174.746
131.242
86.195
120.543
191.433
177.392
20.1709
184.085
56.4799
116.308
184.372
187.079
134.311
91.2652
201.395
122.97
74.3182
91.785
131.468
43.9909
48.1379
100.894
110.73
252.509
202.072
91.8179
207.639
159.068
120.481
190.254
185.865
180.287
129.293
177.483
147.221
125.327
195.183
207.087
167.337
235.192
195.717
106.323
191.756
189.171
208.679
153.674
190.626
122.019
166.561
173.434
172.168
219.577
167.718
197.332
103.616
114.206
48.192
187.915
150.658
172.471
189.008
112.352
186.162
179.46
150.779
173.492
202.093
100.889
87.7719
131.049
156.001
146.42
115.317
39.4561
63.58
172.127
147.493
174.985
181.667
55.088
137.24
173.903
114.343
287.422
66.4492
112.009
187.283
209.24
170.889
198.547
147.604
200.281
94.1682
180.196
216.144
248.615
199.947
187.18
127.308
146.684
139.521
271.187
173.603
172.207
202.1
119.384
162.155
65.5701
185.112
194.535
186.381
182.162
312.825
204.087
283.346
165.442
190.062
76.869
126.462
96.539
196.976
173.638
99.0949
78.5201
117.471
199.601
109.994
151.081
109.23
169.907
56.5438
195.21
245.864
98.9239
134.484
157.525
184.729
177.282
168.227
195.274
105.835
168.091
143.635
150.347
194.743
204.805
176.863
170.529
190.862
163.868
177.093
175.226
117.747
192.117
49.8819
27.41
206.547
154.843
160.521
172.021
184.286
175.905
107.54
98.887
114.397
16.252
63.21
10.7791
75.5689
169.28
168.74
59.1481
114.853
172.495
111.971
113.751
168.613
163.02
115.111
145.197
96.338
113.864
171.626
176.582
177.307
36.695
187.875
129.402
40.6899
170.852
198.635
77.071
186.567
134.57
132.287
202.943
158.571
195.279
38.311
143.772
340.281
9.99689
109.088
128.374
54.8549
4.96793
153.773
95.562
152.699
178.044
210.717
24.9588
94.5592
46.478
62.5839
163.129
201.085
167.268
259.871
90.7519
173.227
166.513
206.197
327.324
314.356
111.006
189.691
262.542
166.035
154.072
143.893
110.973
87.435
185.781
191.736
169.302
173.705
270.655
167.34
175.421
173.576
212.584
191.82
249.132
172.134
188.848
96.415
58.635
69.7939
116.127
115.146
102.618
105.033
99.489
196.784
197.871
110.403
208.381
67.4109
191.964
248.818
151.812
165.864
108.21
161.305
184.166
207.677
66.5681
148.315
184.833
106.02
15.6178
12.516
137.017
99.2072
151.18
140.737
117.433
181.71
182.942
231.597
191.266
169.342
152.017
143.597
95.598
118.682
184.293
155.958
180.353
109.304
118.022
192.182
158.18
172.155
175.695
200.575
146.889
165.923
96.2951
196.118
203.15
212.709
25.672
162.671
112.121
4.76599
27.1869
180.314
83.7109
182.237
25.367
107.199
80.1251
262.495
95.3319
186.547
84.9099
202.932
6.06203
241.213
320.378
7.20191
68.548
40.3109
57.101
60.7102
6.23488
46.9902
104.065
163.989
81.5699
9.85718
112.916
115.496
92.0949
154.485
198.177
87.163
60.42
153.874
159.877
187.702
107.718
64.2071
