0 
0.00999999 
0 
0.06 
0.03 
0.03 
0.25 
0.09 
0.27 
0 
0.13 
0.04 
0.04 
0 
0.11 
0.17 
0.02 
0 
0.03 
0.11 
0.14 
0 
0.06 
0.12 
0.17 
0.00999999 
0.06 
0.13 
0.03 
0.22 
0.03 
0 
0 
0.02 
0.13 
0.12 
0 
0.08 
0.03 
0.1 
0.17 
0.12 
0.27 
0.29 
0.02 
0.00999999 
0.09 
0.02 
0.03 
0.14 
0.02 
0 
0.25 
0 
0.03 
0.05 
0.00999999 
0.18 
0.22 
0.00999999 
0.06 
0.03 
0.09 
0.16 
0.16 
0.00999999 
0.02 
0.08 
0 
0.21 
0.02 
0 
0.03 
0 
0.02 
0.13 
0.09 
0.12 
0.09 
0 
0 
0.12 
0.23 
0.13 
0.06 
0.09 
0.06 
0.07 
0.06 
0.15 
0.02 
0.03 
0.00999999 
0.33 
0.17 
0.02 
0.11 
0.1 
0.06 
0.18 
0.21 
0.05 
0.13 
0.00999999 
0.15 
0 
0.12 
0 
0.03 
0.00999999 
0.00999999 
0.03 
0.03 
0.04 
0.18 
0.02 
0.13 
0.05 
0.04 
0.23 
0.05 
0 
0 
0.08 
0.05 
0.02 
0 
0.00999999 
0.2 
0.08 
0.02 
0.05 
0.26 
0.00999999 
0.23 
0.19 
0.08 
0.12 
0 
0.02 
0.03 
0.03 
0.04 
0.00999999 
0.00999999 
0 
0.11 
0.07 
0.19 
0.05 
0.33 
0.04 
0.13 
0.08 
0.2 
0.11 
0.03 
0.08 
0.12 
0.00999999 
0.04 
0.17 
0.29 
0.00999999 
0.00999999 
0.11 
0.1 
0 
0 
0.04 
0 
0 
0.13 
0 
0.05 
0.07 
0.37 
0.08 
0.13 
0.29 
0.1 
0.15 
0.12 
0 
0.00999999 
0.06 
0 
0.08 
0.07 
0.00999999 
0.00999999 
0.05 
0.04 
0.08 
0.07 
0.18 
0.02 
0.03 
0.05 
0.04 
0.11 
0.05 
0.16 
0.00999999 
0.15 
0.03 
0.09 
0.2 
0.1 
0 
0.09 
0.07 
0.08 
0.07 
0.05 
0.12 
0 
0.04 
0.05 
0.05 
0.00999999 
0.09 
0.02 
0 
0.06 
0.35 
0 
0 
0 
0.03 
0.17 
0 
0.04 
0.35 
0.36 
0 
0.03 
0.00999999 
0.06 
0 
0.14 
0.02 
0.06 
0.13 
0.07 
0.03 
0.15 
0 
0 
0.03 
0.06 
0.00999999 
0.11 
0.09 
0.03 
0.04 
0.07 
0.12 
0.08 
0.02 
0.06 
0.07 
0.02 
0.09 
0.1 
0.06 
0.03 
0.22 
0 
0.08 
0.06 
0.35 
0.17 
0 
0 
0.09 
0.04 
0.12 
0.00999999 
0 
0.03 
0.02 
0.00999999 
0.22 
0 
0.06 
0.06 
0.05 
0 
0.16 
0.06 
0.03 
0.06 
0.06 
0 
0.05 
0.00999999 
0 
0 
0.04 
0.08 
0.35 
0.16 
0.03 
0.1 
0.11 
0.05 
0.00999999 
0.17 
0 
0 
0.03 
0.09 
0.02 
0.15 
0.27 
0.15 
0 
0.07 
0.00999999 
0.02 
0 
0 
0.07 
0.03 
0.05 
0.02 
0.05 
0.04 
0.12 
0.00999999 
0 
0.04 
0.04 
0.02 
0 
0.00999999 
0.14 
0.14 
0.16 
0 
0.23 
0 
0.03 
0.05 
0.03 
0 
0.06 
0.00999999 
0.04 
0.06 
0 
0.03 
0.09 
0.02 
0.12 
0 
0.05 
0.02 
0.03 
0.04 
0.07 
0.03 
0.03 
0.06 
0.09 
0.18 
0.03 
0.13 
0.18 
0.03 
0.00999999 
0.11 
0.13 
0 
0.14 
0.05 
0.07 
0.11 
0.00999999 
0.05 
0.19 
0.11 
0.14 
0.03 
0.04 
0.04 
0.12 
0.02 
0.06 
0.07 
0.14 
0.08 
0.05 
0.11 
0.09 
0.07 
0.13 
0.06 
0.27 
0.13 
0 
0.03 
0.00999999 
0.09 
0 
0.1 
0 
0 
0.13 
0.09 
0 
0.04 
0.02 
0.23 
0.05 
0.03 
0.05 
0.02 
0.11 
0 
0.00999999 
0.00999999 
0.00999999 
0.03 
0.00999999 
0.09 
0 
0.04 
0.02 
0 
0 
0 
0.06 
0.02 
0.06 
0.05 
0.12 
0.00999999 
0.05 
0.05 
0.05 
0 
0.16 
0.12 
0.07 
0.07 
0.14 
0.12 
0.11 
0.14 
0.03 
0.02 
0.2 
0.08 
0.07 
0.03 
0 
0 
0 
0.00999999 
0.03 
0.02 
0.18 
0 
0.05 
0.00999999 
0.24 
0 
0.13 
0.07 
0.18 
0.14 
0.02 
0.03 
0.09 
0.19 
0.03 
0.22 
0 
0.08 
0.16 
0.05 
0.00999999 
0.03 
0.05 
0 
0.24 
0.00999999 
0.03 
0.07 
0.04 
0.00999999 
0.25 
0.22 
0.08 
0.04 
0.14 
0.19 
0 
