12 
147 
75 
341 
273 
147 
291 
291 
12 
93 
273 
408 
39 
242 
273 
291 
12 
39 
116 
260 
291 
39 
291 
291 
291 
291 
287 
179 
260 
516 
111 
147 
21 
224 
264 
255 
116 
305 
170 
291 
291 
291 
129 
291 
224 
246 
291 
224 
291 
291 
147 
255 
291 
242 
260 
291 
39 
291 
291 
291 
278 
246 
305 
165 
309 
201 
188 
264 
120 
291 
287 
93 
147 
75 
147 
147 
381 
440 
291 
179 
12 
237 
291 
269 
251 
291 
269 
251 
161 
291 
147 
147 
278 
291 
147 
269 
147 
39 
147 
264 
291 
147 
147 
147 
147 
147 
291 
152 
291 
273 
291 
152 
255 
75 
147 
147 
291 
291 
291 
449 
305 
201 
219 
291 
147 
314 
219 
291 
188 
147 
282 
309 
291 
147 
408 
530 
269 
291 
147 
183 
291 
147 
291 
417 
233 
188 
147 
75 
107 
233 
291 
291 
147 
147 
147 
291 
201 
147 
197 
291 
291 
39 
336 
107 
147 
291 
291 
170 
111 
291 
219 
147 
170 
224 
57 
75 
147 
147 
386 
291 
147 
359 
291 
147 
260 
264 
246 
269 
291 
219 
215 
291 
291 
291 
341 
291 
197 
291 
291 
291 
291 
291 
224 
242 
246 
264 
350 
291 
291 
147 
179 
75 
291 
278 
291 
291 
197 
291 
242 
210 
255 
291 
188 
107 
170 
291 
291 
147 
39 
147 
273 
197 
291 
291 
75 
219 
242 
147 
462 
75 
147 
291 
377 
273 
291 
197 
291 
147 
242 
300 
417 
291 
291 
165 
233 
210 
503 
327 
291 
291 
147 
264 
75 
291 
291 
291 
251 
570 
291 
471 
291 
291 
147 
156 
147 
291 
255 
147 
120 
147 
282 
147 
215 
147 
228 
75 
291 
404 
120 
291 
215 
291 
242 
273 
332 
147 
291 
188 
201 
291 
282 
291 
291 
273 
246 
291 
291 
219 
291 
75 
39 
291 
278 
264 
291 
291 
291 
147 
179 
138 
21 
75 
12 
147 
246 
291 
102 
156 
291 
147 
147 
233 
242 
237 
237 
147 
197 
300 
291 
246 
39 
291 
242 
39 
291 
269 
174 
291 
174 
215 
291 
215 
291 
53 
291 
570 
39 
147 
170 
75 
21 
278 
161 
291 
278 
318 
39 
147 
75 
75 
228 
350 
251 
440 
197 
291 
291 
323 
525 
552 
147 
291 
449 
291 
210 
215 
147 
147 
282 
291 
291 
255 
453 
291 
291 
291 
404 
291 
435 
291 
291 
116 
147 
165 
147 
147 
147 
147 
147 
291 
291 
138 
291 
75 
291 
377 
291 
269 
147 
242 
251 
291 
93 
197 
291 
156 
21 
21 
251 
188 
201 
278 
147 
260 
246 
336 
273 
291 
278 
224 
147 
147 
246 
278 
291 
147 
201 
291 
219 
260 
291 
291 
197 
291 
147 
291 
291 
291 
21 
237 
147 
17 
75 
291 
183 
255 
75 
147 
170 
399 
147 
291 
147 
291 
21 
372 
575 
21 
147 
39 
147 
75 
12 
111 
206 
224 
147 
21 
147 
147 
147 
219 
291 
147 
75 
291 
237 
291 
147 
75 
