0.648 
0.707 
0.596 
0.651 
0.85 
0.703 
0.825 
0.713 
0.846 
0.988 
0.983 
0.63 
0.761 
0.662 
0.817 
0.549 
0.546 
0.572 
0.958 
0.616 
0.989 
0.58 
0.56 
0.635 
0.581 
0.687 
0.962 
0.568 
0.641 
0.574 
0.603 
0.578 
0.626 
0.983 
0.792 
0.574 
0.684 
0.67 
0.968 
0.917 
0.541 
0.6 
0.838 
0.773 
0.544 
0.632 
0.607 
0.552 
0.599 
0.893 
0.952 
0.545 
0.585 
0.561 
0.576 
0.592 
0.619 
0.743 
0.619 
0.977 
0.733 
0.573 
0.604 
0.787 
0.99 
0.685 
0.659 
0.846 
0.597 
0.885 
0.579 
0.561 
0.593 
0.558 
0.626 
0.563 
0.619 
0.977 
0.573 
0.812 
0.984 
0.569 
0.819 
0.571 
0.871 
0.861 
0.538 
0.595 
0.9 
0.598 
0.553 
0.874 
0.546 
0.562 
0.57 
0.984 
0.567 
0.99 
0.554 
0.59 
0.611 
0.562 
0.657 
0.681 
0.683 
0.553 
0.608 
0.568 
0.598 
0.852 
0.55 
0.577 
0.569 
0.556 
0.692 
0.607 
0.604 
0.851 
0.746 
0.838 
0.573 
0.952 
0.596 
0.744 
0.597 
0.567 
0.553 
0.559 
0.572 
0.985 
0.953 
0.568 
0.559 
0.585 
0.573 
0.673 
0.574 
0.927 
0.576 
0.986 
0.974 
0.589 
0.941 
0.881 
0.652 
0.989 
0.605 
0.589 
0.727 
0.586 
0.808 
0.7 
0.983 
0.858 
0.58 
0.589 
0.85 
0.858 
0.621 
0.974 
0.855 
0.99 
0.899 
0.546 
0.595 
0.553 
0.674 
0.952 
0.536 
0.585 
0.82 
0.803 
0.808 
0.713 
0.542 
0.545 
0.927 
0.574 
0.985 
0.532 
0.583 
0.568 
0.613 
0.564 
0.658 
0.644 
0.541 
0.792 
0.946 
0.542 
0.567 
0.979 
0.982 
0.58 
0.543 
0.552 
0.783 
0.54 
0.989 
0.987 
0.566 
0.602 
0.563 
0.532 
0.593 
0.544 
0.582 
0.559 
0.568 
0.58 
0.591 
0.943 
0.558 
0.968 
0.568 
0.642 
0.652 
0.553 
0.866 
0.549 
0.586 
0.556 
0.554 
0.601 
0.552 
0.555 
0.552 
0.953 
0.631 
0.555 
0.642 
0.558 
0.953 
0.556 
0.563 
0.846 
0.638 
0.784 
0.985 
0.562 
0.924 
0.543 
0.747 
0.727 
0.896 
0.578 
0.621 
0.989 
0.953 
0.873 
0.767 
0.99 
0.527 
0.531 
0.548 
0.604 
0.536 
0.54 
0.6 
0.562 
0.557 
0.98 
0.659 
0.99 
0.815 
0.55 
0.561 
0.564 
0.54 
0.642 
0.56 
0.804 
0.554 
0.843 
0.569 
0.536 
0.533 
0.549 
0.67 
0.632 
0.564 
0.54 
0.974 
0.73 
0.568 
0.548 
0.562 
0.548 
0.554 
0.833 
0.61 
0.686 
0.596 
0.794 
0.697 
0.593 
0.796 
0.561 
0.629 
0.565 
0.565 
0.563 
0.844 
0.984 
0.594 
0.622 
0.599 
0.672 
0.922 
0.56 
0.574 
0.915 
0.902 
0.625 
0.604 
0.901 
0.604 
0.598 
0.601 
0.99 
0.605 
0.568 
0.571 
0.853 
0.561 
0.7 
0.59 
0.781 
0.58 
0.592 
0.556 
0.574 
0.62 
0.611 
0.967 
0.57 
0.834 
0.744 
0.819 
0.562 
0.549 
0.855 
0.848 
0.642 
0.549 
0.634 
0.56 
0.729 
0.565 
0.983 
0.802 
0.99 
0.648 
0.527 
0.559 
0.525 
0.544 
0.984 
0.642 
0.546 
0.962 
0.557 
0.65 
0.544 
0.602 
0.572 
0.646 
0.575 
0.836 
0.817 
0.589 
0.579 
0.856 
0.678 
0.746 
0.549 
0.813 
0.562 
0.626 
0.591 
0.986 
0.714 
0.644 
0.86 
0.69 
0.639 
0.568 
0.691 
0.987 
0.859 
0.624 
0.658 
0.807 
0.98 
0.949 
0.965 
0.539 
0.546 
0.587 
0.943 
0.782 
0.715 
0.716 
0.869 
0.531 
0.587 
0.549 
0.563 
0.565 
0.987 
0.749 
0.587 
0.987 
0.606 
0.603 
0.903 
0.563 
0.557 
0.55 
0.869 
0.63 
0.572 
0.58 
0.582 
0.64 
0.602 
0.591 
0.583 
0.686 
0.582 
0.941 
0.738 
0.589 
0.59 
0.791 
0.606 
0.578 
0.612 
0.689 
0.84 
0.904 
0.595 
0.619 
0.615 
0.797 
0.616 
0.622 
0.977 
0.649 
0.623 
0.763 
0.622 
0.71 
0.929 
0.874 
0.611 
0.805 
0.988 
0.599 
0.605 
0.588 
0.715 
0.691 
0.855 
0.795 
0.583 
0.619 
0.611 
0.612 
0.785 
0.637 
0.581 
0.66 
0.672 
0.596 
0.594 
0.585 
0.599 
0.776 
0.67 
0.618 
0.569 
0.636 
0.933 
0.979 
0.762 
0.556 
0.713 
0.627 
0.539 
0.688 
0.544 
0.557 
0.545 
0.694 
0.714 
0.588 
0.575 
0.541 
0.79 
0.95 
0.537 
0.556 
0.977 
0.934 
0.956 
0.542 
0.975 
0.561 
0.57 
0.693 
0.799 
0.986 
0.53 
0.546 
0.67 
0.848 
0.55 
0.569 
0.692 
0.555 
0.853 
0.945 
0.559 
0.862 
0.582 
0.565 
0.635 
0.99 
0.565 
0.89 
0.779 
0.605 
0.566 
0.587 
0.564 
0.983 
0.97 
0.972 
0.555 
0.547 
0.973 
0.971 
0.532 
0.542 
0.843 
0.554 
0.887 
0.969 
0.596 
0.534 
0.607 
0.552 
0.979 
0.562 
0.568 
0.768 
0.561 
0.548 
0.727 
0.816 
0.577 
0.588 
0.968 
0.576 
0.587 
0.977 
0.94 
0.582 
0.59 
0.644 
0.983 
0.612 
0.581 
0.582 
0.608 
0.626 
0.572 
0.977 
0.597 
0.596 
0.587 
0.794 
0.607 
0.65 
0.849 
0.841 
0.603 
0.616 
0.613 
0.633 
0.597 
0.625 
0.594 
0.983 
0.622 
0.605 
0.607 
0.987 
0.933 
0.727 
0.975 
0.851 
0.604 
0.975 
0.588 
0.613 
0.586 
0.91 
0.979 
0.584 
0.955 
0.99 
0.574 
0.724 
0.75 
0.597 
0.985 
0.986 
0.984 
0.609 
0.546 
0.718 
0.592 
0.916 
0.545 
0.686 
0.99 
0.685 
0.986 
0.573 
0.52 
0.984 
0.535 
0.576 
0.54 
0.53 
0.565 
0.555 
0.545 
0.816 
0.897 
0.547 
0.985 
0.542 
0.564 
0.982 
0.556 
0.951 
0.987 
0.99 
0.53 
0.966 
0.55 
0.786 
0.511 
0.515 
0.525 
0.99 
0.863 
0.539 
0.935 
0.99 
0.592 
0.588 
0.711 
0.99 
0.682 
0.499 
0.544 
0.528 
0.949 
0.903 
0.514 
0.559 
0.517 
0.495 
0.762 
0.927 
0.561 
0.518 
0.83 
0.633 
0.508 
0.506 
0.781 
0.509 
0.517 
0.532 
0.673 
0.557 
0.835 
0.542 
0.729 
0.985 
0.548 
0.621 
0.565 
0.535 
0.578 
0.537 
0.877 
0.753 
0.941 
0.545 
0.99 
0.533 
0.613 
0.618 
0.729 
0.568 
0.698 
0.547 
0.99 
0.972 
0.582 
0.593 
0.567 
0.545 
0.58 
0.978 
0.677 
0.576 
0.583 
0.604 
0.978 
0.57 
0.738 
0.845 
0.643 
0.598 
0.603 
0.589 
0.595 
0.608 
0.988 
0.544 
0.589 
0.537 
0.99 
0.564 
0.56 
0.579 
0.977 
0.546 
0.569 
0.552 
0.727 
0.55 
0.678 
0.758 
0.91 
0.588 
0.564 
0.57 
0.984 
0.575 
0.769 
0.58 
0.634 
0.819 
0.644 
0.672 
0.768 
0.858 
0.595 
0.575 
0.611 
0.945 
0.602 
0.646 
0.632 
0.599 
0.903 
0.923 
0.587 
0.985 
0.976 
0.573 
0.732 
0.618 
0.795 
0.573 
0.604 
0.605 
0.904 
0.935 
0.984 
0.99 
0.64 
0.603 
0.552 
0.923 
0.556 
0.966 
0.559 
0.558 
0.686 
0.618 
0.751 
0.927 
0.584 
0.565 
0.573 
0.955 
0.596 
0.985 
0.883 
0.922 
0.583 
0.61 
0.572 
0.602 
0.609 
0.615 
0.695 
0.692 
0.99 
0.987 
0.988 
0.942 
0.572 
0.601 
0.739 
0.593 
0.59 
0.675 
0.568 
0.661 
0.583 
0.605 
0.607 
0.623 
0.932 
0.594 
0.597 
0.838 
0.813 
0.658 
0.684 
0.99 
0.986 
0.595 
0.609 
0.885 
0.883 
0.88 
0.615 
0.643 
0.701 
0.697 
0.649 
0.821 
0.701 
0.645 
0.603 
0.641 
0.938 
0.775 
0.767 
0.794 
0.649 
0.854 
0.623 
0.91 
0.607 
0.604 
0.649 
0.983 
0.679 
0.754 
0.631 
0.619 
0.632 
0.653 
0.639 
0.652 
0.656 
0.689 
0.778 
0.755 
0.968 
0.844 
0.764 
0.645 
0.896 
0.662 
0.734 
0.677 
0.982 
0.655 
0.907 
0.669 
0.677 
0.876 
0.855 
0.894 
0.658 
0.981 
0.811 
0.656 
0.674 
0.987 
0.64 
0.989 
0.665 
0.705 
0.985 
0.919 
0.843 
0.988 
0.845 
0.983 
0.705 
0.653 
0.687 
0.652 
0.716 
0.64 
0.739 
0.985 
0.641 
0.781 
0.669 
0.879 
0.96 
0.675 
0.626 
0.687 
0.981 
0.709 
0.767 
0.659 
0.982 
0.9 
0.986 
0.624 
0.621 
0.817 
0.914 
0.621 
0.622 
0.865 
0.645 
0.8 
0.819 
0.683 
0.879 
0.64 
0.893 
0.606 
0.963 
0.98 
0.61 
0.909 
0.873 
0.898 
0.814 
0.813 
0.6 
0.604 
0.828 
0.59 
0.945 
0.616 
0.921 
0.675 
0.59 
0.598 
0.971 
0.986 
0.809 
0.627 
0.636 
0.616 
0.83 
0.743 
0.977 
0.601 
0.985 
0.833 
0.99 
0.584 
0.632 
0.613 
0.986 
0.63 
0.898 
0.98 
0.548 
0.716 
0.572 
0.707 
0.844 
0.567 
0.554 
0.535 
0.553 
0.563 
0.574 
0.604 
0.581 
0.577 
0.983 
0.605 
0.987 
0.961 
0.99 
0.65 
0.62 
0.989 
0.576 
0.778 
0.839 
0.784 
0.55 
0.57 
0.793 
0.893 
0.931 
0.56 
0.57 
0.552 
0.694 
0.92 
0.552 
0.581 
0.986 
0.744 
0.971 
0.567 
0.549 
0.976 
0.602 
0.605 
0.883 
0.586 
0.56 
0.574 
0.647 
0.986 
0.551 
0.576 
0.981 
0.574 
0.888 
0.714 
0.647 
0.579 
0.806 
0.989 
0.575 
0.567 
0.859 
0.678 
0.861 
0.714 
0.786 
0.583 
0.681 
0.605 
0.935 
0.58 
0.775 
0.865 
0.553 
0.793 
0.583 
0.778 
0.584 
0.578 
0.619 
0.788 
0.626 
0.78 
0.966 
0.577 
0.886 
0.576 
0.589 
0.575 
0.614 
0.747 
0.89 
0.964 
0.603 
0.607 
0.614 
0.625 
0.966 
0.64 
0.703 
0.806 
0.762 
0.656 
0.616 
0.78 
0.657 
0.619 
0.636 
0.684 
0.665 
0.654 
0.691 
0.82 
0.99 
0.63 
0.693 
0.9 
0.61 
0.64 
0.639 
0.669 
0.95 
0.982 
0.625 
0.99 
0.645 
0.666 
0.894 
0.761 
0.665 
0.659 
0.626 
0.65 
0.97 
0.65 
0.648 
0.692 
0.969 
0.77 
0.688 
0.977 
0.929 
0.669 
0.83 
0.703 
0.652 
0.686 
0.703 
0.757 
0.657 
0.711 
0.684 
0.848 
0.634 
0.857 
0.955 
0.689 
0.651 
0.708 
0.919 
0.649 
0.631 
0.622 
0.824 
0.826 
0.981 
0.849 
0.648 
0.672 
0.687 
0.658 
0.633 
0.721 
0.687 
0.687 
0.785 
0.858 
0.683 
0.713 
0.739 
0.981 
0.914 
0.658 
0.643 
0.961 
0.643 
0.693 
0.946 
0.825 
0.989 
0.699 
0.694 
0.937 
0.927 
0.99 
0.613 
0.638 
0.986 
0.976 
0.936 
0.702 
0.625 
0.654 
0.669 
0.79 
0.9 
0.649 
0.642 
0.649 
0.651 
0.661 
0.819 
0.669 
0.985 
0.638 
0.64 
0.877 
0.66 
0.912 
0.932 
0.982 
0.641 
0.657 
0.672 
0.822 
0.763 
0.865 
0.68 
0.685 
0.639 
0.679 
0.753 
0.924 
0.597 
0.836 
0.976 
0.591 
0.738 
0.886 
0.615 
0.631 
0.583 
0.6 
0.63 
0.674 
0.612 
0.817 
0.598 
0.733 
0.642 
0.629 
0.818 
0.596 
0.871 
0.801 
0.67 
0.61 
0.636 
0.746 
0.611 
0.689 
0.772 
0.986 
0.864 
0.583 
0.647 
0.976 
0.599 
0.961 
0.71 
0.671 
0.825 
0.604 
0.624 
0.731 
0.903 
0.615 
0.983 
0.598 
0.79 
0.674 
0.603 
0.912 
0.651 
0.989 
0.688 
0.832 
0.99 
0.743 
0.711 
0.722 
0.632 
0.621 
0.607 
0.599 
0.628 
0.644 
0.773 
0.858 
0.99 
0.692 
0.658 
0.598 
0.837 
0.629 
0.666 
0.649 
0.976 
0.637 
0.617 
0.614 
0.718 
0.671 
0.653 
0.621 
0.913 
0.947 
0.614 
0.615 
0.913 
0.746 
0.63 
0.866 
0.606 
0.608 
0.64 
0.64 
0.622 
0.637 
0.639 
0.639 
0.64 
0.646 
0.624 
0.752 
0.87 
0.653 
0.678 
0.99 
0.619 
0.891 
0.655 
0.644 
0.671 
0.972 
0.705 
0.656 
0.803 
0.717 
0.643 
0.649 
0.929 
0.776 
0.627 
0.663 
0.986 
0.634 
0.649 
0.623 
0.813 
0.869 
0.643 
0.622 
0.622 
0.626 
0.91 
0.645 
0.971 
0.965 
0.642 
0.723 
0.647 
0.638 
0.654 
0.627 
0.841 
0.99 
0.688 
0.986 
0.637 
0.88 
0.988 
0.602 
0.956 
0.934 
0.58 
0.693 
0.969 
0.6 
0.896 
0.581 
0.591 
0.596 
0.627 
0.92 
0.581 
0.763 
0.609 
0.978 
0.873 
0.604 
0.969 
0.603 
0.621 
0.604 
0.982 
0.619 
0.981 
0.564 
0.984 
0.8 
0.576 
0.906 
0.9 
0.62 
0.573 
0.573 
0.757 
0.6 
0.791 
0.576 
0.598 
0.611 
0.877 
0.612 
0.987 
0.645 
0.97 
0.986 
0.581 
0.602 
0.596 
0.588 
0.811 
0.946 
0.59 
0.603 
0.853 
0.618 
0.99 
0.607 
0.926 
0.633 
0.776 
0.618 
0.964 
0.919 
0.621 
0.653 
0.672 
0.597 
0.975 
0.937 
0.62 
0.946 
0.932 
0.627 
0.988 
0.806 
0.593 
0.982 
0.6 
0.952 
0.591 
0.604 
0.843 
0.799 
0.638 
0.572 
0.667 
0.799 
0.584 
0.668 
0.597 
0.569 
0.745 
0.939 
0.94 
0.601 
0.58 
0.565 
0.618 
0.611 
0.584 
0.588 
0.662 
0.685 
0.607 
0.62 
0.983 
0.878 
0.863 
0.595 
0.6 
0.619 
0.608 
0.638 
0.785 
0.724 
0.697 
0.885 
0.768 
0.863 
0.988 
0.656 
0.633 
0.63 
0.977 
0.689 
0.69 
0.86 
0.88 
0.657 
0.842 
0.639 
0.633 
0.847 
0.749 
0.651 
0.796 
0.898 
0.973 
0.622 
0.89 
0.611 
0.99 
0.602 
0.59 
0.837 
0.72 
0.688 
0.659 
0.579 
0.941 
0.989 
0.923 
0.616 
0.619 
0.978 
0.563 
0.6 
0.776 
0.983 
0.814 
0.985 
0.717 
0.88 
0.554 
0.637 
0.58 
0.586 
0.597 
0.97 
0.691 
0.622 
0.974 
0.6 
0.625 
0.696 
0.606 
0.894 
0.643 
0.618 
0.619 
0.624 
0.71 
0.63 
0.984 
0.717 
0.626 
0.62 
0.607 
0.976 
0.63 
0.709 
0.628 
0.638 
0.63 
0.801 
0.908 
0.76 
0.73 
0.63 
0.965 
0.702 
0.841 
0.638 
0.659 
0.931 
0.735 
0.647 
0.946 
0.647 
0.969 
0.798 
0.83 
0.78 
0.803 
0.799 
0.905 
0.63 
0.876 
0.949 
0.643 
0.984 
0.617 
0.609 
0.645 
0.803 
0.614 
0.933 
0.658 
0.989 
0.607 
0.591 
0.606 
0.828 
0.61 
0.608 
0.989 
0.979 
0.595 
0.751 
0.985 
0.636 
0.583 
0.599 
0.593 
0.641 
0.602 
0.961 
0.623 
0.854 
0.619 
0.598 
0.709 
0.582 
0.645 
0.603 
0.966 
0.829 
0.591 
0.623 
0.963 
0.988 
0.621 
0.594 
0.58 
0.99 
0.89 
0.614 
0.624 
0.821 
0.666 
0.99 
0.732 
0.615 
0.622 
0.935 
0.985 
0.639 
0.748 
0.605 
0.679 
0.703 
0.99 
0.581 
0.676 
0.615 
0.629 
0.564 
0.617 
0.598 
0.551 
0.795 
0.647 
0.584 
0.756 
0.774 
0.56 
0.923 
0.833 
0.823 
0.762 
0.542 
0.988 
0.577 
0.731 
0.937 
0.809 
0.559 
0.527 
0.586 
0.608 
0.53 
0.779 
0.515 
0.561 
0.975 
0.539 
0.536 
0.524 
0.528 
0.541 
0.538 
0.532 
0.608 
0.971 
0.79 
0.548 
0.551 
0.533 
0.573 
0.521 
0.977 
0.529 
0.654 
0.552 
0.587 
0.662 
0.577 
0.561 
0.55 
0.978 
0.602 
0.844 
0.595 
0.568 
0.628 
0.773 
0.574 
0.896 
0.557 
0.671 
0.573 
0.723 
0.68 
0.986 
0.563 
0.61 
0.579 
0.678 
0.617 
0.594 
0.832 
0.597 
0.857 
0.861 
0.559 
0.99 
0.563 
0.656 
0.593 
0.981 
0.684 
0.552 
0.621 
0.585 
0.589 
0.954 
0.881 
0.978 
0.587 
0.988 
0.79 
0.567 
0.674 
0.574 
0.57 
0.579 
0.586 
0.583 
0.832 
0.877 
0.627 
0.578 
0.596 
0.649 
0.902 
0.675 
0.673 
0.575 
0.799 
0.589 
0.979 
0.934 
0.578 
0.945 
0.564 
0.614 
0.987 
0.583 
0.741 
0.692 
0.61 
0.602 
0.985 
0.589 
0.613 
0.601 
0.968 
0.86 
0.609 
0.591 
0.616 
0.635 
0.6 
0.607 
0.679 
0.633 
0.625 
0.792 
0.983 
0.986 
0.647 
0.668 
0.986 
0.635 
0.94 
0.877 
0.97 
0.699 
0.718 
0.601 
0.69 
0.624 
0.989 
0.953 
0.582 
0.602 
0.854 
0.763 
0.879 
0.945 
0.722 
0.987 
0.639 
0.566 
0.617 
0.798 
0.567 
0.967 
0.584 
0.76 
0.571 
0.605 
0.831 
0.573 
0.617 
0.622 
0.654 
0.976 
0.633 
0.989 
0.579 
0.987 
0.781 
0.653 
0.685 
0.58 
0.614 
0.953 
0.581 
0.599 
0.846 
0.598 
0.969 
0.633 
0.587 
0.639 
0.661 
0.599 
0.697 
0.973 
0.653 
0.614 
0.617 
0.77 
0.643 
0.605 
0.737 
0.624 
0.896 
0.631 
0.731 
0.641 
0.64 
0.643 
0.627 
0.972 
0.647 
0.984 
0.909 
0.696 
0.695 
0.676 
0.976 
0.635 
0.675 
0.623 
0.985 
0.622 
0.966 
0.818 
0.875 
0.615 
0.608 
0.595 
0.705 
0.877 
0.75 
0.919 
0.978 
0.703 
0.614 
0.942 
0.625 
0.738 
0.609 
0.989 
0.629 
0.607 
0.752 
0.625 
0.591 
0.647 
0.622 
0.984 
0.668 
0.908 
0.676 
0.628 
0.645 
0.68 
0.73 
0.796 
0.645 
0.626 
0.907 
0.88 
0.734 
0.72 
0.989 
0.64 
0.728 
0.854 
0.629 
0.974 
0.661 
0.626 
0.984 
0.649 
0.646 
0.65 
0.919 
0.792 
0.664 
0.974 
0.614 
0.621 
0.921 
0.804 
0.613 
0.95 
0.628 
0.841 
0.923 
0.619 
0.901 
0.622 
0.931 
0.61 
0.644 
0.973 
0.623 
0.634 
0.597 
0.614 
0.822 
0.69 
0.981 
0.857 
0.696 
0.988 
0.603 
0.735 
0.982 
0.602 
0.622 
0.87 
0.573 
0.613 
0.944 
0.834 
0.574 
0.595 
0.587 
0.982 
0.596 
0.682 
0.87 
0.651 
0.616 
0.608 
0.698 
0.608 
0.827 
0.687 
0.593 
0.728 
0.985 
0.611 
0.687 
0.753 
0.915 
0.821 
0.577 
0.61 
0.62 
0.661 
0.604 
0.987 
0.631 
0.619 
0.653 
0.756 
0.99 
0.629 
0.589 
0.592 
0.664 
0.894 
0.72 
0.605 
0.636 
0.595 
0.636 
0.72 
0.645 
0.639 
0.903 
0.74 
0.965 
0.591 
0.665 
0.638 
0.743 
0.816 
0.687 
0.765 
0.621 
0.953 
0.643 
0.987 
0.571 
0.623 
0.593 
0.633 
0.792 
0.895 
0.587 
0.714 
0.593 
0.634 
0.659 
0.796 
0.741 
0.606 
0.651 
0.66 
0.988 
0.686 
0.791 
0.977 
0.655 
0.609 
0.736 
0.676 
0.644 
0.658 
0.716 
0.71 
0.988 
0.603 
0.956 
0.926 
0.861 
0.646 
0.691 
0.612 
0.876 
0.619 
0.782 
0.645 
0.96 
0.633 
0.667 
0.639 
0.756 
0.72 
0.653 
0.849 
0.67 
0.98 
0.607 
0.658 
0.621 
0.629 
0.769 
0.956 
0.986 
0.723 
0.62 
0.654 
0.623 
0.99 
0.855 
0.86 
0.906 
0.893 
0.661 
0.626 
0.989 
0.617 
0.683 
0.888 
0.594 
0.676 
0.808 
0.728 
0.636 
0.987 
0.628 
0.747 
0.589 
0.713 
0.608 
0.852 
0.624 
0.628 
0.691 
0.989 
0.899 
0.652 
0.663 
0.678 
0.931 
0.658 
0.913 
0.624 
0.99 
0.81 
0.799 
0.624 
0.989 
0.879 
0.645 
0.706 
0.669 
0.675 
0.846 
0.632 
0.848 
0.653 
0.968 
0.937 
0.636 
0.735 
0.699 
0.649 
0.744 
0.735 
0.679 
0.665 
0.651 
0.937 
0.696 
0.754 
0.685 
0.782 
0.695 
0.63 
0.645 
0.651 
0.85 
0.713 
0.694 
0.652 
0.712 
0.65 
0.872 
0.677 
0.948 
0.651 
0.81 
0.638 
0.91 
0.99 
0.99 
0.794 
0.64 
0.728 
0.99 
0.628 
0.638 
0.65 
0.718 
0.986 
0.639 
0.669 
0.653 
0.619 
0.847 
0.859 
0.616 
0.63 
0.592 
0.977 
0.726 
0.607 
0.99 
0.643 
0.612 
0.658 
0.628 
0.624 
0.83 
0.627 
0.758 
0.596 
0.634 
0.616 
0.783 
0.743 
0.908 
0.769 
0.75 
0.631 
0.885 
0.805 
0.617 
0.624 
0.892 
0.669 
0.98 
0.99 
0.643 
0.689 
0.704 
0.654 
0.704 
0.78 
0.604 
0.683 
0.975 
0.704 
0.987 
0.918 
0.808 
0.612 
0.85 
0.628 
0.902 
0.965 
0.888 
0.913 
0.807 
0.989 
0.889 
0.627 
0.593 
0.657 
0.75 
0.707 
0.626 
0.601 
0.817 
0.577 
0.58 
0.717 
0.575 
0.902 
0.577 
0.587 
0.673 
0.656 
0.632 
0.984 
0.583 
0.677 
0.668 
0.874 
0.598 
0.972 
0.862 
0.918 
0.617 
0.575 
0.74 
0.975 
0.571 
0.591 
0.576 
0.856 
0.909 
0.557 
0.755 
0.557 
0.611 
0.976 
0.674 
0.567 
0.57 
0.611 
0.652 
0.61 
0.898 
0.678 
0.6 
0.623 
0.93 
0.701 
0.689 
0.671 
0.603 
0.971 
0.577 
0.589 
0.948 
0.842 
0.99 
0.566 
0.589 
0.833 
0.959 
0.982 
0.91 
0.574 
0.75 
0.583 
0.937 
0.735 
0.579 
0.976 
0.582 
0.598 
0.786 
0.989 
0.605 
0.627 
0.605 
0.656 
0.894 
0.891 
0.932 
0.573 
0.648 
0.746 
0.894 
0.989 
0.575 
0.592 
0.95 
0.628 
0.583 
0.852 
0.587 
0.6 
0.693 
0.576 
0.639 
0.687 
0.606 
0.603 
0.627 
0.591 
0.602 
0.619 
0.624 
0.641 
0.914 
0.581 
0.922 
0.593 
0.583 
0.581 
0.612 
0.811 
0.594 
0.688 
0.625 
0.948 
0.603 
0.578 
0.956 
0.588 
0.704 
0.607 
0.591 
0.59 
0.668 
0.579 
0.623 
0.601 
0.99 
0.573 
0.581 
0.778 
0.583 
0.702 
0.605 
0.575 
0.62 
0.674 
0.884 
0.568 
0.825 
0.57 
0.986 
0.901 
0.63 
0.859 
0.674 
0.554 
0.543 
0.649 
0.67 
0.566 
0.569 
0.571 
0.753 
0.955 
0.614 
0.981 
0.896 
0.565 
0.955 
0.865 
0.986 
0.552 
0.983 
0.564 
0.663 
0.582 
0.987 
0.625 
0.989 
0.56 
0.578 
0.988 
0.562 
0.563 
0.598 
0.801 
0.608 
0.855 
0.606 
0.629 
0.837 
0.603 
0.673 
0.571 
0.722 
0.798 
0.804 
0.572 
0.613 
0.597 
0.982 
0.973 
0.614 
0.694 
0.606 
0.597 
0.63 
0.614 
0.609 
0.752 
0.62 
0.572 
0.616 
0.584 
0.923 
0.788 
0.584 
0.813 
0.618 
0.873 
0.588 
0.945 
0.704 
0.989 
0.639 
0.589 
0.582 
0.557 
0.572 
0.573 
0.658 
0.563 
0.713 
0.596 
0.646 
0.577 
0.67 
0.651 
0.585 
0.99 
0.638 
0.591 
0.64 
0.829 
0.654 
0.666 
0.965 
0.628 
0.777 
0.652 
0.753 
0.609 
0.683 
0.578 
0.849 
0.565 
0.585 
0.714 
0.978 
0.596 
0.594 
0.582 
0.961 
0.557 
0.587 
0.576 
0.577 
0.901 
0.586 
0.629 
0.752 
0.63 
0.987 
0.916 
0.782 
0.592 
0.739 
0.581 
0.957 
0.969 
0.569 
0.583 
0.652 
0.598 
0.823 
0.636 
0.81 
0.703 
0.752 
0.596 
0.988 
0.59 
0.575 
0.591 
0.925 
0.954 
0.62 
0.986 
0.665 
0.623 
0.988 
0.572 
0.779 
0.939 
0.551 
0.923 
0.726 
0.549 
0.565 
0.967 
0.585 
0.563 
0.878 
0.984 
0.569 
0.627 
0.851 
0.58 
0.621 
0.594 
0.567 
0.59 
0.656 
0.706 
0.573 
0.592 
0.763 
0.94 
0.604 
0.618 
0.923 
0.937 
0.986 
0.601 
0.577 
0.932 
0.589 
0.95 
0.597 
0.648 
0.98 
0.603 
0.849 
0.889 
0.837 
0.578 
0.586 
0.702 
0.589 
0.588 
0.596 
0.623 
0.583 
0.587 
0.753 
0.621 
0.593 
0.978 
0.943 
0.616 
0.592 
0.604 
0.99 
0.643 
0.971 
0.963 
0.846 
0.922 
0.592 
0.947 
0.84 
0.912 
0.672 
0.638 
0.616 
0.616 
0.931 
0.971 
0.609 
0.599 
0.73 
0.61 
0.667 
0.598 
0.944 
0.989 
0.791 
0.601 
0.982 
0.599 
0.58 
0.826 
0.603 
0.587 
0.601 
0.812 
0.603 
0.591 
0.756 
0.659 
0.674 
0.99 
0.635 
0.617 
0.586 
0.77 
0.571 
0.59 
0.983 
0.975 
0.584 
0.78 
0.661 
0.888 
0.74 
0.986 
0.966 
0.56 
0.661 
0.582 
0.717 
0.766 
0.623 
0.685 
0.967 
0.628 
0.589 
0.587 
0.552 
0.674 
0.578 
0.861 
0.778 
0.575 
0.971 
0.925 
0.787 
0.99 
0.564 
0.533 
0.553 
0.56 
0.572 
0.985 
0.634 
0.56 
0.853 
0.633 
0.868 
0.59 
0.561 
0.904 
0.64 
0.779 
0.582 
0.832 
0.848 
0.565 
0.563 
0.906 
0.948 
0.95 
0.577 
0.579 
0.597 
0.896 
0.595 
0.928 
0.552 
0.619 
0.616 
0.985 
0.956 
0.572 
0.67 
0.546 
0.572 
0.57 
0.63 
0.893 
0.58 
0.618 
0.666 
0.574 
0.607 
0.579 
0.558 
0.565 
0.571 
0.604 
0.838 
0.914 
0.582 
0.624 
0.657 
0.592 
0.647 
0.598 
0.581 
0.62 
0.576 
0.624 
0.604 
0.604 
0.626 
0.619 
0.586 
0.692 
0.713 
0.985 
0.988 
0.587 
0.64 
0.634 
0.626 
0.882 
0.587 
0.978 
0.615 
0.99 
0.644 
0.984 
0.577 
0.576 
0.586 
0.86 
0.58 
0.586 
0.594 
0.601 
0.982 
0.563 
0.725 
0.639 
0.839 
0.584 
0.646 
0.571 
0.98 
0.592 
0.794 
0.788 
0.987 
0.578 
0.601 
0.798 
0.645 
0.986 
0.586 
0.551 
0.72 
0.628 
0.988 
0.654 
0.583 
0.57 
0.692 
0.967 
0.585 
0.988 
0.598 
0.578 
0.577 
0.699 
0.586 
0.715 
0.573 
0.65 
0.716 
0.583 
0.912 
0.872 
0.576 
0.667 
0.571 
0.982 
0.72 
0.57 
0.654 
0.634 
0.616 
0.739 
0.6 
0.553 
0.585 
0.593 
0.606 
0.99 
0.826 
0.657 
0.571 
0.783 
0.746 
0.903 
0.572 
0.608 
0.617 
0.582 
0.609 
0.882 
0.747 
0.976 
0.568 
0.68 
0.576 
0.99 
0.564 
0.595 
0.572 
0.989 
0.581 
0.744 
0.875 
0.579 
0.977 
0.949 
0.617 
0.911 
0.584 
0.665 
0.566 
0.563 
0.582 
0.63 
0.594 
0.59 
0.632 
0.588 
0.612 
0.594 
0.61 
0.984 
0.873 
0.6 
0.586 
0.601 
0.909 
0.595 
0.597 
0.804 
0.609 
0.886 
0.627 
0.607 
0.599 
0.983 
0.985 
0.704 
0.617 
0.912 
0.878 
0.586 
0.666 
0.923 
0.586 
0.596 
0.779 
0.841 
0.934 
0.598 
0.824 
0.797 
0.608 
0.864 
0.741 
0.979 
0.632 
0.604 
0.594 
0.85 
0.598 
0.586 
0.617 
0.628 
0.88 
0.923 
0.608 
0.625 
0.73 
0.89 
0.628 
0.831 
0.594 
0.978 
0.605 
0.951 
0.61 
0.955 
0.875 
0.869 
0.985 
0.595 
0.582 
0.568 
0.767 
0.623 
0.617 
0.614 
0.599 
0.611 
0.595 
0.981 
0.602 
0.98 
0.603 
0.603 
0.763 
0.693 
0.615 
0.585 
0.983 
0.792 
0.937 
0.607 
0.947 
0.722 
0.624 
0.619 
0.754 
0.936 
0.864 
0.871 
0.92 
0.831 
0.588 
0.588 
0.611 
0.754 
0.574 
0.7 
0.593 
0.783 
0.636 
0.602 
0.852 
0.586 
0.916 
0.65 
0.99 
0.576 
0.99 
0.581 
0.595 
0.822 
0.602 
0.605 
0.977 
0.926 
0.553 
0.58 
0.578 
0.986 
0.579 
0.75 
0.986 
0.908 
0.749 
0.637 
0.575 
0.894 
0.666 
0.581 
0.586 
0.584 
0.583 
0.881 
0.799 
0.687 
0.589 
0.841 
0.591 
0.985 
0.988 
0.615 
0.618 
0.782 
0.625 
0.832 
0.813 
0.721 
0.624 
0.583 
0.868 
0.761 
0.581 
0.606 
0.613 
0.849 
0.737 
0.972 
0.593 
0.67 
0.623 
0.988 
0.788 
0.584 
0.757 
0.61 
0.751 
0.587 
0.688 
0.593 
0.614 
0.633 
0.988 
0.601 
0.65 
0.607 
0.748 
0.957 
0.616 
0.607 
0.647 
0.972 
0.657 
0.705 
0.572 
0.551 
0.588 
0.562 
0.574 
0.578 
0.597 
0.937 
0.855 
0.587 
0.771 
0.575 
0.585 
0.638 
0.756 
0.582 
0.648 
0.769 
0.601 
0.638 
0.978 
0.659 
0.573 
0.599 
0.595 
0.622 
0.744 
0.627 
0.651 
0.694 
0.789 
0.638 
0.655 
0.987 
0.817 
0.977 
0.771 
0.601 
0.676 
0.569 
0.651 
0.859 
0.867 
0.641 
0.593 
0.582 
0.59 
0.639 
0.836 
0.887 
0.873 
0.592 
0.954 
0.982 
0.987 
0.6 
0.64 
0.697 
0.612 
0.907 
0.988 
0.547 
0.619 
0.555 
0.969 
0.546 
0.961 
0.8 
0.552 
0.564 
0.612 
0.781 
0.638 
0.578 
0.638 
0.903 
0.655 
0.555 
0.898 
0.879 
0.622 
0.734 
0.571 
0.576 
0.568 
0.988 
0.578 
0.665 
0.924 
0.822 
0.736 
0.693 
0.726 
0.56 
0.628 
0.571 
0.665 
0.568 
0.621 
0.573 
0.613 
0.571 
0.71 
0.551 
0.889 
0.802 
0.578 
0.624 
0.575 
0.967 
0.584 
0.638 
0.579 
0.989 
0.908 
0.572 
0.73 
0.722 
0.973 
0.981 
0.654 
0.633 
0.559 
0.684 
0.656 
0.564 
0.566 
0.684 
0.569 
0.988 
0.55 
0.807 
0.59 
0.563 
0.578 
0.578 
0.674 
0.575 
0.603 
0.635 
0.625 
0.581 
0.872 
0.574 
0.715 
0.684 
0.586 
0.857 
0.709 
0.739 
0.893 
0.622 
0.56 
0.704 
0.571 
0.59 
0.99 
0.99 
0.553 
0.64 
0.576 
0.852 
0.816 
0.745 
0.846 
0.572 
0.583 
0.654 
0.957 
0.628 
0.594 
0.976 
0.967 
0.975 
0.65 
0.68 
0.546 
0.807 
0.604 
0.614 
0.56 
0.597 
0.606 
0.56 
0.671 
0.99 
0.944 
0.578 
0.561 
0.562 
0.79 
0.953 
0.566 
0.618 
0.588 
0.591 
0.588 
0.609 
0.624 
0.668 
0.983 
0.617 
0.637 
0.597 
0.882 
0.629 
0.63 
0.655 
0.799 
0.758 
0.61 
0.965 
0.616 
0.686 
0.595 
0.626 
0.654 
0.8 
0.988 
0.61 
0.616 
0.628 
0.683 
0.936 
0.755 
0.986 
0.662 
0.715 
0.615 
0.608 
0.615 
0.717 
0.594 
0.656 
0.626 
0.81 
0.882 
0.6 
0.736 
0.705 
0.618 
0.678 
0.735 
0.761 
0.619 
0.769 
0.968 
0.589 
0.885 
0.978 
0.651 
0.78 
0.61 
0.601 
0.608 
0.762 
0.829 
0.8 
0.616 
0.653 
0.61 
0.954 
0.834 
0.614 
0.926 
0.619 
0.86 
0.621 
0.638 
0.712 
0.746 
0.624 
0.988 
0.877 
0.96 
0.603 
0.67 
0.839 
0.594 
0.592 
0.601 
0.989 
0.977 
0.953 
0.99 
0.982 
0.589 
0.962 
0.63 
0.92 
0.575 
0.99 
0.591 
0.957 
0.573 
0.7 
0.575 
0.979 
0.562 
0.562 
0.737 
0.583 
0.571 
0.611 
0.874 
0.563 
0.95 
0.639 
0.717 
0.847 
0.656 
0.583 
0.604 
0.599 
0.665 
0.931 
0.966 
0.763 
0.589 
0.969 
0.627 
0.943 
0.65 
0.595 
0.657 
0.616 
0.969 
0.741 
0.906 
0.594 
0.606 
0.626 
0.82 
0.659 
0.641 
0.655 
0.672 
0.627 
0.792 
0.618 
0.633 
0.621 
0.911 
0.99 
0.659 
0.674 
0.982 
0.878 
0.669 
0.847 
0.645 
0.975 
0.715 
0.831 
0.867 
0.603 
0.953 
0.675 
0.587 
0.599 
0.632 
0.613 
0.607 
0.89 
0.62 
0.785 
0.686 
0.607 
0.59 
0.61 
0.598 
0.613 
0.659 
0.657 
0.676 
0.983 
0.927 
0.598 
0.616 
0.964 
0.619 
0.979 
0.631 
0.601 
0.735 
0.654 
0.584 
0.673 
0.621 
0.62 
0.607 
0.625 
0.663 
0.975 
0.655 
0.616 
0.96 
0.633 
0.618 
0.628 
0.772 
0.642 
0.673 
0.728 
0.818 
0.987 
0.986 
0.676 
0.676 
0.96 
0.852 
0.657 
0.979 
0.78 
0.935 
0.585 
0.584 
0.656 
0.873 
0.766 
0.602 
0.877 
0.783 
0.595 
0.727 
0.662 
0.578 
0.99 
0.877 
0.673 
0.724 
0.99 
0.568 
0.887 
0.566 
0.568 
0.573 
0.578 
0.688 
0.544 
0.569 
0.603 
0.989 
0.965 
0.728 
0.54 
0.524 
0.532 
0.823 
0.681 
0.542 
0.548 
0.546 
0.574 
0.618 
0.563 
0.861 
0.67 
0.99 
0.547 
0.853 
0.554 
0.567 
0.699 
0.622 
0.681 
0.547 
0.716 
0.549 
0.604 
0.585 
0.615 
0.839 
0.576 
0.55 
0.588 
0.547 
0.902 
0.603 
0.603 
0.599 
0.602 
0.579 
0.829 
0.564 
0.972 
0.61 
0.691 
0.545 
0.588 
0.619 
0.933 
0.813 
0.781 
0.728 
0.766 
0.99 
0.521 
0.643 
0.693 
0.828 
0.948 
0.589 
0.656 
0.947 
0.606 
0.513 
0.547 
0.554 
0.982 
0.968 
0.522 
0.536 
0.727 
0.956 
0.559 
0.722 
0.919 
0.576 
0.539 
0.505 
0.557 
0.826 
0.528 
0.585 
0.551 
0.532 
0.549 
0.538 
0.543 
0.93 
0.944 
0.706 
0.529 
0.83 
0.55 
0.552 
0.545 
0.7 
0.918 
0.952 
0.934 
0.557 
0.625 
0.576 
0.545 
0.559 
0.615 
0.541 
0.552 
0.958 
0.988 
0.841 
0.548 
0.538 
0.95 
0.981 
0.977 
0.594 
0.926 
0.547 
0.675 
0.563 
0.562 
0.543 
0.58 
0.983 
0.573 
0.548 
0.575 
0.891 
0.562 
0.563 
0.588 
0.981 
0.987 
0.897 
0.652 
0.985 
0.527 
0.53 
0.855 
0.543 
0.595 
0.829 
0.854 
0.557 
0.583 
0.567 
0.601 
0.864 
0.555 
0.559 
0.985 
0.559 
0.548 
0.58 
0.571 
0.603 
0.573 
0.792 
0.788 
0.588 
0.99 
0.588 
0.832 
0.591 
0.979 
0.951 
0.802 
0.609 
0.723 
0.973 
0.614 
0.684 
0.596 
0.621 
0.687 
0.783 
0.683 
0.665 
0.675 
0.712 
0.987 
0.699 
0.606 
0.751 
0.589 
0.654 
0.838 
0.594 
0.574 
0.747 
0.589 
0.713 
0.737 
0.605 
0.686 
0.614 
0.602 
0.981 
0.605 
0.879 
0.612 
0.809 
0.746 
0.65 
0.596 
0.786 
0.585 
0.622 
0.6 
0.957 
0.967 
0.938 
0.593 
0.657 
0.749 
0.968 
0.86 
0.668 
0.716 
0.832 
0.616 
0.607 
0.739 
0.971 
0.598 
0.663 
0.592 
0.658 
0.558 
0.983 
0.71 
0.561 
0.576 
0.835 
0.568 
0.581 
0.987 
0.561 
0.582 
0.958 
0.617 
0.596 
0.99 
0.62 
0.609 
0.781 
0.961 
0.963 
0.725 
0.647 
0.608 
0.59 
0.797 
0.603 
0.575 
0.913 
0.738 
0.592 
0.582 
0.99 
0.716 
0.59 
0.974 
0.789 
0.679 
0.923 
0.973 
0.605 
0.773 
0.989 
0.734 
0.787 
0.603 
0.987 
0.642 
0.979 
0.63 
0.895 
0.61 
0.6 
0.59 
0.607 
0.618 
0.619 
0.943 
0.619 
0.602 
0.704 
0.643 
0.636 
0.901 
0.661 
0.986 
0.858 
0.618 
0.741 
0.987 
0.621 
0.76 
0.603 
0.789 
0.621 
0.597 
0.852 
0.62 
0.63 
0.657 
0.636 
0.956 
0.695 
0.625 
0.65 
0.988 
0.623 
0.617 
0.65 
0.608 
0.603 
0.605 
0.972 
0.589 
0.983 
0.589 
0.578 
0.611 
0.672 
0.597 
0.589 
0.612 
0.675 
0.609 
0.645 
0.611 
0.631 
0.889 
0.774 
0.61 
0.586 
0.609 
0.664 
0.795 
0.86 
0.647 
0.67 
0.981 
0.961 
0.688 
0.595 
0.597 
0.629 
0.586 
0.59 
0.845 
0.611 
0.749 
0.833 
0.621 
0.608 
0.757 
0.586 
0.864 
0.597 
0.725 
0.839 
0.99 
0.99 
0.932 
0.984 
0.725 
0.707 
0.93 
0.99 
0.567 
0.692 
0.655 
0.646 
0.583 
0.944 
0.919 
0.572 
0.584 
0.536 
0.543 
0.703 
0.563 
0.661 
0.557 
0.782 
0.566 
0.988 
0.56 
0.832 
0.803 
0.988 
0.984 
0.781 
0.523 
0.521 
0.84 
0.681 
0.673 
0.661 
0.764 
0.539 
0.941 
0.841 
0.53 
0.559 
0.618 
0.99 
0.529 
0.535 
0.603 
0.546 
0.543 
0.607 
0.988 
0.573 
0.975 
0.614 
0.662 
0.556 
0.548 
0.649 
0.532 
0.539 
0.63 
0.956 
0.557 
0.56 
0.555 
0.625 
0.603 
0.57 
0.596 
0.982 
0.586 
0.597 
0.59 
0.791 
0.62 
0.562 
0.904 
0.627 
0.679 
0.687 
0.871 
0.569 
0.595 
0.578 
0.59 
0.588 
0.987 
0.578 
0.986 
0.763 
0.709 
0.691 
0.652 
0.969 
0.62 
0.689 
0.725 
0.581 
0.975 
0.962 
0.597 
0.662 
0.608 
0.606 
0.606 
0.681 
0.629 
0.719 
0.605 
0.989 
0.689 
0.675 
0.655 
0.983 
0.588 
0.977 
0.609 
0.781 
0.99 
0.699 
0.773 
0.633 
0.616 
0.605 
0.641 
0.695 
0.649 
0.613 
0.603 
0.673 
0.857 
0.804 
0.628 
0.617 
0.752 
0.785 
0.606 
0.618 
0.906 
0.622 
0.823 
0.658 
0.624 
0.99 
0.709 
0.701 
0.946 
0.659 
0.63 
0.988 
0.606 
0.793 
0.811 
0.608 
0.956 
0.603 
0.629 
0.612 
0.617 
0.955 
0.617 
0.637 
0.689 
0.676 
0.773 
0.983 
0.983 
0.683 
0.66 
0.635 
0.629 
0.665 
0.802 
0.842 
0.773 
0.613 
0.621 
0.98 
0.706 
0.661 
0.748 
0.85 
0.793 
0.686 
0.621 
0.652 
0.657 
0.634 
0.982 
0.799 
0.622 
0.779 
0.774 
0.62 
0.913 
0.726 
0.99 
0.894 
0.968 
0.987 
0.879 
0.739 
0.659 
0.61 
0.605 
0.839 
0.609 
0.595 
0.981 
0.666 
0.94 
0.595 
0.895 
0.611 
0.619 
0.647 
0.933 
0.734 
0.584 
0.564 
0.62 
0.678 
0.713 
0.585 
0.98 
0.972 
0.589 
0.596 
0.965 
0.596 
0.978 
0.596 
0.665 
0.59 
0.732 
0.72 
0.982 
0.656 
0.645 
0.933 
0.611 
0.662 
0.608 
0.678 
0.68 
0.594 
0.631 
0.63 
0.774 
0.616 
0.651 
0.979 
0.916 
0.748 
0.704 
0.762 
0.982 
0.932 
0.776 
0.665 
0.608 
0.988 
0.698 
0.594 
0.966 
0.645 
0.76 
0.926 
0.741 
0.886 
0.618 
0.623 
0.578 
0.601 
0.595 
0.654 
0.667 
0.986 
0.633 
0.57 
0.985 
0.592 
0.903 
0.782 
0.963 
0.589 
0.89 
0.985 
0.569 
0.952 
0.666 
0.669 
0.598 
0.631 
0.666 
0.654 
0.94 
0.59 
0.951 
0.937 
0.602 
0.975 
0.586 
0.66 
0.59 
0.606 
0.624 
0.742 
0.582 
0.621 
0.689 
0.872 
0.615 
0.629 
0.643 
0.913 
0.73 
0.615 
0.661 
0.987 
0.605 
0.623 
0.779 
0.683 
0.989 
0.977 
0.685 
0.621 
0.631 
0.608 
0.724 
0.736 
0.621 
0.858 
0.62 
0.955 
0.93 
0.764 
0.97 
0.629 
0.618 
0.978 
0.904 
0.766 
0.988 
0.61 
0.873 
0.608 
0.713 
0.99 
0.658 
0.648 
0.973 
0.59 
0.826 
0.604 
0.718 
0.985 
0.665 
0.962 
0.602 
0.646 
0.578 
0.75 
0.572 
0.828 
0.817 
0.801 
0.611 
0.6 
0.6 
0.594 
0.788 
0.609 
0.608 
0.62 
0.599 
0.631 
0.776 
0.669 
0.589 
0.601 
0.978 
0.978 
0.747 
0.631 
0.623 
0.751 
0.937 
0.99 
0.741 
0.755 
0.808 
0.571 
0.887 
0.981 
0.602 
0.716 
0.608 
0.975 
0.691 
0.849 
0.582 
0.645 
0.753 
0.559 
0.587 
0.594 
0.983 
0.855 
0.678 
0.651 
0.607 
0.915 
0.568 
0.571 
0.816 
0.778 
0.929 
0.97 
0.988 
0.952 
0.628 
0.599 
0.6 
0.864 
0.606 
0.618 
0.566 
0.563 
0.687 
0.977 
0.555 
0.833 
0.731 
0.827 
0.633 
0.949 
0.592 
0.584 
0.984 
0.609 
0.983 
0.558 
0.645 
0.844 
0.692 
0.564 
0.581 
0.914 
0.759 
0.965 
0.538 
0.766 
0.67 
0.599 
0.961 
0.81 
0.57 
0.886 
0.571 
0.567 
0.61 
0.987 
0.558 
0.553 
0.616 
0.573 
0.599 
0.92 
0.572 
0.592 
0.587 
0.817 
0.983 
0.792 
0.586 
0.988 
0.548 
0.687 
0.952 
0.728 
0.601 
0.669 
0.799 
0.555 
0.604 
0.693 
0.538 
0.54 
0.583 
0.556 
0.87 
0.572 
0.561 
0.642 
0.753 
0.572 
0.985 
0.947 
0.554 
0.562 
0.559 
0.987 
0.571 
0.573 
0.566 
0.58 
0.646 
0.569 
0.647 
0.731 
0.722 
0.593 
0.971 
0.801 
0.88 
0.975 
0.615 
0.911 
0.852 
0.568 
0.949 
0.588 
0.977 
0.902 
0.707 
0.573 
0.588 
0.584 
0.708 
0.64 
0.602 
0.623 
0.601 
0.591 
0.683 
0.98 
0.959 
0.652 
0.858 
0.951 
0.68 
0.603 
0.909 
0.985 
0.569 
0.589 
0.582 
0.578 
0.584 
0.603 
0.648 
0.978 
0.915 
0.951 
0.583 
0.579 
0.621 
0.601 
0.941 
0.779 
0.598 
0.61 
0.594 
0.679 
0.635 
0.98 
0.63 
0.59 
0.671 
0.589 
0.584 
0.607 
0.599 
0.618 
0.698 
0.599 
0.619 
0.681 
0.65 
0.934 
0.914 
0.988 
0.631 
0.686 
0.614 
0.597 
0.703 
0.645 
0.628 
0.681 
0.598 
0.623 
0.971 
0.636 
0.811 
0.652 
0.64 
0.601 
0.635 
0.901 
0.945 
0.644 
0.684 
0.619 
0.706 
0.609 
0.617 
0.906 
0.968 
0.666 
0.977 
0.933 
0.608 
0.703 
0.6 
0.99 
0.821 
0.588 
0.645 
0.986 
0.871 
0.943 
0.901 
0.761 
0.979 
0.592 
0.766 
0.622 
0.795 
0.949 
0.967 
0.585 
0.6 
0.605 
0.592 
0.937 
0.603 
0.976 
0.594 
0.621 
0.616 
0.659 
0.81 
0.687 
0.618 
0.988 
0.588 
0.639 
0.71 
0.985 
0.62 
0.753 
0.801 
0.755 
0.676 
0.602 
0.734 
0.745 
0.673 
0.601 
0.561 
0.592 
0.578 
0.572 
0.977 
0.597 
0.942 
0.617 
0.602 
0.826 
0.668 
0.758 
0.599 
0.609 
0.597 
0.959 
0.604 
0.652 
0.945 
0.609 
0.636 
0.963 
0.651 
0.963 
0.615 
0.711 
0.626 
0.908 
0.718 
0.627 
0.693 
0.819 
0.617 
0.902 
0.667 
0.649 
0.611 
0.823 
0.964 
0.623 
0.617 
0.778 
0.639 
0.646 
0.667 
0.772 
0.678 
0.745 
0.659 
0.672 
0.656 
0.904 
0.877 
0.629 
0.99 
0.656 
0.706 
0.642 
0.901 
0.977 
0.985 
0.829 
0.748 
0.771 
0.662 
0.981 
0.803 
0.671 
0.662 
0.984 
0.652 
0.99 
0.633 
0.607 
0.731 
0.667 
0.67 
0.768 
0.645 
0.783 
0.667 
0.657 
0.655 
0.66 
0.691 
0.641 
0.679 
0.975 
0.913 
0.917 
0.963 
0.651 
0.65 
0.977 
0.732 
0.752 
0.676 
0.972 
0.671 
0.634 
0.874 
0.624 
0.858 
0.66 
0.733 
0.987 
0.643 
0.747 
0.695 
0.631 
0.645 
0.971 
0.94 
0.652 
0.9 
0.679 
0.668 
0.956 
0.976 
0.879 
0.626 
0.907 
0.7 
0.641 
0.636 
0.676 
0.601 
0.615 
0.614 
0.66 
0.99 
0.678 
0.63 
0.707 
0.604 
0.99 
0.589 
0.84 
0.626 
0.961 
0.592 
0.719 
0.763 
0.977 
0.959 
0.619 
0.711 
0.927 
0.578 
0.616 
0.601 
0.62 
0.639 
0.67 
0.606 
0.927 
0.613 
0.871 
0.976 
0.642 
0.662 
0.969 
0.702 
0.601 
0.657 
0.612 
0.844 
0.648 
0.7 
0.878 
0.741 
0.753 
0.615 
0.715 
0.776 
0.616 
0.785 
0.606 
0.616 
0.642 
0.845 
0.775 
0.927 
0.974 
0.899 
0.845 
0.606 
0.975 
0.62 
0.623 
0.858 
0.605 
0.611 
0.965 
0.846 
0.91 
0.644 
0.969 
0.614 
0.608 
0.592 
0.616 
0.577 
0.772 
0.604 
0.713 
0.98 
0.922 
0.584 
0.988 
0.746 
0.613 
0.585 
0.94 
0.917 
0.565 
0.59 
0.58 
0.591 
0.594 
0.665 
0.594 
0.679 
0.668 
0.589 
0.935 
0.672 
0.582 
0.599 
0.666 
0.607 
0.615 
0.693 
0.889 
0.603 
0.612 
0.764 
0.693 
0.639 
0.914 
0.891 
0.641 
0.593 
0.705 
0.621 
0.599 
0.72 
0.624 
0.91 
0.945 
0.702 
0.594 
0.64 
0.583 
0.99 
0.571 
0.58 
0.675 
0.632 
0.959 
0.605 
0.789 
0.95 
0.584 
0.82 
0.822 
0.668 
0.615 
0.558 
0.616 
0.975 
0.786 
0.584 
0.854 
0.971 
0.582 
0.826 
0.629 
0.974 
0.982 
0.575 
0.985 
0.592 
0.576 
0.588 
0.571 
0.576 
0.741 
0.599 
0.579 
0.665 
0.588 
0.779 
0.563 
0.589 
0.611 
0.597 
0.588 
0.792 
0.604 
0.586 
0.586 
0.601 
0.716 
0.593 
0.813 
0.599 
0.626 
0.618 
0.65 
0.593 
0.63 
0.855 
0.718 
0.73 
0.796 
0.967 
0.572 
0.628 
0.571 
0.631 
0.595 
0.977 
0.646 
0.63 
0.905 
0.743 
0.561 
0.973 
0.628 
0.563 
0.62 
0.64 
0.985 
0.99 
0.597 
0.591 
0.895 
0.607 
0.673 
0.626 
0.987 
0.989 
0.575 
0.644 
0.587 
0.928 
0.603 
0.629 
0.988 
0.584 
0.623 
0.712 
0.632 
0.598 
0.99 
0.988 
0.694 
0.798 
0.721 
0.684 
0.989 
0.631 
0.65 
0.65 
0.763 
0.685 
0.673 
0.8 
0.687 
0.661 
0.984 
0.79 
0.792 
0.89 
0.851 
0.693 
0.714 
0.92 
0.699 
0.866 
0.723 
0.767 
0.916 
0.77 
0.935 
0.754 
0.76 
0.954 
0.75 
0.798 
0.827 
0.819 
0.776 
0.809 
0.969 
0.764 
0.791 
0.78 
0.792 
0.956 
0.8 
0.857 
0.801 
0.82 
0.966 
0.824 
0.844 
0.924 
0.825 
0.845 
0.861 
0.851 
0.87 
0.938 
0.859 
0.874 
0.917 
0.879 
0.968 
0.89 
0.961 
0.915 
0.893 
0.979 
0.934 
0.903 
0.957 
0.909 
0.949 
0.981 
0.928 
0.984 
0.929 
0.942 
0.946 
0.934 
0.964 
0.981 
0.938 
0.959 
0.962 
0.982 
0.973 
0.982 
0.975 
0.978 
0.974 
0.978 
0.988 
0.988 
0.99 
0.99 
