8 
21 
21 
84 
147 
120 
147 
147 
8 
21 
21 
152 
8 
111 
80 
80 
8 
8 
21 
120 
66 
8 
147 
116 
120 
134 
98 
134 
147 
251 
21 
98 
8 
80 
147 
125 
21 
120 
111 
111 
71 
89 
21 
147 
147 
80 
147 
210 
111 
80 
111 
93 
125 
62 
138 
147 
8 
116 
93 
147 
147 
129 
161 
75 
138 
93 
116 
147 
75 
147 
116 
8 
21 
21 
39 
39 
134 
161 
75 
75 
8 
80 
125 
147 
147 
80 
156 
147 
89 
26 
71 
21 
111 
143 
35 
111 
75 
8 
147 
120 
84 
21 
21 
21 
39 
21 
125 
84 
75 
102 
129 
21 
125 
39 
147 
21 
111 
147 
102 
89 
125 
71 
107 
53 
84 
134 
62 
111 
102 
75 
107 
147 
93 
80 
147 
134 
147 
147 
39 
125 
93 
21 
120 
89 
98 
147 
39 
21 
21 
21 
134 
102 
21 
129 
21 
147 
80 
102 
21 
116 
125 
8 
134 
8 
71 
93 
84 
71 
48 
147 
75 
75 
89 
71 
8 
21 
21 
21 
147 
120 
143 
188 
134 
84 
147 
89 
80 
147 
143 
75 
89 
116 
84 
102 
129 
107 
21 
183 
116 
111 
98 
84 
134 
21 
147 
93 
183 
134 
75 
75 
147 
21 
147 
102 
147 
107 
75 
98 
80 
147 
98 
102 
89 
8 
89 
21 
156 
21 
8 
75 
143 
138 
66 
147 
8 
147 
66 
21 
129 
21 
21 
138 
129 
93 
134 
125 
98 
147 
147 
75 
143 
170 
93 
71 
129 
147 
98 
138 
111 
143 
21 
129 
8 
93 
147 
147 
107 
129 
102 
129 
147 
93 
39 
107 
8 
147 
75 
75 
21 
21 
107 
107 
129 
21 
26 
8 
143 
147 
75 
107 
125 
125 
75 
107 
93 
93 
129 
66 
80 
120 
107 
129 
147 
71 
174 
21 
75 
116 
66 
21 
8 
147 
129 
147 
147 
147 
129 
21 
80 
35 
8 
21 
8 
84 
84 
93 
98 
84 
134 
93 
98 
116 
62 
111 
147 
53 
107 
147 
147 
71 
21 
107 
147 
8 
39 
174 
80 
21 
111 
48 
93 
21 
116 
21 
98 
147 
21 
75 
116 
21 
8 
116 
129 
93 
93 
89 
8 
21 
21 
8 
147 
147 
89 
161 
120 
291 
147 
143 
129 
147 
21 
98 
93 
129 
183 
84 
75 
102 
147 
84 
107 
111 
174 
147 
30 
102 
75 
125 
210 
116 
93 
8 
116 
21 
147 
107 
134 
21 
21 
147 
93 
98 
116 
8 
84 
125 
147 
93 
71 
89 
138 
71 
8 
116 
98 
21 
8 
8 
66 
21 
80 
66 
21 
57 
143 
125 
107 
143 
80 
98 
21 
21 
107 
111 
174 
93 
39 
147 
84 
138 
143 
71 
129 
147 
21 
80 
93 
71 
8 
89 
21 
8 
8 
93 
75 
147 
8 
89 
8 
111 
39 
125 
75 
57 
8 
89 
71 
8 
21 
8 
71 
21 
8 
8 
75 
21 
98 
8 
21 
8 
21 
120 
120 
21 
8 
147 
75 
129 
21 
21 
