39 
71 
71 
39 
71 
71 
71 
71 
71 
71 
71 
71 
66 
71 
71 
21 
71 
71 
71 
71 
71 
71 
53 
53 
71 
62 
71 
71 
71 
71 
71 
66 
71 
71 
21 
21 
71 
21 
71 
12 
71 
71 
39 
71 
71 
71 
39 
71 
71 
71 
71 
71 
71 
48 
71 
71 
71 
71 
39 
3 
71 
53 
71 
71 
71 
71 
39 
71 
71 
26 
71 
71 
71 
3 
12 
71 
71 
21 
39 
71 
71 
71 
71 
12 
71 
71 
71 
71 
71 
71 
3 
71 
71 
39 
71 
71 
71 
71 
71 
71 
71 
71 
71 
71 
71 
39 
71 
71 
71 
21 
71 
71 
71 
71 
71 
71 
71 
71 
71 
57 
66 
71 
71 
71 
71 
71 
71 
71 
71 
71 
71 
71 
71 
71 
8 
71 
71 
71 
71 
35 
12 
71 
39 
71 
71 
12 
71 
3 
66 
57 
71 
71 
3 
71 
71 
71 
71 
71 
71 
71 
71 
71 
71 
71 
71 
71 
21 
3 
71 
71 
71 
71 
53 
71 
71 
71 
71 
71 
71 
62 
71 
71 
71 
71 
71 
71 
21 
71 
12 
71 
71 
21 
71 
71 
71 
71 
57 
71 
71 
71 
35 
71 
71 
71 
71 
12 
71 
39 
39 
71 
71 
71 
71 
21 
71 
71 
71 
71 
71 
39 
71 
71 
71 
12 
71 
71 
71 
71 
71 
71 
71 
71 
66 
71 
71 
71 
71 
12 
12 
71 
71 
21 
8 
39 
21 
71 
71 
71 
71 
71 
71 
71 
71 
71 
71 
71 
71 
12 
71 
71 
71 
71 
71 
71 
71 
71 
71 
39 
71 
71 
71 
71 
71 
3 
71 
71 
71 
71 
71 
71 
39 
71 
71 
71 
21 
71 
71 
71 
71 
71 
71 
71 
71 
71 
21 
71 
71 
71 
71 
71 
71 
39 
71 
71 
71 
66 
71 
66 
71 
71 
71 
71 
12 
71 
71 
71 
71 
71 
39 
71 
71 
71 
71 
71 
71 
71 
71 
71 
71 
71 
71 
53 
53 
71 
71 
71 
71 
71 
71 
71 
71 
71 
71 
21 
71 
71 
71 
71 
71 
57 
71 
71 
71 
71 
71 
71 
71 
12 
71 
71 
71 
71 
3 
71 
71 
71 
71 
71 
53 
48 
3 
3 
71 
71 
48 
71 
71 
71 
71 
71 
71 
71 
71 
71 
39 
66 
71 
21 
12 
71 
71 
71 
3 
71 
71 
71 
39 
71 
71 
71 
71 
71 
71 
71 
71 
71 
71 
71 
71 
71 
71 
71 
71 
12 
21 
66 
3 
71 
21 
71 
12 
71 
71 
71 
71 
71 
66 
71 
21 
71 
71 
71 
71 
71 
71 
71 
71 
71 
71 
71 
71 
71 
71 
71 
39 
71 
12 
71 
71 
71 
71 
71 
71 
71 
53 
71 
3 
71 
71 
71 
71 
71 
71 
71 
71 
71 
71 
71 
71 
71 
66 
39 
71 
71 
71 
71 
21 
71 
71 
71 
71 
71 
71 
71 
71 
71 
39 
12 
71 
21 
71 
48 
71 
71 
71 
71 
71 
71 
71 
71 
