10.1049
2.64001
10.4599
21.8661
11.6231
5.58805
33.556
4.21405
30.242
23.4931
10.9441
16.4878
34.1761
26.5901
12.269
3.8209
6.90699
8.02994
30.436
6.61206
8.41808
27.108
35.7132
20.1468
7.04312
16.187
31.4422
36.088
4.28295
2.34413
2.038
10.864
8.62718
11.4639
21.069
20.0911
7.59387
35.9039
99.6311
62.896
6.40988
17.9749
6.57296
8.38208
10.0291
17.489
39.8932
17.9598
16.0542
13.7639
3.15118
27.3778
11.447
11.555
9.80997
28.5039
27.9241
11.934
14.22
4.06504
14.2441
10.0548
15.5821
27.617
27.658
3.10016
31.008
26.9151
20.5019
28.455
26.458
35.5341
5.22304
8.22091
11.663
4.60911
6.55293
13.1049
12.1119
30.6911
33.5319
7.36809
32.7621
18.1599
28.569
6.1419
12.439
8.29816
5.16796
15.9729
13.3629
21.59
35.9871
19.0599
32.398
2.73013
9.29499
22.994
10.1829
31.2052
14.9651
8.89206
2.18987
8.54301
28.4321
17.0839
30.5521
36.7889
6.12402
4.80604
37.003
8.36897
6.33097
12.8992
16.9981
15.7759
18.9931
18.5399
10.082
9.05108
5.60498
2.55394
58.4362
10.4699
6.06203
9.88317
9.68099
8.30793
6.42705
9.06992
11.997
12.773
34.7052
13.6418
7.60698
13.6962
19.3088
3.91316
4.32205
14.7119
10.0131
36.2599
1.86491
17.0629
12.08
11.0049
10.649
11.7042
31.8739
2.32816
10.0229
8.79312
11.7199
8.40807
10.3769
19.114
19.5138
5.23281
37.1778
29.9518
15.6412
9.60398
18.7268
19.5122
8.06904
34.6918
29.8879
36.377
28.0631
12.1729
20.7841
17.2451
33.9069
55.336
26.35
6.4261
37.9069
11.3621
5.56612
4.90499
60.322
10.9599
15.64
18.5938
35.6302
5.198
23.3228
11.8899
21.457
17.482
11.425
56.8891
19.6409
12.9361
17.0641
11.054
6.77299
4.19712
35.4829
12.167
19.531
10.4201
18.6191
36.4859
10.632
35.2581
24.204
16.273
11.1639
23.0339
29.552
48.6419
8.96311
13.953
6.50406
27.7951
5.78189
19.81
31.7321
19.29
33.6261
5.77092
20.3669
28.414
11.528
3.52192
10.0329
7.69901
5.93615
28.9979
32.2559
7.47299
22.6741
10.6499
26.5911
21.5981
20.772
30.664
6.88195
17.9901
13.041
9.65714
9.53293
11.152
2.48194
17.5371
7.08485
35.7659
8.04591
28.7342
5.7838
20.3772
18.8241
22.141
18.579
15.4691
5.13983
11.6138
30.4971
13.036
15.2349
2.68006
6.19197
19.022
10.4001
2.1379
11.4021
17.3781
15.3179
5.57709
12.361
24.837
12.6259
6.51908
4.72093
12.876
18.501
28.455
12.5821
11.3258
34.1911
6.89697
8.96001
16.243
40.941
14.405
17.1728
33.206
31.3141
7.761
11.4429
28.2559
11.23
36.325
19.866
7.267
29.2661
11.74
9.89604
18.656
25.0249
17.4949
30.329
1.80483
18.882
5.60808
6.99902
6.52313
7.30681
33.2601
35.8131
63.0999
115.46
60.621
32.7809
5.88608
23.9301
6.17099
17.8461
5.97286
6.26397
6.181
15.085
10.361
3.42202
11.565
6.72007
10.401
31.914
6.0401
35.0139
7.27606
12.1419
13.737
37.4491
26.5529
13.3891
10.875
6.17099
31.5349
4.02713
8.14795
10.6151
9.31978
14.8599
12.3341
21.1599
8.83293
9.96113
18.0819
62.0072
12.126
19.0449
17.5171
6.06704
33.375
5.57995
57.5891
7.33209
4.92406
7.67398
29.563
9.19795
3.38101
32.299
13.607
2.60592
29.043
37.9641
17.159
6.32405
2.69008
36.8788
33.5441
7.17211
9.80806
8.96883
31.7459
5.88202
10.1271
4.81486
9.17196
8.42714
30.2699
18.7979
6.02293
9.71985
3.45206
14.0791
6.953
5.72205
17.333
2.20704
5.36108
5.42998
28.218
7.65777
30.8411
24.929
36.834
18.0891
10.8058
9.03201
31.6851
6.28996
2.82693
62.8631
24.23
5.651
33.18
17.5452
6.95086
12.918
14.7831
11.2789
12.393
13.324
9.21106
16.711
14.7262
20.9458
22.7561
17.658
16.5491
41.0528
36.377
32.654
2.18511
10.839
67.2591
2.6269
7.32112
37.3309
18.826
7.51185
9.95111
18.8038
1.97005
11.5561
16.6149
4.6699
5.06902
8.43787
26.4661
30.6189
22.3601
11.3029
14.9231
13.1929
28.8081
28.1689
5.36513
30.961
10.8299
2.81715
9.39989
3.27897
12.7811
5.47791
17.8711
15.5349
22.2161
38.142
5.10097
16.5641
9.97686
36.9458
19.83
15.7611
5.28502
2.23613
10.0329
1.94907
19.743
8.76999
5.32603
64.1451
3.6478
7.37119
12.2418
6.96898
10.927
37.9529
4.13108
21.4331
34.6169
32.82
8.22496
7.7312
10.756
2.8708
6.20079
5.99408
13.2351
11.097
5.98717
11.1828
7.09319
14.2069
8.06212
8.75187
12.49
21.8861
9.72295
34.4751
17.8008
17.4551
16.6619
31.213
8.44598
39.536
31.904
7.29012
18.9331
15.4619
19.722
19.4521
14.365
14.719
12.311
54.8222
3.17883
11.8432
5.4009
9.75108
2.53797
2.50196
16.165
5.17106
2.98691
26.634
17.3862
26.628
5.25308
6.63185
16.8781
52.398
2.38204
32.481
18.995
19.145
4.11606
16.7429
15.9972
66.571
22.1078
16.5482
3.86906
27.971
12.62
2.49791
9.25398
8.28886
7.15685
4.96411
3.93295
6.85406
6.88696
4.72808
30.4461
15.2709
8.24523
3.83496
32.289
7.18999
14.632
54.75
9.71198
28.342
8.25
20.344
9.13501
18.904
30.0679
3.33309
34.194
29.8719
30.916
36.3941
16.6209
11.9469
13.4451
15.6579
6.60515
22.507
16.5141
9.14812
7.11393
5.56898
7.46608
7.33089
9.027
12.598
9.99212
8.40688
9.72819
14.143
30.7961
11.5869
16.6121
8.82196
7.77817
16.9408
16.5749
4.33493
15.429
16.7089
14.509
40.719
23.633
27.761
11.029
24.6279
18.2149
30.4291
37.3359
18.8012
11.2019
17.0641
32.619
23.047
12.3291
32.202
34.6088
14.4992
11.74
18.106
18.6801
18.327
9.71103
3.6459
38.9771
28.688
7.89189
11.131
12.769
8.2891
17.287
4.76408
27.715
2.06995
20.2701
38.5289
12.9871
4.54402
12.6219
8.1892
32.9769
9.73701
13.5641
29
10.8888
13.123
8.66795
6.20294
19.14
5.81503
7.21312
11.3339
2.352
7.89309
33.6659
8.00109
19.691
20.009
21.7021
5.48196
13.108
38.734
38.5809
7.45106
10.2911
8.19397
35.9721
16.726
63.144
16.5651
11.529
8.044
14.8909
18.224
7.57909
23.5279
21.0769
11.1341
71.0499
3.28398
9.89199
4.66394
19.0301
34.5111
15.3999
7.63297
2.39205
11.524
6.55413
5.56302
31.4579
2.50602
13.4082
3.00694
10.978
51.4281
15.4681
7.01785
4.63414
34.086
35.4891
37.4038
7.12323
13.5419
26.0649
19.3141
28.1851
28.424
32.5708
15.027
11.853
7.46703
15.574
12.502
9.16195
30.072
16.0642
19.5999
34.07
30.1311
6.66094
3.85499
4.84514
5.81789
16.3929
17.1089
30.746
37.3549
15.805
12.2821
8.10289
28.0581
15.213
15.631
16.0279
19.943
2.95281
10.5171
19.1631
32.7098
17.9431
32.5119
4.67205
5.90396
13.6421
30.422
28.6641
32.8689
5.56803
6.03199
19.2981
7.69997
10.8302
5.39207
9.31191
7.37214
12.43
31.7979
12.1481
15.64
10.04
30.1621
3.35598
15.4669
5.62716
5.50294
4.14419
6.47998
7.81798
5.58805
7.23886
6.13117
5.92899
5.65195
16.2761
27.441
9.26089
9.96304
11.832
32.572
34.7981
27.756
8.81886
12.4152
7.8969
6.41418
17.1709
35.434
2.34914
14.9639
25.068
15.0781
11.059
6.29091
35.821
10.494
29.192
15.6221
32.1901
8.26097
16.9191
2.76494
25.279
38.1558
30.6711
21.8611
12.6331
5.481
18.8699
8.62098
13.7198
8.35991
10.087
26.695
11.8511
2.76995
5.87487
8.74519
6.38795
40.1311
13.8428
14.179
35.794
15.595
33.849
17.4479
27.1499
22.2318
69.7689
62.6299
16.0241
15.717
5.47791
17.123
35.862
33.0241
12.1481
13.8099
6.037
12.578
12.4891
5.54514
7.08795
26.65
10.325
28.7468
30.5769
29.9978
13.351
29.8171
19.1391
29.753
17.75
11.7161
9.88078
20.6931
37.9059
6.9778
25.969
1.6098
16.9261
39.336
18.5661
19.949
18.9419
9.341
28.8382
13.3901
15.9199
18.733
17.7879
16.073
20.786
9.8989
33.8151
12.5659
8.39806
6.31595
28.728
4.72903
5.78499
5.28097
6.23202
10.2668
3.39222
31.5619
19.3861
37.643
9.07493
12.362
30.8559
10.2289
7.38001
8.02207
8.23498
32.553
11.27
7.96604
27.7109
12.5179
9.96804
8.37016
9.94802
55.0079
23.55
16.1221
8.636
28.038
33.098
11.2019
54.297
33.726
21.1039
21.456
21.3511
12.31
28.178
1.63603
1.98102
9.25088
29.3531
15.8119
27.137
13.447
8.10194
15.532
29.5699
20.092
10.1011
9.50885
9.91583
30.365
6.39296
13.994
6.93893
16.4971
4.15802
10.2079
14.1211
5.49412
3.21794
19.6941
30.3049
17.0491
8.48103
7.83205
8.27098
114.738
29.825
29.6869
9.95517
26.7019
23.787
3.93796
28.3649
35.8231
9.84597
20.1361
18.573
22.3289
9.22513
8.58593
15.0721
32.7661
18.0268
4.03595
9.68504
9.71985
15.9881
2.18296
4.78005
27.5681
35.97
23.0451
8.36706
5.59688
31.7261
16.1459
40.9129
9.64808
11.3549
21.585
3.02887
15.882
9.02319
33.4158
18.3661
60.5052
14.4548
17.2441
8.25906
5.98788
8.0111
30.854
8.15606
19.9189
26.9091
15.2769
11.476
32.824
20.968
5.94306
17.298
10.721
27.9241
37.0679
60.837
5.52106
2.94614
39.001
6.21581
5.80406
16.0391
22.1038
6.97803
32.243
14.7791
29.6321
60.966
24.7018
10.818
22.8889
17.112
4.40311
4.79984
16.8982
17.6489
17.6179
12.289
6.00696
5.74207
16.542
19.6612
66.364
17.6239
11.1399
21.2882
40.6849
40.0469
9.65714
32.0461
5.37896
8.13699
5.89705
20.6881
2.89488
37.811
14.1041
2.95091
7.28607
18.657
11.7359
15.6088
11.7362
4.215
11.327
35.3091
4.96793
28.641
19.7921
11.251
22.1319
32.521
5.55205
15.588
40.8092
11.451
13.073
20.442
23.267
21.07
116.192
5.73301
7.42984
34.183
5.584
14.8919
15.0211
5.96213
7.77483
16.4881
51.7311
28.296
61.2469
17.7979
6.57606
30.3011
11.6019
36.1021
9.74917
32.2418
12.5351
28.131
18.5399
20.6201
19.0411
6.47187
29.5269
8.83508
15.101
12.495
21.0631
13.623
29.4659
61.8172
27.8671
3.30877
21.0881
8.16798
5.90801
20.793
10.778
9.81498
4.0648
4.62604
13.9108
24.3649
18.41
18.826
34.7991
33.9119
3.16715
22.095
20.7951
16.5539
8.12292
8.85916
30.8759
5.86009
1.27506
10.181
9.84406
16.6979
17.3671
4.19593
1.63388
3.34501
10.01
16.5751
2.24996
5.99599
30.442
37.524
17.276
5.28502
6.0401
5.89299
20.112
2.54798
27.5609
15.739
4.08411
19.089
18.882
17.8139
9.39012
3.30091
19.973
2.08616
18.0449
4.6401
17.5259
8.85606
29.0239
31.898
19.3789
8.42094
28.008
2.23017
14.8849
6.66189
17.5102
14.972
14.94
31.1759
3.2289
29.072
20.386
14.174
6.31905
37.3371
15.8849
1.544
59.9222
10.0439
28.888
20.6501
15.733
19.46
9.86004
15.018
18.4269
30.117
59.438
26.7749
21.8511
11.5469
12.1391
13.55
38.2681
33.2789
7.30801
9.23204
6.21915
8.88705
35.0909
5.43594
7.69114
6.40202
5.46312
9.20987
1.44601
18.1761
7.73001
10.222
56.221
6.49905
20.0222
7.09605
20.5519
9.305
6.11305
9.06301
21.1592
41.2018
65.3741
8.29601
12.346
17.9701
30.3118
67.2901
1.88899
21.9531
7.70307
4.30894
32.083
4.08697
13.36
6.33287
10.8318
12.4381
4.20403
14.6799
9.84001
33.0219
9.00197
29.0241
12.9421
34.7259
35.5501
6.5999
11.148
40.9219
7.792
23.7892
7.31802
15.933
17.0469
19.5639
7.98917
23.67
18.0581
16.7661
20.3989
5.18513
23.1609
26.7529
11.492
16.9759
15.7399
16.969
9.90391
9.24516
11.9278
24.9722
5.36084
20.968
38.3291
5.35989
59.4711
5.77092
18.208
1.97196
7.81703
3.28898
9.28593
10.0729
12.4631
21.0299
6.5949
9.38821
5.5089
30.0319
5.75113
21.2479
13.1199
21.0321
28.0089
13.994
31.9591
17.086
16.8779
33.0312
14.1149
36.571
11.975
6.92201
31.4331
38.202
7.24196
29.3751
17.3149
9.20701
10.545
9.72199
9.60302
13.2511
14.545
11.543
11.8201
5.69081
2.39921
28.3928
15.137
5.74303
17.0169
33.828
9.83286
12.5401
4.60792
7.21312
11.76
4.71306
20.3021
32.6009
13.0041
33.2489
5.89991
29.675
7.34401
9.56893
26.7551
34.4961
18.1749
5.30314
29.3159
37.662
13.099
18.5239
17.4842
20.7829
2.29287
15.1932
15.1539
32.5921
7.09605
18.7678
15.2302
7.4079
29.0251
14.231
17.7109
16.3829
37.1461
39.5329
8.58498
10.4499
6.46687
18.373
22.543
4.39215
11.5221
39.979
17.5478
20.092
1.91784
8.19016
5.13792
16.2771
32.32
36.7169
11.2581
65.3698
12.361
39.1231
10.0989
16.068
19.382
13.3488
32.686
8.0812
11.317
10.3579
12.4111
5.05304
15.6469
20.246
33.164
4.0319
3.69215
10.6931
12.1319
9.77302
61.101
21.6911
12.5551
39.916
18.9688
20.0641
31.5549
28.0261
6.82092
16.3469
17.56
32.98
33.922
19.0852
10.2301
19.393
31.142
9.758
6.10805
14.2889
16.392
11.2619
6.52003
8.42881
32.4111
34.539
11.4381
4.16183
12.5871
7.53808
31.821
4.72498
8.16107
30.0379
9.17411
15.2249
10.3412
8.30197
31.601
7.7219
38.707
18.1751
31.2109
18.6899
17.539
26.556
67.399
35.7971
11.308
16.432
14.1661
15.5778
9.59921
8.883
19.166
35.3639
7.55405
7.38406
7.02405
31.9068
1.688
26.7241
10.103
10.8819
4.9572
11.4198
19.8081
5.90706
14.6451
21.9319
19.666
11.8642
4.22096
6.80804
5.34701
6.7668
27.5002
12.2669
10.5109
13.2399
13.4912
14.4169
9.22799
11.5421
21.5991
5.90682
15.048
15.9731
37.4849
40.9341
7.78794
3.3741
10.5081
11.0049
27.447
33.751
16.382
1.27316
5.10693
18.2481
8.37302
1.99699
5.28407
21.25
21.9491
9.2659
28.348
28.6269
61.837
12.0571
13.4339
2.65002
32.006
6.34813
35.888
21.4911
7.21097
11.78
4.2429
6.52003
31.3232
8.41999
7.70092
28.0311
15.2709
23.068
8.86011
15.7411
7.65395
4.9839
6.1481
5.51605
67.4319
17.1571
4.66394
11.229
18.5611
33.7899
5.00894
6.34694
27.39
5.85604
10.6711
11.3568
4.6308
35.3031
8.22496
37.9691
2.55489
13.8612
10.6459
19.8979
7.60293
6.73103
40.029
12.8219
11.4808
27.0209
19.999
33.313
5.53298
31.096
58.26
16.5708
10.0272
5.55992
30.762
34.6091
8.66795
30.5302
12.1548
15.1532
9.34887
13.155
28.6319
29.0141
18.959
34.78
28.841
15.9869
29.7101
20.2501
33.7961
8.62598
29.99
23.7491
5.87106
33.1259
31.4982
14.689
7.20811
38.7409
6.1121
11.508
15.3069
36.4921
25.8491
22.4619
13.2201
23.2711
18.5781
20.7219
9.26805
2.84791
18.595
11.198
39.8109
19.906
35.0261
17.375
20.843
19.2089
31.8329
29.8932
20.1919
28.3861
30.6919
8.96406
17.298
13.0811
29.2671
11.167
9.55296
2.39396
35.099
13.402
20.6079
16.2621
6.20914
61.4719
4.28104
10.6421
9.62806
6.13713
13.4869
13.361
7.7219
5.93209
31.146
17.4029
7.25794
8.06618
18.867
4.071
6.36196
17.5269
34.4572
28.9428
60.544
43.1921
60.2069
2.96307
19.0821
15.2259
30.287
13.5281
12.9139
8.00014
8.71301
19.794
19.8541
32.5398
6.42014
40.6041
15.7731
15.9159
29.5131
2.53201
8.54492
12.5101
6.40416
18.652
11.997
14.426
3.55482
27.4332
14.992
15.461
21.682
37.6179
12.4931
10.565
10.2808
24.4012
32.9058
25.3322
27.1399
12.4071
10.654
3.70193
14.5261
33.0241
12.898
5.97405
4.32396
28.1751
6.67691
2.58017
15.842
57.8249
29.5222
19.4941
6.40178
32.7461
30.4689
21.6858
35.9871
3.65686
30.479
10.2129
29.9251
17.7009
12.0132
40.7
2.61307
21.364
30.8549
11.682
10.68
10.1671
18.5878
36.2902
12.7909
21.7121
33.1559
17.823
8.4691
7.725
13.1071
18.0259
19.3932
10.52
39.8109
36.185
8.425
5.23901
35.3441
34.795
8.36897
24.6179
15.764
15.801
9.97901
14.2598
3.37481
16.1431
10.8261
15.8279
13.8152
20.68
19.877
9.24897
19.3951
28.477
6.42395
19.417
7.72786
6.54697
16.319
16.3732
33.1759
21.606
3.13997
4.1821
20.812
65.3889
1.47009
15.887
29.7201
35.8899
2.22397
36.298
15.3022
15.8799
9.04608
11.7381
22.3651
21.8079
3.16095
10.2561
55.3691
3.03984
16.3319
11.3001
30.8459
32.5451
14.6439
16.737
4.72808
6.24609
12.9769
15.168
8.12292
16.078
8.43
24.0562
25.0969
68.238
6.037
6.92391
6.77204
10.6969
21.414
11.338
11.21
9.17315
13.1378
6.45208
23.0911
6.46901
16.4831
2.5928
12.928
1.99103
29.5539
30.478
35.8181
2.94089
11.014
2.72703
32.8212
9.78494
29.5169
36.9821
17.0021
11.6968
7.09105
59.9141
6.55198
2.01416
39.8328
8.19016
10.2088
36.7911
6.8109
19.4659
4.33302
5.01895
17.278
18.9061
13.1159
21.9331
10.509
29.0439
30.252
43.026
15.8839
15.62
33.01
14.0839
15.9829
24.483
12.4102
11.1609
19.032
7.7312
10.2029
21.152
15.1849
16.3629
19.758
16.6311
9.02605
7.164
10.534
32.4199
41.2631
12.8529
21.605
5.72801
34.2469
6.19793
15.42
23.186
11.2021
2.15292
6.97398
13.092
19.9392
35.2659
21.1802
11.477
6.02388
8.183
6.30188
9.72414
36.1209
2.05612
5.28598
8.708
35.7471
31.0378
10.2398
14.2062
15.0568
5.90014
15.064
8.64887
25.7111
5.02706
37.868
31.112
2.03109
16.232
14.6899
34.5912
19.4979
15.3739
11.3211
2.13599
16.5811
19.706
8.74496
27.5459
6.20604
32.218
5.84006
3.41582
39.6602
6.56891
26.581
25.1431
10.3719
5.66292
27.4711
5.74398
31.1551
6.84881
31.26
10.2561
16.0761
20.612
32.8171
10.0889
21.4381
29.5548
9.41205
8.31509
37.57
15.2359
10.9651
18.904
4.31514
15.784
21.585
12.243
7.67994
27.5431
18.0469
37.9491
8.20899
8.89492
29.4919
13.3991
4.74787
10.3521
13.109
5.61094
37.015
5.71513
7.99394
17.8201
10.6308
54.9231
17.1661
52.8479
18.533
40.75
12.2712
6.17099
19.1829
15.214
10.783
4.62413
15.1429
29.2141
15.4629
21.3559
30.8909
10.5171
2.93994
4.24099
10.0629
16.135
32.495
41.2161
20.3309
1.827
18.1541
16.0279
37.8811
16.469
8.91805
28.1358
22.48
8.91805
10.679
4.14419
18.2168
23.5822
6.91295
13.2561
29.9299
17.2811
7.90811
10.273
37.8239
3.31211
31.3349
64.132
29.989
5.74112
8.66699
28.62
15.6901
29.294
11.1399
11.245
8.9488
19.2931
31.96
15.7931
6.52409
8.20994
15.3081
7.92408
29.273
25.84
16.33
28.698
30.184
17.086
13.66
6.54697
13.6371
24.811
19.779
18.3661
56.0319
4.86684
9.25016
29.9771
34.467
23.474
27.7469
3.46684
18.9712
5.51295
19.0251
8.07905
28.7569
29.983
19.398
18.3601
20.165
16.1941
14.637
31.5859
10.2999
15.4331
15.074
5.58996
26.911
7.56502
8.15201
33.3211
5.48887
31.0552
2.66981
39.4108
5.723
15.6631
29.6919
24.3959
32.074
59.5229
19.4261
33.493
4.47798
42.1829
64.8232
9.24301
18.2991
31.878
57.055
6.40893
22.912
19.985
29.7101
19.1631
29.5501
21.632
8.89206
18.703
13.7382
15.5039
11.862
21.5981
4.0729
5.32413
22.3639
12.192
6.45614
7.7939
7.18808
20.0601
2.58088
14.3971
19.0499
4.23217
2.4929
4.05216
9.40895
10.5751
22.8128
9.99117
4.49586
7.64203
4.25506
8.94403
6.96802
22.671
3.62706
35.6479
7.69305
11.0331
21.173
8.00705
40.204
9.08995
10.7541
11.4729
2.21491
29.0341
4.44007
5.76282
20.3152
16.4869
9.75013
2.21896
8.03995
14.709
34.905
9.7599
55.7542
18.754
35.8329
14.451
5.79119
10.227
4.81486
17.5581
14.286
5.42593
17.3721
37.123
6.34599
37.5929
18.676
9.969
12.7721
8.00204
2.36893
54.5471
31.3971
8.27098
9.76706
20.0529
8.17704
21.534
18.7771
5.21898
34.869
16.2761
23.0689
5.58996
6.35004
31.637
19.8011
3.86906
3.76797
16.5689
11.657
8.57401
31.8258
12.743
38.3189
18.198
7.93505
4.03619
16.8409
4.354
7.6859
15.6982
2.50196
16.845
3.37791
5.83386
20.1662
7.09987
5.43499
15.7511
11.3111
22.1729
11.009
2.71511
15.5239
59.0241
21.961
2.86412
11.714
12.0111
14.8149
12.3119
8.708
9.83906
11.6861
5.86009
38.9559
14.7431
17.9169
5.7261
15.8648
15.245
12.0182
5.17297
13.1879
35.0001
5.63693
10.8759
10.16
11.2419
19.695
19.2099
8.5969
11.7111
8.27003
21.9119
7.43604
35.615
36.6378
28.0728
8.3859
2.666
5.79596
6.19698
10.7112
34.565
9.25708
19.7649
38.784
12.8601
1.91808
9.50789
12.7728
3.75891
31.1899
59.5341
4.98295
14.5218
9.97686
17.1089
7.76315
3.54505
25.0239
20.3869
21.6761
31.4271
31.121
7.32207
19.6748
11.4949
32.5301
10.4079
27.8192
30.1828
39.906
9.47094
22.387
4.71091
17.6342
25.8489
5.41306
4.19903
2.05803
19.223
7.82084
19.3841
10.973
27.431
7.85089
6.02198
5.17488
13.6461
13.5059
14.473
13.9761
40.004
20.6571
10.004
67.2069
9.51815
39.4011
17.683
34.0819
9.98998
3.37911
6.248
13.499
15.6789
19.207
13.5391
8.17704
21.364
12.1081
4.86588
11.976
19.274
20.1309
9.40108
15.9321
14.8759
5.37705
21.497
34.8971
9.65285
18.9741
13.947
30.5929
22.3572
28.4288
18.82
36.8509
26.3829
16.6359
4.23217
18.8289
6.46305
6.15215
14.164
19.937
6.64186
4.668
14.663
13.5481
2.37393
7.47895
5.13482
6.25801
30.1118
12.4562
19.2509
20.396
40.323
39.5949
11.857
28.7201
28.955
7.18093
36.9868
9.29499
12.466
5.64909
59.0439
5.99098
18.8808
18.9412
29.629
36.752
5.27406
11.2581
6.22511
4.18591
10.5021
17.7028
33.1631
8.37302
7.17092
29.721
12.506
13.7
12.105
20.411
10.6652
6.75201
14.7269
17.0591
35.614
20.5779
9.69386
9.27711
13.8609
9.78112
4.48489
5.11408
7.8969
37.1771
10.1581
24.3649
38.5301
4.776
7.88879
57.6718
12.727
8.72397
16.2451
7.31897
10.5522
8.1799
6.82998
35.7192
34.164
13.171
9.84383
13.1741
12.9771
20.3459
7.73501
28.0721
17.802
19.6249
7.45106
6.89602
11.4281
6.04892
62.13
16.4309
15.548
14.2961
4.87113
35.157
34.615
14.478
5.51915
33.036
14.226
6.8841
35.989
11.646
15.7928
10.9649
2.30694
19.2988
10.8602
10.3569
18.9981
2.316
8.93879
19.2089
14.781
8.34298
19.202
39.299
7.64704
12.419
35.3019
19.824
17.1092
9.05299
15.7261
4.33183
36.5911
28.0371
29.7871
1.71089
11.862
4.85706
3.37291
12.049
4.81296
24.4751
16.258
51.765
20.9482
16.3369
30.287
7.33709
38.0778
22.155
64.4212
12.5718
5.99384
9.19104
23.392
28.568
31.4322
33.227
10.366
4.54903
9.14216
34.3199
21.7152
10.4511
3.18289
19.397
39.1572
11.7178
60.4599
7.4811
20.3362
21.3139
6.93393
20.5042
8.97384
31.198
18.141
6.042
9.22894
38.3818
10.9749
18.5671
30.3159
4.95505
10.5371
11.24
3.00193
31.594
8.3189
10.4399
12.0571
11.0559
2.77996
3.34406
13.1321
31.673
21.1551
11.8129
33.7861
19.918
3.25799
10.004
10.6671
3.72815
16.6948
11.543
16.7842
29.2008
4.16899
15.506
19.3698
15.7361
5.71704
11.75
5.25594
15.1281
18.841
28.569
3.43895
15.3041
1.79005
19.738
41.4681
19.438
36.5949
21.0671
2.04301
34.2369
28.0349
36.3152
22.692
30.889
17.6599
3.21507
12.08
13.5231
32.8069
5.22518
10.2079
32.2161
10.9711
3.0489
13.5231
31.2269
14.092
27.307
35.985
35.223
29.53
16.8109
7.88212
6.59895
32.5031
29.9199
5.42784
32.934
17.086
4.97913
10.7789
35.2311
6.31785
14.2641
55.712
11.06
19.2602
10.2739
12.208
6.08611
34.255
68.9039
5.63598
36.2599
7.40719
10.716
28.733
5.57089
18.3551
5.75495
7.65705
4.54903
14.7541
34.1029
8.46982
10.8771
32.901
15.9259
35.172
5.70393
13.119
10.5441
9.85193
23.4938
17.2448
9.86695
17.7479
2.4271
31.4541
2.87485
33.879
2.4991
32.4819
8.35204
11.204
10.7079
27.8912
7.67183
21.0102
30.6411
4.35996
29.0539
7.81918
8.66985
14.6
5.57804
10.3791
7.50804
19.0349
18.2281
7.01809
7.03311
5.0149
33.8809
11.2822
17.1371
9.75084
4.07505
17.1471
9.61304
32.0771
57.4169
11.0221
14.3239
5.52702
31.3399
32.6791
31.2169
30.4441
21.071
2.69413
18.502
5.96189
5.61595
6.8841
25.6732
19.7039
19.0301
7.92098
9.04107
26.053
34.3142
13.1609
6.70195
29.4061
26.417
17.637
13.371
37.035
29.2931
22.769
13.9179
28.4622
7.96103
5.98192
10.4902
34.7478
6.80614
64.2879
28.9402
3.50285
4.16112
39.242
16.336
5.77021
11.9238
6.10995
15.7299
6.93417
10.792
61.631
18.3342
14.5578
15.3182
13.2918
11.0512
21.1339
12.7702
21.9929
18.203
14.771
11.0159
11.188
27.544
27.535
3.05891
15.239
26.5229
30.642
19.382
14.9791
11.946
17.6539
2.60806
4.78101
8.94904
19.3079
9.66215
36.716
6.01411
2.9068
12.8312
11.605
11.43
30.817
11.9309
10.8011
8.96096
9.058
15.2199
7.00307
9.17602
18.0199
4.4899
55.4509
23.2298
20.051
6.44898
4.1461
14.3671
30.9441
2.66886
5.9309
8.59594
2.95615
3.11899
8.25405
2.285
2.9068
6.30689
6.17194
7.84206
18.2731
28.332
5.31697
27.9791
15.934
9.37295
5.39613
10.5319
9.85312
13.2909
3.88885
7.9
6.33216
12.4898
37.673
36.1319
21.399
23.2809
7.34806
15.671
15.095
15.5711
25.3141
11.6248
42.1259
58.424
9.53197
11.852
40.7579
14.3039
36.1359
7.57504
8.8141
6.37484
28.502
21.0509
17.051
8.51917
18.3728
3.31306
5.51701
28.5981
34.261
33.5019
15.8951
11.5829
8.56209
4.94194
14.358
34.035
6.69312
36.7229
31.589
8.90493
18.981
13.5901
8.31103
11.4279
19.315
9.5849
24.3082
32.819
4.23884
11.605
6.01697
10.9429
37.2901
21.6849
9.15313
15.233
7.05194
32.4771
20.211
7.689
33.6261
13.7048
28.97
12.815
5.5809
19.3191
5.88608
34.4751
18.9569
15.9831
12.6641
15.4619
29.9599
10.1559
3.91507
4.16398
15.296
6.52599
20.294
15.7199
15.548
17.1301
6.19292
20.056
10.788
36.3872
14.8859
19.697
5.97978
12.6741
28.0921
11.107
8.13413
17.0648
10.3729
10.062
12.8801
57.384
17.7538
13.0739
30.236
37.6441
36.288
20.0179
5.47504
14.1962
11.2288
15.1498
19.743
17.3481
15.054
5.31912
19.5179
16.3112
6.52885
29.278
9.73892
35.4409
5.6839
35.0771
6.078
7.32303
12.4478
15.6741
23.8531
23.478
33.0651
5.36394
32.3591
14.822
9.57608
30.0329
7.85303
7.53498
39.4881
12.151
4.32992
53.5948
5.91207
31.26
17.8871
6.28996
5.69916
7.7858
18.8692
4.071
19.938
6.48999
11.91
18.79
16.0079
7.69901
4.88281
31.3871
1.95599
28.8851
30.8719
6.92606
7.27296
20.8981
22.218
31.065
18.018
22.7609
2.96903
30.1449
3.30019
9.42898
29.099
5.07092
14.7488
68.943
13.823
31.728
14.405
18.6059
8.50797
10.519
32.8228
15.115
11.9941
63.3309
56.6452
3.49998
22.0311
9.37796
9.52291
5.05209
8.88014
33.7188
9.19104
22.0449
8.64792
13.314
29.3691
10.8399
11.2891
10.083
10.6969
28.1389
30.7741
7.46584
18.1942
8.38399
13.3181
9.74393
18.065
22.2399
4.46582
7.60007
15.1811
31.4691
4.004
23.2561
5.83196
5.70393
14.1799
15.722
7.50399
40.0259
5.90611
5.06783
21.5418
7.89309
11.476
18.8529
17.3001
20.154
10.473
30.73
15.023
34.78
12.8551
2.40588
30.4971
11.93
13.1361
6.57892
5.6231
6.30784
9.16004
5.01323
11.174
21.759
14.338
21.281
5.22995
15.8629
3.06797
16.65
6.05106
15.2259
31.4629
32.2521
16.34
29.83
10.3109
17.0522
4.81701
27.617
5.42188
5.76401
39.7999
19.2511
57.2639
26.9251
14.3719
20.261
12.99
23.344
33.3281
27.657
29.8269
2.78211
5.75686
7.29895
9.24087
10.5121
30.0369
8.68702
12.6152
18.2469
35.742
28.7621
32.028
6.90293
12.2509
9.27496
38.614
14.5361
10.8299
15.0661
30.453
20.0629
37.5502
30.957
29.202
17.0131
13.8619
11.7421
29.319
6.10399
33.5031
9.7599
10.587
32.2881
9.80997
13.478
16.7181
2.95997
11.7321
9.08399
30.1669
12.3191
12.8939
9.06897
10.4692
19.592
39.9859
10.982
22.3501
19.031
13.9179
33.1979
11.9469
15.486
9.64999
14.575
37.7381
13.428
17.5409
8.98314
11.692
8.10504
9.70292
4.80604
22.7489
20.1421
19.485
12.351
10.9851
16.243
9.94611
3.09086
14.478
10.1261
9.50289
17.3779
15.9461
19.0499
22.4571
4.05407
22.763
6.5608
18.3718
21.4338
23.2542
2.76303
29.177
2.24209
5.67389
7.60293
8.55708
22.4061
28.0049
20.359
7.27201
6.41513
15.1598
62.48
5.45001
14.1599
56.469
11.6251
29.9461
21.718
11.6708
11.3292
42.4089
33.2439
1.78099
4.54521
29.923
21.8289
8.48007
31.9591
33.5281
14.683
14.7409
11.451
10.036
10.103
19.1751
4.93598
15.018
18.1532
11.869
7.01714
32.7659
9.92417
30.848
7.45106
17.731
18.6498
10.5591
18.039
4.43816
41.981
8.87084
8.92615
4.20785
25.749
5.55801
5.88202
15.9791
5.22089
5.37181
8.84604
31.9541
14.874
5.52607
9.60493
20.565
10.7141
18.95
29.325
6.67405
16.4249
56.5751
31.3201
10.8359
19.8331
3.16405
14.01
28.8482
8.60786
34.584
15.7421
7.82681
3.83115
9.58204
9.60588
2.67005
1.54996
21.6751
58.444
28.7309
9.13
19.7432
3.08084
11.0331
16.67
12.145
12.2321
11.4892
19.372
36.0179
34.214
39.0232
28.4729
11.9829
12.4469
9.93013
9.9709
15.2481
18.2009
8.7111
31.4789
4.69899
28.0738
5.34105
4.6761
11.862
2.36392
31.7199
66.86
28.3129
6.02508
38.815
10.5751
40.688
5.21398
31.249
28.6319
26.221
8.82506
15.3329
16.104
40.3099
56.88
32.1472
11.692
17.024
13.289
9.03988
19.3272
2.38895
11.7781
10.8199
20.952
10.5422
29.5219
29.0611
9.06301
10.8202
15.969
4.94885
5.18608
11.658
10.1562
37.879
5.11003
40.499
8.58116
8.92282
19.6531
3.61705
14.1821
7.17497
16.4919
3.46613
6.16193
7.75099
11.7321
32.129
4.78005
28.331
12.917
9.77492
36.6621
6.52194
16.458
32.1851
16.335
15.1129
33.1998
35.0668
16.9601
3.227
16.4649
20.6308
28.857
11.4791
20.2761
6.43992
10.344
29.7208
11.673
5.16009
9.67789
10.6821
7.73191
9.38892
2.82907
32.053
3.93701
20.9811
20.864
19.8619
13.68
14.0371
4.37903
12.7161
11.0219
5.43809
27.508
18.801
27.6382
19.4068
5.5511
15.1031
35.0718
1.56188
6.49905
6.32
9.43589
18.5001
10.2441
15.929
18.492
7.49683
29.156
34.5981
28.6748
2.84004
16.7091
61.4719
3.44706
27.1881
3.16906
40.0479
9.70602
20.01
17.997
33.2441
20.52
16.608
29.505
21.008
5.57804
22.1601
6.71101
29.9799
3.27802
13.761
6.29807
22.7339
18.6441
17.7219
11.812
10.309
33.978
30.8449
5.36108
5.56302
19.7511
14.8208
12.3212
15.2588
9.42111
32.3911
62.855
30.3559
7.01714
33.915
27.6599
6.74796
15.4831
8.06689
1.90711
15.532
14.276
9.28998
11.827
17.8242
22.6948
10.272
3.38578
24.9581
30.756
15.913
2.63095
22.3429
26.7341
10.253
2.79999
25.26
9.02104
11.982
6.14619
15.765
6.68001
37.4169
34.0512
5.39494
32.1131
5.88799
19.882
20.7021
30.3178
15.8432
33.695
6.33001
30.2629
36.535
33.3579
4.64201
2.33102
12.0041
27.2229
5.56612
30.3791
5.34201
36.0899
11.5252
30.535
13.1459
18.8961
18.568
39.8791
31.2738
7.3359
7.81894
8.41093
29.846
15.985
37.2989
13.2132
4.96602
15.4309
2.29692
2.92778
15.882
28.7879
40.149
4.6792
4.02093
7.40409
15.5969
32.032
6.24394
23.3929
34.493
16.5951
15.6469
36.6251
7.12109
16.5019
10.1731
30.2539
29.1181
6.83093
32.3758
9.1629
22.6619
7.24506
20.7431
9.25088
13.0551
11.6661
51.935
12.6951
16.1178
12.1071
19.1491
32.6231
9.40108
30.3409
16.607
16.892
12.3601
4.06098
20.9751
16.547
9.624
8.64601
17.216
22.258
3.35002
17.1461
8.59189
5.97501
11.8911
19.124
9.61494
19.7959
9.5582
10.649
27.2839
8.80003
10.834
8.30507
37.756
32.8701
11.1172
20.4408
2.95901
4.02784
3.64804
11.9469
29.417
4.47106
31.5862
14.111
6.64496
11.0509
15.5599
31.651
17.324
31.044
6.18696
16.995
15.6949
6.97613
5.47791
19.598
39.639
5.70607
64.1291
16.0179
33.586
27.452
5.656
5.98788
22.4931
4.57287
5.42212
16.13
27.4899
38.3048
2.43378
29.5691
18.2381
20.776
21.0149
30.2081
8.78787
9.40609
10.0551
4.05002
31.43
18.0318
14.1468
38.326
9.28307
6.47497
37.4892
29.4569
31.9262
9.07993
13.052
20.015
11.6031
15.6748
41.7562
16.397
20.4959
32.7449
4.90093
9.53579
21.6758
21.1961
18.791
27.364
16.4361
30.7989
34.3959
11.9669
35.65
20.3259
7.36308
21.292
8.50105
31.781
36.3421
5.76997
7.20596
14.94
31.806
10.7789
7.17592
33.4351
18.4479
4.16899
6.72078
21.7142
30.8678
7.11679
7.29179
3.62802
15.2159
18.4391
22.1112
10.7658
22.1672
4.61483
11.5528
4.1039
23.298
21.158
8.35419
33.145
1.80912
32.517
15.523
32.2721
10.2
19.448
9.53007
14.632
34.374
6.33383
20.5071
30.3469
28.1839
8.5609
18.708
11.389
8.34489
13.036
66.3919
7.66397
16.0711
12.795
18.6269
61.316
5.10979
10.7191
15.064
9.07993
16.1581
10.2949
5.47194
9.52291
3.97992
19.2902
10.1478
30.1869
17.0181
28.0619
15.6569
17.5979
6.61898
12.3091
31.646
35.7211
19.8779
34.359
14.466
9.92203
18.743
9.3689
9.23419
8.55494
12.243
5.49507
15.8179
9.31621
15.2769
2.40707
12.4199
3.80087
27.498
15.62
28.1489
8.99196
21.3599
6.37412
28.842
20.864
12.686
30.093
27.987
5.2352
19.063
22.2681
37.0889
8.73804
17.5481
22.454
18.2309
23.3469
11.3711
17.7019
9.63306
59.726
14.688
19.948
5.74303
9.85718
15.641
9.7661
18.693
7.76005
9.73606
17.4739
29.917
18.615
9.15194
7.63512
67.2429
34.085
6.26111
63.3929
14.004
7.37691
6.2449
3.87383
23.735
18.3611
25.3551
38.7819
15.0919
9.12094
6.27494
6.59108
13.6809
16.6061
36.15
27.7181
29.9001
6.35886
21.8651
15.4979
27.0512
29.3119
9.69195
11.965
18.276
8.03113
8.74805
5.11003
8.09884
11.646
22.8941
11.0509
10.299
16.1591
35.2011
1.98007
11.354
7.72095
31.6041
20.081
2.43282
10.0448
6.40607
26.144
64.4209
3.44181
9.197
31.0969
22.342
4.53901
28.2269
15.3182
8.5969
41.76
11.2751
20.6811
6.44493
7.01499
14.7772
7.70497
19.7899
18.4209
5.57113
12.4581
118.568
2.21491
16.9621
23.0381
44.23
2.1379
15.959
17.8151
18.1761
5.45287
14.755
8.09216
15.533
13.468
31.265
34.9629
6.27708
19.325
14.1239
31.7948
18.254
9.21488
14.36
37.8921
4.79198
11.0171
5.46503
3.53193
7.6921
20.627
9.86695
12.9621
26.1409
15.713
15.1911
57.992
4.79007
27.6589
14.761
8.69584
16.149
4.83203
5.08308
10.608
18.8351
7.27987
38.5108
10.7498
10.9632
13.1359
17.3161
5.45788
13.1559
29.799
5.38015
17.7429
33.767
7.29203
28.0879
5.00703
14.1242
10.5669
36.2051
7.59602
8.27503
4.83489
37.111
32.536
15.3959
19.1548
16.005
7.70998
16.1569
31.2569
6.55007
13.9751
6.598
34.0819
31.2769
13.7341
7.7219
7.09009
8.74996
34.4861
7.81798
18.0931
13.8369
10.3981
21.971
15.0349
17.3399
17.3681
3.82495
5.73206
2.352
22.398
28.486
11.4589
3.829
2.90513
11.1001
16.422
16.866
7.71904
18.203
26.5439
56.88
18.1909
16.6669
9.71603
27.4351
14.6959
15.976
36.89
9.4769
14.3571
15.48
6.01697
17.838
13.4161
10.9329
7.12419
31.6558
9.91583
10.0091
6.12903
20.87
5.11003
22.104
13.998
8.86917
7.69401
24.291
11.632
40.9391
8.20899
16.0909
9.29618
35.0778
125.336
15.177
5.31602
9.17792
20.9279
24.4501
5.08094
36.1741
18.5289
11.8148
19.7952
2.79808
7.60078
34.3702
19.6559
9.73392
16.5472
15.3129
19.8669
7.67303
12.4202
27.7851
40.0949
18.0588
38.0499
8.64697
32.958
5.43618
7.06601
10.555
6.58298
11.6289
14.9372
5.22399
10.2339
9.377
11.4009
32.5348
16.3882
2.97689
2.34199
13.8941
3.42607
17.4129
22.2552
32.9108
5.49197
35.7149
43.2851
16.1579
11.7211
39.1729
4.32897
19.623
15.588
32.83
8.22806
7.14517
7.21884
16.2439
19.7632
14.5998
22.588
18.8661
11.9989
35.1672
28.8239
16.5012
12.4059
3.45397
33.9351
30.3581
11.276
2.13289
9.66311
16.9909
6.30999
20.4709
8.744
3.61896
6.46687
59.0711
4.85802
16.1471
11.7869
15.4941
3.44896
20.469
4.89616
8.73399
22.764
13.556
37.818
10.689
29.309
3.15499
17.6642
2.02894
5.22399
9.238
20.2692
9.3658
16.201
58.7502
15.9431
8.9829
11.385
3.13902
21.132
11.162
2.84314
34.1239
2.71916
62.0158
8.78811
33.777
38.1761
17.9601
29.671
14.7221
9.166
18.558
19.244
35.018
13.6881
37.3759
14.502
36.869
8.83079
37.257
7.53999
18.842
2.65503
14.883
9.69195
12.2361
10.7908
19.752
19.521
12.29
3.22413
12.6128
7.16782
12.0211
22.1241
9.51695
8.35919
27.1509
27.025
4.83394
11.035
31.8391
5.91278
37.8721
2.25616
15.506
14.307
31.9209
34.693
31.812
36.8681
13.8199
8.12316
10.083
7.49707
15.7349
31.6861
35.3601
3.0539
16.5381
14.7369
12.9361
12.742
35.773
40.2651
14.112
9.588
28.2888
9.08184
6.0668
30.7741
7.87187
18.7731
7.07793
31.487
7.07698
9.67693
15.7461
6.66213
3.80683
9.88913
35.512
6.03199
6.74605
14.061
39.629
7.653
5.36704
5.56707
7.40314
30.2501
11.1208
10.9789
8.97098
17.3972
4.57287
19.4068
30.6702
6.39391
2.35701
17.149
28.6429
5.7261
20.6141
15.7189
9.0909
30.3972
7.85089
19.0911
10.9041
16.6199
9.06491
36.7908
6.01101
9.00006
11.3442
5.53894
2.51794
20.936
29.9971
6.79088
2.30598
16.2451
20.422
5.49102
6.00195
3.9711
13.6781
5.14197
5.20992
21.6041
13.5171
35.0599
13.149
26.7341
6.36101
15.7471
13.0339
9.29093
5.373
27.118
19.4521
18.3799
29.6762
7.55095
8.23307
22.4769
33.9692
19.377
19.129
8.23498
8.85701
12.9321
33.453
8.85201
11.1091
23.3438
6.2449
4.49014
32.578
19.464
30.9811
15.343
10.112
29.0341
6.55484
16.3159
15.0931
17.6399
13.149
20.575
16.891
35.6119
16.618
17.709
19.2139
15.9431
10.536
30.1061
35.9771
10.788
32.0082
5.03087
8.27789
41.168
13.5522
18.348
31.4538
17.9799
35.6572
13.669
21.3809
14.879
9.71198
6.59609
41.8561
5.56588
29.727
23.9239
25.8892
16.4249
12.3422
16.9249
11.4641
30.129
4.68206
29.2242
15.028
10.541
10.3161
17.189
33.601
30.9119
29.7542
42.11
15.3661
6.20389
7.77912
40.7939
1.86515
10.73
16.444
14.066
17.75
16.722
18.898
14.035
32.81
36.3441
15.033
5.74398
5.22804
27.559
8.30102
7.73811
32.1109
22.2349
6.05011
15.0599
17.0798
4.79913
20.8941
15.0528
9.82785
3.87621
36.0148
13.844
21.7412
29.7899
9.2001
9.35006
3.32808
14.4169
18.2562
13.387
31.002
37.5509
9.74822
16.804
10.498
8.02398
29.4199
9.835
10.2279
11.1041
11.2369
8.6019
7.75981
20.6959
6.08087
7.63392
6.96898
17.1511
12.8272
4.18496
12.9669
8.05902
21.508
19.841
28.0161
9.09805
20.4711
15.7619
15.481
8.51989
7.10416
11.2829
19.6919
8.69298
60.1981
20.236
7.36499
14.502
37.71
23.844
16.4442
4.915
2.75898
5.89895
14.1921
33.8311
10.2179
18.2769
3.50094
6.05702
9.54103
8.03208
29.1631
18.636
7.66492
42.248
11.178
16.258
11.2321
7.49207
8.37588
4.76885
19.3222
28.749
9.21011
39.9458
3.68881
7.52306
32.692
3.29399
8.85701
5.69105
9.98592
15.96
3.73411
15.518
35.121
7.82204
10.8161
25.265
16.953
44.4779
15.3282
13.2029
36.6302
20.762
30.7021
8.15082
21.4572
21.487
16.057
14.7541
13.273
12.47
16.0429
26.845
11.0378
10.464
22.301
19.336
9.59015
9.13787
9.85599
10.5591
23.571
4.82297
7.94005
30.483
14.6189
2.23207
16.2029
18.2509
17.241
27.9379
12.8791
5.45406
35.9941
20.5629
11.853
2.68602
5.72109
36.3181
19.443
6.65307
27.081
8.30698
8.64506
56.694
4.58407
34.4899
4.37713
5.481
34.585
3.10993
4.34089
10.824
36.3712
23.3769
3.81994
29.752
8.03804
14.6649
16.9742
38.136
21.06
8.28409
10.3788
19.2032
23.037
32.6519
9.88603
14.6298
31.8501
15.341
8.02994
20.7582
28.337
2.72298
11.0061
9.67288
62.9251
32.0821
11.286
62.9649
35.5701
17.4
5.6169
34.584
14.6601
16.9339
73.1499
58.526
34.2731
10.5419
6.5012
5.63693
9.377
35.351
15.8761
18.322
22.212
35.8331
12.5539
5.89204
13.124
25.2922
17.899
11.858
17.612
9.03511
11.333
16.1989
28.9171
21.1639
13.0861
2.64812
10.973
29.2208
11.1022
19.186
5.32889
16.5911
5.37896
2.30193
5.52416
11.411
22.3801
6.26493
19.6581
6.86598
68.6271
33.618
8.77094
11.415
7.28679
17.4649
17.0531
43.8819
58.7008
15.269
14.312
32.393
19.5119
38.3809
30.4701
9.30595
19.032
5.58901
33.417
8.35609
19.592
30.338
8.35085
34.3008
3.34978
11.5929
19.1
31.7559
19.289
28.5821
13.484
23.1359
7.28917
35.8601
24.241
34.8239
36.021
3.35407
29.2661
19.1128
10.325
10.814
5.77712
32.583
3.29208
13.6909
2.93207
8.20613
13.2418
30.7751
36.958
29.1002
30.0119
33.1931
30.7591
10.8838
19.8929
9.73392
7.04098
19.805
29.0639
20.3102
2.99096
39.268
7.90095
16.974
8.64196
10.8368
14.9629
18.3311
12.486
29.918
21.7631
11.0981
7.91001
16.192
7.08604
22.1469
12.2981
21.2131
2.06995
19.784
11.6611
16.881
32.1698
8.66699
5.19991
9.413
13.7372
64.0428
21.0588
15.5151
34.385
31.6081
32.1479
34.0879
36.8202
18.2159
18.4791
34.2379
26.5629
19.006
37.1711
33.8299
20.0891
11.6839
12.4469
11.8358
23.972
15.9481
25.3022
9.51481
5.20205
31.723
3.29781
6.28185
34.517
9.93204
19.7079
17.946
28.1651
10.0939
16.0029
10.5071
6.46996
3.15499
5.71895
16.474
11.1351
10.884
19.4941
10.4148
34.05
7.62486
36.1729
9.727
7.37619
15.697
32.573
16.346
29.7329
5.79882
7.98702
11.821
14.055
34.5981
4.11797
11.6122
9.76086
22.0499
2.37417
19.382
9.83906
6.212
15.9922
5.50103
39.485
30.7889
19.243
33.3071
10.6091
7.14803
75.6299
16.5131
13.5849
2.24304
38.161
14.2472
22.614
18.656
12.114
7.16591
17.535
28.4691
7.42197
57.2121
4.72999
29.9032
16.593
14.6499
31.3761
15.12
8.40187
2.77781
11.487
5.70798
11.1101
6.10995
20.365
4.32396
19.4921
34.0021
33.484
13.875
5.18084
29.0542
14.4498
6.41298
10.272
20.472
16.531
13.0091
4.13299
8.71801
11.9202
10.2079
32.717
2.97117
18.6579
7.85804
12.63
10.366
13.5419
32.912
9.73201
3.15309
18.373
8.22401
22.759
3.88098
17.9882
35.744
34.255
20.0901
32.2678
14.8861
3.90911
9.48
10.8469
4.36378
56.313
55.2969
8.73613
16.5899
16.1402
22.9409
10.211
14.3292
15.0049
19.3551
24.6892
11.1718
8.03399
18.831
7.91502
20.1399
19.521
21.168
17.0541
13.875
34.76
11.9929
12.8632
6.45399
2.79999
22.28
4.70591
5.32198
16.4471
6.40798
35.584
2.92897
7.35998
24.1771
6.48093
13.1271
15.8081
27.8189
14.6639
12.7082
29.6268
21.3702
21.9269
24.405
28.8482
30.9539
21.2669
8.40092
15.7681
33.685
16.5601
35.85
12.5089
13.6421
33.5
53.8161
15.6779
7.375
10.2181
31.4341
36.2828
5.31411
14.7049
5.70011
18.4
20.149
20.9789
8.23593
17.029
7.06506
31.0011
23.437
7.87902
40.828
7.96199
32.4728
9.28807
39.892
15.3451
19.2361
12.2039
3.03006
5.18298
18.872
6.1419
9.7332
12.382
21.117
31.4801
9.5861
31.5309
9.0549
6.36411
5.4009
7.25508
7.83706
34.0219
21.915
34.3029
11.867
13.339
11.41
27.0882
10.0498
9.81283
29.4769
10.2651
20.4761
21.359
15.0731
16.0291
33.5989
6.284
15.7251
33.618
20.7431
38.0669
7.62486
11.2031
14.25
7.61604
17.8251
7.91883
14.8611
19.3641
35.3689
9.32217
20.0369
14.528
6.66714
34.5149
51.1861
19.1641
27.2579
19.527
6.14309
32.892
18.8169
8.98504
3.89481
15.604
23.8781
1.90592
9.98616
10.74
67.1129
15.312
7.44605
32.614
9.67407
5.59115
4.34494
16.242
10.828
19.388
36.4711
124.088
34.5259
19.7752
19.2759
5.98407
11.6251
36.232
5.14698
9.49001
16.649
4.82011
8.98886
16.4609
36.495
13.2821
10.2742
13.891
38.877
17.159
21.7311
7.97486
15.9068
35.1169
13.7379
21.163
20.5219
33.7741
35.825
12.5411
15.2929
6.91509
22.032
12.4419
9.5911
9.95302
7.88403
9.17006
6.73485
9.96614
28.543
38.2991
19.5861
6.54483
38.2831
12.1479
10.2382
16.2518
18.662
3.07703
22.975
33.3869
3.63111
27.5929
3.721
41.146
9.094
20.9379
10.0951
14.7779
27.277
11.2162
8.5218
34.2491
5.20802
17.76
21.868
2.10309
12.125
29.387
15.8741
5.78904
20.0179
32.0981
12.104
15.1241
8.74114
14.5359
35.0771
9.18794
