257.73
179.917
232.75
207.428
208.213
207.05
214.976
79.6239
182.098
217.252
100.473
239.57
235.34
185.887
172.012
219.645
218.707
198.962
172.172
255.274
215.442
218.084
201.865
202.533
218.543
212.884
178.075
219.695
173.025
215.569
260.98
208.225
193.16
201.699
184.629
240.135
253.885
215.008
136.556
153.667
253.789
219.943
208.004
215.807
211.65
215.491
201.716
229.361
209.71
159.776
146.186
216.072
246.882
254.236
216.206
208.267
213.345
217.341
208.506
142.419
217.455
217.299
202.412
245.02
178.729
253.498
202.496
176.424
229.197
193.611
215.771
206.53
200.494
205.375
216.502
202.995
208.636
218.49
206.3
211.108
202.913
256.332
194.508
207.689
216.385
254.641
244.702
254.75
197.558
204.591
218.835
200.44
212.056
194.587
248.676
209.362
258.556
120.953
253.886
200.619
241.838
217.07
219.198
205.046
245.874
219.725
217.619
221.523
187.114
246.092
249.2
222.254
204.49
230.198
199.062
216.55
263.639
171.248
210.405
201.316
207.143
184.726
207.702
200.908
219.622
219.37
230.899
212.394
249.717
136.538
139.141
213.917
244.692
222.1
250.594
204.741
209.343
178.817
214.338
209.977
214.837
233.496
64.414
216.726
211.059
170.116
216.742
204.829
207.97
247.591
219.831
257.503
86.1211
224.454
214.663
198.094
248.917
201.092
227.939
109.527
196.291
207.564
205.087
199.155
258.424
206.851
215.094
216.926
203.9
200.666
200.979
190.842
142.204
204.802
208.455
205.004
209.199
219.008
193.984
222.523
200.128
205.499
255.853
219.206
248.797
212.418
219.933
190.932
239.208
216.71
258.391
203.581
206.823
239.01
207.313
207.439
212.707
221.261
18.4491
197.565
210.901
211.774
202.623
219.242
257.667
227.007
195.139
277.679
223.494
249.919
198.895
149.945
211.358
264.075
217.637
117.055
195.984
209.421
213.984
116.425
201.054
199.792
219.873
208.217
216.954
221.899
257.33
166.229
200.09
193.897
204.443
219.399
152.645
217.551
202.893
177.768
262.436
222.719
208.502
219.792
151.626
220.901
257.235
240.18
202.026
219.295
261.716
96.24
192.154
217.411
81.742
192.613
260.254
259.046
233.067
207.464
206.825
241.92
217.992
209.246
203.095
200.54
218.225
213.851
188.209
199.984
218.319
194.763
219.815
217.125
213.754
216.235
255.988
172.419
218.478
203.566
204.716
217.737
258.363
216.645
217.161
207.777
105.896
215.583
217.361
212.298
205.991
212.425
217.738
215.437
200.188
219.016
194.296
216.74
215.791
245.915
166.317
223.032
197.302
219.309
218.821
210.007
200.962
193.632
214.183
217.179
199.49
259.987
253.585
217.685
246.042
179.91
193.282
231.135
252.121
211.195
207.534
194.644
216.141
191.423
192.832
214.338
222.228
221.918
204.402
200.46
202.608
201.044
217.884
257.585
205.204
220.58
218.66
207.294
251.605
207.509
200.831
201.548
176.568
197.808
225.196
191.005
113.339
175.484
202.272
222.884
217.255
218.919
207.336
196.499
216.361
115.838
258.322
217.343
210.332
256.264
217.534
202.862
212.854
215.613
184.055
218.022
256.937
222.086
203.793
204.123
189.315
235.508
205.288
184.224
204.158
242.396
93.677
215.972
216.138
233.672
182.812
251.361
256.883
195.295
190.535
181.306
214.256
257.906
230.929
199.942
212.989
198.975
192.42
217.066
193.86
235.367
219.642
71.382
211.9
178.494
203.235
215.06
195.345
47.25
259.329
173.51
216.358
186.407
204.058
209.139
216.423
232.673
223.319
190.4
192.241
219.285
207.47
208.057
205.74
198.378
256.175
254.797
216.114
221.963
216.771
206.179
205.136
218.776
220.745
253.135
194.047
216.657
250.125
206.494
191.414
189.614
214.34
214.465
211.881
193.061
214.613
239.235
198.373
215.482
208.413
217.464
209.884
186.632
177.155
248.03
218.687
227.166
196.685
255.083
197.854
254.912
198.35
59.7942
177.526
221.075
242.978
219.193
217.343
251.616
231.645
217.882
244.313
235.283
210.159
205.674
213.608
190.724
200.692
211.814
253.147
254.638
194.935
204.208
214.312
218.307
211.611
211.472
186.334
217.642
213.429
215.945
196.713
159.672
210.446
184.743
215.555
196.83
218.008
209.126
204.103
216.861
212.495
223.185
256.169
203.437
259.162
205.933
223.349
260.638
147.752
214.37
243.151
189.704
147.848
216.592
209.317
204.932
200.401
203.996
205.932
168.782
197.713
201.993
251.342
211.354
194.26
216.815
195.225
253.445
217.738
195.519
184.461
220.801
169.292
199.979
249.926
275.589
192.106
218.362
214.112
220.178
208.699
255.444
222.675
202.293
204.628
194.122
24.6708
209.287
238.97
193.719
201.109
205.315
203.035
190.217
254.314
214.107
133.2
203.272
241.306
190.68
224.664
110.223
202.704
230.758
237.686
220.839
205.362
228.643
187.519
256.648
254.708
194.375
208.959
214.474
48.6
153.752
212.771
238.358
221.753
213.499
205.719
223.344
201.568
216.137
237.44
215.329
210.432
214.505
255.962
204.014
247.859
230.638
256.361
80.6448
198.228
194.185
216.182
203.577
195.57
216.919
215.223
206.377
107.535
209.347
240.616
202.984
202.071
70.893
255.064
190.371
185.01
218.16
193.125
208.236
199.777
206.274
193.5
83.3519
217.491
211.731
35.5191
216.294
185.181
217.021
188.036
207.274
218.6
94.8179
229.691
201.655
200.37
202.371
188.676
253.296
201.059
189.106
216.148
94.3141
209.145
218.944
193.751
219.271
223.264
198.535
203.559
201.021
204.674
212.66
217.968
218.247
218.933
195.752
217.105
202.081
126.126
272.002
170.993
194.158
98.413
256.068
189.459
210.823
237.852
230.835
209.726
218.102
191.324
186.398
213.33
245.955
189.099
254.005
190.848
115.64
205.025
211.456
217.955
202.078
257.936
160.815
170.928
203.194
208.253
197.094
254.429
215.04
142.469
205.412
198.633
257.056
215.742
213.106
257.919
189.397
241.988
205.732
203.906
59.664
204.594
201.296
215.673
196.893
115.235
254.362
193.335
219.793
255.997
214.194
253.495
192.728
245.313
166.802
207.867
191.238
221.267
183.72
194.115
196.947
203.456
201.997
200.155
175.841
184.579
217.768
214.662
223.186
205.258
199.463
210.959
206.652
215.253
254.031
218.603
200.207
231.785
207.614
221.152
207.415
200.301
258.524
210.752
205.108
217.654
102.878
257.187
217.134
253.549
38.2521
203.348
215.137
202.245
213.355
221.679
205.864
217.427
207.013
203.294
182.932
212.222
175.102
194.638
197.383
217.632
36.062
204.08
200.106
205.897
234.118
183.249
196.354
197.064
218.174
248.152
214.366
215.859
200.096
156.543
197.298
200.984
213.122
242.589
254.082
47.3881
214.839
92.7989
163.273
251.562
220.198
220.249
217.524
214.196
192.456
241.444
181.1
168.058
201.805
186.936
186.06
207.762
245.083
47.2081
206.345
243.814
207.457
218.857
180.8
238.501
189.861
231.462
204.797
200.908
222.496
182.855
203.457
214.361
251.904
198.766
216.688
211.491
252.031
251.956
232.468
218.076
195.204
215.717
56.392
36.2141
189.825
143.419
204.511
209.591
176.157
199.892
219.973
215.61
258.359
184.433
212.653
219.936
213.325
254.758
164.137
217.625
207.995
214.412
212.434
198.368
213.332
119.345
200.269
205.891
215.588
199.284
232.098
221.264
200.786
207.871
215.489
213.796
217.48
178.718
212.41
220.819
219.597
199.205
41.4732
219.07
218.302
214.328
211.31
185.492
213.998
205.379
256.339
197.2
216.661
200.947
196.634
183.926
259.712
229.869
241.187
220.404
223.155
206.625
246.391
213.907
256.863
254.782
107.314
170.464
177.517
215.38
193.699
213.327
213.234
255.01
188.107
203.382
186.916
212.339
216.184
230.729
187.867
159.657
226.984
184.667
176.616
197.462
202.945
198.729
213.658
75.155
219.674
206.226
192.121
174.452
170.663
183.448
186.578
216.773
257.695
219.545
250.015
262.47
220.112
198.861
256.886
107.955
219.379
216.935
216.885
196.863
192.948
215.928
210.958
213.137
95.758
217.157
199.04
240.826
196.719
203.335
263.709
195.635
261.078
196.489
226.358
199.857
210.294
196.824
256.343
181.611
202.021
195.502
202.733
218.337
181.338
195.38
15.3918
201.46
253.077
209.22
218.053
174.97
179.571
221.484
256.485
201.064
250.042
253.399
236.413
213.673
201.559
186.426
255.336
254.231
217.443
196.258
253.259
211.983
212.221
205.26
196.895
200.701
192.779
215.635
206.316
216.597
239.524
213.717
253.667
255.866
114.662
254.056
158.081
213.475
206.932
198.21
213.076
192.111
207.939
253.191
202.885
208.618
193.601
230.355
229.444
218.271
215.661
202.647
191.081
277.092
197.527
21.883
220.215
276.54
214.03
200.641
195.753
198.592
185.05
183.916
248.829
211.474
193.085
174.132
172.278
206.16
207.598
220.16
197.647
107.42
205.196
210.256
202.508
199.844
96.1411
204.405
204.723
214.555
215.918
191.719
200.109
198.919
204.744
231.911
197.98
195.54
222.503
257.507
202.722
247.856
194.659
191.147
203.844
209.015
168.999
192.574
217.541
209.674
189.385
259.69
243.896
252.363
197.467
214.743
225.912
211.272
186.57
210.918
149.915
165.81
217.897
179.772
254.792
209.351
235.456
205.667
194.04
201.306
201.85
217.437
17.0679
204.706
176.098
212.237
217.459
217.078
196.798
211.786
203.229
152.029
257.006
255.137
218.524
219.329
183.034
232.089
116.079
212.775
219.467
227.435
205.909
257.339
254.666
233.431
253.531
211.989
202.705
206.182
252.209
182.35
189.913
200.711
229.607
174.036
206.216
208.778
218.591
229.156
205.832
205.655
218.419
42.3179
217.066
257.086
168.292
251.122
198.415
218.961
218.872
215.824
211.143
206.549
256.368
252.829
200.869
213.55
258.231
203.234
52.706
247.761
187.43
219.7
265.28
205.519
221.765
226.017
207.543
214.977
253.214
184.195
221.64
182.108
108.135
214.834
210.826
196.238
82.7649
228.278
204.714
231.49
258.353
207.813
203.783
197.278
249.136
250.51
200.276
209.828
204.153
216.932
250.859
188.291
130.761
231.87
259.789
202.673
200.301
162.477
168.034
224.647
211.78
250.212
212.644
197.148
100.157
168.402
63.41
257.21
221.921
190.006
221.336
62.295
238.214
232.196
205.314
210.949
187.26
200.658
202.154
216.562
189.776
209.024
215.572
237.413
208.236
220.263
209.436
216.054
190.464
198.343
194.364
214.999
216.083
174.977
210.203
208.274
231.138
212.152
255.424
257.038
262.239
181.72
180.395
205.896
222.462
223.001
238.784
248.559
202.683
184.87
201.306
194.264
208.777
216.222
241.34
207.981
229.881
229.06
239.899
217.509
256.838
195.463
230.797
210.779
257.376
228.471
245.126
257.166
186.547
216.708
174.653
196.729
206.521
242.755
191.29
257.451
256.589
213.973
207.626
206.093
206.877
220.996
206.982
79.206
217.332
84.4738
256.351
214.369
214.306
256.065
220.527
217.922
170.042
258.89
62.063
217.994
214.787
250.81
257.414
196.419
205.078
203.288
217.832
192.291
192.888
216.553
238.261
228.961
205.828
249.23
231.273
201.091
253.98
201.413
205.098
179.539
206.192
209.396
215.646
219.154
215.149
253.302
214.683
187.468
123.968
256.255
255.366
215.414
187.965
255.936
214.997
211.534
215.643
150.464
217.441
213.919
243.211
143.751
202.274
207.429
183.054
201.792
209.417
188.89
255.929
215.092
216.343
207.247
203.761
205.876
216.629
198.369
210.128
214.532
193.106
74.5461
204.638
167.388
203.063
207.804
214.471
61.3902
193.232
215.615
90.2009
220.565
211.263
219.286
190.771
256.97
234.785
215.114
213.683
192.156
255.445
198.977
217.435
213.776
140.164
193.991
258.759
203.154
183.089
222.354
250.454
154.887
199.673
179.366
217.071
238.575
216.41
214.232
166.969
36.8581
225.717
185.137
244.955
213.257
201.025
257.995
197.272
12.872
191.189
201.591
136.361
212.127
194.616
224.697
257.077
209.354
223.694
98.6171
211.325
184.604
218.539
190.403
227.899
201.729
215.309
200.849
205.915
214.446
200.126
193.274
154.337
254.717
205.553
155.429
221.525
205.718
185.055
194.112
241.72
219.367
202.976
211.496
256.998
218.087
204.085
209.774
221.328
217.492
195.947
221.085
199.284
201.552
254.714
250.955
207.412
206.176
251.774
154.502
255.053
205.612
201.945
206.777
198.128
204.472
187.708
256.573
195.219
256.05
209.393
137.845
223.49
206.447
206.032
256.15
191.818
179.811
216.047
146.315
214.108
202.496
190.108
196.361
220.714
174.066
220.913
154.844
207.94
257.17
76.0939
209.68
212.759
222.876
189.29
217.922
217.021
199.934
214.814
220.651
177.574
195.483
253.33
195.259
257.602
224.476
253.941
261.338
220.523
204.084
219.141
217.706
210.253
252.735
194.119
239.419
216.718
261.501
207.674
260.908
205.07
252.531
251.436
213.997
215.596
241.117
191.134
201.361
191.32
218.785
218.342
221.468
14.3869
254.76
252.839
218.359
182.611
219.011
188.598
215.953
215.878
188.648
221.339
217.925
215.668
179.955
208.803
192.218
141.056
214.148
123.841
195.309
215.707
185.492
212.67
216.998
215.043
231.465
168.744
206.05
256.014
216.674
254.762
98.8772
241.115
214.268
193.86
179.233
194.207
186.992
175.02
38.651
215.775
253.319
207.494
252.965
218.025
253.035
212.337
197.159
205.851
216.451
254.851
196.214
208.711
139.496
213.205
201.355
212.372
206.881
258.549
198.842
203.232
256.662
206.871
253.949
203.516
208.311
216.713
202.878
221.653
256.597
198.824
199.417
240.979
216.351
182.278
213.506
213.193
191.255
197.268
215.913
196.462
217.094
233.553
218.059
77.7869
203.515
257.265
254.822
162.192
205.606
218.441
218.997
254.784
215.153
224.451
156.896
206.98
82.1629
220.006
210.682
259.191
194.53
220.582
244.296
213.002
55.7702
208.438
203.458
250.033
207.189
224.71
221.966
12.6591
200.303
212.554
211.687
192.372
204.924
206.02
203.041
200.466
188.37
214.653
199.087
188.571
145.576
210.086
249.32
205.741
208.855
227.481
217.863
209.037
215.333
199.047
216.826
20.5002
201.865
206.245
208.236
203.753
39.5939
106.664
209.728
255.084
178.93
208.975
190.366
186.064
256.532
204.102
97.657
194.81
206.366
253.209
200.023
198.445
219.299
119.703
210.819
217.42
218.366
258.428
218.209
188.305
255.425
204.687
90.529
222.846
214.332
196.85
198.961
203.829
211.974
201.949
187.17
200.922
259.628
210.012
258.52
218.546
146.14
226.716
196.932
252.591
196.103
199.136
216.083
201.605
208.033
254.956
210.892
201.727
215.021
258.02
219.933
233.012
205.678
205.921
256.431
219.379
192.082
215.471
218.838
255.311
206.746
214.176
214.359
205.865
219.95
249.454
215.46
195.045
220.309
243.834
216.276
207.68
213.816
193.125
256.133
205.291
213.32
215.775
202.888
170.574
255.226
258.444
218.74
204.805
239.639
189.626
202.578
259.678
221.89
185.654
217.336
203.631
183.826
214.688
122.752
195.032
216.371
111.704
213.317
214.005
218.273
202.88
218.71
202.889
196.736
219.439
258.24
149.212
175.497
212.097
248.858
84.2309
255.453
218.78
138.849
213.218
250.436
208.039
216.3
215.33
199.28
221.762
257.976
214.277
260.432
258.602
206.799
203.294
195.462
218.422
201.285
256.309
206.101
281.402
214.24
136.977
215.449
203.947
40.951
218.726
187.033
220.819
251.431
221.358
209.421
220.611
215.246
204.683
147.235
209.93
194.182
213.923
214.77
217.303
209.068
221.254
252.544
204.793
255.688
243.008
150.479
192.584
233.146
199.744
3.89695
209.493
78.589
206.306
202.38
217.596
180.283
216.396
192.256
219.104
204.365
213.795
208.484
199.243
179.021
207.378
241.243
164.354
197.911
191.034
252.999
204.735
213.905
184.54
214.681
73.4799
216.036
212.507
217.82
249.634
186.026
224.009
217.459
217.946
204.026
125.994
205.853
156.481
204.736
103.22
214.197
203.33
213.104
211.03
256.852
203.887
205.495
225.527
179.204
205.798
204.929
213.052
206.506
205.436
204.803
212.888
259.481
213.397
213.42
214.763
215.511
213.605
220.154
200.125
201.107
218.13
168.323
218.142
210.584
201.031
257.343
253.171
220.163
208.857
200.709
220.624
171.385
203.402
197.612
256.086
212.125
256.619
203.686
210.324
204.642
253.431
263.475
217.632
160.594
156.472
213.721
220.787
196.484
189.772
177.612
168.386
196.626
217.573
204.699
166.341
202.585
247.296
219.315
117.195
249.298
256.146
243.953
220.437
199.811
224.285
256.113
191.151
234.693
173.585
221.079
223.581
205.256
201.449
211.998
248.227
222.881
209.442
176.535
221.41
183.66
219.395
209.443
207.196
202.866
215.248
198.411
151.896
202.713
215.765
221.247
200.604
218.894
214.248
212.409
259.753
237.593
220.831
209.001
209.738
184.53
216.569
252.014
217.03
197.539
211.109
164.953
261.493
222.094
211.61
179.917
219.017
207.224
49.366
218.358
255.953
198.676
253.515
216.009
187.918
192.768
198.903
190.644
103.547
202.805
207.139
191.572
212.751
255.752
190.364
202.378
229.475
32.496
188.603
234.849
219.87
211.71
211.965
228.415
253.996
179.326
236.148
222.188
203.183
216.679
201.794
192.683
215.192
204.963
203.537
202.853
214.627
191.254
241.241
166.157
127.211
206.073
217.113
210.692
197.626
202.67
141.537
204.659
202.079
194.312
196.209
121.873
203.129
239.618
206.75
214.913
219.333
256.326
192.267
197.381
249.337
257.857
250.44
221.689
201.905
174.761
214.518
138.786
247.014
191.284
234.777
202.231
254.028
214.673
180.031
220.025
212.713
254.948
189.008
207.709
202.534
220.575
198.807
235.06
179.548
205.407
219.021
207.643
217.021
194.748
204.01
217.317
205.897
216.646
255.703
192.03
195.436
203.843
211.609
209.038
213.987
211.113
199.082
196.895
258.138
180.174
198.766
202.447
207.973
201.66
161.663
209.933
215.886
258.028
219.898
209.592
224.968
189.938
218.126
184.543
244.445
200.101
216.414
255.038
191.771
218.594
110.975
208.752
209.372
200.069
217.214
199.973
223.817
217.872
223.471
202.012
253.616
214.849
245.581
203.099
184.198
206.502
165.509
98.0451
212.706
205.742
230.404
213.372
197.551
181.789
193.665
216.826
198.049
174.406
200.51
252.509
116.655
200.926
181.583
213.19
191.809
215.781
200.652
193.867
217.321
192.812
190.998
158.015
199.283
205.543
215.825
204.369
213.451
242.4
204.619
124.884
166.088
196.695
207.883
190.228
170.935
251.613
216.664
234.002
244.541
249.644
211.116
186.412
214.246
177.468
216.916
248.547
183.603
220.01
199.099
212.599
244.121
254.799
269.768
234.847
174.059
196.596
214.539
197.198
188.378
255.264
197.352
233.123
215.214
192.136
183.087
197.551
219.218
202.507
231.74
153.478
259.026
134.997
210.981
156.551
212.498
195.34
193.59
113.618
195.2
253.244
194.726
192.02
253.209
214.782
210.777
191.383
197.201
215.238
190.098
206.41
219.714
202.14
203.603
233.38
214.098
214.663
218.215
213.507
207.083
53.081
255.671
218.268
225.068
193.602
200.54
257.11
219.079
201.626
204.512
216.914
239.798
189.226
198.297
199.561
255.416
191.855
211.182
182.738
218.656
248.232
205.061
173.641
213.279
248.449
99.0832
244.782
253.959
193.996
203.378
127.105
258.984
253.884
195.491
211.967
204.731
194.129
138.634
257.294
223.086
215.414
213.352
186.132
39.2768
200.066
139.849
193.381
117.843
189.799
222.337
218.434
260.09
200.111
213.721
208.103
218.107
216.105
201.309
205.873
199.24
255.916
224.344
219.584
220.31
216.919
217.007
246.019
201.672
216.565
255.585
200.061
194.898
236.979
204.532
183.204
152.355
232.277
218.588
219.648
212.013
219.128
208.272
258.342
117.64
158.936
201.435
204.593
254.51
218.875
198.109
242.764
201.453
206.854
221.31
206.537
217.035
190.027
230.124
210.951
191.268
39.628
259.001
258.135
204.702
209.342
73.3969
253.152
201.899
133.628
194.53
118.015
250.463
219.261
218.189
180.658
156.214
183.635
204.522
235.081
219.037
140.014
219.718
228.169
213.755
235.458
206.44
172.268
215.009
215.268
195.603
213.481
211.335
103.655
213.065
180.638
255.726
209.866
204.032
189.517
20.2971
221.163
206.62
219.653
213.81
209.799
212.164
206.774
195.313
249.134
235.599
256.275
193.531
217.326
210.461
255.072
215.323
187.798
205.032
198.04
259.987
188.141
205.025
185.552
224.292
214.736
258.637
216.449
202.604
259.526
214.781
200.619
89.9999
206.644
225.977
212.635
219.697
191.365
246.956
218.619
213.246
204.513
258.695
256.003
216.366
186.282
198.937
216.181
83.282
204.717
192.762
218.737
207.089
207.755
211.041
209.009
204.472
194.048
264.067
182.629
73.256
255.466
183.193
257.755
212.222
236.841
206.315
255.727
247.095
219.757
258.427
242.064
216.658
255.625
50.5052
183.914
217.045
157.454
253.938
205.953
219.392
181.633
229.108
215.98
260.483
206.754
204.502
207.234
210.196
218.407
201.996
201.845
207.693
202.065
187.142
256.368
189.969
209.003
153.931
194.667
213.781
258.045
222.371
183.579
206.289
191.128
235.149
254.538
239.834
100.925
193.785
212.88
201.243
211.828
229.783
195.94
218.161
213.637
211.355
217.583
229.192
199.722
212.063
77.126
198.794
217.956
194.13
201.663
198.767
208.065
181.519
196.475
123.603
206.52
207.921
260.885
205.895
206.129
250.907
210.063
215.369
209.289
218.389
207.124
260.793
207.298
210.323
216.06
201.3
239.922
204.856
258.2
179.294
203.44
217.278
154.491
192.032
184.655
210.004
188.146
216.693
205.781
220.879
241.137
208.267
218.37
217.958
136.069
258.324
213.669
256.203
251.637
218.487
240.214
215.82
201.117
154.911
223.642
224.814
214.921
200.898
189.504
168.48
80.668
222.643
257.716
208.19
145.275
175.441
218.543
255.595
259.621
210.441
187.732
219.975
257.971
202.379
162.869
137.89
185.22
242.944
209.059
197.111
184.156
213.298
202.436
82.936
222.873
205.774
202.962
205.353
90.1
194.172
210.724
183.317
206.048
252.635
217.657
218.946
223.251
207.226
157.923
215.08
250.837
204.785
180.248
204.846
212.649
246.342
207.758
212.435
256.614
276.975
254.376
200.343
197.515
171.775
214.732
201.32
213.201
161.241
212.475
220.656
217.657
186.223
209.186
154.093
215.771
203.708
191.876
253.214
92.649
250.61
212.116
208.132
215.121
216.3
207.42
206.034
206.281
209.942
237.464
213.481
219.31
192.344
211.387
210.768
208.403
254.871
216.002
240.799
100.137
218.58
139.266
212.953
209.75
179.045
212.997
203.708
174.512
166.785
255.411
211.095
203.013
222.533
182.907
182.44
257.44
221.536
220.744
220.061
214.521
215.697
163.409
185.837
213.368
243.735
197.78
212.929
208.661
211.63
215.474
220.328
227.764
150.206
204.11
218.864
243.366
142.559
189.743
192.741
217.76
209.206
218.892
188.721
247.841
212.736
210.515
211.593
205.231
220.4
257.245
173.851
200.528
83.1261
196.381
250.947
194.724
198.483
210.617
197.612
241.864
196.847
229.346
197.933
204.142
255.514
206.615
185.531
235.978
192.417
210.352
210.918
127.792
240.166
208.194
198.385
211.475
236.372
251.098
200.405
229.628
205.105
205.158
255.317
208.627
199.879
167.651
214.643
201.339
215.659
194.009
194.613
206.843
76.843
201.851
207.996
248.278
164.909
176.899
145.874
260.929
206.596
122.54
98.907
251.105
150.504
214.176
198.924
215.337
195.931
214.019
258.174
221.335
216.949
214.835
234.959
189.998
218.873
212.646
253.535
201.908
220.431
252.48
210.953
220.417
209.454
219.418
198.736
209.822
49.4471
208.598
223.079
216.127
240.758
191.152
257.382
216.852
254.555
240.192
214.502
209.179
204.178
202.998
214.723
213.977
216.97
199.385
195.299
76.2551
260.071
220.782
198.719
217.075
198.658
206.676
188.922
217.015
55.7151
253.984
212.91
213.975
229.643
204.885
209.008
217.856
206.787
222.228
252.338
195.076
204.678
158.541
210.564
180.569
210.884
210.448
212.586
84.039
194.947
188.088
91.8131
164.218
245.988
194.366
188.386
214.353
212.004
200.861
196.726
212.56
253.419
208.202
255.274
217.163
222.07
259.906
220.019
233.735
189.455
212.451
234.95
259.287
238.408
259.665
201.139
244.143
216.274
214.357
213.332
173.547
197.581
198.01
256.915
201.002
205.825
201.645
240.744
186.705
193.984
257.32
195.502
248.439
216.247
207.325
213.418
190.923
35.7111
182.172
251.973
216.495
201.709
175.036
239.465
202.705
209.183
228.142
202.221
208.389
174.312
200.018
193.316
255.578
203.058
198.414
51.45
218.41
215.043
211.033
202.368
212.336
239.829
181.109
229.43
168.603
202.101
254.613
159.912
193.82
258.283
207.934
215.372
215.923
205.741
220.244
217.385
254.669
247.494
224.288
205.012
239.294
191.863
194.773
254.154
204.042
192.688
163.015
256.011
200.23
250.668
203.414
174.283
109.366
209.383
202.676
186.493
193.716
219.874
219.066
93.143
187.465
218.336
212.654
177.331
221.744
243.171
76.272
170.503
196.367
203.961
202.437
85.397
196.758
182.152
256.528
207.797
197.773
205.099
255.631
179.533
133.3
213.893
218.204
191.989
246.534
235.304
204.119
257.394
217.961
221.099
255.236
174.65
208.015
151.499
218.506
109.551
219.807
101.523
203.093
171.693
190.295
206.001
210.756
201.091
219.178
224.897
238.004
204.719
216.546
216.082
207.33
104.06
219.341
214.631
204.129
202.229
202.121
244.377
212.759
205.148
200.187
206.889
211.071
214.732
205.723
215.066
257.656
196.637
258.566
168.963
202.579
226.215
215.803
220.431
226.43
208.282
200.732
199.718
216.153
215.348
219.628
174.391
216.263
215.949
171.82
197.425
173.525
257.638
40.6361
204.712
188.097
217.228
208.419
209.69
198.957
206.131
205.445
239.705
218.754
194.322
220.977
210.461
254.857
213.681
197.943
144.272
225.475
207.369
218.131
200.197
201.184
221.467
245.075
255.308
219.213
185.982
256.437
216.287
216.67
216.468
215.347
193.814
9.72486
215.891
211.429
179.55
189.835
202.233
183.192
235.16
216.985
214.95
195.067
213.765
224.881
216.659
257.277
216.162
193.499
125.512
246.047
238.275
196.22
210.847
208.087
207.096
207.697
222.176
256.341
215.201
252.746
220.534
273.872
258.399
202.117
252.517
256.03
203.663
189.358
160.43
194.915
198.186
204.709
142.422
228.321
188.161
216.505
258.018
198.745
258.833
208.739
214.999
199.824
159.638
173.334
231.933
219.258
223.199
262.894
217.746
258.79
257.784
256.008
192.666
253.088
202.337
199.32
192.682
254.799
236.956
205.861
216.175
248.084
97.9829
232.444
218.121
217.632
222.635
197.801
204.906
207.695
195.157
213.083
208.674
257.095
196.053
200.315
239.025
96.3869
217.788
244.868
216.525
210.361
201.189
217.397
251.874
258.244
202.259
192.543
191.151
216.25
190.425
251.567
213.668
214.791
255.608
201.374
217.848
215.626
242.14
213.121
256.134
161.92
192.022
253.181
240.865
197.74
238.581
219.751
203.875
255.97
183.057
257.282
252.323
192.534
185.673
187.972
192.034
216.042
255.17
207.943
214.24
202.609
219.478
184.761
183.936
189.018
245.229
106.496
202.107
207.151
218.369
214.125
201.685
253.768
200.849
200.004
214.531
217.87
205.958
216.53
100.365
218.728
218.324
207.861
16.0029
223.622
207.111
209.546
120.928
61.9071
208.311
250.053
188.236
15.7058
190.453
206.29
197.459
224.094
195.822
179.891
218.897
259.207
221.365
215.53
190.078
215.435
251.472
217.272
255.065
202.586
197.475
214.839
195.471
209.629
251.212
208.52
233.055
183.808
199.244
215.992
219.26
206.432
255.712
208.792
212.822
240.598
255.212
204.839
200.018
218.774
204.174
166.743
76.4642
259.642
233.19
257.411
175.078
191.359
195.116
193.558
241.74
217.084
252.671
207.076
225.571
223.047
175.846
230.425
212.056
215.514
194.724
241.518
206.413
205.03
213.602
253.918
216.017
202.69
218.567
220.106
192.926
113
216.652
214.846
219.277
218.592
148.91
217.562
214.662
210.441
208.553
210.911
221.144
212.842
298.475
314.438
377.817
325.649
389.669
318.459
359.068
388.197
425.939
169.99
380.025
388.658
267.246
389.346
343.307
386.678
330.994
328.586
310.36
330.936
452.007
437.838
292.918
196.161
215.827
256.171
116.856
191.69
198.929
259.391
258.008
215.069
216.228
217.994
218.498
222.288
257.926
187.047
247.279
177.635
198.757
212.138
252.565
255.908
205.316
197.577
203.199
38.295
216.346
185.807
114.89
195.852
215.568
257.648
202.817
224.513
255.968
256.526
175.133
211.171
197.082
206.036
210.446
185.82
211.011
222.306
221.709
204.962
214.026
214.598
214.369
216.666
255.16
200.106
223.715
215.988
218.608
257.305
187.894
203.396
222.047
199.875
202.047
214.813
237.008
214.033
205.328
222.907
217.083
207.018
193.791
202.653
191.967
213.105
242.426
231.814
198.863
218.885
194.842
248.758
199.351
216.345
197.845
218.852
255.14
183.941
257.932
159.153
206.265
208.833
156.855
215.72
213.195
203.282
215.717
216.776
171.117
216.315
180.137
213.847
216.747
183.516
250.423
219.181
215.918
201.191
208.618
31.9271
202.862
201.04
207.986
256.381
217.342
207.846
189.552
250.91
256.352
194.03
237.69
208.617
218.588
213.241
220.955
210.966
195.067
216.696
217.16
198.418
188.426
256.526
197.331
253.657
211.108
214.534
211.939
194.787
208.642
212.453
194.415
212.903
216.77
199.267
198.948
215.847
167.735
217.737
205.859
193.282
214.015
216.687
213.399
214.379
214.725
216.535
214.025
201.259
74.1251
193.889
214.668
247.264
244.93
244.196
208.385
184.169
248.631
214.922
228.369
196.396
195.911
215.845
256.322
227.338
206.281
32.1851
210.001
220.588
215.084
129.539
204.612
208.296
204.645
180.536
199.639
200.241
215.905
37.4191
189.2
199.844
212.296
203.401
20.8268
152.997
206.721
213.927
217.34
163.425
245.111
251.768
205.761
193.456
219.318
188.096
156.072
216.698
211.988
198.52
214.226
216.203
184.649
172.575
246.85
214.256
187.836
213.933
192.852
209.194
215.426
215.896
190.355
217.783
216.879
220.52
211.326
215.338
206.032
198.777
257.594
256.296
203.494
185.017
171.189
199.087
213.838
224.345
237.907
210.302
219.589
212.513
257.36
193.49
228.954
174.151
205.38
216.264
216.637
220.017
184.433
204.701
206.807
208.186
258.708
215.407
218.468
189.629
219.977
249.053
250.906
212.769
171.436
213.865
252.542
255.906
256.227
240.783
176.447
236.865
216.578
206.215
216.774
205.264
207.372
198.793
195.074
214.551
198.514
183.855
97.806
202.467
199.436
191.073
193.315
206.376
201.06
211.502
193.537
23.3572
253.388
242.138
197.613
254.237
217.499
202.346
240.096
202.604
241.851
187.758
223.887
254.198
186.918
242.758
218.662
251.852
246.501
213.425
219.91
217.875
214.674
207.737
210.611
220.744
215.407
135.784
213.856
255.082
206.846
185.89
219.809
211.432
217.627
197.666
208.836
30.3049
254.06
208.026
226.736
210.743
214.015
219.06
219.147
214.62
220.118
201.551
207.842
213.835
221.018
218.753
150.424
213.785
188.498
187.511
177.973
254.938
233.358
257.516
222.375
256.941
206.247
98.367
251.096
219.419
219.684
145.649
209.558
259.507
215.862
203.84
29.14
142.211
194.694
192.933
204.538
208.591
109.637
203.843
212.49
197.151
222.514
203.717
216.16
191.929
201.275
183.066
218.715
219.321
104.07
206.07
236.672
214.403
255.755
197.499
202.054
217.413
253.766
217.581
195.911
240.892
190.326
206.589
206.538
200.127
219.5
261.409
200.227
208.056
210.413
220.071
218.77
238.482
214.29
179.021
244.96
241.406
194.399
241.827
209.18
196.567
201.456
191.031
253.083
208.566
202.84
217.85
216.581
203.527
204.298
229.036
210.544
205.329
221.117
218.152
259.748
195.99
255.911
185.526
215.538
216.35
217.017
201.034
206.295
204.111
224.808
223.16
206.533
213.281
104.604
197.828
212.427
215.712
203.888
176.11
198.564
254.746
210.578
112.838
216.546
244.261
252.404
61.1279
199.85
201.216
221.257
218.696
218.986
194.909
198.66
206.837
213.622
197.597
206.643
205.981
194.727
215.25
204.283
108.64
212.579
258.409
195.405
205.406
237.101
257.095
155.529
211.774
245.882
208.407
220.986
205.525
186.859
210.409
196.685
29.9182
220.07
212.704
238.488
206.248
223.96
217.581
203.148
182.323
201.304
174.303
106.242
204.518
178.329
130.235
176.393
198.464
245.171
95.736
220.587
208.741
211.934
192.764
254.977
207.383
247.494
215.44
222.387
215.844
212.124
256.535
259.42
258.09
199.29
217.841
257.208
185.22
77.3771
256.061
214.351
180.636
202.561
255.883
245.667
207.913
197.687
221.044
218.159
197.488
223.679
221.947
254.843
215.931
164.144
215.539
238.652
256.605
215.397
259.399
205.911
219.948
253.542
209.299
257.148
205.976
221.971
167.982
226.512
222.049
229.523
210.006
207.223
219.123
215.408
199.882
215.408
213.892
202.151
217.825
214.656
254.16
240.982
207.62
199.185
239.554
217.08
194.773
186.934
198.92
116.452
153.234
198.823
123.396
199.862
220.305
208.958
220.213
212.473
239.164
230.733
187.693
203.699
220.026
217.461
208.345
143.683
216.419
220.764
259.486
237.753
194.612
200.838
190.465
218.506
214.775
214.162
58.5959
224.45
197.336
251.041
195.906
198.305
177.656
267.007
250.616
212.21
217.403
218.97
237.391
259.901
206.306
219.916
214.439
202.354
117.084
216.786
193.975
192.131
186.188
193.869
222.451
260.826
220.585
219.838
188.453
214.913
249.572
188.116
213.646
175.794
213.379
216.654
217.91
226.38
195.651
209.14
241.91
253.981
213.178
221.675
214.458
217.052
207.243
234.994
195.541
189.872
216.605
220.765
212.443
217.796
219.487
217.709
54.369
205.882
219.264
218.27
249.607
201.887
206.861
255.572
39.9411
203.735
200.709
259.883
81.9449
241.356
229.351
205.926
256.648
230.612
212.521
200.208
197.406
258.323
220.244
212.297
213.546
188.943
220.096
52.1421
70.5678
220.658
258.616
108.712
64.2209
221.992
198.765
259.093
253.445
207.57
29.9971
254.463
218.704
213.508
197.513
193.63
195.849
211.886
210.011
196.555
79.35
254.722
199.58
210.471
214.738
209.258
205.35
252.283
192.88
145.877
110.906
212.114
221.408
217.199
215.379
222.4
213.719
215.525
211.511
251.532
216.658
222.961
186.43
256.784
206.547
215.498
218.603
219.177
259.278
221.508
223.015
174.383
220.573
213.899
191.053
254.171
254.365
157.62
255.533
205
205.693
250.655
246.182
210.502
217.273
156.285
255.365
199.214
205.742
212.991
150.776
243.541
204.5
256.848
217.431
190.942
193.267
207.927
199.216
202.251
206.842
213.592
255.158
189.388
197.093
207.036
206.046
222.103
201.833
216.176
227.702
256.279
226.982
168.222
216.575
259.924
217.291
207.894
222.153
210.468
208.46
212.91
196.197
255.946
269.971
193.616
204.77
204.543
208.43
83.4541
203.573
176.622
218.983
206.458
202.622
218.844
204.417
231.35
247.96
207.223
214.618
205.638
210.302
212.688
218.034
233.053
215.41
207.136
257.649
240.56
221.798
222.653
185.337
257.42
215.994
208.369
194.132
224.639
202.416
101.709
209.433
209.892
229.884
218.807
207.782
198.841
203.772
162.396
87.3659
205.451
256.606
215.723
211.554
207.793
218.118
253.809
219.203
196.361
211.067
198.23
215.757
216.386
19.5661
260.714
113.987
200.859
198.782
166.639
151.536
213.835
212.19
258.95
214.997
214.348
212.891
202.834
218.481
234.669
156.331
214.303
219.589
259.912
200.321
202.796
220.357
206.581
201.999
198.681
205.725
206.631
216.54
210.328
222.348
155.167
185.493
200.565
200.538
186.964
187.512
214.21
148.717
254.584
212.513
216.657
201.446
219.004
204.8
140.531
207.278
147.639
153.991
220.505
191.651
216.857
254.915
217.695
204.68
213.41
193.055
209.253
151.73
223.839
241.191
217.968
212.967
217.953
206.607
193.023
209.56
218.812
202.753
220.911
257.173
129.14
217.368
204.594
197.469
214.793
203.27
219.664
218.197
215.623
254.422
217.079
107.747
218.287
133.228
190.845
256.107
193.38
217.108
213.387
216.675
159.298
217.041
205.562
221.415
213.41
253.588
199.821
110.453
251.489
204.636
188.191
214.679
179.573
221.529
189.685
191.357
209.889
178.478
216.203
214.137
200.347
178.03
208.091
152.695
185.164
214.57
216.008
218.308
218.868
214.804
214.606
256.958
219.547
221.492
215.081
187.898
250.657
191.451
202.912
202.271
217.94
214.409
189.778
262.701
218.078
257.007
148.477
36.226
198.041
220.035
220.388
251.108
176.062
191.694
251.45
214.616
219.244
216.076
71.6941
214.811
208.798
200.468
213.511
251.282
218.183
218.681
194.442
199.168
256.599
209.818
220.82
146.397
203.351
211.904
255.891
215.753
156.558
207.191
193.789
180.768
203.359
260.531
213.11
194.806
197.543
195.151
257.959
212.302
171.062
198.238
256.197
182.474
253.217
189.863
250.032
213.185
198.071
212.4
194.637
243.71
174.487
217.12
204.386
228.751
196.813
217.267
208.968
192.857
189.907
208.989
208.692
85.8719
217.727
219.074
101.649
170.518
247.907
122.195
258.731
198.006
201.734
203.604
222.198
203.27
193.53
240.712
207.145
191.714
243.73
214.498
214.212
211.838
216.581
175.732
214.567
204.68
253.418
215.106
215.062
207.707
259.266
190.623
243.202
216.074
251.659
199.568
220.274
220.042
203.621
217.777
173.538
260.267
217.401
255.163
203.206
207.412
204.772
41.6942
208.398
213.815
207.138
191.786
244.867
257.008
216.194
197.656
218.104
233.871
222.045
215.138
194.038
216.03
212.404
197.904
169.696
203.955
203.732
242.693
215.692
228.517
214.858
213.956
212.174
127.857
201.755
215.38
217.364
229.469
254.928
219.332
227.545
200.733
256.819
220.866
196.326
199.84
199.145
257.242
211.018
173.055
256.579
219.591
251.269
210.798
206.96
195.292
244.572
220.342
203.808
206.473
196.282
161.034
176.174
144.066
256.718
212.876
253.089
216.086
213.52
195.98
222.639
260.332
207.393
243.473
216.628
201.51
171.271
216.839
188.334
216.81
219.587
220.178
209.98
216.972
203.73
216.338
204.369
208.912
254.803
197.088
172.421
219.162
256.498
214.71
218.774
248.248
261.678
200.25
193.668
197.772
260.131
220.414
206.4
249.022
207.195
239.854
193.524
205.963
204.683
182.979
135.011
221.213
251.416
200.935
193.539
214.803
253.931
212.242
138.359
236.623
190.321
166.921
213.31
101.924
217.115
110.432
188.832
204.348
250.17
192.004
209.209
212.208
158.743
196.685
190.86
217.247
254.962
218.048
209.167
197.719
187.519
214.724
217.599
203.46
218.88
276.345
215.055
203.92
214.043
256.467
197.427
215.457
212.08
252.936
204.94
192.162
217.943
214.156
205.551
191.973
191.227
200.23
196.728
175.987
197.384
254.22
254.669
246.571
219.037
216.608
208.098
216.059
256.466
258.77
219.299
186.685
208.696
202.093
208.852
197.282
211.611
209.955
204.241
208.142
263.565
174.812
245.864
221.514
216.863
254.832
255.851
22.064
257.197
176.332
242.297
202.258
201.214
180.944
207.566
218.797
202.513
198.633
205.099
186.435
221.161
220.61
206.191
200.148
170.97
215.739
207.15
223.683
215.881
194.145
214.471
251.936
204.913
191.465
217.107
205.279
252.642
169.85
217.724
216.822
112.347
211.127
255.911
205.058
180.272
215.956
200.937
244.5
212.479
197.03
195.528
193.915
186.144
254.879
206.786
203.771
202.137
125.785
215.986
249.733
194.031
256.594
238.416
215.056
201.655
199.338
194.872
214.421
210.988
255.636
192.764
202.098
256.809
184.977
174.012
212.92
172.659
213.847
227.495
49.823
202.453
267.85
243.36
71.471
201.234
204.665
185.592
203.949
196.307
216.76
219.417
35.1088
221.243
256.353
218.719
243.708
199.135
60.559
200.285
214.697
212.824
206.561
203.944
126.418
168.024
196.185
259.401
235.049
210.721
203.407
219.295
204.975
200.707
253.63
256.982
105.959
115.959
186.228
203.947
207.615
235.399
100.639
214.634
211.192
192.054
154.506
255.243
184.761
213.754
195.182
146.385
217.073
255.773
100.152
216.096
198.632
215.884
206.313
216.572
192.863
213.255
173.172
256.129
212.249
105.134
210.495
218.027
153.263
207.529
222.761
215.163
236.695
210.574
205.014
216.778
202.672
172.706
235.916
245.233
190.298
209.293
214.562
215.458
217.177
214.33
258.27
212.354
204.879
195.844
192.146
205.768
215.749
202.315
150.356
203.069
219.394
254.308
205.747
219.271
178.446
73.9541
173.055
216.246
197.289
192.182
222.434
199.217
255.997
239.447
209.27
212.606
198.678
193.313
250.849
220.872
193.782
191.513
207.314
255.475
185.93
175.599
216.924
214.339
217.091
213.019
218.201
206.11
214.955
215.711
207.442
214.71
37.2059
204.278
198.568
243.005
219.839
202.718
219.492
203.654
202.122
199.672
210.24
247.077
218.842
216.955
177.965
199.832
216.195
204.875
200.021
262.693
217.986
192.36
254.149
159.407
156.944
128.014
217.741
211.061
213.205
45.1379
207.435
208.626
210
218.497
72.1581
217.355
246.713
200.296
206.031
221.691
198.545
216.989
262.425
219.635
205.147
203.624
219.581
218.142
175.158
193.767
203.973
209.901
212.912
152.781
195.096
219.556
65.063
221.544
198.767
219.735
200.13
199.98
219.648
199.393
214.16
199.033
220.303
194.768
219.516
222.399
209.565
217.803
259.449
246.195
215.015
200.04
259.785
207.17
198.698
205.969
215.5
230.101
217.312
196.998
231.112
220.669
219.547
219.566
256.717
217.93
222.145
194.583
253.458
196.647
219.147
195.411
214.335
216.946
217.637
203.317
183.413
207.448
208.695
141.886
222.331
222.255
257.626
222.571
188.324
192.583
226.549
256.977
243.964
208.857
197.016
220.965
194.22
202.248
206.856
198.888
262.254
271.145
214.845
259.995
206.131
251.42
234.319
192.968
206.642
256.489
36.067
202.132
180.432
184.639
219.914
261.152
203.752
210.377
206.74
218.59
205.101
217.854
208.632
204.48
202.259
207.96
204.546
259.333
258.32
182.625
254.211
239.522
221.582
146.058
209.045
192.641
215.15
194.726
252.171
192.086
206.033
204.026
209.341
239.218
215.375
201.759
215.625
209.68
206.45
215.299
238.729
254.869
235.982
230.434
239.463
216.082
256.972
187.338
192.415
218.385
255.746
214.653
221.135
194.229
219.983
256.52
196.456
221.52
197.542
170.977
196.446
213.163
196.552
210.396
172.15
204.421
259.245
216.173
213.797
192.868
252.083
216.292
205.57
211.706
217.459
200.594
207.878
92.731
205.147
189.006
220.285
200.756
225.193
152.609
227.264
220.759
252.526
142.842
217.857
192.274
214.889
241.392
203.363
254.227
175.394
219.809
213.854
205.482
