12 
147 
147 
291 
174 
152 
291 
291 
21 
156 
291 
291 
75 
291 
165 
291 
21 
39 
291 
147 
291 
39 
291 
291 
291 
291 
291 
161 
291 
291 
174 
291 
75 
291 
147 
170 
147 
291 
291 
201 
147 
291 
147 
291 
291 
291 
291 
291 
291 
291 
291 
291 
188 
291 
291 
291 
75 
291 
291 
291 
291 
291 
291 
147 
291 
291 
291 
291 
147 
291 
291 
138 
147 
75 
147 
147 
291 
291 
291 
291 
12 
291 
210 
147 
291 
291 
291 
224 
147 
170 
291 
291 
291 
291 
147 
291 
147 
75 
291 
291 
147 
147 
147 
147 
147 
147 
291 
291 
147 
291 
291 
291 
291 
147 
152 
147 
291 
291 
291 
291 
291 
291 
291 
147 
147 
291 
291 
291 
291 
291 
291 
291 
291 
147 
291 
291 
291 
147 
147 
291 
291 
147 
291 
291 
291 
147 
152 
75 
147 
147 
147 
147 
147 
147 
147 
291 
147 
147 
147 
291 
224 
39 
291 
147 
147 
291 
291 
147 
255 
291 
291 
210 
291 
291 
75 
147 
291 
147 
291 
291 
147 
291 
291 
291 
147 
291 
291 
291 
291 
291 
291 
291 
291 
291 
291 
188 
291 
291 
147 
291 
291 
156 
291 
147 
291 
291 
291 
183 
291 
147 
152 
147 
291 
291 
291 
291 
291 
291 
188 
291 
291 
291 
291 
147 
291 
147 
291 
147 
39 
147 
291 
291 
291 
291 
138 
291 
291 
147 
291 
75 
147 
291 
291 
291 
291 
233 
291 
147 
291 
291 
291 
291 
291 
291 
291 
291 
291 
291 
291 
291 
147 
291 
147 
291 
291 
291 
147 
291 
291 
291 
291 
282 
147 
147 
147 
291 
291 
147 
233 
147 
291 
291 
291 
147 
291 
147 
291 
291 
147 
291 
291 
291 
147 
291 
291 
291 
291 
291 
237 
291 
291 
291 
291 
291 
291 
147 
291 
291 
147 
75 
75 
291 
291 
291 
291 
291 
147 
147 
291 
147 
75 
147 
75 
291 
291 
291 
291 
291 
291 
147 
291 
291 
197 
291 
237 
147 
291 
161 
291 
147 
75 
147 
147 
75 
291 
291 
291 
291 
273 
291 
291 
147 
291 
75 
291 
291 
129 
147 
291 
147 
48 
291 
291 
291 
147 
246 
75 
147 
75 
147 
291 
291 
291 
291 
291 
291 
291 
291 
291 
291 
147 
575 
291 
291 
291 
165 
147 
147 
291 
291 
291 
147 
291 
291 
291 
147 
291 
156 
291 
269 
291 
147 
291 
147 
147 
147 
147 
147 
147 
291 
291 
291 
291 
147 
291 
291 
291 
291 
147 
291 
291 
291 
147 
291 
291 
147 
75 
75 
291 
147 
291 
291 
291 
291 
291 
291 
152 
291 
291 
165 
147 
147 
291 
291 
291 
147 
147 
291 
170 
237 
291 
291 
161 
147 
291 
291 
291 
291 
21 
291 
147 
147 
291 
291 
291 
291 
291 
147 
291 
291 
147 
291 
147 
147 
147 
291 
291 
39 
147 
75 
147 
75 
12 
291 
291 
147 
147 
39 
147 
147 
291 
291 
291 
147 
147 
291 
147 
291 
147 
75 
