15.6221
17.365
17.5011
15.4469
17.8802
17.3979
19.0961
17.6539
18.6312
18.621
18.086
17.6911
17.3521
16.7179
17.6179
10.9732
18.9638
19.31
18.069
17.6311
17.3759
17.6959
16.6571
18.141
18.1749
18.0421
16.14
18.827
18.858
18.007
18.06
18.883
18.409
18.774
14.4119
12.228
18.8851
13.6299
18.7812
3.44896
19.259
18.652
15.872
17.8802
18.1358
18.805
16.752
17.6558
16.9261
17.9441
18.544
17.8659
18.7221
16.8161
18.3239
18.6961
17.2031
15.9788
15.6138
3.20101
17.1928
15.8241
17.029
16.6359
16.8231
17.8649
14.8718
17.0081
16.0921
5.11312
16.6008
16.4042
15.7168
2.22397
6.26206
17.0078
16.8588
12.064
12.9261
17.158
15.5649
17.5672
17.097
10.211
16.186
17.797
16.9311
17.6151
18.1198
17.6489
3.66688
17.431
17.488
16.7589
17.698
17.714
16.3031
18.1189
17.271
17.5681
17.308
18.0089
17.9901
17.5629
17.514
15.161
17.909
17.6351
18.4319
8.24118
18.9049
19.3419
18.3342
19.3501
19.253
19.068
19.2111
17.9839
17.5691
16.8009
16.7818
17.554
17.431
16.742
16.387
16.829
16.789
17.0901
17.1518
16.67
17.422
16.387
17.2169
16.8281
3.49498
17.1542
17.1258
17.5972
18.0578
14.698
6.6092
17.638
16.032
18.347
17.2141
3.17383
17.1051
3.21507
16.3689
16.468
17.0631
17.3171
3.09086
17.1261
17.6969
17.2281
17.488
17.4439
17.2658
19.347
17.4029
17.2319
18.2571
16.8798
17.581
17.4611
4.55713
2.99597
17.1931
18.4929
17.756
17.4451
16.5579
17.885
17.9849
17.5641
17.4551
17.283
17.565
18.4789
18.4262
17.807
17.6971
17.3478
17.3779
17.4222
13.2649
16.8052
9.84001
17.4329
16.737
13.5782
17.8678
15.0671
16.8979
17.5622
16.9101
17.143
17.276
17.2191
14.9028
17.5791
16.7301
17.2279
17.3151
6.60992
17.3819
15.5241
15.559
16.5439
17.1008
17.107
16.1302
14.636
17.076
16.9249
16.7301
17.148
17.4601
15.2068
17.338
18.414
18.9052
9.04703
19.2289
18.934
18.703
17.832
17.73
18.595
19.582
17.7121
17.756
17.3841
17.3919
17.1161
16.691
5.53298
6.58011
17.101
18.574
12.6519
3.54695
15.9891
14.019
17.828
18.99
18.8031
17.643
18.5349
18.9161
17.365
17.133
18.255
17.0012
16.9728
16.4931
6.61898
17.2369
17.23
17.1921
17.2858
17.8628
16.5181
18.096
17.107
17.642
15.568
17.225
16.871
15.9161
17.1421
17.143
3.12495
16.546
16.6671
17.5281
18.1198
17.1199
17.329
15.7871
16.767
16.5679
19.0401
14.5559
18.4848
18.2111
18.7149
18.4002
18.3299
18.302
18.208
18.7249
19.2821
14.725
18.3141
19.227
17.7379
17.6201
18.1351
18.1551
8.01492
17.9
17.4701
16.645
17.344
17.616
17.729
17.7951
17.4229
17.344
17.8461
7.00808
17.6709
17.601
18.2922
16.356
17.2589
15.11
17.3562
16.7968
17.38
15.0371
17.9169
17.1521
17.787
16.603
17.3039
17.3061
17.3631
17.22
16.794
17.6871
17.695
17.2632
18.4679
17.3512
16.7651
17.0698
17.4091
18.4391
18.7581
18.9121
12.944
18.7261
17.4351
17.417
17.5369
17.5521
17.3669
17.2081
17.6079
17.4131
17.7171
16.2048
17.791
17.1549
4.42004
17.02
17.4651
18.3499
17.2191
3.17407
16.6609
17.3831
17.343
17.6041
18.4128
16.6039
16.4599
3.38817
3.56388
18.97
19.0661
16.717
19.0301
19.0649
18.502
17.8699
17.5681
15.7459
17.4148
17.5252
17.663
15.815
17.4439
15.96
14.8699
6.50215
18.0111
18.863
19.0089
2.59209
19.0039
17.951
17.7689
15.8842
17.2949
17.6919
17.6282
17.5269
17.6811
17.828
17.2729
17.1981
17.3631
15.99
17.2908
17.8359
17.807
18.2941
17.8349
18.805
5.39112
14.375
18.677
3.55411
18.0111
13.9639
18.3811
6.57201
19.6071
18.5502
18.719
17.128
16.9699
18.0402
18.9159
12.567
18.8642
18.8229
17.1499
18.8482
17.431
16.809
18.8651
18.0831
15.4588
17.3702
17.2508
17.2362
17.4129
17.4639
18.5642
16.5238
18.5599
4.8511
18.584
18.8169
16.1688
18.7142
18.8351
18.7249
18.9719
16.3331
18.64
3.47304
17.8249
18.6791
18.275
18.826
18.8959
16.937
15.9709
18.353
17.8959
18.786
19.63
19.1519
17.868
19.016
0.553131
19.2349
18.1801
18.364
19.2342
12.6529
19.15
16.839
18.6281
19.2771
18.436
17.684
16.8521
17.905
18.1921
14.8859
5.48601
17.1311
13.2511
16.783
15.3689
18.3501
17.2019
17.2031
17.0469
17.4291
17.859
15.0909
17.0591
