0 
0 
0 
0 
0.02 
0 
0.03 
0 
0.08 
0 
0 
0 
0.04 
0 
0 
0.03 
0 
0 
0.03 
0.05 
0.04 
0 
0.02 
0.00999999 
0.07 
0.00999999 
0 
0.00999999 
0.02 
0 
0 
0 
0 
0.02 
0.00999999 
0.12 
0 
0 
0 
0.03 
0.08 
0 
0.06 
0 
0 
0.00999999 
0.05 
0.00999999 
0 
0.06 
0.00999999 
0 
0.00999999 
0 
0.03 
0 
0 
0.06 
0.05 
0 
0.00999999 
0 
0.03 
0.07 
0.02 
0 
0.02 
0.00999999 
0 
0.11 
0 
0 
0 
0 
0.00999999 
0.00999999 
0.02 
0.03 
0.00999999 
0 
0 
0.00999999 
0.00999999 
0.11 
0.00999999 
0.03 
0.02 
0 
0 
0.05 
0 
0.03 
0 
0.12 
0.11 
0.02 
0.06 
0.04 
0 
0.07 
0.00999999 
0 
0.06 
0 
0.03 
0 
0.07 
0 
0 
0 
0 
0 
0 
0 
0.1 
0.02 
0.12 
0.00999999 
0.02 
0.02 
0 
0 
0 
0 
0.00999999 
0.02 
0 
0 
0.00999999 
0.04 
0 
0.00999999 
0.16 
0 
0.06 
0.00999999 
0.02 
0.12 
0 
0 
0 
0 
0 
0 
0 
0 
0.05 
0.03 
0.19 
0 
0.11 
0.00999999 
0.05 
0.00999999 
0.05 
0.07 
0 
0.00999999 
0.12 
0 
0.04 
0.12 
0.04 
0 
0 
0.03 
0.04 
0 
0 
0.00999999 
0 
0 
0.04 
0 
0.00999999 
0.02 
0.19 
0.00999999 
0.02 
0.06 
0.03 
0.00999999 
0.03 
0 
0 
0.00999999 
0 
0.02 
0.00999999 
0.00999999 
0.00999999 
0.05 
0 
0.04 
0.00999999 
0.02 
0 
0.00999999 
0 
0 
0.02 
0.02 
0.03 
0 
0.02 
0.00999999 
0.00999999 
0.02 
0.04 
0 
0.03 
0.02 
0.08 
0 
0.00999999 
0.04 
0 
0 
0 
0 
0 
0 
0.00999999 
0 
0 
0.07 
0 
0 
0 
0 
0.11 
0 
0.04 
0.13 
0.08 
0 
0 
0 
0.00999999 
0 
0.00999999 
0 
0 
0.00999999 
0.03 
0.03 
0.00999999 
0 
0 
0 
0.03 
0 
0.04 
0.00999999 
0.03 
0.04 
0 
0.04 
0 
0.02 
0 
0 
0 
0.02 
0.00999999 
0 
0 
0.08 
0 
0 
0.02 
0.05 
0.13 
0 
0 
0.02 
0.04 
0.02 
0 
0 
0 
0.00999999 
0 
0.03 
0 
0.05 
0.00999999 
0.02 
0 
0.03 
0 
0.00999999 
0.00999999 
0.02 
0 
0 
0 
0 
0 
0.00999999 
0 
0.09 
0 
0 
0.02 
0 
0 
0 
0.06 
0 
0 
0.00999999 
0 
0 
0.05 
0.08 
0.03 
0 
0.02 
0.00999999 
0 
0 
0 
0.07 
0.02 
0.05 
0 
0.05 
0 
0.05 
0 
0 
0 
0 
0.00999999 
0 
0.00999999 
0 
0.05 
0 
0 
0.03 
0 
0 
0.05 
0 
0 
0 
0.00999999 
0.04 
0.02 
0 
0.00999999 
0.06 
0 
0.02 
0 
0 
0 
0 
0 
0 
0.00999999 
0 
0 
0.04 
0.15 
0 
0.05 
0.18 
0 
0 
0.07 
0.02 
0 
0.04 
0 
0.00999999 
0.00999999 
0.00999999 
0.02 
0.03 
0 
0.04 
0 
0.04 
0 
0.05 
0 
0.00999999 
0.00999999 
0.07 
0 
0.02 
0.00999999 
0.05 
0 
0.02 
0.00999999 
0.07 
0 
0 
0.02 
0.00999999 
0 
0 
0 
0 
0 
0.05 
0.00999999 
0 
0 
0 
0.02 
0 
0 
0 
0.00999999 
0.04 
0 
0 
0 
0 
0.03 
0 
0.00999999 
0 
0.00999999 
0 
0 
0 
0 
0 
0 
0 
0 
0.00999999 
0 
0.00999999 
0 
0 
0 
0.06 
0.00999999 
0.04 
0 
0.00999999 
0.00999999 
0.00999999 
0 
0.00999999 
0 
0.00999999 
0.04 
0.02 
0.00999999 
0 
0 
0 
0 
0.02 
0 
0.02 
0 
0.05 
0 
0.00999999 
0 
0 
0.02 
0.02 
0.07 
0 
0.00999999 
0 
0.00999999 
0.00999999 
0.02 
0 
0.04 
0.11 
0.03 
0 
0.00999999 
0.02 
0 
0.12 
0 
0 
0.04 
0 
0.00999999 
0.04 
0.11 
0.02 
0.00999999 
0 
0.06 
0 
