0.7 1 0
0.6 1 0
0.5 1 0
0.4 0.9 0.1
0.3 0.96 0.05
0.9 1 0
0.8 1 0
0.7 0.98 0.02
0.6 1 0.00999999
0.5 0.98 0.02
0.4 0.95 0.06
0.3 0.87 0.15
0.9 1 0
0.8 1 0
0.7 1 0
0.6 0.98 0.02
0.5 1 0
0.4 1 0
0.3 0.99 0.00999999
0.9 1 0
0.8 1 0
0.7 0.99 0.00999999
0.6 1 0
0.5 1 0
0.4 0.97 0.04
0.3 0.97 0.04
0.9 1 0
0.8 1 0
0.7 1 0
0.6 1 0
0.5 0.98 0.02
0.4 0.99 0.00999999
0.3 0.9 0.1
0.9 1 0
0.8 1 0
0.7 0.99 0.00999999
0.6 1 0
0.5 1 0
0.4 0.93 0.08
0.3 0.99 0.00999999
0.9 1 0
0.8 1 0
0.7 1 0
0.6 1 0
0.5 1 0
0.4 1 0
0.3 0.88 0.12
0.9 1 0
0.8 1 0
0.7 1 0
0.6 1 0
0.5 0.98 0.02
0.4 0.92 0.08
0.3 1 0
0.9 1 0
0.8 0.94 0.06
0.7 1 0
0.6 1 0
0.5 0.99 0.00999999
0.4 0.99 0.00999999
0.3 0.87 0.16
0.9 1 0
0.8 1 0
0.7 0.99 0.00999999
0.6 0.97 0.03
0.5 0.85 0.15
0.4 0.96 0.04
0.3 0.92 0.08
0.9 1 0
0.8 1 0
0.7 1 0
0.6 1 0
0.5 0.98 0.03
0.4 0.92 0.08
0.3 1 0
0.9 1 0
0.8 1 0
0.7 1 0
0.6 1 0
0.5 0.99 0.00999999
0.4 0.94 0.07
0.3 0.99 0.00999999
0.9 1 0
0.8 1 0
0.7 0.99 0.00999999
0.6 0.98 0.03
0.5 0.99 0.00999999
0.4 1 0
0.3 0.95 0.05
0.9 1 0
0.8 1 0
0.7 1 0
0.6 1 0
0.5 0.78 0.22
0.4 1 0
0.3 0.96 0.05
0.9 1 0
0.8 1 0
0.7 1 0
0.6 0.97 0.03
0.5 1 0
0.4 1 0
0.3 0.91 0.09
0.9 1 0
0.8 1 0
0.7 1 0
0.6 1 0
0.5 1 0
0.4 0.91 0.09
0.3 0.98 0.02
0.9 1 0
0.8 1 0
0.7 1 0
0.6 1 0
0.5 0.99 0.02
0.4 0.99 0.00999999
0.3 0.9 0.1
0.9 1 0
0.8 1 0
0.7 1 0
0.6 0.96 0.05
0.5 1 0.00999999
0.4 1 0
0.3 0.74 0.28
0.9 1 0
0.8 1 0
0.7 1 0.00999999
0.6 1 0.00999999
0.5 1 0
0.4 1 0
0.3 0.94 0.06
0.9 1 0
0.8 1 0
0.7 1 0
0.6 1 0
0.5 1 0
0.4 0.96 0.04
0.3 1 0
0.9 1 0
0.8 1 0
0.7 1 0
0.6 1 0
0.5 0.9 0.1
0.4 1 0
0.3 0.95 0.06
0.9 1 0
0.8 1 0
0.7 1 0
0.6 0.98 0.04
0.5 1 0.00999999
0.4 0.96 0.04
0.3 0.86 0.14
0.9 1 0
0.8 1 0
0.7 1 0
0.6 1 0
0.5 1 0
0.4 0.98 0.02
0.3 0.98 0.03
0.9 1 0.00999999
0.8 1 0
0.7 1 0.02
0.6 0.99 0.00999999
0.5 0.97 0.03
0.4 1 0
0.3 0.96 0.04
0.9 1 0
0.8 1 0
0.7 1 0
0.6 0.96 0.04
0.5 1 0
0.4 0.99 0.00999999
0.3 0.92 0.09
0.9 1 0
0.8 1 0
0.7 1 0
0.6 1 0
0.5 0.97 0.03
0.4 1 0
0.3 0.93 0.07
0.9 1 0
0.8 1 0
0.7 0.98 0.02
0.6 1 0
0.5 1 0
0.4 1 0
0.3 0.85 0.15
0.9 1 0
0.8 1 0
0.7 0.98 0.03
0.6 1 0
0.5 1 0
0.4 1 0
0.3 0.94 0.07
0.9 1 0
0.8 1 0
0.7 1 0
0.6 1 0
0.5 0.98 0.02
0.4 1 0.00999999
0.3 0.86 0.14
0.9 1 0
0.8 1 0
0.7 1 0
0.6 0.99 0.03
0.5 0.99 0.00999999
0.4 1 0
0.3 1 0
0.9 1 0
0.8 1 0
0.7 1 0
0.6 1 0
0.5 1 0.00999999
0.4 0.96 0.04
0.3 0.94 0.06
0.9 1 0
0.8 1 0
0.7 1 0
0.6 1 0
0.5 1 0
0.4 1 0
0.3 0.97 0.03
0.9 1 0
0.8 1 0
0.7 1 0
0.6 0.99 0.02
0.5 1 0.00999999
0.4 1 0
0.3 0.76 0.24
0.9 1 0
0.8 1 0
0.7 0.99 0.00999999
0.6 1 0
0.5 0.98 0.03
0.4 0.96 0.04
0.3 0.95 0.05
0.9 1 0
0.8 1 0
0.7 1 0
0.6 1 0
0.5 1 0
0.4 1 0
0.3 0.95 0.07
0.9 1 0
0.8 1 0
0.7 1 0
0.6 1 0
0.5 0.9 0.12
0.4 1 0
0.3 0.79 0.21
0.9 1 0
0.8 1 0
0.7 1 0
0.6 0.98 0.03
0.5 1 0
0.4 1 0
0.3 0.86 0.14
0.9 1 0
0.8 1 0
0.7 1 0
0.6 1 0
0.5 1 0
0.4 0.99 0.00999999
0.3 0.95 0.06
0.9 1 0
0.8 1 0
0.7 1 0
0.6 1 0
0.5 1 0
0.4 0.99 0.00999999
0.3 0.87 0.14
0.9 1 0
0.8 1 0
0.7 1 0
0.6 0.97 0.06
0.5 1 0.02
0.4 0.95 0.05
0.3 0.78 0.22
0.9 1 0
0.8 1 0
0.7 0.98 0.03
0.6 0.98 0.02
0.5 1 0
0.4 1 0
0.3 0.96 0.04
0.9 1 0
0.8 1 0
0.7 1 0
0.6 1 0
0.5 1 0.00999999
0.4 0.97 0.03
0.3 0.93 0.07
0.9 1 0
0.8 1 0
0.7 1 0
0.6 1 0
0.5 1 0
0.4 1 0
0.3 0.99 0.00999999
0.9 1 0
0.8 1 0
0.7 1 0
0.6 1 0
0.5 0.91 0.1
0.4 0.96 0.05
0.3 0.98 0.03
0.9 1 0
0.8 0.98 0.02
0.7 1 0
0.6 0.98 0.02
0.5 1 0
0.4 1 0
0.3 1 0
0.9 1 0
0.8 1 0
0.7 1 0
0.6 1 0
0.5 1 0
0.4 0.97 0.04
0.3 1 0
0.9 1 0
0.8 0.99 0.00999999
0.7 1 0
0.6 1 0
0.5 1 0
0.4 0.98 0.03
0.3 0.99 0.00999999
0.9 1 0
0.8 1 0
0.7 1 0
0.6 0.97 0.03
0.5 1 0
0.4 0.95 0.05
0.3 0.95 0.05
0.9 1 0
0.8 1 0
0.7 1 0
0.6 1 0
0.5 1 0
0.4 1 0
0.3 1 0
0.9 1 0
0.8 1 0
0.7 0.99 0.00999999
0.6 1 0
0.5 0.98 0.02
0.4 0.99 0.02
0.3 0.98 0.02
0.9 0.98 0.02
0.8 1 0
0.7 1 0
0.6 1 0
0.5 0.93 0.07
0.4 0.97 0.04
0.3 0.8 0.2
0.9 1 0
0.8 1 0
0.7 1 0
0.6 1 0
0.5 1 0
0.4 0.87 0.13
0.3 0.97 0.05
0.9 1 0
0.8 1 0
0.7 1 0
0.6 1 0
0.5 0.99 0.00999999
0.4 1 0
0.3 0.98 0.05
0.9 1 0
0.8 1 0
0.7 1 0
0.6 1 0
0.5 0.99 0.00999999
0.4 0.94 0.07
0.3 0.86 0.14
0.9 1 0
0.8 1 0
0.7 1 0
0.6 1 0
0.5 0.92 0.08
0.4 1 0
0.3 0.98 0.03
0.9 1 0
0.8 1 0
0.7 1 0
0.6 1 0.03
0.5 1 0
0.4 1 0
0.3 1 0
0.9 1 0
0.8 1 0
0.7 0.96 0.04
0.6 0.99 0.00999999
0.5 1 0
0.4 1 0
0.3 1 0
0.9 1 0
0.8 1 0
0.7 1 0
0.6 0.99 0.00999999
0.5 1 0
0.4 0.92 0.08
0.3 0.99 0.03
0.9 1 0
0.8 1 0.00999999
0.7 1 0
0.6 1 0
0.5 1 0.00999999
0.4 1 0
0.3 1 0.00999999
0.9 0.99 0.02
0.8 1 0
0.7 1 0
0.6 0.98 0.03
0.5 0.97 0.03
0.4 0.92 0.08
0.3 0.83 0.18
0.9 1 0
0.8 1 0
0.7 1 0.02
0.6 0.96 0.04
0.5 0.89 0.12
0.4 0.98 0.02
0.3 0.91 0.11
0.9 1 0
0.8 1 0
0.7 1 0.00999999
0.6 0.98 0.03
0.5 0.95 0.06
0.4 0.86 0.14
0.3 0.87 0.13
0.9 1 0.00999999
0.8 1 0
0.7 1 0
0.6 1 0
0.5 1 0
0.4 0.95 0.06
0.3 0.99 0.02
0.9 1 0
0.8 1 0
0.7 1 0
0.6 1 0
0.5 1 0
0.4 0.8 0.21
0.3 0.91 0.09
0.9 1 0
0.8 1 0
0.7 1 0
0.6 0.99 0.00999999
0.5 0.97 0.03
0.4 0.8 0.2
0.3 0.95 0.05
0.9 1 0
0.8 1 0
0.7 1 0.00999999
0.6 1 0
0.5 1 0
0.4 0.99 0.00999999
0.3 0.77 0.23
0.9 1 0
0.8 1 0
0.7 0.99 0.02
0.6 0.99 0.00999999
0.5 0.91 0.09
0.4 0.84 0.16
0.3 0.96 0.04
0.9 1 0
0.8 1 0
0.7 0.92 0.09
0.6 1 0
0.5 0.93 0.07
0.4 0.89 0.11
0.3 0.92 0.08
0.9 1 0
0.8 1 0
0.7 0.99 0.00999999
0.6 1 0.00999999
0.5 1 0.00999999
0.4 1 0
0.3 0.94 0.06
0.9 1 0
0.8 1 0
0.7 1 0
0.6 1 0
0.5 0.94 0.08
0.4 1 0.00999999
0.3 0.77 0.23
0.9 1 0
0.8 1 0
0.7 1 0
0.6 0.99 0.02
0.5 1 0
0.4 0.92 0.08
0.3 0.86 0.14
0.9 1 0
0.8 1 0
0.7 0.99 0.00999999
0.6 0.93 0.07
0.5 0.98 0.02
0.4 0.78 0.22
0.3 0.83 0.17
0.9 1 0
0.8 1 0
0.7 1 0
0.6 1 0
0.5 0.99 0.00999999
0.4 0.95 0.05
0.3 1 0
0.9 1 0
0.8 1 0
0.7 1 0
0.6 1 0.00999999
0.5 0.99 0.00999999
0.4 0.99 0.00999999
0.3 0.96 0.04
0.9 1 0
0.8 1 0
0.7 1 0
0.6 1 0
0.5 0.84 0.17
0.4 0.97 0.05
0.3 0.98 0.02
0.9 1 0
0.8 1 0
0.7 0.97 0.03
0.6 0.94 0.06
0.5 0.97 0.03
0.4 0.95 0.06
0.3 0.92 0.08
0.9 1 0
0.8 1 0
0.7 1 0
0.6 0.83 0.18
0.5 0.96 0.05
0.4 1 0
0.3 0.82 0.18
0.9 1 0
0.8 1 0
0.7 0.96 0.04
0.6 1 0
0.5 0.94 0.06
0.4 0.86 0.15
0.3 0.93 0.07
0.9 1 0
0.8 1 0
0.7 1 0
0.6 0.95 0.05
0.5 0.85 0.16
0.4 0.99 0.00999999
0.3 1 0
0.9 1 0
0.8 0.99 0.00999999
0.7 1 0.00999999
0.6 0.94 0.06
0.5 1 0
0.4 1 0
0.3 0.86 0.14
0.9 1 0
0.8 1 0
0.7 0.98 0.02
0.6 1 0
0.5 0.92 0.1
0.4 0.92 0.08
0.3 0.87 0.14
0.9 1 0
0.8 1 0
0.7 1 0
0.6 1 0
0.5 0.92 0.08
0.4 0.88 0.12
0.3 0.97 0.05
0.9 1 0
0.8 1 0
0.7 1 0
0.6 1 0
0.5 0.91 0.09
0.4 1 0
0.3 1 0
0.9 1 0
0.8 1 0
0.7 1 0
0.6 1 0
0.5 0.98 0.02
0.4 0.99 0.00999999
0.3 1 0
0.9 1 0
0.8 1 0.00999999
0.7 1 0
0.6 1 0
0.5 1 0
0.4 0.92 0.08
0.3 0.99 0.02
0.9 1 0
0.8 1 0
0.7 0.97 0.03
0.6 1 0
0.5 1 0.00999999
0.4 1 0
0.3 1 0
0.9 1 0
0.8 1 0
0.7 0.99 0.00999999
0.6 0.99 0.02
0.5 0.95 0.05
0.4 1 0
0.3 0.89 0.11
0.9 1 0
0.8 1 0
0.7 1 0
0.6 0.99 0.02
0.5 1 0
0.4 1 0.00999999
0.3 1 0.00999999
0.9 1 0
0.8 1 0
0.7 1 0
0.6 0.99 0.00999999
0.5 0.95 0.06
0.4 0.9 0.1
0.3 0.84 0.16
0.9 1 0
0.8 1 0
0.7 1 0
0.6 1 0
0.5 1 0
0.4 1 0.02
0.3 0.98 0.02
0.9 1 0
0.8 1 0
0.7 1 0
0.6 0.98 0.02
0.5 0.99 0.00999999
0.4 0.96 0.06
0.3 0.82 0.19
0.9 1 0
0.8 1 0
0.7 1 0
0.6 1 0
0.5 1 0
0.4 1 0
0.3 0.68 0.32
0.9 1 0
0.8 1 0
0.7 1 0
0.6 1 0
0.5 0.97 0.03
0.4 1 0
0.3 1 0.00999999
0.9 1 0
0.8 1 0
0.7 1 0
0.6 1 0
0.5 1 0
0.4 0.82 0.18
0.3 1 0
0.9 1 0
0.8 1 0
0.7 1 0
0.6 1 0
0.5 0.97 0.03
0.4 1 0
0.3 0.93 0.07
0.9 1 0
0.8 1 0
0.7 1 0
0.6 1 0
0.5 0.99 0.00999999
0.4 1 0
0.3 0.96 0.04
0.9 1 0.00999999
0.8 1 0
0.7 0.99 0.00999999
0.6 1 0
0.5 0.88 0.12
0.4 0.94 0.06
0.3 0.98 0.03
0.9 1 0
0.8 1 0
0.7 1 0
0.6 1 0
0.5 0.95 0.05
0.4 0.98 0.02
0.3 1 0.00999999
0.9 1 0
0.8 1 0
0.7 1 0
0.6 1 0.00999999
0.5 0.96 0.05
0.4 1 0
0.3 0.9 0.1
0.9 0.99 0.00999999
0.8 1 0
0.7 1 0
0.6 1 0
0.5 1 0
0.4 1 0
0.3 0.99 0.02
0.9 1 0
0.8 1 0
0.7 0.99 0.00999999
0.6 0.96 0.04
0.5 0.98 0.02
0.4 1 0
0.3 0.83 0.17
0.9 1 0
0.8 1 0
0.7 0.98 0.02
0.6 0.97 0.03
0.5 1 0
0.4 1 0
0.3 0.98 0.02
0.9 1 0
0.8 1 0
0.7 1 0
0.6 0.99 0.00999999
0.5 0.99 0.00999999
0.4 0.92 0.11
0.3 0.99 0.00999999
0.9 1 0
0.8 1 0
0.7 1 0
0.6 0.96 0.04
0.5 1 0
0.4 0.98 0.03
0.3 0.95 0.05
0.9 1 0
0.8 1 0
0.7 1 0
0.6 1 0
0.5 0.97 0.03
0.4 0.97 0.03
0.3 0.86 0.14
0.9 1 0
0.8 1 0
0.7 1 0
0.6 1 0.00999999
0.5 0.98 0.02
0.4 1 0
0.3 0.8 0.2
0.9 1 0
0.8 0.97 0.03
0.7 1 0
0.6 0.99 0.00999999
0.5 0.99 0.03
0.4 0.99 0.00999999
0.3 0.99 0.02
0.9 1 0
0.8 1 0
0.7 0.99 0.00999999
0.6 0.95 0.05
0.5 0.98 0.03
0.4 0.98 0.03
0.3 1 0
0.9 1 0
0.8 0.99 0.00999999
0.7 1 0
0.6 1 0
0.5 0.97 0.04
0.4 1 0.00999999
0.3 0.96 0.04
0.9 1 0
0.8 1 0
0.7 1 0
0.6 0.98 0.02
0.5 0.99 0.00999999
0.4 0.97 0.03
0.3 0.96 0.05
0.9 1 0
0.8 1 0
0.7 1 0.00999999
0.6 0.99 0.04
0.5 1 0.00999999
0.4 1 0
0.3 0.98 0.02
0.9 1 0
0.8 1 0
0.7 1 0
0.6 1 0
0.5 0.95 0.05
0.4 0.92 0.08
0.3 0.96 0.04
0.9 1 0
0.8 1 0
0.7 1 0.00999999
0.6 1 0
0.5 0.99 0.02
0.4 0.98 0.02
0.3 1 0
0.9 1 0
0.8 1 0
0.7 1 0
0.6 1 0
0.5 0.98 0.03
0.4 1 0
0.3 0.93 0.07
0.9 1 0
0.8 1 0
0.7 1 0
0.6 1 0
0.5 1 0
0.4 0.93 0.08
0.3 0.95 0.05
0.9 1 0
0.8 1 0
0.7 1 0
0.6 1 0
0.5 1 0
0.4 0.99 0.02
0.3 0.91 0.09
0.9 1 0
0.8 0.99 0.00999999
0.7 1 0
0.6 0.98 0.02
0.5 0.99 0.00999999
0.4 1 0
0.3 0.9 0.11
0.9 1 0
0.8 1 0
0.7 1 0
0.6 1 0
0.5 0.94 0.06
0.4 1 0.00999999
0.3 0.97 0.03
0.9 1 0
0.8 1 0
0.7 1 0
0.6 1 0
0.5 0.97 0.03
0.4 1 0
0.3 0.94 0.06
0.9 0.98 0.02
0.8 1 0
0.7 1 0
0.6 1 0.00999999
0.5 1 0
0.4 0.91 0.09
0.3 0.93 0.07
0.9 1 0
0.8 1 0
0.7 0.98 0.04
0.6 0.97 0.03
0.5 1 0
0.4 0.82 0.19
0.3 1 0
0.9 1 0
0.8 1 0
0.7 1 0
0.6 1 0
0.5 0.93 0.07
0.4 0.92 0.08
0.3 1 0.00999999
0.9 1 0
0.8 1 0
0.7 1 0.00999999
0.6 0.99 0.00999999
0.5 0.99 0.03
0.4 0.77 0.23
0.3 0.98 0.02
0.9 1 0
0.8 0.99 0.00999999
0.7 0.99 0.00999999
0.6 0.95 0.05
0.5 0.95 0.05
0.4 0.99 0.00999999
0.3 0.77 0.24
0.9 1 0
0.8 0.99 0.02
0.7 0.99 0.00999999
0.6 0.97 0.03
0.5 1 0.00999999
0.4 0.98 0.02
0.3 1 0
0.9 1 0
0.8 1 0
0.7 0.99 0.00999999
0.6 0.99 0.00999999
0.5 1 0
0.4 1 0
0.3 0.89 0.13
0.9 1 0
0.8 1 0
0.7 1 0
0.6 1 0
0.5 1 0
0.4 1 0
0.3 0.99 0.00999999
0.9 1 0
0.8 1 0
0.7 1 0
0.6 1 0
0.5 1 0
0.4 0.99 0.00999999
0.3 0.79 0.22
0.9 1 0
0.8 1 0
0.7 1 0
0.6 1 0.00999999
0.5 0.98 0.02
0.4 0.84 0.16
0.3 1 0
0.9 1 0
0.8 1 0
0.7 1 0
0.6 1 0.02
0.5 1 0
0.4 1 0
0.3 1 0
0.9 1 0
0.8 1 0
0.7 1 0
0.6 0.99 0.00999999
0.5 1 0.00999999
0.4 0.97 0.04
0.3 0.95 0.05
0.9 1 0
0.8 1 0
0.7 1 0
0.6 1 0
0.5 0.9 0.1
0.4 0.77 0.26
0.3 1 0
0.9 1 0
0.8 1 0
0.7 1 0
0.6 0.96 0.04
0.5 1 0.00999999
0.4 0.96 0.04
0.3 0.96 0.04
0.9 1 0
0.8 1 0
0.7 1 0
0.6 0.98 0.03
0.5 0.97 0.03
0.4 0.98 0.02
0.3 0.92 0.09
0.9 1 0
0.8 1 0
0.7 1 0
0.6 0.98 0.02
0.5 0.9 0.1
0.4 0.99 0.02
0.3 0.9 0.1
0.9 1 0
0.8 1 0
0.7 1 0
0.6 0.99 0.00999999
0.5 0.95 0.05
0.4 0.97 0.03
0.3 0.88 0.13
0.9 1 0
0.8 1 0
0.7 1 0
0.6 1 0
0.5 1 0
0.4 1 0.02
0.3 0.83 0.17
0.9 1 0
0.8 1 0
0.7 1 0
0.6 0.98 0.03
0.5 1 0
0.4 1 0
0.3 0.68 0.32
0.9 1 0
0.8 1 0
0.7 1 0
0.6 1 0
0.5 0.98 0.04
0.4 0.99 0.00999999
0.3 0.99 0.02
0.9 1 0
0.8 1 0
0.7 0.97 0.03
0.6 0.94 0.06
0.5 1 0
0.4 0.95 0.05
0.3 0.93 0.07
0.9 1 0
0.8 1 0
0.7 1 0
0.6 1 0
0.5 1 0
0.4 0.95 0.05
0.3 0.94 0.06
0.9 1 0
0.8 1 0
0.7 0.99 0.00999999
0.6 1 0
0.5 1 0
0.4 0.87 0.13
0.3 0.9 0.1
0.9 1 0
0.8 1 0
0.7 1 0
0.6 1 0
0.5 0.99 0.00999999
0.4 0.78 0.22
0.3 0.98 0.02
0.9 0.99 0.00999999
0.8 1 0
0.7 1 0
0.6 1 0
0.5 1 0
0.4 0.82 0.18
0.3 0.98 0.02
0.9 1 0
0.8 1 0.00999999
0.7 0.99 0.00999999
0.6 1 0
0.5 0.99 0.00999999
0.4 0.83 0.17
0.3 1 0
0.9 1 0
0.8 1 0
0.7 0.99 0.02
0.6 0.98 0.02
0.5 1 0
0.4 1 0.00999999
0.3 0.89 0.11
0.9 1 0
0.8 1 0
0.7 0.98 0.02
0.6 1 0
0.5 0.99 0.02
0.4 0.89 0.12
0.3 0.91 0.09
0.9 1 0
0.8 1 0.00999999
0.7 1 0.02
0.6 1 0
0.5 1 0
0.4 0.99 0.00999999
0.3 1 0
0.9 1 0
0.8 1 0
0.7 0.98 0.03
0.6 1 0
0.5 0.98 0.02
0.4 1 0
0.3 0.79 0.22
0.9 1 0
0.8 1 0
0.7 0.97 0.04
0.6 0.99 0.00999999
0.5 1 0.00999999
0.4 0.98 0.02
0.3 0.98 0.02
0.9 1 0
0.8 1 0
0.7 0.97 0.03
0.6 0.95 0.05
0.5 0.94 0.06
0.4 0.97 0.03
0.3 0.94 0.06
0.9 1 0
0.8 0.99 0.00999999
0.7 0.98 0.02
0.6 1 0.00999999
0.5 0.95 0.06
0.4 0.99 0.02
0.3 0.96 0.05
0.9 1 0
0.8 1 0
0.7 1 0
0.6 1 0
0.5 0.92 0.08
0.4 0.86 0.15
0.3 0.83 0.19
0.9 1 0
0.8 0.99 0.00999999
0.7 0.95 0.06
0.6 0.99 0.00999999
0.5 0.9 0.1
0.4 0.99 0.02
0.3 0.89 0.13
0.9 1 0
0.8 1 0
0.7 1 0
0.6 1 0.00999999
0.5 0.97 0.03
0.4 1 0
0.3 0.97 0.03
0.9 1 0
0.8 1 0
0.7 0.92 0.08
0.6 1 0
0.5 1 0
0.4 0.93 0.07
0.3 0.75 0.25
0.9 1 0
0.8 1 0
0.7 0.99 0.00999999
0.6 1 0
0.5 1 0
0.4 1 0
0.3 0.96 0.07
0.9 1 0
0.8 1 0
0.7 1 0
0.6 1 0
0.5 0.89 0.11
0.4 0.96 0.05
0.3 0.99 0.00999999
0.9 1 0
0.8 1 0
0.7 1 0
0.6 0.99 0.00999999
0.5 1 0.00999999
0.4 0.91 0.1
0.3 0.81 0.19
0.9 1 0
0.8 1 0
0.7 1 0.00999999
0.6 0.97 0.04
0.5 0.97 0.03
0.4 0.98 0.03
0.3 1 0
0.9 1 0
0.8 1 0
0.7 1 0
0.6 0.98 0.02
0.5 0.93 0.08
0.4 0.98 0.02
0.3 1 0
0.9 1 0
0.8 1 0.00999999
0.7 1 0
0.6 1 0
0.5 0.93 0.07
0.4 0.98 0.03
0.3 0.98 0.02
0.9 1 0
0.8 1 0
0.7 1 0
0.6 1 0
0.5 0.97 0.04
0.4 0.91 0.1
0.3 0.56 0.44
0.9 1 0
0.8 0.98 0.02
0.7 1 0.00999999
0.6 1 0
0.5 0.96 0.04
0.4 0.88 0.14
0.3 0.98 0.03
0.9 1 0
0.8 1 0
0.7 0.98 0.02
0.6 0.95 0.05
0.5 0.97 0.04
0.4 0.95 0.05
0.3 0.99 0.00999999
0.9 1 0
0.8 1 0
0.7 1 0
0.6 0.99 0.00999999
0.5 1 0
0.4 0.81 0.2
0.3 0.98 0.02
0.9 1 0
0.8 1 0
0.7 1 0
0.6 1 0
0.5 1 0.00999999
0.4 0.96 0.04
0.3 0.92 0.08
0.9 1 0
0.8 1 0
0.7 1 0
0.6 1 0
0.5 0.93 0.07
0.4 0.99 0.00999999
0.3 0.83 0.17
0.9 1 0
0.8 1 0
0.7 1 0
0.6 0.98 0.02
0.5 1 0
0.4 0.87 0.14
0.3 0.93 0.07
0.9 1 0
0.8 1 0
0.7 1 0
0.6 0.99 0.00999999
0.5 1 0
0.4 0.96 0.04
0.3 0.95 0.06
0.9 1 0
0.8 1 0
0.7 1 0
0.6 1 0
0.5 0.92 0.08
0.4 0.86 0.15
0.3 0.95 0.05
0.9 1 0
0.8 1 0
0.7 0.97 0.03
0.6 1 0
0.5 1 0
0.4 1 0
0.3 1 0
0.9 1 0
0.8 1 0
0.7 1 0
0.6 1 0
0.5 1 0
0.4 1 0
0.3 0.96 0.04
0.9 1 0
0.8 1 0
0.7 1 0
0.6 1 0
0.5 1 0
0.4 0.96 0.06
0.3 1 0.00999999
0.9 1 0
0.8 1 0
0.7 1 0
0.6 0.97 0.03
0.5 0.98 0.03
0.4 1 0
0.3 0.86 0.15
0.9 1 0
0.8 0.98 0.02
0.7 0.98 0.03
0.6 1 0
0.5 1 0
0.4 1 0
0.3 1 0
0.9 1 0
0.8 1 0
0.7 1 0
0.6 1 0
0.5 1 0
0.4 1 0
0.3 0.91 0.1
0.9 1 0
0.8 1 0
0.7 1 0
0.6 1 0
0.5 0.98 0.02
0.4 0.96 0.04
0.3 0.98 0.02
0.9 1 0
0.8 1 0
0.7 1 0
0.6 0.99 0.00999999
0.5 1 0
0.4 1 0.02
0.3 1 0.00999999
0.9 1 0
0.8 0.98 0.02
0.7 1 0
0.6 1 0
0.5 0.98 0.03
0.4 1 0
0.3 0.96 0.04
0.9 1 0
0.8 1 0
0.7 1 0
0.6 0.99 0.00999999
0.5 0.96 0.04
0.4 1 0
0.3 1 0
0.9 1 0
0.8 1 0
0.7 1 0
0.6 0.96 0.04
0.5 0.97 0.04
0.4 1 0
0.3 1 0
0.9 1 0
0.8 1 0
0.7 1 0
0.6 1 0
0.5 1 0
0.4 1 0
0.3 1 0
0.9 1 0
0.8 1 0
0.7 1 0
0.6 1 0
0.5 0.96 0.04
0.4 0.98 0.02
0.3 1 0
0.9 1 0
0.8 1 0
0.7 1 0.00999999
0.6 1 0
0.5 1 0
0.4 1 0
0.3 1 0.00999999
0.9 1 0
0.8 1 0
0.7 1 0
0.6 1 0
0.5 1 0
0.4 1 0
0.3 1 0
0.9 1 0
0.8 1 0
0.7 1 0
0.6 1 0
0.5 1 0
0.4 1 0
0.3 0.87 0.14
0.9 1 0
0.8 1 0
0.7 1 0
0.6 1 0
0.5 1 0
0.4 1 0
0.3 0.81 0.19
0.9 1 0
0.8 1 0
0.7 1 0
0.6 1 0
0.5 0.99 0.00999999
0.4 1 0
0.3 1 0
0.9 1 0
0.8 1 0
0.7 0.99 0.00999999
0.6 1 0
0.5 0.97 0.03
0.4 1 0
0.3 1 0
0.9 1 0
0.8 1 0
0.7 1 0.00999999
0.6 1 0
0.5 0.95 0.05
0.4 0.94 0.07
0.3 1 0
0.9 1 0
0.8 1 0
0.7 0.98 0.03
0.6 0.96 0.05
0.5 0.95 0.06
0.4 0.96 0.04
0.3 0.92 0.09
0.9 1 0
0.8 1 0
0.7 1 0
0.6 1 0
0.5 1 0
0.4 0.99 0.00999999
0.3 0.95 0.06
0.9 1 0
0.8 1 0
0.7 1 0
0.6 1 0
0.5 1 0
0.4 1 0
0.3 0.98 0.02
0.9 1 0
0.8 1 0
0.7 1 0
0.6 0.99 0.00999999
0.5 0.96 0.05
0.4 1 0
0.3 1 0
0.9 1 0
0.8 1 0
0.7 1 0
0.6 1 0
0.5 0.99 0.00999999
0.4 1 0
0.3 0.98 0.02
0.9 1 0
0.8 1 0
0.7 0.93 0.07
0.6 1 0
0.5 1 0
0.4 1 0
0.3 0.94 0.06
0.9 1 0
0.8 1 0
0.7 1 0
0.6 0.99 0.02
0.5 1 0
0.4 1 0
0.3 0.99 0.00999999
0.9 1 0
0.8 1 0
0.7 0.99 0.00999999
0.6 0.95 0.05
0.5 0.98 0.02
0.4 0.88 0.13
0.3 1 0
0.9 1 0
0.8 1 0
0.7 1 0
0.6 0.99 0.00999999
0.5 0.99 0.00999999
0.4 0.98 0.02
0.3 0.99 0.00999999
0.9 1 0
0.8 1 0
0.7 1 0
0.6 1 0
0.5 1 0
0.4 0.97 0.03
0.3 1 0
0.9 1 0
0.8 1 0
0.7 1 0
0.6 0.96 0.05
0.5 1 0
0.4 1 0
0.3 0.76 0.24
0.9 1 0
0.8 1 0
0.7 1 0
0.6 0.91 0.09
0.5 1 0
0.4 0.99 0.00999999
0.3 0.76 0.25
0.9 1 0
0.8 0.99 0.00999999
0.7 1 0
0.6 1 0
0.5 1 0
0.4 0.87 0.13
0.3 0.98 0.03
0.9 1 0
0.8 1 0
0.7 1 0
0.6 1 0
0.5 1 0
0.4 0.93 0.07
0.3 0.92 0.08
0.9 1 0
0.8 1 0
0.7 1 0
0.6 0.99 0.00999999
0.5 1 0
0.4 0.99 0.00999999
0.3 1 0
0.9 1 0
0.8 1 0
0.7 0.98 0.02
0.6 1 0
0.5 1 0
0.4 1 0
0.3 1 0
0.9 1 0
0.8 1 0
0.7 1 0
0.6 1 0
0.5 1 0
0.4 1 0
0.3 1 0
0.9 1 0
0.8 1 0
0.7 0.95 0.05
0.6 1 0.00999999
0.5 1 0
0.4 0.96 0.05
0.3 0.96 0.04
0.9 1 0
0.8 1 0
0.7 1 0.00999999
0.6 0.99 0.00999999
0.5 1 0
0.4 0.91 0.09
0.3 0.79 0.22
0.9 1 0
0.8 1 0
0.7 1 0
0.6 1 0
0.5 0.98 0.02
0.4 0.9 0.12
0.3 0.75 0.26
0.9 1 0
0.8 1 0
0.7 1 0
0.6 0.97 0.03
0.5 1 0
0.4 0.96 0.04
0.3 0.99 0.00999999
0.9 1 0
0.8 1 0
0.7 1 0
0.6 1 0
0.5 0.95 0.05
0.4 0.99 0.00999999
0.3 1 0
0.9 1 0
0.8 1 0
0.7 1 0
0.6 1 0
0.5 1 0
0.4 1 0.00999999
0.3 0.96 0.04
0.9 1 0
0.8 0.98 0.02
0.7 1 0
0.6 1 0
0.5 0.93 0.08
0.4 1 0.00999999
0.3 0.93 0.08
0.9 1 0
0.8 1 0
0.7 1 0.00999999
0.6 1 0
0.5 0.99 0.00999999
0.4 0.99 0.02
0.3 0.84 0.16
0.9 1 0
0.8 1 0
0.7 0.99 0.00999999
0.6 1 0
0.5 0.97 0.03
0.4 0.97 0.03
0.3 1 0
0.9 1 0
0.8 1 0.00999999
0.7 0.96 0.05
0.6 0.93 0.07
0.5 0.97 0.03
0.4 0.86 0.15
0.3 0.72 0.28
0.9 1 0
0.8 1 0
0.7 1 0
0.6 0.99 0.00999999
0.5 1 0
0.4 0.91 0.09
0.3 0.84 0.17
0.9 1 0
0.8 1 0
0.7 1 0
0.6 1 0
0.5 1 0
0.4 1 0
0.3 1 0
0.9 1 0
0.8 1 0
0.7 1 0
0.6 1 0
0.5 1 0
0.4 1 0
0.3 1 0
0.9 1 0
0.8 1 0
0.7 1 0
0.6 1 0
0.5 1 0
0.4 1 0
0.3 1 0
0.9 1 0
0.8 1 0
0.7 1 0
0.6 1 0
0.5 1 0
0.4 1 0
0.3 1 0
0.9 1 0
0.8 1 0
0.7 1 0
0.6 0.98 0.03
0.5 0.89 0.12
0.4 0.86 0.14
0.3 0.64 0.37
0.9 1 0
0.8 1 0
0.7 1 0.00999999
0.6 1 0
0.5 1 0.00999999
0.4 1 0
0.3 0.89 0.12
0.9 1 0
0.8 1 0
0.7 1 0
0.6 1 0
0.5 0.96 0.04
0.4 0.87 0.13
0.3 1 0.00999999
0.9 1 0
0.8 1 0
0.7 1 0
0.6 0.93 0.09
0.5 1 0.02
0.4 1 0
0.3 1 0
0.9 1 0
0.8 1 0
0.7 1 0
0.6 1 0
0.5 1 0
0.4 0.98 0.02
0.3 0.99 0.00999999
0.9 1 0.00999999
0.8 1 0
0.7 1 0
0.6 1 0
0.5 0.99 0.00999999
0.4 1 0.00999999
0.3 0.87 0.13
0.9 1 0
0.8 1 0
0.7 0.99 0.00999999
0.6 1 0
0.5 0.83 0.17
0.4 0.89 0.11
0.3 0.99 0.00999999
0.9 1 0
0.8 1 0
0.7 1 0.00999999
0.6 0.99 0.00999999
0.5 1 0
0.4 1 0
0.3 0.92 0.08
0.9 1 0
0.8 1 0
0.7 0.99 0.00999999
0.6 0.99 0.00999999
0.5 0.89 0.11
0.4 0.95 0.06
0.3 0.73 0.27
0.9 1 0
0.8 1 0
0.7 1 0
0.6 1 0
0.5 1 0
0.4 0.94 0.06
0.3 0.94 0.06
0.9 1 0
0.8 1 0
0.7 0.97 0.04
0.6 0.94 0.07
0.5 0.99 0.00999999
0.4 0.96 0.04
0.3 1 0
0.9 1 0
0.8 0.99 0.02
0.7 1 0.00999999
0.6 0.99 0.00999999
0.5 0.94 0.06
0.4 1 0
0.3 0.98 0.02
0.9 1 0
0.8 1 0
0.7 1 0
0.6 1 0
0.5 0.98 0.03
0.4 0.94 0.06
0.3 0.99 0.00999999
0.9 1 0
0.8 0.94 0.06
0.7 1 0
0.6 1 0
0.5 1 0
0.4 0.82 0.18
0.3 0.96 0.04
0.9 1 0
0.8 1 0
0.7 0.99 0.00999999
0.6 1 0
0.5 1 0
0.4 0.9 0.11
0.3 1 0
0.9 1 0
0.8 0.98 0.02
0.7 1 0
0.6 0.89 0.11
0.5 0.87 0.13
0.4 0.85 0.15
0.3 0.99 0.00999999
0.9 1 0
0.8 1 0
0.7 1 0.02
0.6 1 0
0.5 0.94 0.06
0.4 0.87 0.13
0.3 1 0
0.9 1 0
0.8 1 0
0.7 1 0
0.6 0.99 0.00999999
0.5 0.88 0.12
0.4 0.83 0.17
0.3 0.94 0.06
0.9 1 0
0.8 1 0.00999999
0.7 1 0
0.6 0.98 0.05
0.5 1 0
0.4 1 0
0.3 1 0
0.9 1 0
0.8 0.99 0.02
0.7 1 0
0.6 1 0
0.5 1 0
0.4 0.99 0.02
0.3 1 0
0.9 1 0
0.8 1 0
0.7 0.99 0.02
0.6 0.99 0.00999999
0.5 0.91 0.09
0.4 1 0.00999999
0.3 0.88 0.12
0.9 1 0
0.8 1 0
0.7 1 0
0.6 1 0
0.5 1 0
0.4 1 0
0.3 1 0
0.9 1 0
0.8 0.99 0.00999999
0.7 1 0
0.6 1 0
0.5 1 0
0.4 0.94 0.08
0.3 0.99 0.03
0.9 1 0
0.8 1 0
0.7 1 0
0.6 1 0
0.5 0.97 0.03
0.4 1 0
0.3 1 0
0.9 1 0
0.8 0.99 0.00999999
0.7 1 0
0.6 0.99 0.00999999
0.5 0.99 0.02
0.4 0.99 0.00999999
0.3 0.95 0.05
0.9 1 0
0.8 1 0
0.7 1 0
0.6 1 0
0.5 0.96 0.04
0.4 1 0.00999999
0.3 0.84 0.18
0.9 1 0
0.8 1 0
0.7 1 0.00999999
0.6 0.95 0.06
0.5 0.95 0.05
0.4 1 0
0.3 0.9 0.12
0.9 1 0
0.8 1 0
0.7 0.99 0.02
0.6 1 0
0.5 0.94 0.06
0.4 0.91 0.09
0.3 0.84 0.16
0.9 1 0
0.8 1 0
0.7 1 0
0.6 0.95 0.07
0.5 0.98 0.02
0.4 0.87 0.13
0.3 0.96 0.05
0.9 1 0.00999999
0.8 1 0
0.7 0.98 0.02
0.6 0.99 0.02
0.5 1 0
0.4 0.99 0.02
0.3 0.99 0.00999999
0.9 1 0
0.8 1 0.00999999
0.7 1 0
0.6 1 0
0.5 1 0
0.4 0.98 0.02
0.3 0.93 0.07
0.9 1 0
0.8 1 0
0.7 0.97 0.03
0.6 1 0
0.5 0.93 0.07
0.4 0.95 0.07
0.3 1 0
0.9 1 0
0.8 1 0
0.7 1 0
0.6 1 0
0.5 0.99 0.00999999
0.4 1 0
0.3 1 0.00999999
0.9 1 0
0.8 1 0
0.7 1 0
0.6 1 0
0.5 0.95 0.06
0.4 0.99 0.02
0.3 0.92 0.08
0.9 1 0
0.8 1 0
0.7 0.99 0.00999999
0.6 0.92 0.08
0.5 0.9 0.11
0.4 0.93 0.07
0.3 0.96 0.04
0.9 1 0
0.8 1 0
0.7 1 0
0.6 1 0
0.5 0.97 0.04
0.4 0.96 0.04
0.3 1 0
0.9 0.99 0.00999999
0.8 1 0
0.7 0.99 0.00999999
0.6 0.99 0.00999999
0.5 0.98 0.03
0.4 1 0
0.3 0.95 0.05
0.9 1 0
0.8 0.99 0.00999999
0.7 1 0
0.6 0.99 0.00999999
0.5 1 0
0.4 0.95 0.05
0.3 0.83 0.17
0.9 1 0
0.8 1 0
0.7 1 0
0.6 0.99 0.02
0.5 1 0
0.4 0.99 0.00999999
0.3 0.98 0.03
0.9 1 0
0.8 0.98 0.02
0.7 1 0.00999999
0.6 1 0.00999999
0.5 1 0
0.4 1 0
0.3 1 0
0.9 0.99 0.02
0.8 1 0
0.7 0.94 0.06
0.6 1 0
0.5 0.99 0.00999999
0.4 1 0
0.3 0.98 0.02
0.9 1 0
0.8 1 0
0.7 1 0
0.6 0.94 0.07
0.5 1 0
0.4 0.97 0.03
0.3 0.93 0.07
0.9 1 0
0.8 1 0
0.7 1 0
0.6 1 0
0.5 0.96 0.04
0.4 0.94 0.06
0.3 0.96 0.04
0.9 1 0
0.8 0.96 0.04
0.7 1 0
0.6 1 0.00999999
0.5 0.99 0.00999999
0.4 0.94 0.06
0.3 0.97 0.03
0.9 1 0.00999999
0.8 1 0
0.7 1 0
0.6 1 0
0.5 0.97 0.03
0.4 0.99 0.02
0.3 0.96 0.04
0.9 1 0
0.8 1 0
0.7 1 0
0.6 1 0
0.5 1 0
0.4 1 0
0.3 0.99 0.00999999
0.9 1 0
0.8 0.99 0.00999999
0.7 0.98 0.02
0.6 1 0.00999999
0.5 0.91 0.1
0.4 1 0
0.3 0.89 0.11
0.9 1 0
0.8 0.99 0.00999999
0.7 1 0
0.6 0.98 0.02
0.5 0.98 0.03
0.4 0.79 0.22
0.3 0.79 0.21
0.9 1 0
0.8 1 0.00999999
0.7 0.98 0.02
0.6 1 0
0.5 0.97 0.03
0.4 0.97 0.03
0.3 0.8 0.2
0.9 1 0
0.8 1 0
0.7 1 0.00999999
0.6 0.99 0.00999999
0.5 0.94 0.06
0.4 0.89 0.11
0.3 0.87 0.14
0.9 1 0
0.8 1 0
0.7 1 0
0.6 1 0
0.5 0.95 0.06
0.4 0.99 0.03
0.3 0.98 0.02
0.9 0.97 0.03
0.8 1 0
0.7 1 0
0.6 0.97 0.04
0.5 0.98 0.02
0.4 0.87 0.13
0.3 0.97 0.04
0.9 1 0
0.8 1 0
0.7 1 0
0.6 0.95 0.05
0.5 0.92 0.08
0.4 0.98 0.02
0.3 0.93 0.09
0.9 1 0
0.8 1 0
0.7 0.96 0.04
0.6 1 0
0.5 1 0.00999999
0.4 0.98 0.03
0.3 1 0
0.9 1 0
0.8 1 0
0.7 1 0
0.6 1 0
0.5 0.97 0.03
0.4 0.98 0.02
0.3 1 0.00999999
0.9 1 0
0.8 1 0
0.7 1 0
0.6 1 0
0.5 1 0
0.4 1 0
0.3 0.91 0.09
0.9 1 0
0.8 1 0
0.7 0.99 0.00999999
0.6 1 0
0.5 1 0
0.4 0.97 0.03
0.3 1 0
0.9 1 0
0.8 1 0
0.7 0.92 0.09
0.6 1 0
0.5 0.91 0.09
0.4 0.99 0.00999999
0.3 1 0.02
0.9 1 0.00999999
0.8 1 0
0.7 1 0
0.6 1 0
0.5 1 0
0.4 0.97 0.03
0.3 1 0
0.9 1 0
0.8 1 0
0.7 1 0
0.6 0.94 0.06
0.5 0.99 0.00999999
0.4 1 0
0.3 1 0.00999999
0.9 1 0
0.8 1 0
0.7 1 0
0.6 0.99 0.00999999
0.5 0.99 0.00999999
0.4 1 0
0.3 0.62 0.4
0.9 1 0
0.8 1 0
0.7 0.96 0.04
0.6 0.99 0.00999999
0.5 0.99 0.00999999
0.4 0.96 0.04
0.3 0.81 0.2
0.9 1 0
0.8 1 0
0.7 1 0
0.6 1 0
0.5 0.99 0.00999999
0.4 0.96 0.04
0.3 0.94 0.07
0.9 1 0
0.8 1 0
0.7 0.99 0.00999999
0.6 1 0
0.5 0.96 0.07
0.4 0.99 0.00999999
0.3 0.96 0.04
0.9 1 0
0.8 1 0
0.7 1 0
0.6 1 0.02
0.5 0.98 0.02
0.4 0.87 0.13
0.3 0.81 0.19
0.9 1 0
0.8 0.97 0.05
0.7 1 0
0.6 1 0
0.5 0.99 0.03
0.4 1 0.00999999
0.3 1 0
0.9 1 0
0.8 1 0
0.7 1 0
0.6 1 0.00999999
0.5 1 0
0.4 0.93 0.09
0.3 0.92 0.11
0.9 1 0
0.8 1 0
0.7 1 0.03
0.6 0.97 0.04
0.5 0.98 0.02
0.4 0.92 0.09
0.3 1 0
0.9 1 0
0.8 1 0.00999999
0.7 0.93 0.08
0.6 0.99 0.00999999
0.5 0.99 0.00999999
0.4 0.88 0.13
0.3 0.89 0.11
0.9 1 0
0.8 1 0
0.7 1 0.00999999
0.6 1 0
0.5 0.98 0.02
0.4 1 0
0.3 0.95 0.06
0.9 1 0
0.8 0.99 0.00999999
0.7 1 0
0.6 1 0
0.5 0.95 0.05
0.4 1 0.02
0.3 0.84 0.17
0.9 1 0
0.8 1 0
0.7 1 0
0.6 1 0.00999999
0.5 1 0
0.4 0.98 0.03
0.3 0.95 0.05
0.9 1 0
0.8 1 0
0.7 1 0.00999999
0.6 1 0
0.5 1 0
0.4 1 0
0.3 0.86 0.14
0.9 1 0
0.8 1 0
0.7 1 0
0.6 1 0
0.5 0.99 0.00999999
0.4 0.96 0.04
0.3 0.84 0.16
0.9 1 0
0.8 1 0
0.7 1 0
0.6 0.97 0.04
0.5 1 0
0.4 0.85 0.15
0.3 0.93 0.08
0.9 1 0
0.8 0.99 0.00999999
0.7 1 0
0.6 1 0
0.5 1 0.00999999
0.4 1 0
0.3 1 0
0.9 1 0
0.8 1 0
0.7 1 0.00999999
0.6 0.98 0.02
0.5 0.95 0.05
0.4 0.93 0.07
0.3 0.98 0.02
0.9 1 0
0.8 1 0
0.7 0.95 0.05
0.6 1 0.00999999
0.5 0.99 0.00999999
0.4 0.97 0.03
0.3 0.9 0.11
0.9 1 0
0.8 1 0
0.7 1 0
0.6 1 0
0.5 0.95 0.05
0.4 0.94 0.07
0.3 0.94 0.06
0.9 1 0
0.8 1 0
0.7 1 0
0.6 0.9 0.1
0.5 1 0.00999999
0.4 0.98 0.02
0.3 0.97 0.07
0.9 1 0
0.8 0.99 0.00999999
0.7 1 0
0.6 0.99 0.02
0.5 0.99 0.00999999
0.4 0.99 0.00999999
0.3 0.99 0.02
0.9 1 0
0.8 1 0
0.7 1 0
0.6 1 0
0.5 1 0
0.4 0.95 0.05
0.3 0.81 0.21
0.9 1 0
0.8 1 0
0.7 1 0.02
0.6 0.96 0.06
0.5 1 0
0.4 0.98 0.03
0.3 0.87 0.14
0.9 1 0
0.8 1 0
0.7 0.97 0.04
0.6 1 0
0.5 0.93 0.07
0.4 0.98 0.02
0.3 0.98 0.02
0.9 1 0
0.8 1 0.02
0.7 1 0
0.6 1 0
0.5 0.88 0.12
0.4 0.98 0.02
0.3 0.94 0.06
0.9 1 0
0.8 1 0
0.7 1 0.00999999
0.6 1 0
0.5 0.99 0.00999999
0.4 1 0.00999999
0.3 0.93 0.08
0.9 1 0
0.8 1 0.00999999
0.7 0.99 0.02
0.6 0.97 0.03
0.5 1 0
0.4 0.92 0.08
0.3 0.8 0.2
0.9 1 0
0.8 1 0
0.7 1 0
0.6 0.94 0.06
0.5 0.91 0.1
0.4 0.96 0.04
0.3 0.94 0.07
0.9 1 0
0.8 0.95 0.05
0.7 1 0
0.6 1 0.00999999
0.5 0.99 0.02
0.4 1 0.00999999
0.3 0.9 0.1
0.9 1 0
0.8 0.99 0.00999999
0.7 1 0
0.6 1 0
0.5 0.99 0.00999999
0.4 1 0
0.3 0.94 0.06
0.9 1 0
0.8 1 0
0.7 0.97 0.03
0.6 1 0
0.5 0.98 0.02
0.4 0.75 0.25
0.3 0.97 0.04
0.9 0.99 0.02
0.8 1 0
0.7 0.99 0.00999999
0.6 1 0.00999999
0.5 0.99 0.02
0.4 0.86 0.15
0.3 0.98 0.03
0.9 1 0
0.8 1 0
0.7 0.98 0.02
0.6 0.96 0.05
0.5 1 0
0.4 0.98 0.02
0.3 0.89 0.11
0.9 1 0
0.8 1 0
0.7 0.96 0.05
0.6 1 0
0.5 0.94 0.06
0.4 0.81 0.2
0.3 0.89 0.11
0.9 1 0
0.8 0.99 0.00999999
0.7 1 0
0.6 1 0
0.5 0.98 0.04
0.4 0.83 0.18
0.3 0.86 0.14
0.9 1 0
0.8 1 0
0.7 1 0
0.6 1 0
0.5 0.98 0.02
0.4 0.92 0.09
0.3 0.92 0.09
0.9 1 0
0.8 1 0.00999999
0.7 1 0
0.6 1 0
0.5 1 0
0.4 0.92 0.08
0.3 1 0
0.9 1 0
0.8 1 0.00999999
0.7 1 0
0.6 1 0.02
0.5 0.97 0.04
0.4 1 0.00999999
0.3 0.97 0.03
0.9 1 0
0.8 1 0.00999999
0.7 1 0
0.6 1 0
0.5 1 0.00999999
0.4 0.79 0.21
0.3 0.97 0.03
0.9 1 0
0.8 1 0
0.7 1 0
0.6 0.99 0.02
0.5 0.97 0.03
0.4 0.97 0.03
0.3 0.86 0.14
0.9 1 0
0.8 1 0
0.7 1 0
0.6 1 0
0.5 0.75 0.25
0.4 0.99 0.00999999
0.3 0.86 0.14
0.9 1 0
0.8 1 0
0.7 1 0
0.6 0.97 0.03
0.5 0.99 0.00999999
0.4 0.91 0.09
0.3 0.96 0.05
0.9 1 0
0.8 1 0
0.7 0.93 0.07
0.6 0.96 0.04
0.5 1 0
0.4 0.86 0.16
0.3 0.87 0.13
0.9 1 0
0.8 0.99 0.00999999
0.7 0.98 0.04
0.6 0.99 0.00999999
0.5 0.99 0.03
0.4 0.93 0.07
0.3 0.73 0.27
0.9 1 0
0.8 1 0
0.7 1 0.00999999
0.6 0.95 0.05
0.5 1 0
0.4 0.96 0.05
0.3 0.86 0.15
0.9 1 0.00999999
0.8 1 0
0.7 1 0
0.6 0.98 0.02
0.5 0.99 0.00999999
0.4 1 0.00999999
0.3 1 0.00999999
0.9 1 0
0.8 1 0
0.7 0.99 0.00999999
0.6 0.99 0.00999999
0.5 1 0
0.4 0.99 0.00999999
0.3 0.93 0.07
0.9 1 0
0.8 1 0
0.7 0.98 0.02
0.6 1 0
0.5 1 0
0.4 0.72 0.29
0.3 0.99 0.02
0.9 1 0
0.8 0.98 0.02
0.7 1 0
0.6 0.94 0.06
0.5 0.93 0.09
0.4 1 0
0.3 0.92 0.08
0.9 1 0
0.8 1 0
0.7 0.99 0.00999999
0.6 1 0
0.5 0.98 0.02
0.4 0.96 0.04
0.3 0.98 0.02
0.9 1 0
0.8 1 0
0.7 1 0
0.6 0.99 0.00999999
0.5 0.98 0.03
0.4 0.95 0.05
0.3 0.97 0.03
0.9 1 0
0.8 1 0
0.7 1 0
0.6 0.9 0.11
0.5 0.99 0.00999999
0.4 0.95 0.05
0.3 0.83 0.17
0.9 1 0
0.8 1 0
0.7 0.96 0.05
0.6 1 0
0.5 1 0.00999999
0.4 0.85 0.16
0.3 0.97 0.03
0.9 1 0
0.8 1 0.00999999
0.7 1 0
0.6 0.98 0.02
0.5 1 0.02
0.4 0.88 0.13
0.3 0.93 0.08
0.9 1 0
0.8 0.99 0.02
0.7 1 0
0.6 1 0.02
0.5 1 0.05
0.4 0.97 0.04
0.3 0.85 0.15
0.9 1 0
0.8 1 0
0.7 0.99 0.02
0.6 1 0.00999999
0.5 1 0.00999999
0.4 0.83 0.17
0.3 0.94 0.06
0.9 1 0
0.8 1 0
0.7 1 0
0.6 1 0
0.5 0.98 0.02
0.4 1 0
0.3 0.92 0.09
0.9 1 0
0.8 1 0
0.7 0.99 0.00999999
0.6 1 0
0.5 1 0
0.4 1 0
0.3 1 0
0.9 1 0
0.8 0.97 0.03
0.7 1 0
0.6 1 0
0.5 1 0
0.4 1 0
0.3 0.91 0.09
0.9 1 0
0.8 1 0
0.7 1 0
0.6 0.94 0.07
0.5 0.93 0.09
0.4 1 0
0.3 0.91 0.09
0.9 1 0
0.8 1 0
0.7 1 0
0.6 0.98 0.03
0.5 0.89 0.11
0.4 0.98 0.02
0.3 0.81 0.19
0.9 0.99 0.00999999
0.8 1 0
0.7 1 0
0.6 1 0
0.5 1 0
0.4 0.94 0.06
0.3 0.93 0.07
0.9 1 0
0.8 1 0
0.7 1 0
0.6 0.99 0.00999999
0.5 1 0
0.4 1 0
0.3 0.94 0.07
0.9 0.99 0.02
0.8 1 0
0.7 0.99 0.00999999
0.6 0.99 0.03
0.5 1 0
0.4 1 0.00999999
0.3 1 0
0.9 1 0
0.8 1 0.00999999
0.7 1 0
0.6 1 0.00999999
0.5 1 0
0.4 1 0
0.3 0.94 0.06
0.9 1 0
0.8 1 0
0.7 1 0
0.6 1 0
0.5 0.97 0.03
0.4 1 0
0.3 0.88 0.12
0.9 1 0
0.8 1 0
0.7 0.91 0.1
0.6 1 0
0.5 0.95 0.05
0.4 0.96 0.04
0.3 0.96 0.04
0.9 1 0
0.8 1 0
0.7 1 0
0.6 0.88 0.12
0.5 0.99 0.00999999
0.4 1 0
0.3 0.98 0.02
0.9 1 0
0.8 1 0
0.7 1 0
0.6 0.98 0.03
0.5 0.96 0.04
0.4 0.99 0.00999999
0.3 0.94 0.06
0.9 1 0
0.8 1 0
0.7 1 0
0.6 0.98 0.03
0.5 0.97 0.04
0.4 1 0
0.3 1 0
0.9 1 0
0.8 1 0
0.7 1 0.00999999
0.6 1 0
0.5 1 0
0.4 1 0
0.3 0.89 0.12
0.9 1 0
0.8 1 0
0.7 1 0
0.6 1 0
0.5 1 0
0.4 1 0
0.3 1 0
0.9 1 0
0.8 1 0
0.7 0.93 0.07
0.6 0.99 0.00999999
0.5 1 0
0.4 1 0
0.3 0.96 0.04
0.9 1 0
0.8 1 0
0.7 1 0
0.6 0.99 0.00999999
0.5 1 0.00999999
0.4 1 0
0.3 0.94 0.06
0.9 1 0
0.8 1 0
0.7 1 0
0.6 1 0
0.5 1 0
0.4 1 0
0.3 0.83 0.18
0.9 1 0
0.8 1 0
0.7 0.98 0.02
0.6 0.99 0.00999999
0.5 1 0
0.4 1 0
0.3 0.99 0.02
0.9 1 0
0.8 1 0
0.7 1 0
0.6 1 0
0.5 1 0
0.4 0.95 0.06
0.3 0.99 0.00999999
0.9 1 0
0.8 1 0
0.7 1 0.00999999
0.6 1 0
0.5 0.99 0.03
0.4 1 0
0.3 0.93 0.08
0.9 1 0
0.8 1 0
0.7 1 0
0.6 1 0
0.5 1 0
0.4 0.97 0.05
0.3 0.99 0.00999999
0.9 1 0
0.8 1 0
0.7 0.99 0.00999999
0.6 0.98 0.02
0.5 0.96 0.04
0.4 0.98 0.02
0.3 1 0
0.9 1 0
0.8 1 0
0.7 1 0
0.6 0.99 0.00999999
0.5 0.93 0.08
0.4 1 0
0.3 0.95 0.05
0.9 0.99 0.00999999
0.8 1 0
0.7 1 0
0.6 1 0
0.5 0.94 0.06
0.4 0.97 0.04
0.3 1 0
0.9 1 0
0.8 1 0
0.7 1 0
0.6 1 0.00999999
0.5 0.98 0.02
0.4 0.98 0.03
0.3 1 0
0.9 1 0.00999999
0.8 1 0
0.7 0.95 0.05
0.6 0.98 0.03
0.5 1 0
0.4 1 0
0.3 0.96 0.04
0.9 1 0
0.8 1 0
0.7 1 0
0.6 1 0
0.5 1 0
0.4 1 0.00999999
0.3 1 0
0.9 1 0
0.8 0.99 0.02
0.7 1 0
0.6 1 0
0.5 1 0
0.4 0.96 0.05
0.3 0.96 0.04
0.9 1 0
0.8 1 0
0.7 1 0
0.6 1 0
0.5 0.99 0.00999999
0.4 0.9 0.1
0.3 0.93 0.07
0.9 1 0
0.8 1 0
0.7 1 0
0.6 1 0
0.5 1 0.02
0.4 1 0
0.3 1 0
0.9 1 0
0.8 1 0
0.7 0.98 0.02
0.6 1 0
0.5 1 0.00999999
0.4 0.99 0.00999999
0.3 0.96 0.04
0.9 1 0
0.8 1 0
0.7 1 0
0.6 1 0
0.5 1 0
0.4 1 0
0.3 0.99 0.02
0.9 1 0.00999999
0.8 1 0.00999999
0.7 0.98 0.02
0.6 0.99 0.00999999
0.5 1 0.00999999
0.4 0.87 0.14
0.3 0.9 0.1
0.9 1 0
0.8 1 0
0.7 1 0
0.6 1 0
0.5 1 0
0.4 0.98 0.03
0.3 1 0
0.9 1 0
0.8 1 0
0.7 1 0
0.6 1 0
0.5 1 0
0.4 1 0
0.3 0.91 0.1
0.9 1 0
0.8 1 0
0.7 1 0
0.6 1 0
0.5 1 0
0.4 1 0
0.3 1 0
0.9 1 0
0.8 1 0
0.7 1 0
0.6 1 0
0.5 0.94 0.06
0.4 1 0
0.3 1 0
0.9 1 0
0.8 1 0
0.7 1 0.00999999
0.6 1 0
0.5 0.99 0.03
0.4 0.85 0.16
0.3 0.99 0.00999999
0.9 1 0
0.8 1 0
0.7 1 0.00999999
0.6 1 0
0.5 0.98 0.02
0.4 0.93 0.07
0.3 0.97 0.04
0.9 1 0
0.8 1 0
0.7 1 0
0.6 1 0
0.5 1 0.00999999
0.4 0.99 0.00999999
0.3 0.94 0.08
0.9 1 0
0.8 1 0
0.7 1 0
0.6 0.94 0.06
0.5 1 0
0.4 1 0
0.3 0.96 0.04
0.9 1 0
0.8 1 0
0.7 0.99 0.02
0.6 1 0
0.5 1 0
0.4 1 0
0.3 0.99 0.00999999
0.9 1 0
0.8 1 0
0.7 1 0
0.6 1 0
0.5 1 0
0.4 0.96 0.04
0.3 0.99 0.00999999
0.9 1 0
0.8 1 0
0.7 1 0.00999999
0.6 1 0
0.5 0.95 0.05
0.4 0.99 0.00999999
0.3 0.96 0.05
0.9 1 0
0.8 1 0
0.7 1 0
0.6 1 0
0.5 0.98 0.04
0.4 1 0
0.3 0.95 0.05
0.9 1 0
0.8 1 0
0.7 0.97 0.03
0.6 0.96 0.04
0.5 1 0
0.4 0.99 0.00999999
0.3 1 0
0.9 0.99 0.00999999
0.8 0.95 0.08
0.7 1 0
0.6 0.99 0.00999999
0.5 1 0
0.4 1 0
0.3 0.79 0.21
0.9 1 0
0.8 1 0
0.7 0.97 0.03
0.6 1 0
0.5 0.96 0.05
0.4 0.88 0.12
0.3 0.92 0.1
0.9 1 0
0.8 1 0
0.7 1 0
0.6 1 0
0.5 1 0
0.4 0.89 0.12
0.3 0.97 0.03
0.9 1 0
0.8 1 0
0.7 1 0
0.6 0.97 0.03
0.5 0.94 0.06
0.4 0.93 0.08
0.3 0.96 0.04
0.9 1 0
0.8 1 0
0.7 1 0
0.6 1 0
0.5 1 0
0.4 0.95 0.05
0.3 1 0
0.9 1 0
0.8 1 0
0.7 0.97 0.03
0.6 1 0
0.5 1 0
0.4 0.98 0.02
0.3 0.98 0.02
0.9 1 0
0.8 1 0
0.7 1 0
0.6 0.93 0.08
0.5 1 0
0.4 1 0
0.3 0.95 0.05
0.9 1 0
0.8 1 0
0.7 1 0
0.6 1 0.00999999
0.5 1 0
0.4 0.97 0.03
0.3 0.96 0.04
0.9 1 0
0.8 1 0
0.7 0.97 0.04
0.6 1 0
0.5 0.93 0.08
0.4 0.84 0.16
0.3 0.94 0.06
0.9 1 0
0.8 1 0
0.7 1 0
0.6 1 0
0.5 1 0
0.4 1 0
0.3 0.97 0.03
0.9 1 0
0.8 1 0
0.7 1 0
0.6 1 0.00999999
0.5 0.97 0.04
0.4 0.97 0.04
0.3 0.94 0.06
0.9 1 0
0.8 0.99 0.00999999
0.7 1 0
0.6 0.97 0.03
0.5 1 0
0.4 1 0
0.3 0.87 0.13
0.9 1 0
0.8 1 0
0.7 1 0
0.6 0.95 0.05
0.5 0.88 0.12
0.4 0.96 0.06
0.3 0.95 0.05
0.9 1 0.00999999
0.8 1 0
0.7 1 0
0.6 0.97 0.03
0.5 1 0
0.4 0.96 0.04
0.3 1 0
0.9 1 0
0.8 1 0
0.7 1 0
0.6 0.98 0.02
0.5 1 0
0.4 0.86 0.14
0.3 0.95 0.06
0.9 1 0
0.8 1 0
0.7 1 0
0.6 1 0
0.5 1 0
0.4 1 0
0.3 0.84 0.16
0.9 1 0
0.8 1 0
0.7 1 0
0.6 1 0
0.5 0.93 0.07
0.4 0.99 0.00999999
0.3 1 0
0.9 1 0
0.8 1 0
0.7 1 0
0.6 1 0
0.5 1 0
0.4 1 0
0.3 0.95 0.05
0.9 1 0
0.8 1 0
0.7 1 0.00999999
0.6 1 0
0.5 1 0
0.4 0.93 0.08
0.3 1 0
0.9 1 0
0.8 1 0
0.7 0.96 0.04
0.6 1 0
0.5 1 0
0.4 1 0
0.3 0.97 0.04
0.9 1 0
0.8 1 0
0.7 0.98 0.02
0.6 1 0
0.5 0.95 0.07
0.4 0.76 0.24
0.3 0.97 0.03
0.9 1 0.00999999
0.8 1 0
0.7 1 0
0.6 0.97 0.03
0.5 1 0
0.4 0.97 0.03
0.3 0.89 0.12
0.9 0.98 0.02
0.8 1 0
0.7 1 0
0.6 1 0
0.5 1 0
0.4 1 0.00999999
0.3 0.69 0.31
0.9 1 0
0.8 1 0
0.7 1 0
0.6 0.99 0.00999999
0.5 1 0
0.4 0.99 0.00999999
0.3 0.91 0.11
0.9 1 0
0.8 1 0.00999999
0.7 1 0
0.6 1 0
0.5 1 0
0.4 0.97 0.03
0.3 1 0
0.9 1 0
0.8 1 0
0.7 1 0
0.6 0.98 0.02
0.5 0.99 0.00999999
0.4 1 0
0.3 0.99 0.00999999
0.9 1 0
0.8 1 0
0.7 1 0
0.6 0.96 0.05
0.5 0.95 0.05
0.4 0.9 0.1
0.3 0.84 0.16
0.9 1 0.00999999
0.8 1 0
0.7 1 0
0.6 0.98 0.02
0.5 0.97 0.04
0.4 0.98 0.02
0.3 1 0
0.9 1 0
0.8 1 0
0.7 1 0
0.6 1 0
0.5 0.96 0.04
0.4 0.94 0.07
0.3 1 0
0.9 1 0
0.8 1 0
0.7 1 0
0.6 1 0
0.5 1 0
0.4 0.78 0.22
0.3 0.96 0.04
0.9 1 0
0.8 1 0
0.7 1 0
0.6 1 0.00999999
0.5 1 0
0.4 0.97 0.03
0.3 0.98 0.03
0.9 1 0
0.8 1 0
0.7 1 0
0.6 0.95 0.05
0.5 1 0.00999999
0.4 0.97 0.05
0.3 0.92 0.08
0.9 1 0
0.8 1 0
0.7 0.97 0.03
0.6 0.99 0.00999999
0.5 1 0
0.4 0.99 0.00999999
0.3 0.94 0.08
0.9 1 0
0.8 1 0
0.7 1 0
0.6 0.93 0.08
0.5 1 0
0.4 0.92 0.09
0.3 0.83 0.18
0.9 1 0
0.8 1 0
0.7 1 0
0.6 1 0.00999999
0.5 1 0
0.4 0.98 0.03
0.3 0.99 0.04
0.9 1 0
0.8 1 0
0.7 0.97 0.05
0.6 0.97 0.03
0.5 1 0
0.4 1 0
0.3 0.96 0.04
0.9 1 0
0.8 0.97 0.03
0.7 1 0.00999999
0.6 1 0
0.5 0.99 0.02
0.4 0.86 0.14
0.3 0.85 0.15
0.9 1 0
0.8 1 0
0.7 1 0
0.6 0.96 0.04
0.5 0.93 0.07
0.4 0.97 0.04
0.3 0.97 0.04
0.9 1 0
0.8 0.99 0.00999999
0.7 1 0
0.6 1 0
0.5 0.94 0.07
0.4 1 0.00999999
0.3 0.92 0.08
0.9 1 0
0.8 1 0
0.7 0.99 0.00999999
0.6 0.97 0.03
0.5 1 0
0.4 1 0
0.3 0.95 0.05
0.9 1 0
0.8 1 0
0.7 1 0
0.6 1 0
0.5 0.98 0.02
0.4 0.99 0.00999999
0.3 0.97 0.03
0.9 1 0
0.8 1 0
0.7 1 0
0.6 1 0
0.5 1 0
0.4 1 0.00999999
0.3 0.9 0.11
0.9 1 0.00999999
0.8 1 0
0.7 1 0.00999999
0.6 1 0
0.5 1 0
0.4 0.97 0.04
0.3 0.99 0.02
0.9 1 0
0.8 1 0
0.7 1 0
0.6 1 0
0.5 0.99 0.00999999
0.4 0.95 0.07
0.3 0.97 0.04
0.9 1 0
0.8 1 0
0.7 0.99 0.00999999
0.6 1 0
0.5 1 0.00999999
0.4 0.99 0.00999999
0.3 0.87 0.14
0.9 1 0
0.8 1 0
0.7 1 0
0.6 0.98 0.02
0.5 1 0
0.4 0.99 0.00999999
0.3 1 0.00999999
0.9 1 0
0.8 1 0
0.7 1 0
0.6 1 0.00999999
0.5 1 0
0.4 0.96 0.05
0.3 0.91 0.09
0.9 1 0
0.8 1 0
0.7 1 0
0.6 0.98 0.02
0.5 1 0
0.4 0.99 0.00999999
0.3 0.95 0.05
0.9 1 0
0.8 1 0
0.7 1 0
0.6 0.99 0.00999999
0.5 1 0
0.4 0.89 0.11
0.3 0.87 0.13
0.9 1 0
0.8 1 0
0.7 1 0
0.6 0.93 0.07
0.5 1 0
0.4 1 0
0.3 0.96 0.04
0.9 1 0
0.8 1 0
0.7 1 0
0.6 0.98 0.03
0.5 0.97 0.03
0.4 1 0
0.3 1 0.00999999
0.9 1 0
0.8 1 0
0.7 1 0
0.6 0.97 0.03
0.5 1 0
0.4 1 0
0.3 0.98 0.02
0.9 1 0
0.8 1 0
0.7 1 0
0.6 1 0.00999999
0.5 1 0
0.4 0.98 0.02
0.3 0.99 0.00999999
0.9 1 0
0.8 1 0
0.7 0.97 0.04
0.6 1 0.00999999
0.5 0.96 0.04
0.4 0.95 0.06
0.3 0.96 0.05
0.9 1 0
0.8 0.98 0.02
0.7 1 0
0.6 1 0
0.5 1 0
0.4 0.99 0.00999999
0.3 0.82 0.18
0.9 1 0
0.8 1 0
0.7 0.9 0.12
0.6 1 0
0.5 0.98 0.02
0.4 0.96 0.04
0.3 0.95 0.06
0.9 1 0
0.8 1 0
0.7 1 0.00999999
0.6 0.99 0.00999999
0.5 1 0
0.4 0.95 0.05
0.3 1 0
0.9 1 0
0.8 1 0
0.7 0.99 0.00999999
0.6 1 0
0.5 0.88 0.12
0.4 0.91 0.09
0.3 0.86 0.15
0.9 1 0
0.8 1 0
0.7 0.96 0.04
0.6 1 0.00999999
0.5 1 0
0.4 0.97 0.03
0.3 0.85 0.15
0.9 1 0
0.8 1 0
0.7 1 0
0.6 1 0
0.5 1 0.00999999
0.4 1 0
0.3 0.98 0.02
0.9 1 0
0.8 1 0
0.7 1 0
0.6 1 0
0.5 0.99 0.00999999
0.4 0.93 0.08
0.3 0.97 0.03
0.9 1 0
0.8 1 0
0.7 1 0
0.6 1 0.00999999
0.5 0.97 0.04
0.4 0.97 0.04
0.3 0.86 0.14
0.9 1 0
0.8 1 0.00999999
0.7 0.99 0.00999999
0.6 1 0
0.5 1 0
0.4 1 0
0.3 0.87 0.13
0.9 1 0
0.8 1 0
0.7 0.99 0.02
0.6 1 0
0.5 1 0
0.4 0.96 0.04
0.3 1 0
0.9 1 0
0.8 1 0
0.7 1 0
0.6 1 0
0.5 1 0
0.4 0.96 0.04
0.3 1 0
0.9 1 0
0.8 1 0
0.7 1 0
0.6 0.97 0.03
0.5 0.98 0.02
0.4 0.88 0.14
0.3 0.76 0.26
0.9 1 0
0.8 1 0
0.7 1 0
0.6 1 0.04
0.5 1 0
0.4 0.96 0.04
0.3 0.76 0.25
0.9 1 0
0.8 1 0
0.7 1 0
0.6 1 0
0.5 1 0.00999999
0.4 0.88 0.12
0.3 0.88 0.12
0.9 1 0
0.8 1 0
0.7 1 0.00999999
0.6 1 0
0.5 1 0
0.4 0.97 0.03
0.3 0.99 0.00999999
0.9 1 0
0.8 1 0.00999999
0.7 1 0
0.6 1 0
0.5 1 0
0.4 1 0
0.3 1 0
0.9 1 0
0.8 1 0
0.7 1 0
0.6 1 0
0.5 1 0
0.4 0.96 0.04
0.3 0.99 0.00999999
0.9 1 0
0.8 1 0
0.7 1 0
0.6 0.99 0.02
0.5 1 0
0.4 0.94 0.06
0.3 0.96 0.04
0.9 1 0
0.8 1 0
0.7 1 0
0.6 1 0
0.5 0.99 0.00999999
0.4 0.9 0.1
0.3 1 0
0.9 1 0
0.8 1 0
0.7 1 0
0.6 1 0
0.5 1 0
0.4 1 0
0.3 1 0
0.9 1 0
0.8 1 0
0.7 0.99 0.00999999
0.6 0.96 0.04
0.5 0.88 0.12
0.4 0.99 0.00999999
0.3 0.96 0.04
0.9 1 0
0.8 1 0
0.7 0.99 0.02
0.6 1 0
0.5 1 0
0.4 0.98 0.02
0.3 1 0.00999999
0.9 1 0
0.8 1 0
0.7 1 0
0.6 1 0
0.5 1 0
0.4 0.7 0.3
0.3 0.84 0.16
0.9 1 0
0.8 1 0
0.7 0.96 0.06
0.6 1 0
0.5 0.99 0.00999999
0.4 1 0
0.3 0.99 0.00999999
0.9 1 0
0.8 1 0.02
0.7 0.99 0.00999999
0.6 1 0
0.5 0.93 0.07
0.4 0.95 0.05
0.3 0.97 0.03
0.9 1 0
0.8 1 0
0.7 0.99 0.00999999
0.6 0.99 0.00999999
0.5 1 0
0.4 0.94 0.07
0.3 0.99 0.02
0.9 1 0
0.8 1 0
0.7 1 0
0.6 1 0
0.5 0.95 0.06
0.4 1 0
0.3 1 0
0.9 1 0
0.8 1 0
0.7 1 0
0.6 1 0
0.5 0.98 0.02
0.4 0.95 0.05
0.3 0.99 0.02
0.9 1 0
0.8 1 0
0.7 1 0
0.6 1 0.00999999
0.5 1 0
0.4 1 0
0.3 0.91 0.09
0.9 1 0
0.8 1 0
0.7 1 0
0.6 0.97 0.05
0.5 1 0
0.4 0.95 0.05
0.3 1 0
0.9 1 0
0.8 1 0
0.7 1 0
0.6 1 0
0.5 1 0
0.4 0.99 0.00999999
0.3 0.97 0.03
0.9 1 0
0.8 1 0
0.7 1 0
0.6 1 0
0.5 1 0
0.4 1 0
0.3 1 0
0.9 1 0
0.8 1 0
0.7 0.99 0.02
0.6 0.97 0.03
0.5 1 0
0.4 1 0
0.3 0.94 0.08
0.9 1 0
0.8 1 0
0.7 1 0
0.6 0.99 0.00999999
0.5 0.96 0.05
0.4 0.96 0.08
0.3 0.97 0.03
0.9 1 0
0.8 1 0
0.7 1 0
0.6 1 0
0.5 0.98 0.03
0.4 1 0
0.3 0.77 0.23
0.9 1 0
0.8 1 0
0.7 1 0
0.6 0.98 0.02
0.5 0.98 0.02
0.4 1 0
0.3 0.92 0.08
0.9 0.99 0.00999999
0.8 1 0
0.7 1 0
0.6 1 0
0.5 0.95 0.05
0.4 1 0
0.3 0.94 0.06
0.9 1 0
0.8 1 0
0.7 1 0
0.6 0.98 0.03
0.5 0.9 0.11
0.4 0.97 0.03
0.3 0.81 0.19
0.9 1 0
0.8 1 0
0.7 1 0.00999999
0.6 0.99 0.00999999
0.5 0.92 0.08
0.4 0.93 0.07
0.3 0.97 0.04
0.9 1 0
0.8 1 0
0.7 1 0
0.6 1 0
0.5 1 0
0.4 0.96 0.04
0.3 0.94 0.07
0.9 1 0
0.8 0.97 0.03
0.7 0.98 0.03
0.6 0.99 0.00999999
0.5 0.87 0.13
0.4 0.92 0.08
0.3 0.98 0.02
0.9 1 0
0.8 1 0
0.7 1 0.00999999
0.6 1 0
0.5 1 0
0.4 1 0.00999999
0.3 1 0.00999999
0.9 1 0
0.8 1 0
0.7 0.97 0.03
0.6 1 0
0.5 1 0
0.4 0.98 0.03
0.3 0.86 0.14
0.9 1 0
0.8 0.97 0.03
0.7 0.99 0.00999999
0.6 0.99 0.02
0.5 0.99 0.00999999
0.4 0.99 0.00999999
0.3 0.95 0.05
0.9 1 0
0.8 1 0
0.7 1 0.00999999
0.6 0.97 0.03
0.5 0.95 0.05
0.4 0.9 0.11
0.3 0.95 0.05
0.9 1 0
0.8 1 0
0.7 0.98 0.02
0.6 1 0
0.5 1 0
0.4 1 0
0.3 0.98 0.03
0.9 1 0
0.8 1 0
0.7 1 0
0.6 0.99 0.02
0.5 1 0
0.4 1 0
0.3 0.97 0.05
0.9 1 0.00999999
0.8 1 0
0.7 1 0
0.6 1 0.00999999
0.5 1 0
0.4 0.8 0.2
0.3 0.92 0.08
0.9 1 0
0.8 1 0
0.7 1 0
0.6 1 0
0.5 1 0
0.4 0.92 0.08
0.3 0.94 0.06
0.9 1 0
0.8 1 0
0.7 1 0
0.6 1 0
0.5 0.93 0.07
0.4 0.94 0.06
0.3 0.86 0.15
0.9 1 0
0.8 0.98 0.02
0.7 1 0
0.6 0.96 0.04
0.5 1 0.00999999
0.4 0.94 0.06
0.3 0.93 0.07
0.9 1 0
0.8 1 0
0.7 1 0
0.6 0.99 0.02
0.5 0.93 0.07
0.4 0.98 0.02
0.3 0.99 0.02
0.9 1 0
0.8 1 0
0.7 1 0
0.6 1 0
0.5 1 0
0.4 0.98 0.02
0.3 0.81 0.19
0.9 1 0
0.8 1 0
0.7 1 0
0.6 1 0
0.5 1 0.00999999
0.4 1 0
0.3 0.98 0.02
0.9 1 0
0.8 1 0
0.7 1 0
0.6 0.99 0.00999999
0.5 0.91 0.09
0.4 0.98 0.02
0.3 1 0
0.9 1 0
0.8 1 0
0.7 1 0
0.6 0.99 0.00999999
0.5 1 0
0.4 0.95 0.05
0.3 0.82 0.18
0.9 1 0
0.8 0.97 0.03
0.7 1 0
0.6 1 0.02
0.5 1 0
0.4 1 0.00999999
0.3 0.8 0.2
0.9 1 0
0.8 1 0
0.7 1 0
0.6 1 0
0.5 0.94 0.06
0.4 0.97 0.03
0.3 0.88 0.13
0.9 0.99 0.00999999
0.8 1 0
0.7 1 0
0.6 0.99 0.02
0.5 1 0
0.4 0.95 0.07
0.3 0.85 0.15
0.9 1 0
0.8 1 0
0.7 0.99 0.00999999
0.6 1 0
0.5 0.97 0.03
0.4 0.97 0.03
0.3 1 0
0.9 1 0
0.8 0.97 0.03
0.7 1 0
0.6 1 0.00999999
0.5 1 0
0.4 0.93 0.08
0.3 0.88 0.13
0.9 1 0
0.8 1 0
0.7 0.99 0.00999999
0.6 0.9 0.11
0.5 0.99 0.00999999
0.4 0.87 0.14
0.3 0.73 0.28
0.9 1 0
0.8 1 0
0.7 1 0
0.6 1 0
0.5 0.98 0.02
0.4 1 0
0.3 0.91 0.1
0.9 1 0
0.8 1 0
0.7 0.99 0.00999999
0.6 1 0
0.5 0.95 0.05
0.4 0.92 0.09
0.3 0.82 0.18
0.9 1 0
0.8 1 0
0.7 1 0
0.6 0.99 0.02
0.5 1 0
0.4 0.97 0.05
0.3 0.94 0.07
0.9 1 0
0.8 1 0
0.7 1 0.00999999
0.6 1 0.00999999
0.5 0.98 0.02
0.4 0.98 0.03
0.3 0.93 0.07
0.9 1 0
0.8 1 0
0.7 1 0
0.6 1 0
0.5 1 0
0.4 0.94 0.06
0.3 0.99 0.00999999
0.9 1 0
0.8 1 0
0.7 0.97 0.03
0.6 1 0
0.5 0.98 0.03
0.4 0.97 0.03
0.3 0.92 0.08
0.9 1 0
0.8 1 0
0.7 1 0
0.6 1 0
0.5 0.95 0.06
0.4 0.87 0.14
0.3 1 0
0.9 1 0
0.8 1 0
0.7 1 0
0.6 1 0.00999999
0.5 0.98 0.03
0.4 0.97 0.03
0.3 1 0.00999999
0.9 1 0
0.8 1 0
0.7 1 0
0.6 0.99 0.04
0.5 1 0
0.4 0.88 0.12
0.3 0.82 0.18
0.9 1 0
0.8 0.99 0.00999999
0.7 1 0
0.6 1 0
0.5 1 0
0.4 1 0
0.3 1 0
0.9 1 0
0.8 1 0
0.7 1 0
0.6 0.95 0.05
0.5 0.99 0.00999999
0.4 0.99 0.02
0.3 1 0
0.9 1 0
0.8 0.93 0.07
0.7 0.99 0.02
0.6 1 0
0.5 1 0
0.4 0.98 0.03
0.3 1 0
0.9 1 0
0.8 1 0
0.7 0.97 0.03
0.6 1 0
0.5 0.95 0.05
0.4 0.99 0.00999999
0.3 0.85 0.16
0.9 1 0
0.8 1 0
0.7 1 0
0.6 0.95 0.05
0.5 1 0
0.4 1 0
0.3 0.96 0.07
0.9 1 0
0.8 1 0
0.7 1 0
0.6 1 0
0.5 0.92 0.08
0.4 0.95 0.05
0.3 0.99 0.00999999
0.9 1 0
0.8 1 0
0.7 0.99 0.00999999
0.6 1 0
0.5 0.99 0.00999999
0.4 0.87 0.13
0.3 1 0
0.9 1 0
0.8 1 0
0.7 1 0
0.6 1 0
0.5 0.99 0.00999999
0.4 0.94 0.06
0.3 0.98 0.02
0.9 1 0
0.8 1 0
0.7 1 0
0.6 1 0
0.5 1 0.00999999
0.4 0.93 0.09
0.3 0.91 0.09
0.9 1 0
0.8 1 0
0.7 1 0
0.6 1 0
0.5 1 0
0.4 0.99 0.00999999
0.3 0.97 0.04
0.9 1 0
0.8 1 0
0.7 1 0
0.6 1 0
0.5 0.85 0.15
0.4 1 0
0.3 1 0.00999999
0.9 1 0
0.8 0.99 0.00999999
0.7 1 0
0.6 1 0
0.5 0.98 0.02
0.4 0.97 0.05
0.3 0.84 0.16
0.9 1 0
0.8 1 0
0.7 1 0
0.6 0.99 0.00999999
0.5 1 0
0.4 0.98 0.02
0.3 0.98 0.02
0.9 1 0
0.8 1 0
0.7 1 0
0.6 1 0
0.5 1 0.00999999
0.4 1 0
0.3 0.97 0.03
0.9 1 0
0.8 1 0
0.7 1 0
0.6 1 0
0.5 0.99 0.00999999
0.4 1 0.00999999
0.3 1 0
0.9 1 0
0.8 1 0
0.7 1 0
0.6 0.98 0.02
0.5 1 0
0.4 0.97 0.03
0.3 0.96 0.06
0.9 1 0
0.8 0.99 0.02
0.7 0.95 0.06
0.6 0.98 0.02
0.5 0.98 0.03
0.4 0.99 0.00999999
0.3 1 0.00999999
0.9 1 0
0.8 1 0
0.7 1 0.00999999
0.6 1 0
0.5 0.99 0.02
0.4 1 0
0.3 0.91 0.09
0.9 1 0
0.8 1 0
0.7 1 0
0.6 1 0
0.5 1 0
0.4 0.97 0.04
0.3 0.93 0.07
0.9 1 0
0.8 1 0
0.7 1 0
0.6 1 0
0.5 1 0
0.4 1 0
0.3 0.77 0.23
0.9 1 0
0.8 1 0
0.7 1 0
0.6 0.95 0.05
0.5 1 0.00999999
0.4 1 0
0.3 0.99 0.00999999
0.9 1 0
0.8 1 0
0.7 1 0
0.6 1 0
0.5 1 0
0.4 0.86 0.14
0.3 0.97 0.03
0.9 1 0
0.8 1 0
0.7 0.95 0.05
0.6 1 0
0.5 1 0
0.4 0.88 0.15
0.3 0.96 0.04
0.9 1 0
0.8 1 0
0.7 0.99 0.00999999
0.6 0.95 0.05
0.5 1 0
0.4 1 0.02
0.3 0.97 0.03
0.9 1 0
0.8 1 0
0.7 1 0
0.6 1 0
0.5 1 0
0.4 1 0
0.3 0.97 0.04
0.9 1 0
0.8 1 0
0.7 0.99 0.00999999
0.6 1 0
0.5 0.98 0.02
0.4 0.97 0.03
0.3 1 0.00999999
0.9 1 0
0.8 1 0
0.7 0.96 0.04
0.6 1 0
0.5 0.97 0.05
0.4 1 0.00999999
0.3 0.75 0.26
0.9 1 0
0.8 1 0
0.7 1 0
0.6 0.95 0.05
0.5 0.99 0.00999999
0.4 0.98 0.03
0.3 0.91 0.09
0.9 1 0
0.8 1 0
0.7 1 0.00999999
0.6 1 0
0.5 0.99 0.00999999
0.4 1 0
0.3 0.96 0.04
0.9 1 0
0.8 1 0
0.7 0.99 0.02
0.6 0.99 0.00999999
0.5 1 0
0.4 0.79 0.22
0.3 0.69 0.31
0.9 1 0
0.8 1 0
0.7 1 0
0.6 0.96 0.04
0.5 0.99 0.00999999
0.4 0.88 0.12
0.3 0.79 0.21
0.9 1 0
0.8 0.99 0.00999999
0.7 0.99 0.00999999
0.6 1 0
0.5 1 0
0.4 0.9 0.1
0.3 1 0.00999999
0.9 1 0
0.8 0.99 0.00999999
0.7 1 0
0.6 0.95 0.05
0.5 1 0
0.4 0.9 0.11
0.3 0.94 0.06
0.9 1 0
0.8 0.98 0.03
0.7 1 0
0.6 0.98 0.02
0.5 0.97 0.03
0.4 0.94 0.08
0.3 0.95 0.05
0.9 1 0
0.8 1 0
0.7 1 0
0.6 0.99 0.00999999
0.5 1 0
0.4 1 0
0.3 0.81 0.19
0.9 0.97 0.03
0.8 1 0
0.7 1 0
0.6 1 0
0.5 1 0
0.4 0.92 0.08
0.3 0.81 0.19
0.9 1 0
0.8 1 0
0.7 1 0
0.6 0.98 0.02
0.5 1 0
0.4 0.95 0.05
0.3 0.88 0.12
0.9 1 0
0.8 1 0
0.7 1 0
0.6 1 0
0.5 0.97 0.03
0.4 1 0
0.3 0.89 0.11
0.9 1 0
0.8 1 0
0.7 1 0
0.6 1 0
0.5 1 0
0.4 1 0
0.3 0.8 0.2
0.9 1 0
0.8 1 0
0.7 1 0
0.6 0.98 0.02
0.5 0.99 0.00999999
0.4 1 0
0.3 0.98 0.03
0.9 1 0
0.8 1 0
0.7 1 0
0.6 1 0
0.5 1 0
0.4 0.95 0.06
0.3 1 0
0.9 1 0
0.8 0.99 0.00999999
0.7 1 0
0.6 0.97 0.03
0.5 1 0.00999999
0.4 0.81 0.19
0.3 1 0
0.9 1 0
0.8 1 0
0.7 0.99 0.02
0.6 1 0
0.5 0.97 0.03
0.4 1 0
0.3 0.99 0.00999999
0.9 1 0
0.8 1 0
0.7 1 0
0.6 1 0
0.5 1 0
0.4 1 0
0.3 0.96 0.04
0.9 1 0
0.8 1 0
0.7 1 0
0.6 0.97 0.03
0.5 0.98 0.02
0.4 1 0.00999999
0.3 0.92 0.08
0.9 0.99 0.00999999
0.8 0.99 0.00999999
0.7 1 0.00999999
0.6 1 0
0.5 1 0
0.4 0.98 0.03
0.3 0.98 0.02
0.9 1 0
0.8 1 0
0.7 0.98 0.02
0.6 1 0
0.5 0.99 0.00999999
0.4 0.91 0.09
0.3 0.8 0.2
0.9 1 0
0.8 1 0
0.7 1 0
0.6 1 0.00999999
0.5 1 0.00999999
0.4 1 0
0.3 1 0
0.9 1 0
0.8 1 0
0.7 1 0.00999999
0.6 0.99 0.02
0.5 0.97 0.03
0.4 0.99 0.00999999
0.3 1 0.00999999
0.9 1 0
0.8 1 0
0.7 1 0
0.6 1 0
0.5 1 0
0.4 1 0
0.3 0.97 0.03
0.9 1 0
0.8 1 0
0.7 1 0
0.6 1 0
0.5 0.97 0.04
0.4 1 0
0.3 0.83 0.18
0.9 1 0
0.8 0.99 0.03
0.7 1 0.00999999
0.6 1 0
0.5 1 0
0.4 0.96 0.04
0.3 0.8 0.21
0.9 1 0
0.8 0.95 0.06
0.7 1 0
0.6 1 0.00999999
0.5 1 0
0.4 1 0
0.3 0.93 0.07
0.9 1 0
0.8 1 0
0.7 1 0
0.6 1 0
0.5 1 0
0.4 1 0
0.3 0.91 0.1
0.9 1 0
0.8 1 0.02
0.7 1 0
0.6 0.98 0.02
0.5 1 0
0.4 0.98 0.02
0.3 0.76 0.25
0.9 1 0
0.8 1 0
0.7 1 0
0.6 0.98 0.03
0.5 1 0
0.4 1 0
0.3 0.98 0.02
0.9 1 0
0.8 1 0
0.7 0.99 0.00999999
0.6 1 0
0.5 0.95 0.06
0.4 0.99 0.02
0.3 0.94 0.06
0.9 1 0
0.8 1 0
0.7 1 0
0.6 1 0
0.5 0.93 0.08
0.4 0.99 0.02
0.3 1 0.00999999
0.9 1 0
0.8 1 0
0.7 0.98 0.02
0.6 1 0
0.5 1 0
0.4 1 0
0.3 0.96 0.04
0.9 1 0
0.8 1 0
0.7 1 0
0.6 1 0
0.5 0.96 0.04
0.4 1 0
0.3 0.95 0.06
0.9 1 0
0.8 1 0
0.7 1 0.00999999
0.6 1 0
0.5 1 0
0.4 1 0.00999999
0.3 0.98 0.02
0.9 1 0
0.8 1 0
0.7 1 0
0.6 0.95 0.05
0.5 1 0
0.4 0.95 0.05
0.3 0.96 0.04
0.9 1 0
0.8 1 0
0.7 1 0
0.6 1 0
0.5 0.94 0.06
0.4 0.98 0.02
0.3 0.94 0.06
0.9 1 0
0.8 1 0
0.7 1 0
0.6 1 0
0.5 0.89 0.12
0.4 0.98 0.02
0.3 0.99 0.02
0.9 1 0
0.8 1 0
0.7 0.96 0.04
0.6 1 0
0.5 0.92 0.08
0.4 1 0
0.3 0.92 0.09
0.9 1 0
0.8 1 0
0.7 1 0
0.6 1 0.02
0.5 0.99 0.00999999
0.4 0.95 0.05
0.3 1 0.00999999
0.9 1 0
0.8 1 0
0.7 1 0
0.6 1 0
0.5 1 0
0.4 0.93 0.07
0.3 1 0.00999999
0.9 1 0
0.8 1 0
0.7 1 0.00999999
0.6 0.98 0.02
0.5 1 0
0.4 1 0
0.3 0.95 0.05
0.9 1 0
0.8 1 0
0.7 1 0
0.6 1 0
0.5 0.99 0.00999999
0.4 0.97 0.03
0.3 0.92 0.08
0.9 1 0
0.8 1 0
0.7 1 0
0.6 0.96 0.04
0.5 0.99 0.00999999
0.4 0.99 0.00999999
0.3 0.69 0.31
0.9 1 0
0.8 1 0
0.7 0.99 0.00999999
0.6 0.95 0.05
0.5 0.92 0.09
0.4 0.79 0.21
0.3 0.89 0.12
0.9 1 0
0.8 1 0
0.7 1 0
0.6 1 0.00999999
0.5 1 0
0.4 0.94 0.06
0.3 1 0
0.9 1 0
0.8 1 0
0.7 1 0
0.6 1 0.00999999
0.5 1 0
0.4 0.84 0.16
0.3 1 0
0.9 1 0
0.8 1 0
0.7 1 0
0.6 0.97 0.03
0.5 0.98 0.04
0.4 0.95 0.05
0.3 0.95 0.06
0.9 1 0
0.8 1 0
0.7 1 0
0.6 0.97 0.03
0.5 0.98 0.03
0.4 0.89 0.14
0.3 0.81 0.2
0.9 1 0
0.8 1 0
0.7 0.99 0.02
0.6 0.98 0.02
0.5 1 0
0.4 0.95 0.05
0.3 0.99 0.02
0.9 1 0
0.8 1 0
0.7 1 0
0.6 1 0
0.5 1 0
0.4 0.93 0.09
0.3 1 0
0.9 1 0
0.8 1 0
0.7 1 0
0.6 0.98 0.03
0.5 0.97 0.03
0.4 0.95 0.06
0.3 1 0
0.9 1 0
0.8 1 0
0.7 1 0
0.6 0.99 0.00999999
0.5 1 0
0.4 0.99 0.02
0.3 0.88 0.14
0.9 1 0
0.8 0.99 0.00999999
0.7 1 0
0.6 0.9 0.11
0.5 1 0
0.4 0.91 0.09
0.3 1 0
0.9 1 0
0.8 0.99 0.00999999
0.7 0.97 0.03
0.6 1 0
0.5 1 0
0.4 0.97 0.03
0.3 0.75 0.27
0.9 0.99 0.00999999
0.8 1 0
0.7 1 0
0.6 1 0
0.5 1 0
0.4 1 0.02
0.3 0.85 0.16
0.9 1 0
0.8 1 0
0.7 0.97 0.03
0.6 0.95 0.06
0.5 1 0
0.4 0.99 0.00999999
0.3 0.92 0.09
0.9 1 0
0.8 1 0
0.7 1 0
0.6 0.98 0.03
0.5 0.96 0.04
0.4 0.93 0.09
0.3 1 0.00999999
0.9 1 0.02
0.8 1 0
0.7 1 0
0.6 0.99 0.00999999
0.5 0.99 0.03
0.4 1 0.00999999
0.3 0.98 0.03
0.9 1 0
0.8 1 0
0.7 1 0
0.6 1 0
0.5 1 0
0.4 1 0
0.3 1 0.00999999
0.9 1 0.00999999
0.8 1 0
0.7 1 0
0.6 1 0
0.5 1 0
0.4 0.95 0.05
0.3 0.83 0.18
0.9 1 0
0.8 1 0
0.7 1 0
0.6 1 0
0.5 1 0
0.4 0.92 0.08
0.3 1 0.00999999
0.9 1 0
0.8 1 0
0.7 0.98 0.03
0.6 0.98 0.03
0.5 0.99 0.00999999
0.4 0.97 0.03
0.3 0.95 0.05
0.9 1 0
0.8 1 0.00999999
0.7 1 0.00999999
0.6 0.98 0.02
0.5 1 0
0.4 1 0
0.3 0.9 0.11
0.9 1 0
0.8 1 0.00999999
0.7 1 0
0.6 0.97 0.03
0.5 0.98 0.03
0.4 0.88 0.14
0.3 0.86 0.14
0.9 1 0
0.8 1 0
0.7 1 0
0.6 1 0
0.5 1 0.00999999
0.4 0.89 0.12
0.3 0.8 0.22
0.9 1 0
0.8 1 0
0.7 0.99 0.02
0.6 1 0
0.5 1 0
0.4 0.98 0.02
0.3 0.98 0.02
0.9 1 0
0.8 1 0
0.7 1 0
0.6 0.91 0.09
0.5 0.95 0.07
0.4 0.89 0.11
0.3 1 0
0.9 1 0
0.8 1 0.00999999
0.7 1 0
0.6 1 0.00999999
0.5 1 0.00999999
0.4 1 0
0.3 0.81 0.21
0.9 1 0
0.8 1 0
0.7 1 0
0.6 1 0
0.5 0.96 0.04
0.4 0.98 0.03
0.3 0.87 0.14
0.9 1 0
0.8 1 0
0.7 1 0
0.6 0.98 0.02
0.5 1 0
0.4 1 0.00999999
0.3 0.91 0.09
0.9 1 0
0.8 1 0
0.7 1 0.00999999
0.6 1 0.00999999
0.5 0.99 0.00999999
0.4 0.99 0.00999999
0.3 0.83 0.17
0.9 1 0
0.8 1 0
0.7 1 0
0.6 1 0
0.5 1 0
0.4 0.93 0.07
0.3 0.99 0.00999999
0.9 1 0
0.8 1 0
0.7 0.96 0.04
0.6 1 0
0.5 0.99 0.00999999
0.4 0.91 0.09
0.3 1 0
0.9 1 0
0.8 1 0
0.7 1 0
0.6 0.97 0.03
0.5 0.98 0.03
0.4 1 0
0.3 0.99 0.02
0.9 1 0
0.8 1 0
0.7 1 0
0.6 0.99 0.02
0.5 0.99 0.00999999
0.4 0.95 0.06
0.3 0.94 0.06
0.9 1 0
0.8 1 0
0.7 1 0
0.6 0.98 0.02
0.5 0.98 0.02
0.4 0.99 0.00999999
0.3 0.98 0.02
0.9 1 0
0.8 1 0
0.7 1 0
0.6 1 0
0.5 0.99 0.00999999
0.4 1 0
0.3 0.95 0.05
0.9 1 0
0.8 1 0
0.7 1 0
0.6 0.87 0.13
0.5 0.98 0.02
0.4 0.93 0.07
0.3 0.82 0.2
0.9 0.97 0.03
0.8 1 0
0.7 1 0
0.6 0.87 0.13
0.5 0.96 0.04
0.4 0.97 0.06
0.3 0.92 0.09
0.9 1 0
0.8 1 0
0.7 0.97 0.03
0.6 1 0
0.5 0.99 0.00999999
0.4 1 0
0.3 0.9 0.1
0.9 1 0
0.8 1 0
0.7 1 0
0.6 1 0
0.5 0.98 0.04
0.4 1 0.00999999
0.3 0.98 0.03
0.9 1 0
0.8 1 0
0.7 0.97 0.03
0.6 1 0
0.5 1 0
0.4 0.93 0.08
0.3 0.9 0.1
0.9 1 0
0.8 0.99 0.00999999
0.7 1 0
0.6 1 0
0.5 1 0
0.4 0.81 0.2
0.3 0.83 0.17
0.9 0.99 0.02
0.8 1 0
0.7 1 0
0.6 0.92 0.08
0.5 1 0
0.4 1 0
0.3 0.99 0.02
0.9 1 0.00999999
0.8 1 0
0.7 1 0
0.6 1 0
0.5 1 0
0.4 0.99 0.00999999
0.3 1 0
0.9 1 0
0.8 0.99 0.00999999
0.7 1 0
0.6 1 0
0.5 0.99 0.02
0.4 0.99 0.04
0.3 0.67 0.34
0.9 1 0.00999999
0.8 1 0
0.7 1 0
0.6 1 0
0.5 0.95 0.05
0.4 0.87 0.13
0.3 0.92 0.09
0.9 1 0
0.8 1 0
0.7 1 0
0.6 0.98 0.02
0.5 0.99 0.00999999
0.4 1 0
0.3 0.99 0.02
0.9 1 0
0.8 1 0
0.7 1 0
0.6 0.99 0.00999999
0.5 1 0
0.4 0.97 0.04
0.3 0.9 0.11
0.9 1 0
0.8 1 0
0.7 1 0
0.6 0.98 0.02
0.5 1 0
0.4 0.99 0.00999999
0.3 1 0.00999999
0.9 1 0
0.8 1 0
0.7 1 0
0.6 0.96 0.05
0.5 0.99 0.00999999
0.4 0.99 0.02
0.3 0.85 0.15
0.9 1 0
0.8 1 0
0.7 1 0
0.6 0.94 0.06
0.5 0.85 0.15
0.4 1 0
0.3 0.88 0.13
0.9 1 0
0.8 1 0
0.7 0.98 0.02
0.6 0.99 0.02
0.5 0.93 0.08
0.4 0.97 0.03
0.3 0.82 0.19
0.9 1 0
0.8 1 0
0.7 1 0.02
0.6 1 0.00999999
0.5 0.98 0.04
0.4 1 0
0.3 1 0.02
0.9 1 0
0.8 1 0
0.7 1 0
0.6 0.99 0.00999999
0.5 0.83 0.17
0.4 0.94 0.07
0.3 0.81 0.19
0.9 1 0
0.8 1 0
0.7 1 0
0.6 1 0
0.5 0.95 0.05
0.4 0.92 0.08
0.3 0.93 0.07
0.9 1 0
0.8 1 0
0.7 1 0
0.6 1 0
0.5 0.95 0.05
0.4 0.96 0.05
0.3 1 0
0.9 1 0
0.8 1 0
0.7 0.99 0.02
0.6 0.99 0.00999999
0.5 0.84 0.16
0.4 0.93 0.07
0.3 1 0
0.9 1 0
0.8 1 0
0.7 1 0
0.6 1 0.00999999
0.5 0.98 0.04
0.4 0.84 0.16
0.3 0.79 0.21
0.9 1 0
0.8 1 0
0.7 1 0.00999999
0.6 1 0
0.5 0.91 0.1
0.4 0.89 0.11
0.3 0.84 0.16
0.9 0.97 0.03
0.8 1 0
0.7 0.98 0.02
0.6 1 0
0.5 0.98 0.02
0.4 0.91 0.09
0.3 0.92 0.1
0.9 1 0
0.8 1 0
0.7 0.96 0.04
0.6 1 0
0.5 0.98 0.02
0.4 1 0
0.3 0.93 0.07
0.9 1 0
0.8 1 0
0.7 0.96 0.04
0.6 0.98 0.02
0.5 0.99 0.02
0.4 0.94 0.06
0.3 0.78 0.22
0.9 1 0
0.8 1 0.00999999
0.7 1 0
0.6 0.96 0.04
0.5 1 0.00999999
0.4 1 0
0.3 1 0
0.9 1 0
0.8 1 0
0.7 1 0
0.6 0.93 0.07
0.5 1 0
0.4 0.92 0.09
0.3 0.94 0.06
0.9 1 0
0.8 0.99 0.00999999
0.7 1 0
0.6 0.99 0.00999999
0.5 1 0.00999999
0.4 0.94 0.08
0.3 0.98 0.05
0.9 1 0
0.8 1 0
0.7 0.98 0.02
0.6 1 0
0.5 0.97 0.03
0.4 0.95 0.06
0.3 0.86 0.15
0.9 1 0
0.8 1 0
0.7 0.99 0.00999999
0.6 0.98 0.02
0.5 0.97 0.05
0.4 1 0
0.3 1 0
0.9 1 0
0.8 1 0
0.7 1 0
0.6 0.93 0.1
0.5 0.93 0.07
0.4 0.93 0.07
0.3 0.92 0.08
0.9 1 0
0.8 1 0
0.7 1 0
0.6 1 0
0.5 0.96 0.04
0.4 0.95 0.05
0.3 0.85 0.15
0.9 1 0
0.8 1 0
0.7 1 0.00999999
0.6 0.98 0.02
0.5 0.98 0.03
0.4 0.99 0.00999999
0.3 0.85 0.16
0.9 1 0
0.8 1 0
0.7 1 0
0.6 0.98 0.02
0.5 1 0
0.4 0.75 0.25
0.3 0.97 0.05
0.9 1 0
0.8 0.97 0.04
0.7 0.99 0.00999999
0.6 0.99 0.00999999
0.5 0.98 0.03
0.4 1 0.00999999
0.3 0.85 0.15
0.9 1 0
0.8 1 0
0.7 1 0
0.6 0.99 0.00999999
0.5 1 0
0.4 0.97 0.04
0.3 0.98 0.02
0.9 1 0
0.8 1 0
0.7 1 0
0.6 1 0
0.5 0.98 0.03
0.4 0.89 0.11
0.3 0.9 0.1
0.9 1 0
0.8 1 0
0.7 1 0
0.6 1 0
0.5 0.97 0.03
0.4 0.97 0.03
0.3 0.94 0.07
0.9 1 0
0.8 1 0
0.7 1 0
0.6 1 0
0.5 0.98 0.03
0.4 0.97 0.05
0.3 0.9 0.1
0.9 1 0
0.8 1 0.00999999
0.7 1 0
0.6 0.95 0.05
0.5 0.99 0.03
0.4 0.84 0.18
0.3 1 0
0.9 1 0
0.8 1 0
0.7 1 0
0.6 1 0
0.5 1 0
0.4 1 0
0.3 0.96 0.04
0.9 1 0
0.8 1 0
0.7 1 0
0.6 0.99 0.00999999
0.5 1 0
0.4 0.97 0.03
0.3 1 0
0.9 1 0
0.8 1 0
0.7 1 0
0.6 1 0
0.5 0.98 0.02
0.4 1 0
0.3 1 0
0.9 1 0
0.8 1 0
0.7 1 0
0.6 1 0
0.5 1 0
0.4 1 0
0.3 0.83 0.18
0.9 1 0
0.8 1 0
0.7 0.99 0.00999999
0.6 1 0
0.5 0.96 0.06
0.4 0.99 0.00999999
0.3 0.97 0.04
0.9 1 0
0.8 1 0
0.7 1 0
0.6 1 0
0.5 0.94 0.07
0.4 0.97 0.04
0.3 0.97 0.04
0.9 1 0
0.8 1 0.00999999
0.7 1 0
0.6 1 0
0.5 1 0.00999999
0.4 0.97 0.03
0.3 0.94 0.06
0.9 1 0
0.8 0.99 0.00999999
0.7 1 0
0.6 1 0
0.5 0.97 0.03
0.4 1 0.02
0.3 0.99 0.00999999
0.9 1 0
0.8 1 0
0.7 0.99 0.00999999
0.6 1 0
0.5 1 0
0.4 0.96 0.05
0.3 1 0
0.9 1 0
0.8 1 0
0.7 1 0
0.6 1 0
0.5 0.98 0.02
0.4 1 0
0.3 0.77 0.23
0.9 1 0
0.8 1 0
0.7 1 0
0.6 1 0
0.5 1 0
0.4 1 0
0.3 0.99 0.00999999
0.9 1 0
0.8 1 0.00999999
0.7 1 0
0.6 0.99 0.00999999
0.5 1 0
0.4 0.98 0.03
0.3 0.95 0.06
0.9 1 0
0.8 1 0
0.7 1 0.00999999
0.6 1 0.00999999
0.5 0.96 0.04
0.4 1 0
0.3 0.97 0.04
0.9 1 0
0.8 1 0
0.7 1 0
0.6 0.92 0.09
0.5 0.97 0.03
0.4 1 0.00999999
0.3 0.98 0.03
0.9 1 0
0.8 1 0
0.7 1 0
0.6 1 0.00999999
0.5 0.99 0.00999999
0.4 1 0
0.3 0.99 0.00999999
0.9 1 0
0.8 1 0
0.7 1 0
0.6 0.99 0.00999999
0.5 0.87 0.13
0.4 0.93 0.07
0.3 0.91 0.09
0.9 1 0
0.8 1 0
0.7 1 0
0.6 0.99 0.00999999
0.5 0.99 0.00999999
0.4 1 0
0.3 0.93 0.08
0.9 1 0
0.8 1 0
0.7 0.88 0.12
0.6 1 0
0.5 0.93 0.07
0.4 1 0
0.3 0.99 0.02
0.9 1 0
0.8 1 0
0.7 0.97 0.03
0.6 1 0
0.5 1 0
0.4 1 0
0.3 0.99 0.00999999
0.9 1 0
0.8 1 0
0.7 0.97 0.03
0.6 1 0
0.5 1 0
0.4 0.91 0.09
0.3 0.81 0.21
0.9 1 0
0.8 1 0
0.7 1 0.00999999
0.6 1 0
0.5 0.97 0.04
0.4 0.98 0.03
0.3 0.9 0.1
0.9 1 0
0.8 0.99 0.00999999
0.7 1 0
0.6 1 0
0.5 1 0
0.4 0.99 0.02
0.3 0.87 0.14
0.9 1 0
0.8 1 0
0.7 1 0
0.6 0.9 0.1
0.5 0.96 0.05
0.4 0.99 0.00999999
0.3 0.81 0.19
0.9 1 0
0.8 1 0
0.7 1 0
0.6 1 0
0.5 0.96 0.04
0.4 0.98 0.02
0.3 0.99 0.00999999
0.9 1 0
0.8 1 0
0.7 1 0.00999999
0.6 0.99 0.02
0.5 1 0
0.4 0.98 0.02
0.3 1 0
0.9 1 0
0.8 1 0
0.7 1 0
0.6 1 0
0.5 1 0.00999999
0.4 0.98 0.03
0.3 1 0
0.9 1 0
0.8 1 0
0.7 1 0
0.6 0.99 0.00999999
0.5 0.89 0.11
0.4 0.96 0.07
0.3 0.94 0.06
0.9 1 0
0.8 1 0
0.7 1 0
0.6 1 0.00999999
0.5 0.91 0.09
0.4 1 0
0.3 0.93 0.08
0.9 1 0
0.8 1 0.00999999
0.7 0.98 0.02
0.6 1 0
0.5 1 0
0.4 0.94 0.06
0.3 0.99 0.00999999
0.9 1 0
0.8 1 0
0.7 1 0
0.6 0.99 0.00999999
0.5 1 0
0.4 0.95 0.05
0.3 0.86 0.14
0.9 1 0
0.8 1 0
0.7 1 0
0.6 1 0
0.5 0.94 0.06
0.4 1 0.00999999
0.3 1 0
0.9 1 0
0.8 1 0
0.7 1 0
0.6 0.95 0.05
0.5 1 0.00999999
0.4 0.94 0.06
0.3 0.97 0.03
0.9 1 0
0.8 1 0
0.7 0.96 0.04
0.6 0.93 0.08
0.5 0.88 0.12
0.4 0.98 0.02
0.3 0.98 0.02
0.9 1 0
0.8 1 0
0.7 1 0
0.6 1 0
0.5 0.97 0.04
0.4 1 0
0.3 0.83 0.17
0.9 1 0
0.8 1 0
0.7 1 0
0.6 0.96 0.04
0.5 1 0.02
0.4 0.84 0.19
0.3 0.97 0.03
0.9 1 0
0.8 0.99 0.00999999
0.7 0.97 0.04
0.6 0.97 0.04
0.5 0.97 0.03
0.4 0.97 0.04
0.3 0.99 0.02
0.9 1 0
0.8 1 0
0.7 1 0
0.6 1 0
0.5 0.96 0.04
0.4 0.99 0.00999999
0.3 0.91 0.09
0.9 1 0
0.8 1 0
0.7 1 0
0.6 1 0
0.5 0.96 0.04
0.4 0.97 0.03
0.3 0.92 0.08
0.9 1 0
0.8 1 0
0.7 1 0
0.6 1 0
0.5 1 0
0.4 0.88 0.13
0.3 0.96 0.04
0.9 1 0
0.8 1 0
0.7 1 0
0.6 1 0
0.5 0.98 0.02
0.4 1 0
0.3 0.98 0.02
0.9 1 0
0.8 1 0
0.7 1 0
0.6 1 0
0.5 1 0
0.4 0.91 0.09
0.3 0.97 0.03
0.9 1 0
0.8 1 0
0.7 1 0
0.6 1 0
0.5 1 0
0.4 1 0
0.3 1 0
0.9 1 0
0.8 0.99 0.00999999
0.7 0.99 0.00999999
0.6 1 0
0.5 1 0
0.4 1 0.00999999
0.3 1 0
0.9 1 0
0.8 1 0
0.7 1 0
0.6 1 0
0.5 1 0
0.4 1 0
0.3 0.79 0.21
0.9 1 0
0.8 1 0
0.7 0.99 0.02
0.6 0.97 0.03
0.5 0.93 0.09
0.4 1 0
0.3 1 0
0.9 1 0
0.8 1 0
0.7 1 0
0.6 1 0
0.5 1 0
0.4 1 0
0.3 1 0
0.9 1 0
0.8 1 0
0.7 1 0
0.6 0.85 0.15
0.5 1 0
0.4 1 0
0.3 1 0
0.9 1 0
0.8 0.99 0.02
0.7 1 0
0.6 0.97 0.05
0.5 1 0.00999999
0.4 1 0
0.3 1 0
0.9 1 0
0.8 1 0
0.7 1 0
0.6 1 0
0.5 1 0
0.4 1 0
0.3 1 0.00999999
0.9 1 0
0.8 1 0
0.7 1 0.00999999
0.6 1 0
0.5 0.98 0.04
0.4 0.84 0.16
0.3 1 0
0.9 1 0
0.8 1 0
0.7 0.99 0.02
0.6 0.95 0.05
0.5 1 0.00999999
0.4 1 0
0.3 0.96 0.05
0.9 1 0.00999999
0.8 1 0
0.7 1 0.00999999
0.6 1 0.00999999
0.5 0.98 0.02
0.4 0.97 0.03
0.3 0.97 0.03
0.9 1 0
0.8 1 0
0.7 1 0
0.6 1 0
0.5 1 0.00999999
0.4 0.96 0.08
0.3 0.88 0.12
0.9 1 0
0.8 0.98 0.02
0.7 0.98 0.02
0.6 1 0
0.5 1 0
0.4 1 0
0.3 1 0
0.9 1 0
0.8 1 0
0.7 1 0
0.6 0.98 0.03
0.5 0.98 0.02
0.4 0.9 0.1
0.3 0.98 0.03
0.9 1 0
0.8 1 0
0.7 1 0
0.6 1 0
0.5 1 0
0.4 1 0
0.3 1 0
0.9 1 0
0.8 0.98 0.02
0.7 1 0
0.6 1 0
0.5 1 0.00999999
0.4 1 0.00999999
0.3 0.94 0.07
0.9 1 0
0.8 1 0
0.7 0.97 0.03
0.6 1 0
